#SlantStack backend=cpu (double)
#Power mode=off
#SlantStack step_s_per_km=0.005 max_s_per_km=0.165 grid=67x67
#FrequencyBand {"requested_min_hz":0.10000000000000001,"requested_max_hz":0.25,"min_hz":0.099609375,"max_hz":0.25,"df_hz":0.0009765625,"min_bin":102,"max_bin":256,"fft_length":2048,"sample_interval_s":0.5,"spectrum_bins":266}
#DateRange start=2005-03-15 end=2005-03-17 inclusive=true
#0.0996094 0.25
#Start/Users/knishida/Projects/Autofocusing/repo/build-clang/matrix-audit-continuity-20050315-17/input/2005/0315/20050740000.h5 0 0.00024s
#LOAD_PROFILE init_s=0.0398724 read_decode_copy_s=2.79638 filter_s=0.247004 total_s=3.08326
#Read data: load_h5 /Users/knishida/Projects/Autofocusing/repo/build-clang/matrix-audit-continuity-20050315-17/input/2005/0315/20050740000.h5 684 3.08857s
2005-Mar-15 00:07:44 15117.8 99.4977 1 613
2005-Mar-15 00:15:28 14727.6 98.974 1 614
2005-Mar-15 00:23:12 14438.5 101.399 1 609
2005-Mar-15 00:30:56 14645.6 96.5655 1 613
2005-Mar-15 00:38:40 15296.2 96.002 1 607
2005-Mar-15 00:46:24 15028.4 98.3488 1 607
2005-Mar-15 00:54:08 14488.9 96.9767 1 612
2005-Mar-15 01:01:52 14757 96.499 1 607
2005-Mar-15 01:09:36 14470 92.4313 1 607
2005-Mar-15 01:17:20 14464.2 94.8356 1 609
2005-Mar-15 01:25:04 13958 95.25 1 603
2005-Mar-15 01:32:48 14225.6 93.614 1 608
2005-Mar-15 01:40:32 14617.2 94.2729 1 608
2005-Mar-15 01:48:16 14553.6 92.5853 1 609
2005-Mar-15 01:56:00 14421.5 90.2513 1 606
2005-Mar-15 02:03:44 13927.7 91.639 1 603
2005-Mar-15 02:11:28 14277.6 92.5319 1 601
2005-Mar-15 02:19:12 14037.2 93.6439 1 604
2005-Mar-15 02:26:56 14336.3 93.8728 1 603
2005-Mar-15 02:34:40 14601 91.4966 1 601
2005-Mar-15 02:42:24 14461.5 92.5729 1 599
2005-Mar-15 02:50:08 14899.1 96.3949 1 599
2005-Mar-15 02:57:52 14846.1 101.984 1 602
2005-Mar-15 03:05:36 14667.1 92.8062 1 598
2005-Mar-15 03:13:20 14073.9 91.2025 1 596
2005-Mar-15 03:21:04 15105.9 93.1987 1 599
2005-Mar-15 03:28:48 14400.3 91.3782 1 599
2005-Mar-15 03:36:32 14042.9 90.264 1 598
2005-Mar-15 03:44:16 14288.9 91.7367 1 599
2005-Mar-15 03:52:00 14599.4 90.8391 1 594
2005-Mar-15 03:59:44 14504.7 91.5355 1 595
2005-Mar-15 04:07:28 14330.6 92.2743 1 596
2005-Mar-15 04:15:12 15147.6 90.0863 1 596
2005-Mar-15 04:22:56 13733.8 90.3209 1 593
2005-Mar-15 04:30:40 14608 92.0205 1 592
2005-Mar-15 04:38:24 14866.7 88.7923 1 594
2005-Mar-15 04:46:08 14901.6 91.5925 1 594
2005-Mar-15 04:53:52 15010.6 85.9702 1 592
2005-Mar-15 05:01:36 14406.5 85.4446 1 593
2005-Mar-15 05:09:20 14845.3 85.9688 1 590
2005-Mar-15 05:17:04 14379.6 88.1089 1 591
2005-Mar-15 05:24:48 14163.5 85.7056 1 591
2005-Mar-15 05:32:32 14407.6 86.6532 1 589
2005-Mar-15 05:40:16 14671.3 83.7948 1 588
2005-Mar-15 05:48:00 14692 84.9305 1 587
2005-Mar-15 05:55:44 14293.8 85.9337 1 587
2005-Mar-15 06:03:28 14302.4 83.9929 1 585
#$9.40646e-18 -1.70803e-17 2
#deg max=105 1.8326
#dp_Δ max=-5e-06
#POWER_PROFILE stage=grid total_s=0.093287
#POWER_PROFILE stage=bootstrap total_s=1.43973
#deg max=50 0.872665
#dp_Δ max=-6.5e-06
#POWER_PROFILE stage=grid total_s=0.0945663
#POWER_PROFILE stage=bootstrap total_s=1.44825
#$1.03075e-17 -2.97602e-18 0
#deg max=90 1.5708
#dp_Δ max=-5e-06
#POWER_PROFILE stage=grid total_s=0.0931372
#POWER_PROFILE stage=bootstrap total_s=1.43199
#deg max=105 1.8326
#dp_Δ max=-4.25e-06
#POWER_PROFILE stage=grid total_s=0.0929155
#POWER_PROFILE stage=bootstrap total_s=1.43645
#$5.22076e-18 -1.50137e-17 1
#deg max=165 2.87979
#dp_Δ max=-1.25e-06
#POWER_PROFILE stage=grid total_s=0.0930996
#POWER_PROFILE stage=bootstrap total_s=1.44296
#deg max=145 2.53073
#dp_Δ max=1e-06
#POWER_PROFILE stage=grid total_s=0.0932726
#POWER_PROFILE stage=bootstrap total_s=1.44266
#PROFILE segment=0 windows=47 fft_qc_s=0.0779617 pack_s=0.0236642 stack_s=5.81457 fit_s=11.4584 total_s=17.3884
#Segment 2005-Mar-15 0 accepted_windows=47
2005-Mar-15 05:55:44 14293.8 85.9337 1 587
2005-Mar-15 06:03:28 14302.4 83.9929 1 585
2005-Mar-15 06:11:12 14567.2 86.0188 1 586
2005-Mar-15 06:18:56 14365.5 85.3879 1 586
2005-Mar-15 06:26:40 13729.2 83.3788 1 580
2005-Mar-15 06:34:24 13871.4 81.7511 1 584
2005-Mar-15 06:42:08 14248.9 80.6438 1 581
2005-Mar-15 06:49:52 14930.9 83.8832 1 581
2005-Mar-15 06:57:36 14759.4 82.3359 1 579
2005-Mar-15 07:05:20 14420.9 82.3172 1 577
2005-Mar-15 07:13:04 14162.7 83.0841 1 578
2005-Mar-15 07:20:48 14061.4 82.8192 1 576
2005-Mar-15 07:28:32 13787 79.1214 1 576
2005-Mar-15 07:36:16 14997.6 79.9133 1 574
2005-Mar-15 07:44:00 14087.6 80.3003 1 574
2005-Mar-15 07:51:44 14101.7 79.9669 1 573
2005-Mar-15 07:59:28 14588.6 78.6006 1 576
2005-Mar-15 08:07:12 14165.5 79.3666 1 576
2005-Mar-15 08:14:56 14483.1 80.8637 1 575
2005-Mar-15 08:22:40 14124.7 80.9677 1 577
2005-Mar-15 08:30:24 13813.7 79.4415 1 572
2005-Mar-15 08:38:08 14406.3 79.8137 1 577
2005-Mar-15 09:09:04 14760.4 78.9409 1 572
2005-Mar-15 09:16:48 14174.8 79.9994 1 570
2005-Mar-15 09:24:32 14686.3 80.9817 1 567
2005-Mar-15 09:32:16 14715.3 84.0909 1 574
2005-Mar-15 09:40:00 14399.5 83.9534 1 576
2005-Mar-15 09:47:44 14387.9 82.3965 1 568
2005-Mar-15 09:55:28 14852.7 79.1286 1 575
2005-Mar-15 10:03:12 17461.8 78.5757 1 574
2005-Mar-15 10:10:56 23807.3 77.9674 1 573
2005-Mar-15 10:18:40 23316.6 78.8472 1 571
2005-Mar-15 10:26:24 18383 75.3995 1 572
2005-Mar-15 10:34:08 16187.9 74.1848 1 571
2005-Mar-15 10:41:52 14900.1 75.6763 1 573
2005-Mar-15 10:49:36 14633.6 79.0725 1 572
2005-Mar-15 10:57:20 14473.5 78.9677 1 574
2005-Mar-15 11:05:04 14242 77.0697 1 572
2005-Mar-15 11:12:48 15273.8 74.4367 1 567
2005-Mar-15 11:20:32 15075.1 74.7799 1 574
2005-Mar-15 11:28:16 14291.9 74.5014 1 576
2005-Mar-15 11:36:00 14292.1 76.5047 1 570
2005-Mar-15 11:43:44 14340.1 75.2598 1 571
2005-Mar-15 11:51:28 13878.4 73.9187 1 571
2005-Mar-15 11:59:12 14280.6 74.3242 1 573
#$8.33262e-18 -1.58273e-17 2
#deg max=115 2.00713
#dp_Δ max=-1.25e-06
#POWER_PROFILE stage=grid total_s=0.0892123
#POWER_PROFILE stage=bootstrap total_s=1.38804
#deg max=80 1.39626
#dp_Δ max=-6.5e-06
#POWER_PROFILE stage=grid total_s=0.0892203
#POWER_PROFILE stage=bootstrap total_s=1.39584
#$9.20302e-18 -2.82999e-18 0
#deg max=105 1.8326
#dp_Δ max=-4.25e-06
#POWER_PROFILE stage=grid total_s=0.08937
#POWER_PROFILE stage=bootstrap total_s=1.38752
#deg max=135 2.35619
#dp_Δ max=-1.925e-05
#POWER_PROFILE stage=grid total_s=0.0891901
#POWER_PROFILE stage=bootstrap total_s=1.3744
#$4.20035e-18 -1.34707e-17 1
#deg max=125 2.18166
#dp_Δ max=-1.55e-05
#POWER_PROFILE stage=grid total_s=0.0889567
#POWER_PROFILE stage=bootstrap total_s=1.386
#deg max=120 2.0944
#dp_Δ max=2.5e-07
#POWER_PROFILE stage=grid total_s=0.0906361
#POWER_PROFILE stage=bootstrap total_s=1.4204
#PROFILE segment=1 windows=45 fft_qc_s=0.07895 pack_s=0.0226931 stack_s=5.34095 fit_s=11.8118 total_s=17.2561
#Segment 2005-Mar-15 1 accepted_windows=45
2005-Mar-15 11:51:28 13878.4 73.9187 1 571
2005-Mar-15 11:59:12 14280.6 74.3242 1 573
2005-Mar-15 12:06:56 14483.3 75.0726 1 570
2005-Mar-15 12:14:40 13992.1 73.5199 1 573
2005-Mar-15 12:22:24 14449.7 73.9418 1 568
2005-Mar-15 12:30:08 14412.4 75.3431 1 567
2005-Mar-15 12:37:52 14483.6 74.7106 1 568
2005-Mar-15 12:45:36 13902.1 74.4319 1 568
2005-Mar-15 12:53:20 14027.1 74.5567 1 569
2005-Mar-15 13:01:04 14690.3 73.4877 1 573
2005-Mar-15 13:08:48 14263.3 73.3143 1 570
2005-Mar-15 13:16:32 15067.1 72.3375 1 569
2005-Mar-15 13:24:16 14682.3 71.931 1 565
2005-Mar-15 13:32:00 14096.5 72.6298 1 568
2005-Mar-15 13:39:44 14144.2 73.8993 1 569
2005-Mar-15 13:47:28 14358.6 74.9669 1 567
2005-Mar-15 13:55:12 14406.1 72.0906 1 567
2005-Mar-15 14:02:56 14841.2 73.3951 1 566
2005-Mar-15 14:10:40 14777.8 72.6468 1 568
2005-Mar-15 14:18:24 14215.8 75.0329 1 566
2005-Mar-15 14:26:08 14332.9 74.0354 1 564
2005-Mar-15 14:33:52 14451.1 72.6033 1 567
2005-Mar-15 14:41:36 13975.4 73.2103 1 564
2005-Mar-15 14:49:20 14360.3 73.9922 1 566
2005-Mar-15 14:57:04 15085.6 74.2578 1 564
2005-Mar-15 15:04:48 14277.3 73.713 1 562
2005-Mar-15 15:12:32 14445.7 72.1346 1 563
2005-Mar-15 15:20:16 13873 73.8697 1 560
2005-Mar-15 15:28:00 14223.1 74.1633 1 560
2005-Mar-15 15:35:44 14316.2 74.6216 1 562
2005-Mar-15 15:43:28 14507.3 74.1609 1 562
2005-Mar-15 15:51:12 14264.6 73.91 1 558
2005-Mar-15 15:58:56 14135.7 75.4269 1 559
2005-Mar-15 16:06:40 14764.3 73.5778 1 562
2005-Mar-15 16:14:24 14324.2 71.9531 1 560
2005-Mar-15 16:45:20 14464 73.0268 1 559
2005-Mar-15 16:53:04 14314.4 74.2506 1 562
2005-Mar-15 17:00:48 14101.1 75.203 1 560
2005-Mar-15 17:08:32 13784.3 74.5554 1 560
2005-Mar-15 17:16:16 14261.7 76.106 1 559
2005-Mar-15 17:24:00 14192.4 73.2771 1 561
2005-Mar-15 17:31:44 14320.1 73.9292 1 558
2005-Mar-15 17:39:28 14570.3 73.4605 1 560
#$8.03986e-18 -1.54344e-17 2
#deg max=120 2.0944
#dp_Δ max=-1.25e-06
#POWER_PROFILE stage=grid total_s=0.0853453
#POWER_PROFILE stage=bootstrap total_s=1.3337
#deg max=45 0.785398
#dp_Δ max=-1.25e-06
#POWER_PROFILE stage=grid total_s=0.0853143
#POWER_PROFILE stage=bootstrap total_s=1.32623
#$8.5076e-18 -2.969e-18 0
#deg max=130 2.26893
#dp_Δ max=-4.25e-06
#POWER_PROFILE stage=grid total_s=0.0852987
#POWER_PROFILE stage=bootstrap total_s=1.32046
#deg max=140 2.44346
#dp_Δ max=-1.25e-06
#POWER_PROFILE stage=grid total_s=0.0851966
#POWER_PROFILE stage=bootstrap total_s=1.31893
#$3.76878e-18 -1.28509e-17 1
#deg max=125 2.18166
#dp_Δ max=-1.85e-05
#POWER_PROFILE stage=grid total_s=0.0857257
#POWER_PROFILE stage=bootstrap total_s=1.32225
#deg max=60 1.0472
#dp_Δ max=-5e-07
#POWER_PROFILE stage=grid total_s=0.0857163
#POWER_PROFILE stage=bootstrap total_s=1.32613
#PROFILE segment=2 windows=43 fft_qc_s=0.078716 pack_s=0.0216517 stack_s=5.02048 fit_s=11.2654 total_s=16.388
#Segment 2005-Mar-15 2 accepted_windows=43
2005-Mar-15 18:02:40 14144.5 74.6565 1 559
2005-Mar-15 18:10:24 14306.7 76.1337 1 558
2005-Mar-15 18:25:52 14873.9 73.8123 1 560
2005-Mar-15 18:41:20 14601.7 73.9739 1 558
2005-Mar-15 18:49:04 14135.2 75.5556 1 560
2005-Mar-15 18:56:48 14525.1 74.9439 1 560
2005-Mar-15 19:12:16 14637.1 75.8213 1 559
2005-Mar-15 19:20:00 14518.4 76.2655 1 558
2005-Mar-15 19:27:44 14178.9 74.7131 1 558
2005-Mar-15 19:35:28 14537.3 76.0305 1 561
2005-Mar-15 19:58:40 14339 77.0887 1 559
2005-Mar-15 20:06:24 14180.6 76.2803 1 560
2005-Mar-15 20:14:08 14455.2 78.1923 1 559
2005-Mar-15 20:21:52 13827.3 78.2428 1 560
2005-Mar-15 20:29:36 14222.6 76.6661 1 562
2005-Mar-15 20:37:20 14681.1 77.5335 1 559
2005-Mar-15 20:45:04 13972.1 79.3797 1 563
2005-Mar-15 20:52:48 14504.3 78.3473 1 562
2005-Mar-15 21:00:32 14744.1 77.8562 1 566
2005-Mar-15 21:08:16 14706.4 78.7682 1 562
2005-Mar-15 21:16:00 13905.2 80.8551 1 562
2005-Mar-15 21:23:44 13819 80.0062 1 563
2005-Mar-15 21:31:28 14358.1 79.0945 1 565
2005-Mar-15 21:39:12 14028.5 81.64 1 563
2005-Mar-15 21:46:56 13872.5 80.4997 1 565
2005-Mar-15 21:54:40 14417.5 81.4922 1 565
2005-Mar-15 22:02:24 14547.3 82.053 1 568
2005-Mar-15 22:10:08 13987.9 84.1502 1 562
2005-Mar-15 22:17:52 13989.2 84.2231 1 563
2005-Mar-15 22:25:36 14194.6 82.3884 1 564
2005-Mar-15 22:33:20 14036.6 87.6903 1 564
2005-Mar-15 22:41:04 14018.7 90.0694 1 564
2005-Mar-15 22:48:48 14197.7 87.3061 1 565
2005-Mar-15 22:56:32 14239.7 85.959 1 565
2005-Mar-15 23:04:16 14943.1 87.1718 1 565
2005-Mar-15 23:12:00 14569.2 91.524 1 565
2005-Mar-15 23:19:44 14889.5 92.8238 1 566
2005-Mar-15 23:27:28 14643.2 94.7851 1 568
2005-Mar-15 23:35:12 14328.2 95.2472 1 567
#$8.30527e-18 -1.66937e-17 2
#deg max=75 1.309
#dp_Δ max=-3.5e-06
#POWER_PROFILE stage=grid total_s=0.0777653
#POWER_PROFILE stage=bootstrap total_s=1.21811
#$9.1829e-18 -3.32637e-18 0
#deg max=105 1.8326
#dp_Δ max=-1.25e-06
#POWER_PROFILE stage=grid total_s=0.0773814
#POWER_PROFILE stage=bootstrap total_s=1.2055
#deg max=145 2.53073
#dp_Δ max=-5.75e-06
#POWER_PROFILE stage=grid total_s=0.0791134
#POWER_PROFILE stage=bootstrap total_s=1.20525
#$3.9613e-18 -1.33239e-17 1
#deg max=135 2.35619
#dp_Δ max=-2.75e-06
#POWER_PROFILE stage=grid total_s=0.0774058
#POWER_PROFILE stage=bootstrap total_s=1.20504
#PROFILE segment=3 windows=39 fft_qc_s=0.0756281 pack_s=0.0200673 stack_s=4.52632 fit_s=6.42812 total_s=11.0647
#Segment 2005-Mar-15 3 accepted_windows=39
#Start/Users/knishida/Projects/Autofocusing/repo/build-clang/matrix-audit-continuity-20050315-17/input/2005/0316/20050750000.h5 684 65.19s
#LOAD_PROFILE init_s=0.0396523 read_decode_copy_s=2.8361 filter_s=0.250061 total_s=3.12581
#Read data: load_h5 /Users/knishida/Projects/Autofocusing/repo/build-clang/matrix-audit-continuity-20050315-17/input/2005/0316/20050750000.h5 684 68.3197s
2005-Mar-16 00:00:00 14260.5 95.7354 1 563
2005-Mar-16 00:07:44 14294.8 92.1501 1 564
2005-Mar-16 00:15:28 14139.7 92.5051 1 567
2005-Mar-16 00:23:12 14045.5 97.6485 1 566
2005-Mar-16 00:30:56 14185 99.0769 1 563
2005-Mar-16 00:38:40 14157.2 96.5132 1 563
2005-Mar-16 00:46:24 14546.3 101.167 1 564
2005-Mar-16 00:54:08 14720.7 100.397 1 568
2005-Mar-16 01:01:52 14258.3 100.311 1 565
2005-Mar-16 01:09:36 13870.7 100.765 1 567
2005-Mar-16 01:17:20 14603.6 102.846 1 570
2005-Mar-16 01:25:04 13869.5 103.879 1 569
2005-Mar-16 01:32:48 14376.1 106.347 1 568
2005-Mar-16 01:40:32 14083.3 106.365 1 572
2005-Mar-16 01:48:16 14129.9 110.193 1 574
2005-Mar-16 01:56:00 14135.6 105.183 1 570
2005-Mar-16 02:03:44 14293.7 110.028 1 571
2005-Mar-16 02:11:28 13569.4 112.617 1 566
2005-Mar-16 02:19:12 13848.5 107.954 1 569
2005-Mar-16 02:26:56 13969.1 107.244 1 569
2005-Mar-16 02:34:40 14301.4 113.026 1 572
2005-Mar-16 02:42:24 14108.1 113.412 1 575
2005-Mar-16 02:50:08 13939.7 110.456 1 573
2005-Mar-16 02:57:52 14369.4 109.953 1 576
2005-Mar-16 03:05:36 14171.7 110.739 1 572
2005-Mar-16 03:13:20 14260.5 114.124 1 574
2005-Mar-16 03:21:04 14198.8 118.611 1 576
2005-Mar-16 03:28:48 14940.1 112.221 1 579
2005-Mar-16 03:36:32 14130 115.064 1 575
2005-Mar-16 03:44:16 14158.2 107.768 1 578
2005-Mar-16 03:52:00 14355.5 112.53 1 576
2005-Mar-16 03:59:44 14811.9 115.506 1 578
2005-Mar-16 04:07:28 13934.3 112.556 1 577
2005-Mar-16 04:15:12 13886.6 113.679 1 577
2005-Mar-16 04:22:56 13863.6 114.044 1 580
2005-Mar-16 04:30:40 13998.4 112.85 1 578
2005-Mar-16 04:38:24 14225.7 112.096 1 580
2005-Mar-16 04:46:08 14689.3 114.866 1 582
2005-Mar-16 04:53:52 14557.6 104.842 1 579
2005-Mar-16 05:01:36 14187.7 108.445 1 582
2005-Mar-16 05:09:20 14613.1 113.671 1 583
2005-Mar-16 05:17:04 13965.8 123.728 1 582
2005-Mar-16 05:24:48 14709.3 114.831 1 583
2005-Mar-16 05:32:32 14734.5 109.229 1 583
2005-Mar-16 05:40:16 14021.6 109.96 1 583
2005-Mar-16 05:48:00 14363.5 113.511 1 583
2005-Mar-16 05:55:44 14833.3 113.956 1 584
2005-Mar-16 06:03:28 14363.3 112.767 1 585
#$8.89756e-18 -1.81251e-17 2
#deg max=90 1.5708
#dp_Δ max=-1.25e-06
#POWER_PROFILE stage=grid total_s=0.0955676
#POWER_PROFILE stage=bootstrap total_s=1.48426
#$9.08746e-18 -3.38426e-18 0
#deg max=140 2.44346
#dp_Δ max=-1.1e-05
#POWER_PROFILE stage=grid total_s=0.095546
#POWER_PROFILE stage=bootstrap total_s=1.48345
#deg max=90 1.5708
#dp_Δ max=-2.75e-06
#POWER_PROFILE stage=grid total_s=0.0953018
#POWER_PROFILE stage=bootstrap total_s=1.48528
#$3.87126e-18 -1.33443e-17 1
#deg max=125 2.18166
#dp_Δ max=-3.5e-06
#POWER_PROFILE stage=grid total_s=0.0953751
#POWER_PROFILE stage=bootstrap total_s=1.48247
#PROFILE segment=0 windows=48 fft_qc_s=0.077829 pack_s=0.0246876 stack_s=5.68613 fit_s=7.92304 total_s=13.7135
#Segment 2005-Mar-16 0 accepted_windows=48
2005-Mar-16 05:55:44 14833.3 113.956 1 584
2005-Mar-16 06:03:28 14363.3 112.767 1 585
2005-Mar-16 06:11:12 14282.7 108.125 1 585
2005-Mar-16 06:18:56 14596 110.139 1 586
2005-Mar-16 06:26:40 14543.2 102.998 1 585
2005-Mar-16 06:34:24 14768.1 106.453 1 588
2005-Mar-16 06:42:08 14471.7 106.066 1 590
2005-Mar-16 06:49:52 13894.3 106.568 1 588
2005-Mar-16 06:57:36 14303.7 102.943 1 587
2005-Mar-16 07:05:20 14550 103.941 1 588
2005-Mar-16 07:13:04 14023.5 107.483 1 586
2005-Mar-16 07:20:48 14165.5 115.529 1 587
2005-Mar-16 07:36:16 13595.1 103.418 1 593
2005-Mar-16 07:44:00 13907.2 107.908 1 591
2005-Mar-16 07:51:44 13597.7 107.324 1 593
2005-Mar-16 07:59:28 14360.2 103.426 1 594
2005-Mar-16 08:07:12 14890.1 102.355 1 590
2005-Mar-16 08:14:56 14695.3 99.7578 1 593
2005-Mar-16 08:22:40 14095.1 101.71 1 593
2005-Mar-16 08:30:24 14734.6 100.95 1 592
2005-Mar-16 08:38:08 14226.1 103.836 1 595
2005-Mar-16 09:09:04 14030.7 106.396 1 594
2005-Mar-16 09:16:48 13646.3 104.693 1 598
2005-Mar-16 09:24:32 14915.7 101.499 1 595
2005-Mar-16 09:32:16 14782.7 98.3211 1 595
2005-Mar-16 09:40:00 13817.9 101.463 1 598
2005-Mar-16 09:47:44 13123.8 102.616 1 598
2005-Mar-16 09:55:28 13600.8 96.7964 1 598
2005-Mar-16 10:03:12 14162.9 96.3543 1 599
2005-Mar-16 10:10:56 13659.6 96.9233 1 602
2005-Mar-16 10:18:40 13930.1 98.2263 1 598
2005-Mar-16 10:26:24 13569.1 98.3407 1 600
2005-Mar-16 10:34:08 14120.3 96.3865 1 602
2005-Mar-16 10:41:52 14032.2 99.7343 1 600
2005-Mar-16 10:49:36 13772.1 102.319 1 600
2005-Mar-16 10:57:20 14969.7 95.2611 1 604
2005-Mar-16 11:05:04 14064.5 96.5248 1 602
2005-Mar-16 11:12:48 14852.3 96.4776 1 603
2005-Mar-16 11:20:32 13949.8 95.9091 1 601
2005-Mar-16 11:28:16 14238 95.2284 1 604
2005-Mar-16 11:36:00 14928.6 96.4685 1 605
2005-Mar-16 11:43:44 14586.7 94.4652 1 607
2005-Mar-16 11:51:28 14621.1 95.9006 1 605
2005-Mar-16 11:59:12 14507.1 98.6424 1 610
#$8.41515e-18 -1.79994e-17 2
#deg max=100 1.74533
#dp_Δ max=-5e-07
#POWER_PROFILE stage=grid total_s=0.0876471
#POWER_PROFILE stage=bootstrap total_s=1.36053
#$7.98615e-18 -2.8045e-18 0
#deg max=145 2.53073
#dp_Δ max=-7.25e-06
#POWER_PROFILE stage=grid total_s=0.0882617
#POWER_PROFILE stage=bootstrap total_s=1.36289
#deg max=110 1.91986
#dp_Δ max=-5e-07
#POWER_PROFILE stage=grid total_s=0.0877677
#POWER_PROFILE stage=bootstrap total_s=1.3611
#$3.54044e-18 -1.22798e-17 1
#deg max=155 2.70526
#dp_Δ max=-2.75e-06
#POWER_PROFILE stage=grid total_s=0.0875205
#POWER_PROFILE stage=bootstrap total_s=1.36629
#PROFILE segment=1 windows=44 fft_qc_s=0.0785155 pack_s=0.0232354 stack_s=5.40753 fit_s=7.22254 total_s=12.7336
#Segment 2005-Mar-16 1 accepted_windows=44
2005-Mar-16 11:51:28 14621.1 95.9006 1 605
2005-Mar-16 11:59:12 14507.1 98.6424 1 610
2005-Mar-16 12:06:56 14167.6 97.5259 1 609
2005-Mar-16 12:14:40 14416.1 97.6406 1 603
2005-Mar-16 12:22:24 14106.8 95.4072 1 602
2005-Mar-16 12:30:08 15026.8 95.793 1 611
2005-Mar-16 12:37:52 13983.5 99.4542 1 610
2005-Mar-16 12:45:36 14209.9 104.808 1 610
2005-Mar-16 12:53:20 14089.3 108.31 1 607
2005-Mar-16 13:01:04 14638.1 103.219 1 611
2005-Mar-16 13:08:48 13767.7 98.5299 1 611
2005-Mar-16 13:16:32 13763.3 98.5637 1 612
2005-Mar-16 13:24:16 14253 98.0455 1 614
2005-Mar-16 13:32:00 15176.4 95.8265 1 611
2005-Mar-16 13:39:44 14207.7 96.5614 1 612
2005-Mar-16 13:47:28 14799.4 98.7308 1 610
2005-Mar-16 13:55:12 14801.9 99.1167 1 614
2005-Mar-16 14:02:56 15020.9 99.4488 1 616
2005-Mar-16 14:10:40 14296.1 95.9705 1 614
2005-Mar-16 14:18:24 13916.1 98.8672 1 614
2005-Mar-16 14:26:08 14280.4 100.8 1 613
2005-Mar-16 14:33:52 14391.3 98.3497 1 613
2005-Mar-16 14:41:36 14980.7 99.5742 1 612
2005-Mar-16 14:49:20 14278.7 101.27 1 612
2005-Mar-16 14:57:04 14871.8 98.6229 1 614
2005-Mar-16 15:04:48 14200.2 99.4679 1 611
2005-Mar-16 15:12:32 14766 102.225 1 616
2005-Mar-16 15:20:16 14839 96.5197 1 614
2005-Mar-16 15:28:00 13734.7 99.1433 1 617
2005-Mar-16 15:35:44 14150.9 105.271 1 620
2005-Mar-16 15:58:56 23328.5 106.047 1 619
2005-Mar-16 16:06:40 18565.4 108.651 1 620
2005-Mar-16 16:14:24 14560.3 102.202 1 619
2005-Mar-16 16:22:08 14503.2 103.402 1 621
2005-Mar-16 16:29:52 14203.7 101.863 1 621
2005-Mar-16 16:37:36 14163.8 99.4497 1 621
2005-Mar-16 16:45:20 14920.5 101.299 1 621
2005-Mar-16 16:53:04 14050.3 99.1397 1 618
2005-Mar-16 17:00:48 14348.2 102.968 1 622
2005-Mar-16 17:08:32 13804.7 104.048 1 618
2005-Mar-16 17:16:16 13798.7 102.747 1 623
2005-Mar-16 17:24:00 13886.8 105.151 1 621
2005-Mar-16 17:31:44 14049.2 103.583 1 623
2005-Mar-16 17:39:28 14435 102.499 1 622
2005-Mar-16 17:47:12 14089.1 105.424 1 622
2005-Mar-16 17:54:56 14672.3 104.532 1 621
#$7.88678e-18 -1.90627e-17 2
#deg max=105 1.8326
#dp_Δ max=-1.25e-06
#POWER_PROFILE stage=grid total_s=0.0915082
#POWER_PROFILE stage=bootstrap total_s=1.42863
#$7.68116e-18 -3.38238e-18 0
#deg max=25 0.436332
#dp_Δ max=-5.75e-06
#POWER_PROFILE stage=grid total_s=0.0914454
#POWER_PROFILE stage=bootstrap total_s=1.42249
#deg max=105 1.8326
#dp_Δ max=-5e-07
#POWER_PROFILE stage=grid total_s=0.091352
#POWER_PROFILE stage=bootstrap total_s=1.4161
#deg max=130 2.26893
#dp_Δ max=2.5e-07
#POWER_PROFILE stage=grid total_s=0.0928694
#POWER_PROFILE stage=bootstrap total_s=1.42167
#$3.36116e-18 -1.22053e-17 1
#deg max=140 2.44346
#dp_Δ max=2.5e-06
#POWER_PROFILE stage=grid total_s=0.0913192
#POWER_PROFILE stage=bootstrap total_s=1.41965
#deg max=105 1.8326
#dp_Δ max=-5e-06
#POWER_PROFILE stage=grid total_s=0.0934423
#POWER_PROFILE stage=bootstrap total_s=1.41887
#PROFILE segment=2 windows=46 fft_qc_s=0.0786828 pack_s=0.0244057 stack_s=5.83487 fit_s=11.4406 total_s=17.3803
#Segment 2005-Mar-16 2 accepted_windows=46
2005-Mar-16 17:47:12 14089.1 105.424 1 622
2005-Mar-16 17:54:56 14672.3 104.532 1 621
2005-Mar-16 18:02:40 13923.6 100.939 1 624
2005-Mar-16 18:10:24 14294.2 105.116 1 625
2005-Mar-16 18:18:08 14586.5 106.771 1 626
2005-Mar-16 18:25:52 14545.3 107.384 1 624
2005-Mar-16 18:33:36 14744.5 102.033 1 625
2005-Mar-16 18:41:20 14365.4 105.454 1 626
2005-Mar-16 18:49:04 14840.2 102.212 1 629
2005-Mar-16 18:56:48 14531.1 101.818 1 625
2005-Mar-16 19:04:32 13901.1 105.594 1 625
2005-Mar-16 19:12:16 14337.4 100.365 1 626
2005-Mar-16 19:20:00 14058.5 103.761 1 628
2005-Mar-16 19:27:44 14220 105.195 1 625
2005-Mar-16 19:35:28 13985.3 108.646 1 627
2005-Mar-16 19:43:12 14507.2 103.446 1 625
2005-Mar-16 19:50:56 14256.3 103.052 1 629
2005-Mar-16 19:58:40 13896.4 104.879 1 624
2005-Mar-16 20:06:24 14099.3 106.415 1 627
2005-Mar-16 20:14:08 13988.4 108.219 1 625
2005-Mar-16 20:21:52 13750.6 108.969 1 628
2005-Mar-16 20:29:36 13917 104.878 1 630
2005-Mar-16 20:37:20 14444.6 105.019 1 627
2005-Mar-16 20:45:04 14544 105.102 1 628
2005-Mar-16 20:52:48 14643.8 108.347 1 626
2005-Mar-16 21:00:32 14251.8 107.503 1 628
2005-Mar-16 21:08:16 14529.5 104.238 1 628
2005-Mar-16 21:16:00 14222 104.236 1 628
2005-Mar-16 21:23:44 14588.4 104.481 1 629
2005-Mar-16 21:31:28 14039.7 103.392 1 632
2005-Mar-16 21:39:12 14374.8 106.323 1 629
2005-Mar-16 21:46:56 14769.9 107.553 1 630
2005-Mar-16 21:54:40 14217.1 108.66 1 630
2005-Mar-16 22:02:24 13931.5 107.524 1 630
2005-Mar-16 22:56:32 13858.6 127.226 1 624
2005-Mar-16 23:04:16 13816.5 125.641 1 628
2005-Mar-16 23:12:00 14283.1 118.586 1 626
2005-Mar-16 23:19:44 14299.7 115.903 1 628
2005-Mar-16 23:27:28 13718.3 116.264 1 627
2005-Mar-16 23:35:12 13633.4 108.238 1 629
#$8.90681e-18 -2.10992e-17 2
#deg max=125 2.18166
#dp_Δ max=-1.25e-06
#POWER_PROFILE stage=grid total_s=0.0795071
#POWER_PROFILE stage=bootstrap total_s=1.24129
#$7.44222e-18 -3.47472e-18 0
#deg max=130 2.26893
#dp_Δ max=-2e-06
#POWER_PROFILE stage=grid total_s=0.0816155
#POWER_PROFILE stage=bootstrap total_s=1.26716
#deg max=125 2.18166
#dp_Δ max=-5e-07
#POWER_PROFILE stage=grid total_s=0.0793497
#POWER_PROFILE stage=bootstrap total_s=1.23939
#$3.40263e-18 -1.21784e-17 1
#deg max=135 2.35619
#dp_Δ max=1e-06
#POWER_PROFILE stage=grid total_s=0.0806424
#POWER_PROFILE stage=bootstrap total_s=1.2378
#PROFILE segment=3 windows=40 fft_qc_s=0.0758821 pack_s=0.0217444 stack_s=5.18449 fit_s=6.62974 total_s=11.9263
#Segment 2005-Mar-16 3 accepted_windows=40
#Start/Users/knishida/Projects/Autofocusing/repo/build-clang/matrix-audit-continuity-20050315-17/input/2005/0317/20050760000.h5 684 124.077s
#LOAD_PROFILE init_s=0.0373695 read_decode_copy_s=2.90053 filter_s=0.251171 total_s=3.18907
#Read data: load_h5 /Users/knishida/Projects/Autofocusing/repo/build-clang/matrix-audit-continuity-20050315-17/input/2005/0317/20050760000.h5 685 127.27s
2005-Mar-17 00:00:00 14529.6 106.803 1 634
2005-Mar-17 00:07:44 14975 111.432 1 632
2005-Mar-17 00:15:28 14879.2 116.566 1 631
2005-Mar-17 00:23:12 14544 114.988 1 631
2005-Mar-17 00:30:56 14214.2 106.115 1 632
2005-Mar-17 00:38:40 14289.1 108.024 1 633
2005-Mar-17 00:46:24 13894.8 110.283 1 632
2005-Mar-17 00:54:08 14599.2 109.316 1 632
2005-Mar-17 01:01:52 14512.2 110.592 1 633
2005-Mar-17 01:09:36 14808.9 109.095 1 633
2005-Mar-17 01:17:20 14116.1 114.132 1 633
2005-Mar-17 01:40:32 16640.9 118.353 1 632
2005-Mar-17 01:48:16 20716.7 113.933 1 632
2005-Mar-17 01:56:00 18279.4 112.686 1 631
2005-Mar-17 02:03:44 15332 111.188 1 632
2005-Mar-17 02:11:28 14665.1 108.028 1 631
2005-Mar-17 02:19:12 14681.1 106.197 1 632
2005-Mar-17 02:26:56 14226.8 113.048 1 631
2005-Mar-17 02:34:40 15130.1 108.238 1 630
2005-Mar-17 02:42:24 14536.4 109.206 1 632
2005-Mar-17 02:50:08 14570.1 108.319 1 633
2005-Mar-17 02:57:52 14973.2 113.207 1 629
2005-Mar-17 03:05:36 14116.3 114.217 1 631
2005-Mar-17 03:13:20 14765.5 109.353 1 630
2005-Mar-17 03:21:04 14366.8 104.388 1 628
2005-Mar-17 03:28:48 13916.3 106.64 1 629
2005-Mar-17 03:36:32 14021.4 108.307 1 629
2005-Mar-17 03:44:16 13768.3 104.978 1 629
2005-Mar-17 03:52:00 13958.5 107.48 1 630
2005-Mar-17 03:59:44 13954.2 105.604 1 628
2005-Mar-17 04:07:28 14383.4 105.916 1 631
2005-Mar-17 04:15:12 15062 102.472 1 630
2005-Mar-17 04:22:56 14917.4 103.148 1 630
2005-Mar-17 04:30:40 14250.9 103.462 1 628
2005-Mar-17 04:38:24 14437.7 102.75 1 629
2005-Mar-17 04:46:08 13979.6 102.851 1 629
2005-Mar-17 04:53:52 13863.8 101.82 1 626
2005-Mar-17 05:01:36 14191.3 101.047 1 628
2005-Mar-17 05:09:20 14609.6 100.225 1 629
2005-Mar-17 05:17:04 14237.4 101.349 1 629
2005-Mar-17 05:24:48 13590.4 105.631 1 628
2005-Mar-17 05:32:32 14412.6 102.117 1 627
2005-Mar-17 05:40:16 14987 102.59 1 625
2005-Mar-17 05:48:00 14092.2 99.5146 1 627
2005-Mar-17 05:55:44 14431.7 102.947 1 630
2005-Mar-17 06:03:28 15089.4 105.027 1 626
#$8.63456e-18 -2.0805e-17 2
#deg max=135 2.35619
#dp_Δ max=-2e-06
#POWER_PROFILE stage=grid total_s=0.0927884
#POWER_PROFILE stage=bootstrap total_s=1.42923
#$6.6329e-18 -3.41842e-18 0
#deg max=40 0.698132
#dp_Δ max=-2e-06
#POWER_PROFILE stage=grid total_s=0.0918179
#POWER_PROFILE stage=bootstrap total_s=1.42552
#deg max=130 2.26893
#dp_Δ max=-1.25e-06
#POWER_PROFILE stage=grid total_s=0.0932025
#POWER_PROFILE stage=bootstrap total_s=1.43249
#deg max=115 2.00713
#dp_Δ max=-5e-06
#POWER_PROFILE stage=grid total_s=0.091471
#POWER_PROFILE stage=bootstrap total_s=1.42982
#$2.90765e-18 -1.09196e-17 1
#deg max=140 2.44346
#dp_Δ max=-1.25e-06
#POWER_PROFILE stage=grid total_s=0.0924212
#POWER_PROFILE stage=bootstrap total_s=1.4328
#PROFILE segment=0 windows=46 fft_qc_s=0.078048 pack_s=0.0249911 stack_s=5.97838 fit_s=9.63022 total_s=15.7137
#Segment 2005-Mar-17 0 accepted_windows=46
2005-Mar-17 05:55:44 14431.7 102.947 1 630
2005-Mar-17 06:03:28 15089.4 105.027 1 626
2005-Mar-17 06:11:12 14745.5 107.618 1 628
2005-Mar-17 06:18:56 14319.5 103.025 1 628
2005-Mar-17 06:26:40 15205.4 102.136 1 628
2005-Mar-17 06:34:24 14545.3 101.934 1 628
2005-Mar-17 06:42:08 15107.4 102.842 1 628
2005-Mar-17 06:49:52 14928.6 105.937 1 628
2005-Mar-17 06:57:36 14995.7 98.264 1 629
2005-Mar-17 07:05:20 14711.3 98.9107 1 627
2005-Mar-17 07:13:04 14229.5 100.39 1 628
2005-Mar-17 07:20:48 14474.9 98.5827 1 630
2005-Mar-17 07:51:44 14097.6 102.729 1 628
2005-Mar-17 07:59:28 14193.8 103.95 1 626
2005-Mar-17 08:07:12 14723.3 101.989 1 626
2005-Mar-17 08:14:56 14540.1 97.8859 1 627
2005-Mar-17 08:22:40 15755.6 102.388 1 628
2005-Mar-17 08:30:24 15331.7 98.0657 1 629
2005-Mar-17 08:38:08 13967.9 99.5639 1 626
2005-Mar-17 09:09:04 14566.7 98.6594 1 631
2005-Mar-17 09:16:48 14213.6 96.782 1 631
2005-Mar-17 09:24:32 14768.9 94.7825 1 627
2005-Mar-17 09:32:16 13891.4 97.4655 1 630
2005-Mar-17 09:40:00 14719.7 97.257 1 631
2005-Mar-17 09:47:44 14393.1 100.669 1 630
2005-Mar-17 09:55:28 14609.1 98.6309 1 631
2005-Mar-17 10:03:12 14335.7 93.7219 1 629
2005-Mar-17 10:10:56 14166.4 98.5876 1 632
2005-Mar-17 10:18:40 14193.6 98.6943 1 630
2005-Mar-17 10:26:24 14354.4 97.1635 1 630
2005-Mar-17 10:34:08 14145.8 98.6896 1 631
2005-Mar-17 10:41:52 15089.4 97.1548 1 629
2005-Mar-17 10:49:36 14710.6 98.3277 1 630
2005-Mar-17 10:57:20 14596.8 98.3263 1 634
2005-Mar-17 11:05:04 14654.2 95.0026 1 632
2005-Mar-17 11:12:48 14259 92.1997 1 630
2005-Mar-17 11:20:32 14569 91.3567 1 631
2005-Mar-17 11:28:16 14872.8 89.7528 1 631
2005-Mar-17 11:36:00 14521.6 91.9538 1 636
2005-Mar-17 11:43:44 15027.8 91.7425 1 633
2005-Mar-17 11:51:28 14290.2 91.7128 1 633
2005-Mar-17 11:59:12 14617.4 91.6773 1 635
#$7.90105e-18 -1.97046e-17 2
#deg max=140 2.44346
#dp_Δ max=-2e-06
#POWER_PROFILE stage=grid total_s=0.0848797
#POWER_PROFILE stage=bootstrap total_s=1.31984
#$5.99713e-18 -2.97476e-18 0
#deg max=55 0.959931
#dp_Δ max=-2.75e-06
#POWER_PROFILE stage=grid total_s=0.0855985
#POWER_PROFILE stage=bootstrap total_s=1.30633
#deg max=135 2.35619
#dp_Δ max=-2e-06
#POWER_PROFILE stage=grid total_s=0.0835459
#POWER_PROFILE stage=bootstrap total_s=1.31393
#deg max=110 1.91986
#dp_Δ max=-2.75e-06
#POWER_PROFILE stage=grid total_s=0.0843435
#POWER_PROFILE stage=bootstrap total_s=1.30162
#$2.52462e-18 -9.60427e-18 1
#deg max=140 2.44346
#dp_Δ max=-5e-07
#POWER_PROFILE stage=grid total_s=0.0853854
#POWER_PROFILE stage=bootstrap total_s=1.30694
#PROFILE segment=1 windows=42 fft_qc_s=0.0790265 pack_s=0.0226654 stack_s=5.46353 fit_s=8.68927 total_s=14.2563
#Segment 2005-Mar-17 1 accepted_windows=42
2005-Mar-17 11:51:28 14290.2 91.7128 1 633
2005-Mar-17 11:59:12 14617.4 91.6773 1 635
2005-Mar-17 12:06:56 14817.4 92.9395 1 638
2005-Mar-17 12:14:40 14666.5 94.3005 1 635
2005-Mar-17 12:22:24 14579.8 95.5798 1 637
2005-Mar-17 12:30:08 14563.7 93.5115 1 635
2005-Mar-17 12:37:52 14873.8 93.0058 1 641
2005-Mar-17 12:45:36 14733.5 92.0003 1 642
2005-Mar-17 12:53:20 14766.8 91.7397 1 639
2005-Mar-17 13:01:04 14440.2 97.3095 1 635
2005-Mar-17 13:08:48 14598.1 93.3793 1 635
2005-Mar-17 13:16:32 14914.1 93.4723 1 635
2005-Mar-17 13:24:16 14415.1 92.0569 1 634
2005-Mar-17 13:32:00 13838.3 91.6257 1 634
2005-Mar-17 13:39:44 14475.3 93.5411 1 636
2005-Mar-17 13:47:28 14952.8 97.0978 1 637
2005-Mar-17 13:55:12 14690.1 96.8167 1 642
2005-Mar-17 14:02:56 15322.1 92.5846 1 640
2005-Mar-17 14:10:40 14604 93.8724 1 637
2005-Mar-17 14:18:24 14692 91.1979 1 634
2005-Mar-17 14:26:08 14346.1 92.4505 1 638
2005-Mar-17 14:33:52 14234.5 90.4003 1 639
2005-Mar-17 14:41:36 14312.4 90.9036 1 639
2005-Mar-17 14:49:20 14721.5 93.5638 1 641
2005-Mar-17 14:57:04 14920.9 93.8926 1 638
2005-Mar-17 15:04:48 14834.7 94.0725 1 639
2005-Mar-17 15:12:32 15333.5 91.9383 1 638
2005-Mar-17 15:20:16 14935.6 87.9254 1 636
2005-Mar-17 15:28:00 14623.6 89.4853 1 633
2005-Mar-17 15:35:44 14161.3 88.3002 1 639
2005-Mar-17 15:43:28 15242.8 89.9762 1 641
2005-Mar-17 15:51:12 15737 91.2427 1 641
2005-Mar-17 15:58:56 15192 89.4585 1 642
2005-Mar-17 16:06:40 14300 87.0734 1 641
2005-Mar-17 16:14:24 14478.4 88.4348 1 638
2005-Mar-17 16:22:08 14826.3 88.2763 1 641
2005-Mar-17 16:29:52 14968.2 86.3515 1 639
2005-Mar-17 16:37:36 14552.2 87.7751 1 644
2005-Mar-17 16:45:20 14504.5 88.9671 1 639
2005-Mar-17 16:53:04 14585.3 89.2968 1 642
2005-Mar-17 17:00:48 14326.1 86.2217 1 647
2005-Mar-17 17:08:32 14325.3 89.013 1 643
2005-Mar-17 17:16:16 14817.2 89.9809 1 647
2005-Mar-17 17:24:00 14055.9 89.0667 1 649
2005-Mar-17 17:31:44 14655.3 85.5626 1 644
2005-Mar-17 17:39:28 14212.7 85.7756 1 646
2005-Mar-17 17:47:12 14649.3 87.4148 1 647
#$7.5815e-18 -1.80096e-17 2
#deg max=140 2.44346
#dp_Δ max=-2e-06
#POWER_PROFILE stage=grid total_s=0.0933276
#POWER_PROFILE stage=bootstrap total_s=1.46692
#$6.32949e-18 -3.06274e-18 0
#deg max=25 0.436332
#dp_Δ max=-4.25e-06
#POWER_PROFILE stage=grid total_s=0.097146
#POWER_PROFILE stage=bootstrap total_s=1.46666
#deg max=110 1.91986
#dp_Δ max=-7.25e-06
#POWER_PROFILE stage=grid total_s=0.0931056
#POWER_PROFILE stage=bootstrap total_s=1.45813
#deg max=130 2.26893
#dp_Δ max=-1.25e-06
#POWER_PROFILE stage=grid total_s=0.0931848
#POWER_PROFILE stage=bootstrap total_s=1.45887
#$3.14418e-18 -9.77672e-18 1
#deg max=145 2.53073
#dp_Δ max=1e-06
#POWER_PROFILE stage=grid total_s=0.0945233
#POWER_PROFILE stage=bootstrap total_s=1.46342
#PROFILE segment=2 windows=47 fft_qc_s=0.0792306 pack_s=0.0255055 stack_s=6.20336 fit_s=9.64385 total_s=15.9537
#Segment 2005-Mar-17 2 accepted_windows=47
2005-Mar-17 18:18:08 14548.7 87.117 1 649
2005-Mar-17 18:25:52 14510.5 85.8506 1 649
2005-Mar-17 18:33:36 14827.9 85.5962 1 651
2005-Mar-17 18:41:20 15103.8 85.7742 1 653
2005-Mar-17 18:49:04 14593.7 85.0199 1 651
2005-Mar-17 18:56:48 14879 83.5631 1 654
2005-Mar-17 19:04:32 14642.7 83.5511 1 653
2005-Mar-17 19:12:16 14390.3 84.6444 1 651
2005-Mar-17 19:20:00 14674.7 85.2912 1 654
2005-Mar-17 19:27:44 14142.4 83.0053 1 653
2005-Mar-17 19:35:28 14135.2 84.8089 1 653
2005-Mar-17 19:43:12 14734.8 84.3355 1 655
2005-Mar-17 19:50:56 14609 79.2175 1 651
2005-Mar-17 19:58:40 15240.7 80.0007 1 654
2005-Mar-17 20:06:24 14627.7 83.7342 1 651
2005-Mar-17 20:14:08 14564.3 81.7931 1 651
2005-Mar-17 20:21:52 14867.2 81.1757 1 652
2005-Mar-17 20:29:36 14738.8 78.9866 1 650
2005-Mar-17 20:37:20 15305.1 80.6668 1 650
2005-Mar-17 20:45:04 14394.7 80.6215 1 653
2005-Mar-17 20:52:48 14715.4 82.1217 1 651
2005-Mar-17 21:00:32 14612.2 83.1301 1 650
2005-Mar-17 21:08:16 14939.5 80.8275 1 650
2005-Mar-17 21:16:00 15290.8 80.5101 1 649
2005-Mar-17 21:23:44 14600.4 81.0274 1 648
2005-Mar-17 21:31:28 14271.7 81.1608 1 651
2005-Mar-17 21:39:12 14497 81.2322 1 649
2005-Mar-17 21:46:56 14596.1 80.5798 1 643
2005-Mar-17 21:54:40 15128.2 79.2973 1 647
2005-Mar-17 22:02:24 14928.7 80.4432 1 644
2005-Mar-17 22:10:08 14610.1 81.9717 1 646
2005-Mar-17 22:17:52 14494.5 80.8417 1 644
2005-Mar-17 22:25:36 14737.2 80.7761 1 646
#$9.66111e-18 -1.75463e-17 2
#deg max=135 2.35619
#dp_Δ max=-3.5e-06
#POWER_PROFILE stage=grid total_s=0.0666903
#POWER_PROFILE stage=bootstrap total_s=1.03512
#$8.79662e-18 -3.91164e-18 0
#deg max=60 1.0472
#dp_Δ max=-4.25e-06
#POWER_PROFILE stage=grid total_s=0.0666876
#POWER_PROFILE stage=bootstrap total_s=1.02989
#deg max=150 2.61799
#dp_Δ max=-2.75e-06
#POWER_PROFILE stage=grid total_s=0.0662293
#POWER_PROFILE stage=bootstrap total_s=1.02648
#deg max=130 2.26893
#dp_Δ max=1e-06
#POWER_PROFILE stage=grid total_s=0.066565
#POWER_PROFILE stage=bootstrap total_s=1.03371
#$6.12305e-18 -1.33426e-17 1
#deg max=140 2.44346
#dp_Δ max=2.5e-07
#POWER_PROFILE stage=grid total_s=0.0656225
#POWER_PROFILE stage=bootstrap total_s=1.0325
#PROFILE segment=3 windows=33 fft_qc_s=0.0609138 pack_s=0.0180655 stack_s=4.43392 fit_s=7.23664 total_s=11.7515
#Segment 2005-Mar-17 3 accepted_windows=33
#ScanSummary days=3 missing=0 empty=0 multiple=0 loaded=3
#PROFILE accepted_windows_total=520
#CPU_PROFILE stage=objective context=serial_caller calls=6771 inclusive_s=85.3554
#CPU_PROFILE stage=objective context=outer_parallel calls=4500 inclusive_s=38.8422
#CPU_PROFILE stage=hessian context=serial_caller calls=415 inclusive_s=5.53972
#CPU_PROFILE stage=hessian context=outer_parallel calls=0 inclusive_s=0
#CPU_PROFILE stage=rotation context=serial_caller calls=180 inclusive_s=0.351695
#CPU_PROFILE stage=rotation context=outer_parallel calls=0 inclusive_s=0
#CPU_PROFILE stage=fitting context=serial_caller calls=60 inclusive_s=11.199
#CPU_PROFILE stage=fitting context=outer_parallel calls=0 inclusive_s=0
