#SlantStack backend=cpu (double)
#Power mode=off
#SlantStack step_s_per_km=0.005 max_s_per_km=0.165 grid=67x67
#FrequencyBand {"requested_min_hz":0.10000000000000001,"requested_max_hz":0.25,"min_hz":0.099609375,"max_hz":0.25,"df_hz":0.0009765625,"min_bin":102,"max_bin":256,"fft_length":2048,"sample_interval_s":0.5,"spectrum_bins":266}
#DateRange start=2005-03-16 end=2005-03-17 inclusive=true
#0.0996094 0.25
#Start/Users/knishida/Projects/Autofocusing/repo/build-clang/matrix-audit-20050316-17/input/2005/0316/20050750000.h5 0 0.000316s
#LOAD_PROFILE init_s=0.0392247 read_decode_copy_s=2.95264 filter_s=0.248239 total_s=3.2401
#Read data: load_h5 /Users/knishida/Projects/Autofocusing/repo/build-clang/matrix-audit-20050316-17/input/2005/0316/20050750000.h5 684 3.24501s
2005-Mar-16 00:07:44 14294.8 92.1501 1 564
2005-Mar-16 00:15:28 14139.7 92.5051 1 567
2005-Mar-16 00:23:12 14045.5 97.6485 1 566
2005-Mar-16 00:30:56 14185 99.0769 1 563
2005-Mar-16 00:38:40 14157.2 96.5132 1 563
2005-Mar-16 00:46:24 14546.3 101.167 1 564
2005-Mar-16 00:54:08 14720.7 100.397 1 568
2005-Mar-16 01:01:52 14258.3 100.311 1 565
2005-Mar-16 01:09:36 13870.7 100.765 1 567
2005-Mar-16 01:17:20 14603.6 102.846 1 570
2005-Mar-16 01:25:04 13869.5 103.879 1 569
2005-Mar-16 01:32:48 14376.1 106.347 1 568
2005-Mar-16 01:40:32 14083.3 106.365 1 572
2005-Mar-16 01:48:16 14129.9 110.193 1 574
2005-Mar-16 01:56:00 14135.6 105.183 1 570
2005-Mar-16 02:03:44 14293.7 110.028 1 571
2005-Mar-16 02:11:28 13569.4 112.617 1 566
2005-Mar-16 02:19:12 13848.5 107.954 1 569
2005-Mar-16 02:26:56 13969.1 107.244 1 569
2005-Mar-16 02:34:40 14301.4 113.026 1 572
2005-Mar-16 02:42:24 14108.1 113.412 1 575
2005-Mar-16 02:50:08 13939.7 110.456 1 573
2005-Mar-16 02:57:52 14369.4 109.953 1 576
2005-Mar-16 03:05:36 14171.7 110.739 1 572
2005-Mar-16 03:13:20 14260.5 114.124 1 574
2005-Mar-16 03:21:04 14198.8 118.611 1 576
2005-Mar-16 03:28:48 14940.1 112.221 1 579
2005-Mar-16 03:36:32 14130 115.064 1 575
2005-Mar-16 03:44:16 14158.2 107.768 1 578
2005-Mar-16 03:52:00 14355.5 112.53 1 576
2005-Mar-16 03:59:44 14811.9 115.506 1 578
2005-Mar-16 04:07:28 13934.3 112.556 1 577
2005-Mar-16 04:15:12 13886.6 113.679 1 577
2005-Mar-16 04:22:56 13863.6 114.044 1 580
2005-Mar-16 04:30:40 13998.4 112.85 1 578
2005-Mar-16 04:38:24 14225.7 112.096 1 580
2005-Mar-16 04:46:08 14689.3 114.866 1 582
2005-Mar-16 04:53:52 14557.6 104.842 1 579
2005-Mar-16 05:01:36 14187.7 108.445 1 582
2005-Mar-16 05:09:20 14613.1 113.671 1 583
2005-Mar-16 05:17:04 13965.8 123.728 1 582
2005-Mar-16 05:24:48 14709.3 114.831 1 583
2005-Mar-16 05:32:32 14734.5 109.229 1 583
2005-Mar-16 05:40:16 14021.6 109.96 1 583
2005-Mar-16 05:48:00 14363.5 113.511 1 583
2005-Mar-16 05:55:44 14833.3 113.956 1 584
2005-Mar-16 06:03:28 14363.3 112.767 1 585
#$8.96882e-18 -1.81526e-17 2
#deg max=90 1.5708
#dp_Δ max=-1.25e-06
#POWER_PROFILE stage=grid total_s=0.0938684
#POWER_PROFILE stage=bootstrap total_s=1.47841
#$9.10891e-18 -3.32605e-18 0
#deg max=140 2.44346
#dp_Δ max=-1.1e-05
#POWER_PROFILE stage=grid total_s=0.0953445
#POWER_PROFILE stage=bootstrap total_s=1.48529
#deg max=95 1.65806
#dp_Δ max=-2e-06
#POWER_PROFILE stage=grid total_s=0.0954898
#POWER_PROFILE stage=bootstrap total_s=1.49678
#$3.86416e-18 -1.33475e-17 1
#deg max=125 2.18166
#dp_Δ max=-2.75e-06
#POWER_PROFILE stage=grid total_s=0.094275
#POWER_PROFILE stage=bootstrap total_s=1.48666
#PROFILE segment=0 windows=47 fft_qc_s=0.078656 pack_s=0.024985 stack_s=5.60869 fit_s=7.77789 total_s=13.5049
#Segment 2005-Mar-16 0 accepted_windows=47
2005-Mar-16 05:55:44 14833.3 113.956 1 584
2005-Mar-16 06:03:28 14363.3 112.767 1 585
2005-Mar-16 06:11:12 14282.7 108.125 1 585
2005-Mar-16 06:18:56 14596 110.139 1 586
2005-Mar-16 06:26:40 14543.2 102.998 1 585
2005-Mar-16 06:34:24 14768.1 106.453 1 588
2005-Mar-16 06:42:08 14471.7 106.066 1 590
2005-Mar-16 06:49:52 13894.3 106.568 1 588
2005-Mar-16 06:57:36 14303.7 102.943 1 587
2005-Mar-16 07:05:20 14550 103.941 1 588
2005-Mar-16 07:13:04 14023.5 107.483 1 586
2005-Mar-16 07:20:48 14165.5 115.529 1 587
2005-Mar-16 07:36:16 13595.1 103.418 1 593
2005-Mar-16 07:44:00 13907.2 107.908 1 591
2005-Mar-16 07:51:44 13597.7 107.324 1 593
2005-Mar-16 07:59:28 14360.2 103.426 1 594
2005-Mar-16 08:07:12 14890.1 102.355 1 590
2005-Mar-16 08:14:56 14695.3 99.7578 1 593
2005-Mar-16 08:22:40 14095.1 101.71 1 593
2005-Mar-16 08:30:24 14734.6 100.95 1 592
2005-Mar-16 08:38:08 14226.1 103.836 1 595
2005-Mar-16 09:09:04 14030.7 106.396 1 594
2005-Mar-16 09:16:48 13646.3 104.693 1 598
2005-Mar-16 09:24:32 14915.7 101.499 1 595
2005-Mar-16 09:32:16 14782.7 98.3211 1 595
2005-Mar-16 09:40:00 13817.9 101.463 1 598
2005-Mar-16 09:47:44 13123.8 102.616 1 598
2005-Mar-16 09:55:28 13600.8 96.7964 1 598
2005-Mar-16 10:03:12 14162.9 96.3543 1 599
2005-Mar-16 10:10:56 13659.6 96.9233 1 602
2005-Mar-16 10:18:40 13930.1 98.2263 1 598
2005-Mar-16 10:26:24 13569.1 98.3407 1 600
2005-Mar-16 10:34:08 14120.3 96.3865 1 602
2005-Mar-16 10:41:52 14032.2 99.7343 1 600
2005-Mar-16 10:49:36 13772.1 102.319 1 600
2005-Mar-16 10:57:20 14969.7 95.2611 1 604
2005-Mar-16 11:05:04 14064.5 96.5248 1 602
2005-Mar-16 11:12:48 14852.3 96.4776 1 603
2005-Mar-16 11:20:32 13949.8 95.9091 1 601
2005-Mar-16 11:28:16 14238 95.2284 1 604
2005-Mar-16 11:36:00 14928.6 96.4685 1 605
2005-Mar-16 11:43:44 14586.7 94.4652 1 607
2005-Mar-16 11:51:28 14621.1 95.9006 1 605
2005-Mar-16 11:59:12 14507.1 98.6424 1 610
#$8.41209e-18 -1.79952e-17 2
#deg max=100 1.74533
#dp_Δ max=-5e-07
#POWER_PROFILE stage=grid total_s=0.0875362
#POWER_PROFILE stage=bootstrap total_s=1.39204
#$7.98208e-18 -2.80659e-18 0
#deg max=145 2.53073
#dp_Δ max=-7.25e-06
#POWER_PROFILE stage=grid total_s=0.0937577
#POWER_PROFILE stage=bootstrap total_s=1.38789
#deg max=110 1.91986
#dp_Δ max=-5e-07
#POWER_PROFILE stage=grid total_s=0.0874848
#POWER_PROFILE stage=bootstrap total_s=1.3863
#$3.54086e-18 -1.22898e-17 1
#deg max=155 2.70526
#dp_Δ max=-2.75e-06
#POWER_PROFILE stage=grid total_s=0.08748
#POWER_PROFILE stage=bootstrap total_s=1.39552
#PROFILE segment=1 windows=44 fft_qc_s=0.0792603 pack_s=0.023457 stack_s=5.42417 fit_s=7.36417 total_s=12.893
#Segment 2005-Mar-16 1 accepted_windows=44
2005-Mar-16 11:51:28 14621.1 95.9006 1 605
2005-Mar-16 11:59:12 14507.1 98.6424 1 610
2005-Mar-16 12:06:56 14167.6 97.5259 1 609
2005-Mar-16 12:14:40 14416.1 97.6406 1 603
2005-Mar-16 12:22:24 14106.8 95.4072 1 602
2005-Mar-16 12:30:08 15026.8 95.793 1 611
2005-Mar-16 12:37:52 13983.5 99.4542 1 610
2005-Mar-16 12:45:36 14209.9 104.808 1 610
2005-Mar-16 12:53:20 14089.3 108.31 1 607
2005-Mar-16 13:01:04 14638.1 103.219 1 611
2005-Mar-16 13:08:48 13767.7 98.5299 1 611
2005-Mar-16 13:16:32 13763.3 98.5637 1 612
2005-Mar-16 13:24:16 14253 98.0455 1 614
2005-Mar-16 13:32:00 15176.4 95.8265 1 611
2005-Mar-16 13:39:44 14207.7 96.5614 1 612
2005-Mar-16 13:47:28 14799.4 98.7308 1 610
2005-Mar-16 13:55:12 14801.9 99.1167 1 614
2005-Mar-16 14:02:56 15020.9 99.4488 1 616
2005-Mar-16 14:10:40 14296.1 95.9705 1 614
2005-Mar-16 14:18:24 13916.1 98.8672 1 614
2005-Mar-16 14:26:08 14280.4 100.8 1 613
2005-Mar-16 14:33:52 14391.3 98.3497 1 613
2005-Mar-16 14:41:36 14980.7 99.5742 1 612
2005-Mar-16 14:49:20 14278.7 101.27 1 612
2005-Mar-16 14:57:04 14871.8 98.6229 1 614
2005-Mar-16 15:04:48 14200.2 99.4679 1 611
2005-Mar-16 15:12:32 14766 102.225 1 616
2005-Mar-16 15:20:16 14839 96.5197 1 614
2005-Mar-16 15:28:00 13734.7 99.1433 1 617
2005-Mar-16 15:35:44 14150.9 105.271 1 620
2005-Mar-16 15:58:56 23328.5 106.047 1 619
2005-Mar-16 16:06:40 18565.4 108.651 1 620
2005-Mar-16 16:14:24 14560.3 102.202 1 619
2005-Mar-16 16:22:08 14503.2 103.402 1 621
2005-Mar-16 16:29:52 14203.7 101.863 1 621
2005-Mar-16 16:37:36 14163.8 99.4497 1 621
2005-Mar-16 16:45:20 14920.5 101.299 1 621
2005-Mar-16 16:53:04 14050.3 99.1397 1 618
2005-Mar-16 17:00:48 14348.2 102.968 1 622
2005-Mar-16 17:08:32 13804.7 104.048 1 618
2005-Mar-16 17:16:16 13798.7 102.747 1 623
2005-Mar-16 17:24:00 13886.8 105.151 1 621
2005-Mar-16 17:31:44 14049.2 103.583 1 623
2005-Mar-16 17:39:28 14435 102.499 1 622
2005-Mar-16 17:47:12 14089.1 105.424 1 622
2005-Mar-16 17:54:56 14672.3 104.532 1 621
#$7.8865e-18 -1.90628e-17 2
#deg max=105 1.8326
#dp_Δ max=-1.25e-06
#POWER_PROFILE stage=grid total_s=0.0933107
#POWER_PROFILE stage=bootstrap total_s=1.45207
#$7.68106e-18 -3.38215e-18 0
#deg max=25 0.436332
#dp_Δ max=-5.75e-06
#POWER_PROFILE stage=grid total_s=0.0920641
#POWER_PROFILE stage=bootstrap total_s=1.45257
#deg max=105 1.8326
#dp_Δ max=-5e-07
#POWER_PROFILE stage=grid total_s=0.091862
#POWER_PROFILE stage=bootstrap total_s=1.45237
#deg max=130 2.26893
#dp_Δ max=2.5e-07
#POWER_PROFILE stage=grid total_s=0.0922901
#POWER_PROFILE stage=bootstrap total_s=1.46109
#$3.36143e-18 -1.22051e-17 1
#deg max=140 2.44346
#dp_Δ max=2.5e-06
#POWER_PROFILE stage=grid total_s=0.0916797
#POWER_PROFILE stage=bootstrap total_s=1.44487
#deg max=105 1.8326
#dp_Δ max=-5e-06
#POWER_PROFILE stage=grid total_s=0.093239
#POWER_PROFILE stage=bootstrap total_s=1.45593
#PROFILE segment=2 windows=46 fft_qc_s=0.07933 pack_s=0.0245362 stack_s=5.85252 fit_s=11.6739 total_s=17.6322
#Segment 2005-Mar-16 2 accepted_windows=46
2005-Mar-16 17:47:12 14089.1 105.424 1 622
2005-Mar-16 17:54:56 14672.3 104.532 1 621
2005-Mar-16 18:02:40 13923.6 100.939 1 624
2005-Mar-16 18:10:24 14294.2 105.116 1 625
2005-Mar-16 18:18:08 14586.5 106.771 1 626
2005-Mar-16 18:25:52 14545.3 107.384 1 624
2005-Mar-16 18:33:36 14744.5 102.033 1 625
2005-Mar-16 18:41:20 14365.4 105.454 1 626
2005-Mar-16 18:49:04 14840.2 102.212 1 629
2005-Mar-16 18:56:48 14531.1 101.818 1 625
2005-Mar-16 19:04:32 13901.1 105.594 1 625
2005-Mar-16 19:12:16 14337.4 100.365 1 626
2005-Mar-16 19:20:00 14058.5 103.761 1 628
2005-Mar-16 19:27:44 14220 105.195 1 625
2005-Mar-16 19:35:28 13985.3 108.646 1 627
2005-Mar-16 19:43:12 14507.2 103.446 1 625
2005-Mar-16 19:50:56 14256.3 103.052 1 629
2005-Mar-16 19:58:40 13896.4 104.879 1 624
2005-Mar-16 20:06:24 14099.3 106.415 1 627
2005-Mar-16 20:14:08 13988.4 108.219 1 625
2005-Mar-16 20:21:52 13750.6 108.969 1 628
2005-Mar-16 20:29:36 13917 104.878 1 630
2005-Mar-16 20:37:20 14444.6 105.019 1 627
2005-Mar-16 20:45:04 14544 105.102 1 628
2005-Mar-16 20:52:48 14643.8 108.347 1 626
2005-Mar-16 21:00:32 14251.8 107.503 1 628
2005-Mar-16 21:08:16 14529.5 104.238 1 628
2005-Mar-16 21:16:00 14222 104.236 1 628
2005-Mar-16 21:23:44 14588.4 104.481 1 629
2005-Mar-16 21:31:28 14039.7 103.392 1 632
2005-Mar-16 21:39:12 14374.8 106.323 1 629
2005-Mar-16 21:46:56 14769.9 107.553 1 630
2005-Mar-16 21:54:40 14217.1 108.66 1 630
2005-Mar-16 22:02:24 13931.5 107.524 1 630
2005-Mar-16 22:56:32 13858.6 127.226 1 624
2005-Mar-16 23:04:16 13816.5 125.641 1 628
2005-Mar-16 23:12:00 14283.1 118.586 1 626
2005-Mar-16 23:19:44 14299.7 115.903 1 628
2005-Mar-16 23:27:28 13718.3 116.264 1 627
2005-Mar-16 23:35:12 13633.4 108.238 1 629
#$8.9068e-18 -2.10992e-17 2
#deg max=125 2.18166
#dp_Δ max=-1.25e-06
#POWER_PROFILE stage=grid total_s=0.0833278
#POWER_PROFILE stage=bootstrap total_s=1.26817
#$7.44222e-18 -3.47472e-18 0
#deg max=130 2.26893
#dp_Δ max=-2e-06
#POWER_PROFILE stage=grid total_s=0.0838877
#POWER_PROFILE stage=bootstrap total_s=1.27183
#deg max=125 2.18166
#dp_Δ max=-5e-07
#POWER_PROFILE stage=grid total_s=0.0844348
#POWER_PROFILE stage=bootstrap total_s=1.26908
#$3.40263e-18 -1.21784e-17 1
#deg max=135 2.35619
#dp_Δ max=1e-06
#POWER_PROFILE stage=grid total_s=0.0833632
#POWER_PROFILE stage=bootstrap total_s=1.26927
#PROFILE segment=3 windows=40 fft_qc_s=0.0761929 pack_s=0.0216002 stack_s=5.20126 fit_s=6.77222 total_s=12.0868
#Segment 2005-Mar-16 3 accepted_windows=40
#Start/Users/knishida/Projects/Autofocusing/repo/build-clang/matrix-audit-20050316-17/input/2005/0317/20050760000.h5 684 59.3658s
#LOAD_PROFILE init_s=0.0423259 read_decode_copy_s=3.14301 filter_s=0.249216 total_s=3.43455
#Read data: load_h5 /Users/knishida/Projects/Autofocusing/repo/build-clang/matrix-audit-20050316-17/input/2005/0317/20050760000.h5 685 62.8044s
2005-Mar-17 00:00:00 14529.6 106.803 1 634
2005-Mar-17 00:07:44 14975 111.432 1 632
2005-Mar-17 00:15:28 14879.2 116.566 1 631
2005-Mar-17 00:23:12 14544 114.988 1 631
2005-Mar-17 00:30:56 14214.2 106.115 1 632
2005-Mar-17 00:38:40 14289.1 108.024 1 633
2005-Mar-17 00:46:24 13894.8 110.283 1 632
2005-Mar-17 00:54:08 14599.2 109.316 1 632
2005-Mar-17 01:01:52 14512.2 110.592 1 633
2005-Mar-17 01:09:36 14808.9 109.095 1 633
2005-Mar-17 01:17:20 14116.1 114.132 1 633
2005-Mar-17 01:40:32 16640.9 118.353 1 632
2005-Mar-17 01:48:16 20716.7 113.933 1 632
2005-Mar-17 01:56:00 18279.4 112.686 1 631
2005-Mar-17 02:03:44 15332 111.188 1 632
2005-Mar-17 02:11:28 14665.1 108.028 1 631
2005-Mar-17 02:19:12 14681.1 106.197 1 632
2005-Mar-17 02:26:56 14226.8 113.048 1 631
2005-Mar-17 02:34:40 15130.1 108.238 1 630
2005-Mar-17 02:42:24 14536.4 109.206 1 632
2005-Mar-17 02:50:08 14570.1 108.319 1 633
2005-Mar-17 02:57:52 14973.2 113.207 1 629
2005-Mar-17 03:05:36 14116.3 114.217 1 631
2005-Mar-17 03:13:20 14765.5 109.353 1 630
2005-Mar-17 03:21:04 14366.8 104.388 1 628
2005-Mar-17 03:28:48 13916.3 106.64 1 629
2005-Mar-17 03:36:32 14021.4 108.307 1 629
2005-Mar-17 03:44:16 13768.3 104.978 1 629
2005-Mar-17 03:52:00 13958.5 107.48 1 630
2005-Mar-17 03:59:44 13954.2 105.604 1 628
2005-Mar-17 04:07:28 14383.4 105.916 1 631
2005-Mar-17 04:15:12 15062 102.472 1 630
2005-Mar-17 04:22:56 14917.4 103.148 1 630
2005-Mar-17 04:30:40 14250.9 103.462 1 628
2005-Mar-17 04:38:24 14437.7 102.75 1 629
2005-Mar-17 04:46:08 13979.6 102.851 1 629
2005-Mar-17 04:53:52 13863.8 101.82 1 626
2005-Mar-17 05:01:36 14191.3 101.047 1 628
2005-Mar-17 05:09:20 14609.6 100.225 1 629
2005-Mar-17 05:17:04 14237.4 101.349 1 629
2005-Mar-17 05:24:48 13590.4 105.631 1 628
2005-Mar-17 05:32:32 14412.6 102.117 1 627
2005-Mar-17 05:40:16 14987 102.59 1 625
2005-Mar-17 05:48:00 14092.2 99.5146 1 627
2005-Mar-17 05:55:44 14431.7 102.947 1 630
2005-Mar-17 06:03:28 15089.4 105.027 1 626
#$8.63456e-18 -2.0805e-17 2
#deg max=135 2.35619
#dp_Δ max=-2e-06
#POWER_PROFILE stage=grid total_s=0.100614
#POWER_PROFILE stage=bootstrap total_s=1.46299
#$6.6329e-18 -3.41842e-18 0
#deg max=40 0.698132
#dp_Δ max=-2e-06
#POWER_PROFILE stage=grid total_s=0.0967005
#POWER_PROFILE stage=bootstrap total_s=1.46103
#deg max=130 2.26893
#dp_Δ max=-1.25e-06
#POWER_PROFILE stage=grid total_s=0.0958798
#POWER_PROFILE stage=bootstrap total_s=1.46115
#deg max=115 2.00713
#dp_Δ max=-5e-06
#POWER_PROFILE stage=grid total_s=0.0916497
#POWER_PROFILE stage=bootstrap total_s=1.45502
#$2.90765e-18 -1.09196e-17 1
#deg max=140 2.44346
#dp_Δ max=-1.25e-06
#POWER_PROFILE stage=grid total_s=0.0947993
#POWER_PROFILE stage=bootstrap total_s=1.45636
#PROFILE segment=0 windows=46 fft_qc_s=0.086092 pack_s=0.0251194 stack_s=6.11083 fit_s=9.85613 total_s=16.0801
#Segment 2005-Mar-17 0 accepted_windows=46
2005-Mar-17 05:55:44 14431.7 102.947 1 630
2005-Mar-17 06:03:28 15089.4 105.027 1 626
2005-Mar-17 06:11:12 14745.5 107.618 1 628
2005-Mar-17 06:18:56 14319.5 103.025 1 628
2005-Mar-17 06:26:40 15205.4 102.136 1 628
2005-Mar-17 06:34:24 14545.3 101.934 1 628
2005-Mar-17 06:42:08 15107.4 102.842 1 628
2005-Mar-17 06:49:52 14928.6 105.937 1 628
2005-Mar-17 06:57:36 14995.7 98.264 1 629
2005-Mar-17 07:05:20 14711.3 98.9107 1 627
2005-Mar-17 07:13:04 14229.5 100.39 1 628
2005-Mar-17 07:20:48 14474.9 98.5827 1 630
2005-Mar-17 07:51:44 14097.6 102.729 1 628
2005-Mar-17 07:59:28 14193.8 103.95 1 626
2005-Mar-17 08:07:12 14723.3 101.989 1 626
2005-Mar-17 08:14:56 14540.1 97.8859 1 627
2005-Mar-17 08:22:40 15755.6 102.388 1 628
2005-Mar-17 08:30:24 15331.7 98.0657 1 629
2005-Mar-17 08:38:08 13967.9 99.5639 1 626
2005-Mar-17 09:09:04 14566.7 98.6594 1 631
2005-Mar-17 09:16:48 14213.6 96.782 1 631
2005-Mar-17 09:24:32 14768.9 94.7825 1 627
2005-Mar-17 09:32:16 13891.4 97.4655 1 630
2005-Mar-17 09:40:00 14719.7 97.257 1 631
2005-Mar-17 09:47:44 14393.1 100.669 1 630
2005-Mar-17 09:55:28 14609.1 98.6309 1 631
2005-Mar-17 10:03:12 14335.7 93.7219 1 629
2005-Mar-17 10:10:56 14166.4 98.5876 1 632
2005-Mar-17 10:18:40 14193.6 98.6943 1 630
2005-Mar-17 10:26:24 14354.4 97.1635 1 630
2005-Mar-17 10:34:08 14145.8 98.6896 1 631
2005-Mar-17 10:41:52 15089.4 97.1548 1 629
2005-Mar-17 10:49:36 14710.6 98.3277 1 630
2005-Mar-17 10:57:20 14596.8 98.3263 1 634
2005-Mar-17 11:05:04 14654.2 95.0026 1 632
2005-Mar-17 11:12:48 14259 92.1997 1 630
2005-Mar-17 11:20:32 14569 91.3567 1 631
2005-Mar-17 11:28:16 14872.8 89.7528 1 631
2005-Mar-17 11:36:00 14521.6 91.9538 1 636
2005-Mar-17 11:43:44 15027.8 91.7425 1 633
2005-Mar-17 11:51:28 14290.2 91.7128 1 633
2005-Mar-17 11:59:12 14617.4 91.6773 1 635
#$7.90105e-18 -1.97046e-17 2
#deg max=140 2.44346
#dp_Δ max=-2e-06
#POWER_PROFILE stage=grid total_s=0.0867037
#POWER_PROFILE stage=bootstrap total_s=1.33215
#$5.99713e-18 -2.97476e-18 0
#deg max=55 0.959931
#dp_Δ max=-2.75e-06
#POWER_PROFILE stage=grid total_s=0.0860579
#POWER_PROFILE stage=bootstrap total_s=1.33384
#deg max=135 2.35619
#dp_Δ max=-2e-06
#POWER_PROFILE stage=grid total_s=0.0918835
#POWER_PROFILE stage=bootstrap total_s=1.33467
#deg max=110 1.91986
#dp_Δ max=-2.75e-06
#POWER_PROFILE stage=grid total_s=0.0877503
#POWER_PROFILE stage=bootstrap total_s=1.34655
#$2.52462e-18 -9.60427e-18 1
#deg max=140 2.44346
#dp_Δ max=-5e-07
#POWER_PROFILE stage=grid total_s=0.0880966
#POWER_PROFILE stage=bootstrap total_s=1.33329
#PROFILE segment=1 windows=42 fft_qc_s=0.0810227 pack_s=0.0229793 stack_s=5.52755 fit_s=8.89855 total_s=14.5321
#Segment 2005-Mar-17 1 accepted_windows=42
2005-Mar-17 11:51:28 14290.2 91.7128 1 633
2005-Mar-17 11:59:12 14617.4 91.6773 1 635
2005-Mar-17 12:06:56 14817.4 92.9395 1 638
2005-Mar-17 12:14:40 14666.5 94.3005 1 635
2005-Mar-17 12:22:24 14579.8 95.5798 1 637
2005-Mar-17 12:30:08 14563.7 93.5115 1 635
2005-Mar-17 12:37:52 14873.8 93.0058 1 641
2005-Mar-17 12:45:36 14733.5 92.0003 1 642
2005-Mar-17 12:53:20 14766.8 91.7397 1 639
2005-Mar-17 13:01:04 14440.2 97.3095 1 635
2005-Mar-17 13:08:48 14598.1 93.3793 1 635
2005-Mar-17 13:16:32 14914.1 93.4723 1 635
2005-Mar-17 13:24:16 14415.1 92.0569 1 634
2005-Mar-17 13:32:00 13838.3 91.6257 1 634
2005-Mar-17 13:39:44 14475.3 93.5411 1 636
2005-Mar-17 13:47:28 14952.8 97.0978 1 637
2005-Mar-17 13:55:12 14690.1 96.8167 1 642
2005-Mar-17 14:02:56 15322.1 92.5846 1 640
2005-Mar-17 14:10:40 14604 93.8724 1 637
2005-Mar-17 14:18:24 14692 91.1979 1 634
2005-Mar-17 14:26:08 14346.1 92.4505 1 638
2005-Mar-17 14:33:52 14234.5 90.4003 1 639
2005-Mar-17 14:41:36 14312.4 90.9036 1 639
2005-Mar-17 14:49:20 14721.5 93.5638 1 641
2005-Mar-17 14:57:04 14920.9 93.8926 1 638
2005-Mar-17 15:04:48 14834.7 94.0725 1 639
2005-Mar-17 15:12:32 15333.5 91.9383 1 638
2005-Mar-17 15:20:16 14935.6 87.9254 1 636
2005-Mar-17 15:28:00 14623.6 89.4853 1 633
2005-Mar-17 15:35:44 14161.3 88.3002 1 639
2005-Mar-17 15:43:28 15242.8 89.9762 1 641
2005-Mar-17 15:51:12 15737 91.2427 1 641
2005-Mar-17 15:58:56 15192 89.4585 1 642
2005-Mar-17 16:06:40 14300 87.0734 1 641
2005-Mar-17 16:14:24 14478.4 88.4348 1 638
2005-Mar-17 16:22:08 14826.3 88.2763 1 641
2005-Mar-17 16:29:52 14968.2 86.3515 1 639
2005-Mar-17 16:37:36 14552.2 87.7751 1 644
2005-Mar-17 16:45:20 14504.5 88.9671 1 639
2005-Mar-17 16:53:04 14585.3 89.2968 1 642
2005-Mar-17 17:00:48 14326.1 86.2217 1 647
2005-Mar-17 17:08:32 14325.3 89.013 1 643
2005-Mar-17 17:16:16 14817.2 89.9809 1 647
2005-Mar-17 17:24:00 14055.9 89.0667 1 649
2005-Mar-17 17:31:44 14655.3 85.5626 1 644
2005-Mar-17 17:39:28 14212.7 85.7756 1 646
2005-Mar-17 17:47:12 14649.3 87.4148 1 647
#$7.5815e-18 -1.80096e-17 2
#deg max=140 2.44346
#dp_Δ max=-2e-06
#POWER_PROFILE stage=grid total_s=0.0946587
#POWER_PROFILE stage=bootstrap total_s=1.49046
#$6.32949e-18 -3.06274e-18 0
#deg max=25 0.436332
#dp_Δ max=-4.25e-06
#POWER_PROFILE stage=grid total_s=0.0949381
#POWER_PROFILE stage=bootstrap total_s=1.48598
#deg max=110 1.91986
#dp_Δ max=-7.25e-06
#POWER_PROFILE stage=grid total_s=0.0963155
#POWER_PROFILE stage=bootstrap total_s=1.48141
#deg max=130 2.26893
#dp_Δ max=-1.25e-06
#POWER_PROFILE stage=grid total_s=0.0951185
#POWER_PROFILE stage=bootstrap total_s=1.49717
#$3.14418e-18 -9.77672e-18 1
#deg max=145 2.53073
#dp_Δ max=1e-06
#POWER_PROFILE stage=grid total_s=0.0954026
#POWER_PROFILE stage=bootstrap total_s=1.48051
#PROFILE segment=2 windows=47 fft_qc_s=0.0818927 pack_s=0.0259542 stack_s=6.26552 fit_s=9.80063 total_s=16.176
#Segment 2005-Mar-17 2 accepted_windows=47
2005-Mar-17 18:18:08 14548.7 87.117 1 649
2005-Mar-17 18:25:52 14510.5 85.8506 1 649
2005-Mar-17 18:33:36 14827.9 85.5962 1 651
2005-Mar-17 18:41:20 15103.8 85.7742 1 653
2005-Mar-17 18:49:04 14593.7 85.0199 1 651
2005-Mar-17 18:56:48 14879 83.5631 1 654
2005-Mar-17 19:04:32 14642.7 83.5511 1 653
2005-Mar-17 19:12:16 14390.3 84.6444 1 651
2005-Mar-17 19:20:00 14674.7 85.2912 1 654
2005-Mar-17 19:27:44 14142.4 83.0053 1 653
2005-Mar-17 19:35:28 14135.2 84.8089 1 653
2005-Mar-17 19:43:12 14734.8 84.3355 1 655
2005-Mar-17 19:50:56 14609 79.2175 1 651
2005-Mar-17 19:58:40 15240.7 80.0007 1 654
2005-Mar-17 20:06:24 14627.7 83.7342 1 651
2005-Mar-17 20:14:08 14564.3 81.7931 1 651
2005-Mar-17 20:21:52 14867.2 81.1757 1 652
2005-Mar-17 20:29:36 14738.8 78.9866 1 650
2005-Mar-17 20:37:20 15305.1 80.6668 1 650
2005-Mar-17 20:45:04 14394.7 80.6215 1 653
2005-Mar-17 20:52:48 14715.4 82.1217 1 651
2005-Mar-17 21:00:32 14612.2 83.1301 1 650
2005-Mar-17 21:08:16 14939.5 80.8275 1 650
2005-Mar-17 21:16:00 15290.8 80.5101 1 649
2005-Mar-17 21:23:44 14600.4 81.0274 1 648
2005-Mar-17 21:31:28 14271.7 81.1608 1 651
2005-Mar-17 21:39:12 14497 81.2322 1 649
2005-Mar-17 21:46:56 14596.1 80.5798 1 643
2005-Mar-17 21:54:40 15128.2 79.2973 1 647
2005-Mar-17 22:02:24 14928.7 80.4432 1 644
2005-Mar-17 22:10:08 14610.1 81.9717 1 646
2005-Mar-17 22:17:52 14494.5 80.8417 1 644
2005-Mar-17 22:25:36 14737.2 80.7761 1 646
#$9.66111e-18 -1.75463e-17 2
#deg max=135 2.35619
#dp_Δ max=-3.5e-06
#POWER_PROFILE stage=grid total_s=0.068598
#POWER_PROFILE stage=bootstrap total_s=1.04728
#$8.79662e-18 -3.91164e-18 0
#deg max=60 1.0472
#dp_Δ max=-4.25e-06
#POWER_PROFILE stage=grid total_s=0.0700968
#POWER_PROFILE stage=bootstrap total_s=1.05133
#deg max=150 2.61799
#dp_Δ max=-2.75e-06
#POWER_PROFILE stage=grid total_s=0.0687843
#POWER_PROFILE stage=bootstrap total_s=1.04571
#deg max=130 2.26893
#dp_Δ max=1e-06
#POWER_PROFILE stage=grid total_s=0.0661137
#POWER_PROFILE stage=bootstrap total_s=1.03545
#$6.12305e-18 -1.33426e-17 1
#deg max=140 2.44346
#dp_Δ max=2.5e-07
#POWER_PROFILE stage=grid total_s=0.0662274
#POWER_PROFILE stage=bootstrap total_s=1.04691
#PROFILE segment=3 windows=33 fft_qc_s=0.0680673 pack_s=0.0182663 stack_s=4.51651 fit_s=7.34486 total_s=11.9627
#Segment 2005-Mar-17 3 accepted_windows=33
#ScanSummary days=2 missing=0 empty=0 multiple=0 loaded=2
#PROFILE accepted_windows_total=345
#CPU_PROFILE stage=objective context=serial_caller calls=4223 inclusive_s=54.2739
#CPU_PROFILE stage=objective context=outer_parallel calls=2850 inclusive_s=24.7376
#CPU_PROFILE stage=hessian context=serial_caller calls=243 inclusive_s=3.39294
#CPU_PROFILE stage=hessian context=outer_parallel calls=0 inclusive_s=0
#CPU_PROFILE stage=rotation context=serial_caller calls=114 inclusive_s=0.22638
#CPU_PROFILE stage=rotation context=outer_parallel calls=0 inclusive_s=0
#CPU_PROFILE stage=fitting context=serial_caller calls=38 inclusive_s=6.41299
#CPU_PROFILE stage=fitting context=outer_parallel calls=0 inclusive_s=0
