#0.0996094 0.25
#Start/Users/knishida/Projects/Autofocusing/repo/build-clang/public-probe/run-mar16/input/2005/0316/20050750000.h5 0 0.000247s
#Read data: init_station /Users/knishida/Projects/Autofocusing/repo/build-clang/public-probe/run-mar16/input/2005/0316/20050750000.h5 0 0.045642s
#Read data: read_h5 /Users/knishida/Projects/Autofocusing/repo/build-clang/public-probe/run-mar16/input/2005/0316/20050750000.h5 685 4.78743s
2005-Mar-16 00:07:44 14294.8 92.1501 1 564
2005-Mar-16 00:15:28 14139.7 92.5051 1 567
2005-Mar-16 00:23:12 14045.5 97.6485 1 566
2005-Mar-16 00:30:56 14185 99.0769 1 563
2005-Mar-16 00:38:40 14157.2 96.5132 1 563
2005-Mar-16 00:46:24 14546.3 101.167 1 564
2005-Mar-16 00:54:08 14720.7 100.397 1 568
2005-Mar-16 01:01:52 14258.3 100.311 1 565
2005-Mar-16 01:09:36 13870.7 100.765 1 567
2005-Mar-16 01:17:20 14603.6 102.846 1 570
2005-Mar-16 01:25:04 13869.5 103.879 1 569
2005-Mar-16 01:32:48 14376.1 106.347 1 568
2005-Mar-16 01:40:32 14083.3 106.365 1 572
2005-Mar-16 01:48:16 14129.9 110.193 1 574
2005-Mar-16 01:56:00 14135.6 105.183 1 570
2005-Mar-16 02:03:44 14293.7 110.028 1 571
2005-Mar-16 02:11:28 13569.4 112.617 1 566
2005-Mar-16 02:19:12 13848.5 107.954 1 569
2005-Mar-16 02:26:56 13969.1 107.244 1 569
2005-Mar-16 02:34:40 14301.4 113.026 1 572
2005-Mar-16 02:42:24 14108.1 113.412 1 575
2005-Mar-16 02:50:08 13939.7 110.456 1 573
2005-Mar-16 02:57:52 14369.4 109.953 1 576
2005-Mar-16 03:05:36 14171.7 110.739 1 572
2005-Mar-16 03:13:20 14260.5 114.124 1 574
2005-Mar-16 03:21:04 14198.8 118.611 1 576
2005-Mar-16 03:28:48 14940.1 112.221 1 579
2005-Mar-16 03:36:32 14130 115.064 1 575
2005-Mar-16 03:44:16 14158.2 107.768 1 578
2005-Mar-16 03:52:00 14355.5 112.53 1 576
2005-Mar-16 03:59:44 14811.9 115.506 1 578
2005-Mar-16 04:07:28 13934.3 112.556 1 577
2005-Mar-16 04:15:12 13886.6 113.679 1 577
2005-Mar-16 04:22:56 13863.6 114.044 1 580
2005-Mar-16 04:30:40 13998.4 112.85 1 578
2005-Mar-16 04:38:24 14225.7 112.096 1 580
2005-Mar-16 04:46:08 14689.3 114.866 1 582
2005-Mar-16 04:53:52 14557.6 104.842 1 579
2005-Mar-16 05:01:36 14187.7 108.445 1 582
2005-Mar-16 05:09:20 14613.1 113.671 1 583
2005-Mar-16 05:17:04 13965.8 123.728 1 582
2005-Mar-16 05:24:48 14709.3 114.831 1 583
2005-Mar-16 05:32:32 14734.5 109.229 1 583
2005-Mar-16 05:40:16 14021.6 109.96 1 583
2005-Mar-16 05:48:00 14363.5 113.511 1 583
2005-Mar-16 05:55:44 14833.3 113.956 1 584
2005-Mar-16 06:03:28 14363.3 112.767 1 585
#$8.96882e-18 -1.81526e-17 2
#deg max=90 1.5708
#dp_Δ max=-1.25e-06
#$9.10891e-18 -3.32605e-18 0
#deg max=140 2.44346
#dp_Δ max=-1.1e-05
#deg max=95 1.65806
#dp_Δ max=-2e-06
#$3.86416e-18 -1.33475e-17 1
#deg max=125 2.18166
#dp_Δ max=-2.75e-06
