#SlantStack backend=cpu (double)
#Power mode=off
#SlantStack step_s_per_km=0.005 max_s_per_km=0.165 grid=67x67
#FrequencyBand {"requested_min_hz":0.10000000000000001,"requested_max_hz":0.25,"min_hz":0.099609375,"max_hz":0.25,"df_hz":0.0009765625,"min_bin":102,"max_bin":256,"fft_length":2048,"sample_interval_s":0.5,"spectrum_bins":266}
#DateRange start=2005-03-27 end=2005-03-28 inclusive=true
#0.0996094 0.25
#Start/Users/knishida/Projects/Autofocusing/repo/build-clang/matrix-audit-20050327-28/input/2005/0327/20050860000.h5 0 0.00031s
#LOAD_PROFILE init_s=0.043022 read_decode_copy_s=3.17994 filter_s=0.50694 total_s=3.7299
#Read data: load_h5 /Users/knishida/Projects/Autofocusing/repo/build-clang/matrix-audit-20050327-28/input/2005/0327/20050860000.h5 685 3.7354s
2005-Mar-27 00:07:44 15304.9 133.064 1 589
2005-Mar-27 00:15:28 15222.1 124.62 1 584
2005-Mar-27 00:23:12 14700.5 132.006 1 590
2005-Mar-27 03:13:20 14726.8 120.029 1 584
2005-Mar-27 03:21:04 15055.8 116.805 1 587
2005-Mar-27 03:28:48 15445.3 116.103 1 590
2005-Mar-27 03:36:32 15416.8 117.554 1 585
2005-Mar-27 03:44:16 14811.9 114.36 1 582
2005-Mar-27 03:52:00 15242.3 117.435 1 586
2005-Mar-27 03:59:44 14937.4 116.775 1 583
2005-Mar-27 04:07:28 14904.1 117.443 1 580
2005-Mar-27 04:15:12 14741.4 115.179 1 584
2005-Mar-27 04:22:56 14908.3 117.059 1 586
2005-Mar-27 04:30:40 15134.9 117.039 1 589
2005-Mar-27 04:38:24 14275.4 113.511 1 584
2005-Mar-27 04:46:08 14125.9 113.254 1 591
2005-Mar-27 04:53:52 14426.8 110.968 1 585
2005-Mar-27 05:01:36 14699 112.036 1 588
2005-Mar-27 05:09:20 15261.6 119.968 1 586
2005-Mar-27 05:17:04 14809.2 132.103 1 590
2005-Mar-27 05:32:32 15242.2 110.988 1 586
2005-Mar-27 05:40:16 15383.7 109.161 1 587
2005-Mar-27 05:48:00 14841.2 112.299 1 584
2005-Mar-27 05:55:44 14804.1 108.182 1 588
2005-Mar-27 06:03:28 14810.3 106.52 1 588
#$1.79354e-17 -2.3486e-17 2
#deg max=85 1.48353
#dp_Δ max=-2e-06
#POWER_PROFILE stage=grid total_s=0.0970228
#POWER_PROFILE stage=bootstrap total_s=0.807168
#$2.37834e-17 -1.28402e-17 0
#deg max=165 2.87979
#dp_Δ max=1e-06
#POWER_PROFILE stage=grid total_s=0.0942708
#POWER_PROFILE stage=bootstrap total_s=0.808808
#$2.03917e-17 -4.07761e-17 1
#deg max=10 0.174533
#dp_Δ max=-1.25e-06
#POWER_PROFILE stage=grid total_s=0.0937263
#POWER_PROFILE stage=bootstrap total_s=0.808436
#PROFILE segment=0 windows=25 fft_qc_s=0.0829879 pack_s=0.0132953 stack_s=6.00469 fit_s=3.76137 total_s=9.87827
#Segment 2005-Mar-27 0 accepted_windows=25
2005-Mar-27 05:55:44 14804.1 108.182 1 588
2005-Mar-27 06:03:28 14810.3 106.52 1 588
2005-Mar-27 06:11:12 14587.5 113.802 1 585
2005-Mar-27 06:18:56 14417.3 112.969 1 585
2005-Mar-27 06:26:40 13873.5 108.547 1 587
2005-Mar-27 06:34:24 14671 108.829 1 582
2005-Mar-27 06:42:08 15039.7 111.604 1 587
2005-Mar-27 06:49:52 14633.6 105.982 1 584
2005-Mar-27 06:57:36 15100 107.608 1 583
2005-Mar-27 07:05:20 15018 107.893 1 583
2005-Mar-27 07:13:04 14754 105.886 1 587
2005-Mar-27 07:20:48 15253.7 109.388 1 587
2005-Mar-27 07:28:32 14922.3 108.882 1 587
2005-Mar-27 07:36:16 14849.1 106.364 1 588
2005-Mar-27 07:44:00 14994.8 106.411 1 586
2005-Mar-27 07:51:44 14784 115.193 1 591
2005-Mar-27 07:59:28 14105.5 104.601 1 583
2005-Mar-27 08:07:12 14297.2 106.512 1 586
2005-Mar-27 08:14:56 14759.6 107.399 1 586
2005-Mar-27 08:22:40 14696.8 104.441 1 583
2005-Mar-27 08:30:24 14445.2 96.6063 1 586
2005-Mar-27 08:38:08 14109.5 102.262 1 578
2005-Mar-27 09:09:04 14482.6 99.9342 1 587
2005-Mar-27 09:16:48 14400.5 97.0606 1 586
2005-Mar-27 09:24:32 14150 97.955 1 589
2005-Mar-27 09:32:16 14143.4 101.256 1 579
2005-Mar-27 09:40:00 14001.1 104.438 1 585
2005-Mar-27 09:47:44 14197.2 100.757 1 585
2005-Mar-27 09:55:28 14262.5 100.868 1 590
2005-Mar-27 10:03:12 15205.4 101.981 1 588
2005-Mar-27 10:10:56 14637.5 98.9762 1 591
2005-Mar-27 10:18:40 14374.5 98.8625 1 584
2005-Mar-27 10:26:24 14586.4 98.7963 1 586
2005-Mar-27 10:34:08 14872 100.534 1 591
2005-Mar-27 10:41:52 15052.1 103.998 1 584
2005-Mar-27 10:49:36 14726.3 98.084 1 584
2005-Mar-27 10:57:20 14689.9 99.2985 1 592
2005-Mar-27 11:05:04 14497.4 97.7209 1 591
2005-Mar-27 11:12:48 14480.9 100.674 1 588
2005-Mar-27 11:20:32 14324.3 93.8218 1 588
2005-Mar-27 11:28:16 14608 96.6 1 586
2005-Mar-27 11:36:00 14351.1 98.6819 1 588
2005-Mar-27 11:43:44 14952.7 96.3805 1 591
2005-Mar-27 11:51:28 14327.3 96.1463 1 589
2005-Mar-27 11:59:12 14141.2 96.016 1 589
#$1.02783e-17 -1.60859e-17 2
#deg max=125 2.18166
#dp_Δ max=-5e-07
#POWER_PROFILE stage=grid total_s=0.170769
#POWER_PROFILE stage=bootstrap total_s=1.44868
#$1.47915e-17 -6.98033e-18 0
#deg max=15 0.261799
#dp_Δ max=-2e-05
#POWER_PROFILE stage=grid total_s=0.1683
#POWER_PROFILE stage=bootstrap total_s=1.4405
#deg max=25 0.436332
#dp_Δ max=-5e-07
#POWER_PROFILE stage=grid total_s=0.171612
#POWER_PROFILE stage=bootstrap total_s=1.44959
#$1.08655e-17 -2.49479e-17 1
#deg max=170 2.96706
#dp_Δ max=4.75e-06
#POWER_PROFILE stage=grid total_s=0.179149
#POWER_PROFILE stage=bootstrap total_s=1.46177
#PROFILE segment=1 windows=45 fft_qc_s=0.156163 pack_s=0.0239408 stack_s=10.9773 fit_s=8.99839 total_s=20.1578
#Segment 2005-Mar-27 1 accepted_windows=45
2005-Mar-27 11:51:28 14327.3 96.1463 1 589
2005-Mar-27 11:59:12 14141.2 96.016 1 589
2005-Mar-27 12:06:56 14884.8 98.1594 1 587
2005-Mar-27 12:14:40 15006.2 93.1925 1 585
2005-Mar-27 12:22:24 14662.9 97.1734 1 587
2005-Mar-27 12:30:08 15198.6 94.949 1 594
2005-Mar-27 12:37:52 14799.7 95.1706 1 590
2005-Mar-27 12:45:36 14366.6 97.449 1 586
2005-Mar-27 12:53:20 14868.4 98.2632 1 589
2005-Mar-27 13:01:04 14981 97.3053 1 589
2005-Mar-27 13:08:48 14217.1 94.4388 1 589
2005-Mar-27 13:16:32 14719.2 100.828 1 591
2005-Mar-27 13:24:16 14302.6 97.8257 1 594
2005-Mar-27 13:32:00 14635.9 93.2531 1 587
2005-Mar-27 13:39:44 14619.6 93.7645 1 588
2005-Mar-27 13:47:28 14784.1 97.9459 1 587
2005-Mar-27 13:55:12 14892.9 96.4425 1 590
2005-Mar-27 14:02:56 15175.8 97.413 1 592
2005-Mar-27 14:10:40 15031.7 94.7899 1 597
2005-Mar-27 14:18:24 14881.6 92.5364 1 594
2005-Mar-27 14:26:08 14968.8 93.4729 1 590
2005-Mar-27 14:33:52 14913.4 94.6268 1 595
2005-Mar-27 14:41:36 14693.4 97.8196 1 594
2005-Mar-27 14:49:20 14027.6 93.1681 1 597
2005-Mar-27 14:57:04 14556 93.2378 1 596
2005-Mar-27 15:04:48 14126.9 93.936 1 599
2005-Mar-27 15:12:32 14860.3 90.5182 1 596
2005-Mar-27 15:20:16 14498.4 91.2704 1 596
2005-Mar-27 15:28:00 14747.2 90.8816 1 599
2005-Mar-27 15:35:44 14784.1 91.2644 1 601
2005-Mar-27 15:43:28 14840.4 89.4463 1 599
2005-Mar-27 15:51:12 14981.7 88.9418 1 600
2005-Mar-27 15:58:56 14335 92.0554 1 604
2005-Mar-27 16:06:40 14824.4 90.0152 1 602
2005-Mar-27 16:14:24 14317.5 89.4532 1 603
2005-Mar-27 16:22:08 14233.4 88.8397 1 599
2005-Mar-27 16:29:52 14443.1 86.1943 1 601
2005-Mar-27 16:37:36 15455.9 88.2533 1 604
2005-Mar-27 16:45:20 14290.9 90.0291 1 597
2005-Mar-27 16:53:04 14725.2 88.8928 1 598
2005-Mar-27 17:00:48 14803.6 85.8391 1 602
2005-Mar-27 17:08:32 15341.2 86.4602 1 597
2005-Mar-27 17:16:16 14552 90.1907 1 598
2005-Mar-27 17:24:00 15071.1 88.8065 1 598
2005-Mar-27 17:31:44 14712.5 89.4906 1 599
2005-Mar-27 17:39:28 14369.7 88.725 1 600
2005-Mar-27 17:47:12 14223.6 87.9889 1 600
2005-Mar-27 17:54:56 14274.4 87.6484 1 601
#$6.29138e-18 -1.19199e-17 2
#deg max=25 0.436332
#dp_Δ max=-3.5e-06
#POWER_PROFILE stage=grid total_s=0.188486
#POWER_PROFILE stage=bootstrap total_s=1.5496
#$9.38724e-18 -5.45504e-18 0
#deg max=25 0.436332
#dp_Δ max=-4.25e-06
#POWER_PROFILE stage=grid total_s=0.182785
#POWER_PROFILE stage=bootstrap total_s=1.57896
#deg max=100 1.74533
#dp_Δ max=4e-06
#POWER_PROFILE stage=grid total_s=0.186399
#POWER_PROFILE stage=bootstrap total_s=1.53816
#$6.00996e-18 -1.58602e-17 1
#deg max=140 2.44346
#dp_Δ max=-1.7e-05
#POWER_PROFILE stage=grid total_s=0.189051
#POWER_PROFILE stage=bootstrap total_s=1.5456
#PROFILE segment=2 windows=48 fft_qc_s=0.153589 pack_s=0.0258427 stack_s=11.7993 fit_s=9.15421 total_s=21.1349
#Segment 2005-Mar-27 2 accepted_windows=48
2005-Mar-27 17:47:12 14223.6 87.9889 1 600
2005-Mar-27 17:54:56 14274.4 87.6484 1 601
2005-Mar-27 18:02:40 14567.4 85.9507 1 601
2005-Mar-27 18:10:24 14953.7 83.6818 1 604
2005-Mar-27 18:18:08 15358.6 84.1686 1 598
2005-Mar-27 18:25:52 15006 86.4597 1 600
2005-Mar-27 18:33:36 14912.7 87.7473 1 599
2005-Mar-27 18:41:20 14488.7 81.0402 1 594
2005-Mar-27 18:49:04 14704.6 84.7621 1 600
2005-Mar-27 18:56:48 14736.1 83.7069 1 598
2005-Mar-27 19:04:32 15247.6 83.0475 1 600
2005-Mar-27 19:12:16 14863.9 82.2542 1 599
2005-Mar-27 19:20:00 14406.5 84.0044 1 602
2005-Mar-27 19:27:44 14779.2 84.3162 1 597
2005-Mar-27 19:35:28 14531.2 83.6885 1 601
2005-Mar-27 19:43:12 14847.5 82.3892 1 603
2005-Mar-27 19:50:56 14396.5 81.4553 1 600
2005-Mar-27 19:58:40 14162.9 80.2799 1 600
2005-Mar-27 20:06:24 14056.4 80.0842 1 602
2005-Mar-27 20:14:08 14423.1 79.8583 1 599
2005-Mar-27 20:21:52 15068.6 81.5696 1 596
2005-Mar-27 20:29:36 15033.6 80.2127 1 600
2005-Mar-27 20:37:20 14965.8 80.9825 1 603
2005-Mar-27 20:45:04 14152.6 80.8761 1 598
2005-Mar-27 20:52:48 14702.1 83.6133 1 599
2005-Mar-27 21:00:32 15507.3 80.2937 1 608
2005-Mar-27 21:08:16 14545.6 78.9219 1 603
2005-Mar-27 21:16:00 14060.7 81.1185 1 602
2005-Mar-27 21:23:44 14363.6 79.8164 1 598
2005-Mar-27 21:31:28 15881.4 84.921 1 605
2005-Mar-27 21:54:40 13826.8 79.6323 1 603
2005-Mar-27 22:02:24 14340.5 78.0002 1 603
2005-Mar-27 22:10:08 14258.5 78.9049 1 596
2005-Mar-27 22:17:52 14943.8 76.5475 1 606
2005-Mar-27 22:25:36 14874.3 76.2913 1 601
2005-Mar-27 22:33:20 14832.8 78.0256 1 604
2005-Mar-27 22:41:04 14639.2 76.1785 1 605
2005-Mar-27 22:48:48 14910 76.9904 1 605
2005-Mar-27 22:56:32 14445.3 77.0348 1 601
2005-Mar-27 23:04:16 13289.3 76.8578 1 605
2005-Mar-27 23:12:00 14607.4 76.3133 1 607
2005-Mar-27 23:19:44 14938.4 75.61 1 607
2005-Mar-27 23:27:28 14406.1 73.0604 1 605
2005-Mar-27 23:35:12 14415.4 75.0845 1 605
#$5.85218e-18 -1.15175e-17 2
#deg max=25 0.436332
#dp_Δ max=5.5e-06
#POWER_PROFILE stage=grid total_s=0.164508
#POWER_PROFILE stage=bootstrap total_s=1.41405
#deg max=15 0.261799
#dp_Δ max=3.25e-06
#POWER_PROFILE stage=grid total_s=0.169104
#POWER_PROFILE stage=bootstrap total_s=1.36136
#$7.98165e-18 -5.08436e-18 0
#deg max=85 1.48353
#dp_Δ max=-2.75e-06
#POWER_PROFILE stage=grid total_s=0.168437
#POWER_PROFILE stage=bootstrap total_s=1.40547
#deg max=15 0.261799
#dp_Δ max=-2e-05
#POWER_PROFILE stage=grid total_s=0.16755
#POWER_PROFILE stage=bootstrap total_s=1.40524
#$4.76002e-18 -1.35384e-17 1
#deg max=60 1.0472
#dp_Δ max=5.5e-06
#POWER_PROFILE stage=grid total_s=0.165007
#POWER_PROFILE stage=bootstrap total_s=1.39788
#PROFILE segment=3 windows=44 fft_qc_s=0.147597 pack_s=0.0237449 stack_s=10.8724 fit_s=10.4426 total_s=21.5022
#Segment 2005-Mar-27 3 accepted_windows=44
#Start/Users/knishida/Projects/Autofocusing/repo/build-clang/matrix-audit-20050327-28/input/2005/0328/20050870000.h5 685 76.4129s
#LOAD_PROFILE init_s=0.0408082 read_decode_copy_s=2.99417 filter_s=0.475018 total_s=3.50999
#Read data: load_h5 /Users/knishida/Projects/Autofocusing/repo/build-clang/matrix-audit-20050327-28/input/2005/0328/20050870000.h5 684 79.9269s
2005-Mar-28 00:00:00 14765.8 74.2738 1 606
2005-Mar-28 00:07:44 14840.1 75.5896 1 605
2005-Mar-28 00:15:28 15088.2 74.1265 1 600
2005-Mar-28 00:23:12 14485.6 74.0863 1 604
2005-Mar-28 00:30:56 14682.6 75.628 1 607
2005-Mar-28 00:38:40 15196.1 71.9409 1 606
2005-Mar-28 00:46:24 14830.4 74.5694 1 607
2005-Mar-28 00:54:08 14854 73.0133 1 604
2005-Mar-28 01:01:52 14853.4 71.8403 1 605
2005-Mar-28 01:09:36 14394.8 73.5517 1 607
2005-Mar-28 01:17:20 14600 72.6816 1 609
2005-Mar-28 01:25:04 14866.7 72.0781 1 603
2005-Mar-28 01:32:48 15010 72.8229 1 605
2005-Mar-28 01:40:32 14944 70.1958 1 607
2005-Mar-28 01:48:16 14729.2 71.9327 1 608
2005-Mar-28 01:56:00 13875.9 68.6213 1 606
2005-Mar-28 02:03:44 14293.1 70.9608 1 606
2005-Mar-28 02:11:28 14335 68.9656 1 607
2005-Mar-28 02:19:12 14530.7 70.9201 1 607
2005-Mar-28 02:26:56 14881 70.4213 1 607
2005-Mar-28 02:34:40 14490.9 72.1784 1 606
2005-Mar-28 02:42:24 14226 71.8126 1 605
2005-Mar-28 02:50:08 14741 71.6421 1 608
2005-Mar-28 02:57:52 14737.7 70.7091 1 609
2005-Mar-28 03:05:36 14378.1 68.2457 1 609
2005-Mar-28 03:13:20 15052.8 68.7116 1 609
2005-Mar-28 03:21:04 14523.5 69.1841 1 607
2005-Mar-28 03:28:48 14677.6 70.0892 1 609
2005-Mar-28 03:36:32 14878.5 66.8668 1 611
2005-Mar-28 03:44:16 14912.2 67.99 1 609
2005-Mar-28 03:52:00 15378.9 69.7775 1 608
2005-Mar-28 03:59:44 14545.4 68.1099 1 609
2005-Mar-28 04:07:28 15119 67.4657 1 612
2005-Mar-28 04:15:12 14578.1 67.8061 1 614
2005-Mar-28 04:22:56 14615.7 67.5213 1 613
2005-Mar-28 04:30:40 14503.6 64.9572 1 610
2005-Mar-28 04:38:24 14348.1 66.5762 1 610
2005-Mar-28 04:46:08 14766.8 67.4589 1 611
2005-Mar-28 04:53:52 14535.7 66.543 1 610
2005-Mar-28 05:01:36 14034.4 65.3896 1 611
2005-Mar-28 05:09:20 14523 65.5548 1 611
2005-Mar-28 05:17:04 14564.2 67.3837 1 611
2005-Mar-28 05:24:48 15206.7 64.5263 1 615
2005-Mar-28 05:32:32 14647.7 65.2628 1 611
2005-Mar-28 05:40:16 14264.1 65.3076 1 615
2005-Mar-28 05:48:00 14836.8 64.1594 1 611
2005-Mar-28 05:55:44 15020.8 62.9254 1 609
2005-Mar-28 06:03:28 15537.2 64.9146 1 612
#$5.48814e-18 -1.06819e-17 2
#deg max=25 0.436332
#dp_Δ max=4.75e-06
#POWER_PROFILE stage=grid total_s=0.178826
#POWER_PROFILE stage=bootstrap total_s=1.52713
#deg max=15 0.261799
#dp_Δ max=5.5e-06
#POWER_PROFILE stage=grid total_s=0.1832
#POWER_PROFILE stage=bootstrap total_s=1.54037
#$6.19685e-18 -3.83047e-18 0
#deg max=120 2.0944
#dp_Δ max=-1.25e-06
#POWER_PROFILE stage=grid total_s=0.178489
#POWER_PROFILE stage=bootstrap total_s=1.52575
#$3.9567e-18 -1.11178e-17 1
#deg max=70 1.22173
#dp_Δ max=-1.025e-05
#POWER_PROFILE stage=grid total_s=0.179754
#POWER_PROFILE stage=bootstrap total_s=1.54114
#PROFILE segment=0 windows=48 fft_qc_s=0.14551 pack_s=0.0255684 stack_s=11.7527 fit_s=8.9148 total_s=20.8405
#Segment 2005-Mar-28 0 accepted_windows=48
2005-Mar-28 05:55:44 15020.8 62.9254 1 609
2005-Mar-28 06:03:28 15537.2 64.9146 1 612
2005-Mar-28 06:11:12 14947.1 64.8854 1 612
2005-Mar-28 06:18:56 15386.7 65.1646 1 613
2005-Mar-28 06:26:40 14741.1 62.5293 1 612
2005-Mar-28 06:34:24 15134.5 62.6293 1 614
2005-Mar-28 06:42:08 14721.7 65.5811 1 611
2005-Mar-28 06:49:52 14361.7 64.9993 1 613
2005-Mar-28 06:57:36 14978.1 64.7699 1 618
2005-Mar-28 07:05:20 15002.3 63.3612 1 608
2005-Mar-28 07:13:04 14412.6 62.1079 1 608
2005-Mar-28 07:20:48 14695.5 63.0013 1 609
2005-Mar-28 07:28:32 14521.2 63.8812 1 614
2005-Mar-28 07:36:16 14420.7 63.0002 1 613
2005-Mar-28 07:44:00 14165.1 62.8234 1 607
2005-Mar-28 07:51:44 14636 61.3028 1 607
2005-Mar-28 07:59:28 14502 62.122 1 607
2005-Mar-28 08:07:12 14313.6 63.7518 1 606
2005-Mar-28 08:14:56 14924.6 60.8828 1 610
2005-Mar-28 08:22:40 14975.6 62.7433 1 611
2005-Mar-28 08:30:24 14623 62.4033 1 605
2005-Mar-28 08:38:08 14727.2 61.9001 1 610
2005-Mar-28 09:09:04 14765.7 61.0666 1 611
2005-Mar-28 09:16:48 14999.8 61.1375 1 614
2005-Mar-28 09:24:32 15068.8 61.266 1 611
2005-Mar-28 09:32:16 14455.4 61.7821 1 612
2005-Mar-28 09:40:00 14768.7 61.3624 1 605
2005-Mar-28 09:47:44 14837.5 61.5883 1 612
2005-Mar-28 09:55:28 15198.7 60.2532 1 613
2005-Mar-28 10:03:12 14645.6 60.2373 1 611
2005-Mar-28 10:10:56 14714.2 60.1363 1 609
2005-Mar-28 10:18:40 15154.3 60.4322 1 606
2005-Mar-28 10:26:24 15064.8 58.9063 1 614
2005-Mar-28 10:34:08 14937.2 59.7115 1 614
2005-Mar-28 10:41:52 14568.5 60.7282 1 618
2005-Mar-28 10:49:36 14925.8 60.0566 1 614
2005-Mar-28 10:57:20 14613.3 58.2474 1 615
2005-Mar-28 11:05:04 14380.1 60.0552 1 613
2005-Mar-28 11:12:48 15541.1 60.2237 1 617
2005-Mar-28 11:20:32 15182.7 58.486 1 618
2005-Mar-28 11:28:16 15131.8 58.3783 1 614
2005-Mar-28 11:36:00 14593.6 58.5365 1 617
2005-Mar-28 11:43:44 14713.4 58.1141 1 615
2005-Mar-28 11:51:28 15243.8 59.2032 1 614
2005-Mar-28 11:59:12 14731.2 60.6056 1 615
#$7.469e-18 -1.10289e-17 2
#deg max=15 0.261799
#dp_Δ max=4.75e-06
#POWER_PROFILE stage=grid total_s=0.168548
#POWER_PROFILE stage=bootstrap total_s=1.43132
#deg max=20 0.349066
#dp_Δ max=-1.25e-06
#POWER_PROFILE stage=grid total_s=0.169022
#POWER_PROFILE stage=bootstrap total_s=1.43559
#$7.51085e-18 -4.04323e-18 0
#deg max=35 0.610865
#dp_Δ max=5.5e-06
#POWER_PROFILE stage=grid total_s=0.172853
#POWER_PROFILE stage=bootstrap total_s=1.42428
#$5.02596e-18 -1.15773e-17 1
#deg max=15 0.261799
#dp_Δ max=-6.5e-06
#POWER_PROFILE stage=grid total_s=0.169881
#POWER_PROFILE stage=bootstrap total_s=1.41965
#PROFILE segment=1 windows=45 fft_qc_s=0.145985 pack_s=0.023998 stack_s=11.0771 fit_s=8.297 total_s=19.546
#Segment 2005-Mar-28 1 accepted_windows=45
2005-Mar-28 11:51:28 15243.8 59.2032 1 614
2005-Mar-28 11:59:12 14731.2 60.6056 1 615
2005-Mar-28 12:06:56 14775.4 57.8398 1 615
2005-Mar-28 12:14:40 14821.7 58.1149 1 615
2005-Mar-28 12:22:24 15055.2 58.4704 1 618
2005-Mar-28 12:30:08 14230.3 57.9897 1 618
2005-Mar-28 12:37:52 14259.2 58.2906 1 616
2005-Mar-28 12:45:36 15165.5 60.1506 1 615
2005-Mar-28 12:53:20 14463.8 58.2381 1 623
2005-Mar-28 13:01:04 15088.6 56.5369 1 621
2005-Mar-28 13:08:48 14645.9 56.7071 1 619
2005-Mar-28 13:16:32 14630.7 56.7202 1 620
2005-Mar-28 13:24:16 14457.5 56.5174 1 620
2005-Mar-28 13:32:00 14358.6 55.3453 1 623
2005-Mar-28 13:39:44 14980.8 55.7106 1 625
2005-Mar-28 13:47:28 15030.8 58.4335 1 623
2005-Mar-28 13:55:12 15184.9 57.968 1 628
2005-Mar-28 14:02:56 14927.9 56.3644 1 632
2005-Mar-28 14:10:40 14297 57.3176 1 631
2005-Mar-28 14:18:24 14837.5 56.9646 1 630
2005-Mar-28 14:26:08 14584.2 56.0063 1 629
2005-Mar-28 14:33:52 14616.5 56.092 1 636
2005-Mar-28 14:41:36 14791.8 56.0545 1 639
2005-Mar-28 14:49:20 14121.3 56.6136 1 638
2005-Mar-28 14:57:04 14589.6 56.4912 1 641
2005-Mar-28 15:04:48 15043.9 56.1836 1 642
2005-Mar-28 15:12:32 15523.6 56.3097 1 637
2005-Mar-28 15:20:16 15735 56.5041 1 644
2005-Mar-28 15:28:00 15629.4 56.5936 1 640
2005-Mar-28 15:35:44 15296.7 55.0522 1 643
2005-Mar-28 15:43:28 14314.1 55.4413 1 645
2005-Mar-28 15:51:12 15000.2 57.5834 1 647
2005-Mar-28 15:58:56 14631.3 57.2417 1 647
2005-Mar-28 16:06:40 14570.3 56.5044 1 649
2005-Mar-28 16:14:24 14441.6 56.2514 1 648
2005-Mar-28 16:22:08 15558.3 56.6689 1 649
2005-Mar-28 16:29:52 15429.7 56.5826 1 649
2005-Mar-28 16:37:36 15002.1 55.8548 1 644
2005-Mar-28 16:45:20 15027.7 58.029 1 646
2005-Mar-28 16:53:04 15437.1 56.5087 1 644
2005-Mar-28 17:00:48 15311.3 56.1998 1 649
2005-Mar-28 17:08:32 14859.3 54.5578 1 649
2005-Mar-28 17:16:16 14815.5 55.3295 1 652
2005-Mar-28 17:24:00 14514.8 55.7195 1 653
2005-Mar-28 17:31:44 14764.2 54.5227 1 652
2005-Mar-28 17:39:28 14851.8 55.2416 1 652
2005-Mar-28 17:47:12 15009.3 54.9208 1 654
2005-Mar-28 17:54:56 15262.1 55.4016 1 655
#$1.04998e-17 -1.17744e-17 2
#deg max=15 0.261799
#dp_Δ max=5.5e-06
#POWER_PROFILE stage=grid total_s=0.182925
#POWER_PROFILE stage=bootstrap total_s=1.5176
#deg max=90 1.5708
#dp_Δ max=2.5e-07
#POWER_PROFILE stage=grid total_s=0.179659
#POWER_PROFILE stage=bootstrap total_s=1.51157
#$9.04128e-18 -4.08078e-18 0
#deg max=25 0.436332
#dp_Δ max=-4.25e-06
#POWER_PROFILE stage=grid total_s=0.181875
#POWER_PROFILE stage=bootstrap total_s=1.51884
#$7.28902e-18 -1.40544e-17 1
#deg max=25 0.436332
#dp_Δ max=2.5e-06
#POWER_PROFILE stage=grid total_s=0.181777
#POWER_PROFILE stage=bootstrap total_s=1.52987
#PROFILE segment=2 windows=48 fft_qc_s=0.146125 pack_s=0.0258414 stack_s=12.3316 fit_s=9.63966 total_s=22.1451
#Segment 2005-Mar-28 2 accepted_windows=48
2005-Mar-28 17:47:12 15009.3 54.9208 1 654
2005-Mar-28 17:54:56 15262.1 55.4016 1 655
2005-Mar-28 18:02:40 15352.8 55.4374 1 652
2005-Mar-28 18:10:24 15886.7 54.9245 1 656
2005-Mar-28 18:18:08 15471 54.4328 1 652
2005-Mar-28 18:25:52 15425.5 53.8004 1 652
2005-Mar-28 18:33:36 14947.6 54.1023 1 655
2005-Mar-28 18:41:20 15125.5 54.2974 1 657
2005-Mar-28 18:49:04 14473.3 55.2357 1 654
2005-Mar-28 18:56:48 14919.2 55.7716 1 658
2005-Mar-28 19:04:32 14282.1 54.313 1 658
2005-Mar-28 19:12:16 15200.2 54.4717 1 654
2005-Mar-28 19:20:00 14957.7 54.5001 1 656
2005-Mar-28 19:27:44 14774.9 54.7322 1 657
2005-Mar-28 19:35:28 15322.3 54.4018 1 657
2005-Mar-28 19:43:12 14717 55.0179 1 656
2005-Mar-28 20:14:08 15693.8 59.5629 1 655
2005-Mar-28 20:21:52 15227.3 57.1699 1 659
2005-Mar-28 20:29:36 14531.5 56.2037 1 660
2005-Mar-28 20:37:20 14569.8 54.9853 1 659
2005-Mar-28 20:45:04 15197.9 55.2468 1 658
2005-Mar-28 20:52:48 14977.6 57.6158 1 657
2005-Mar-28 21:00:32 15154.3 56.4938 1 656
2005-Mar-28 21:08:16 14826.3 58.381 1 656
2005-Mar-28 21:16:00 14871.1 58.6242 1 654
2005-Mar-28 21:23:44 14737.2 57.3913 1 654
2005-Mar-28 21:31:28 14978.7 58.1799 1 651
2005-Mar-28 21:39:12 14570.2 59.3405 1 650
2005-Mar-28 21:46:56 14179.6 59.1576 1 650
2005-Mar-28 21:54:40 14834 58.4529 1 650
2005-Mar-28 22:02:24 14776.4 59.2713 1 649
2005-Mar-28 22:10:08 14992.4 59.8952 1 648
2005-Mar-28 22:17:52 14728 60.4333 1 650
2005-Mar-28 22:25:36 14805.1 59.311 1 650
2005-Mar-28 22:33:20 14708.1 60.2746 1 648
2005-Mar-28 22:41:04 15094.8 59.1124 1 646
2005-Mar-28 22:48:48 15084 60.2056 1 649
2005-Mar-28 22:56:32 15444.9 59.7347 1 648
2005-Mar-28 23:04:16 15524.4 60.332 1 645
2005-Mar-28 23:12:00 15792.1 61.5155 1 646
2005-Mar-28 23:19:44 14773.4 59.1388 1 646
2005-Mar-28 23:27:28 14537.6 58.8883 1 645
2005-Mar-28 23:35:12 14794.2 58.6493 1 643
#$1.15879e-17 -1.26602e-17 2
#deg max=20 0.349066
#dp_Δ max=-3.5e-06
#POWER_PROFILE stage=grid total_s=0.161569
#POWER_PROFILE stage=bootstrap total_s=1.36684
#deg max=15 0.261799
#dp_Δ max=5.5e-06
#POWER_PROFILE stage=grid total_s=0.161
#POWER_PROFILE stage=bootstrap total_s=1.3652
#$1.02228e-17 -4.99622e-18 0
#deg max=40 0.698132
#dp_Δ max=-2.75e-06
#POWER_PROFILE stage=grid total_s=0.16444
#POWER_PROFILE stage=bootstrap total_s=1.36775
#$8.8651e-18 -1.63289e-17 1
#deg max=10 0.174533
#dp_Δ max=9.25e-06
#POWER_PROFILE stage=grid total_s=0.164027
#POWER_PROFILE stage=bootstrap total_s=1.35491
#PROFILE segment=3 windows=43 fft_qc_s=0.13954 pack_s=0.0234552 stack_s=11.3018 fit_s=8.29944 total_s=19.7799
#Segment 2005-Mar-28 3 accepted_windows=43
#ScanSummary days=2 missing=0 empty=0 multiple=0 loaded=2
#PROFILE accepted_windows_total=346
#CPU_PROFILE stage=objective context=serial_caller calls=3736 inclusive_s=47.9218
#CPU_PROFILE stage=objective context=outer_parallel calls=2400 inclusive_s=20.7906
#CPU_PROFILE stage=hessian context=serial_caller calls=258 inclusive_s=6.97717
#CPU_PROFILE stage=hessian context=outer_parallel calls=0 inclusive_s=0
#CPU_PROFILE stage=rotation context=serial_caller calls=96 inclusive_s=0.22722
#CPU_PROFILE stage=rotation context=outer_parallel calls=0 inclusive_s=0
#CPU_PROFILE stage=fitting context=serial_caller calls=32 inclusive_s=10.7156
#CPU_PROFILE stage=fitting context=outer_parallel calls=0 inclusive_s=0
