#SlantStack backend=metal (float), device=Apple M4 Max
#Power mode=bootstrap
#SlantStack step_s_per_km=0.005 max_s_per_km=0.165 grid=67x67
#0.0996094 0.25
#Start/private/tmp/autofocusing-metal-final-20260914/single-thread/input/2004/0101/20040010000.h5 0 0.000256s
#LOAD_PROFILE init_s=0.0287633 read_decode_copy_s=0.959623 filter_s=1.10379 total_s=2.09218
#Read data: load_h5 /private/tmp/autofocusing-metal-final-20260914/single-thread/input/2004/0101/20040010000.h5 653 2.09679s
2004-Jan-01 00:07:44 13.3949 44.2076 1 583
2004-Jan-01 00:15:28 11.2167 45.6384 1 583
2004-Jan-01 00:23:12 11.1025 44.8013 1 580
2004-Jan-01 00:30:56 10.3604 46.1313 1 574
2004-Jan-01 00:38:40 15.9654 45.4228 1 583
2004-Jan-01 00:46:24 13.4098 43.588 1 575
2004-Jan-01 00:54:08 8.93319 44.4471 1 585
2004-Jan-01 01:01:52 8.50458 45.0065 1 580
2004-Jan-01 01:09:36 10.8332 44.9862 1 584
2004-Jan-01 01:17:20 25.2146 43.9492 1 582
2004-Jan-01 01:25:04 15.2296 44.5186 1 579
2004-Jan-01 01:32:48 12.5551 44.1909 1 583
2004-Jan-01 01:40:32 13.8825 44.0406 1 583
2004-Jan-01 01:48:16 12.3673 44.0186 1 585
2004-Jan-01 01:56:00 11.8572 44.664 1 582
2004-Jan-01 02:03:44 14.9344 44.127 1 585
2004-Jan-01 02:11:28 18.8187 43.4576 1 583
2004-Jan-01 02:19:12 14.0659 45.5744 1 585
2004-Jan-01 02:26:56 10.793 44.1081 1 582
2004-Jan-01 02:34:40 9.75167 42.7027 1 586
2004-Jan-01 02:42:24 9.10767 43.7514 1 583
2004-Jan-01 02:50:08 7.9806 43.2073 1 583
2004-Jan-01 02:57:52 7.78474 43.1817 1 581
2004-Jan-01 03:05:36 7.7461 44.0773 1 583
2004-Jan-01 03:13:20 8.55484 43.0719 1 582
2004-Jan-01 03:21:04 8.89105 42.9943 1 582
2004-Jan-01 03:28:48 8.9963 43.452 1 580
2004-Jan-01 03:36:32 8.55113 43.0608 1 583
2004-Jan-01 03:44:16 9.08051 41.8854 1 584
2004-Jan-01 03:52:00 8.56824 43.1865 1 584
2004-Jan-01 03:59:44 7.84064 43.9463 1 579
2004-Jan-01 04:07:28 8.49277 44.8344 1 582
2004-Jan-01 04:15:12 7.62376 42.6485 1 585
2004-Jan-01 04:22:56 7.51541 41.2661 1 580
2004-Jan-01 04:30:40 7.455 40.9125 1 582
2004-Jan-01 04:38:24 8.99855 43.28 1 579
2004-Jan-01 04:46:08 7.8942 41.5612 1 582
2004-Jan-01 04:53:52 7.3663 41.8922 1 581
2004-Jan-01 05:01:36 7.57048 42.9353 1 578
2004-Jan-01 05:09:20 7.88937 43.075 1 581
2004-Jan-01 05:17:04 8.32239 43.0789 1 582
2004-Jan-01 05:24:48 7.77558 41.7138 1 581
2004-Jan-01 05:32:32 7.50286 41.2466 1 580
2004-Jan-01 05:40:16 8.59256 44.4903 1 582
2004-Jan-01 05:48:00 8.47986 44.6516 1 583
2004-Jan-01 05:55:44 13.2285 41.9488 1 580
2004-Jan-01 06:03:28 12.004 45.6966 1 580
#$2.04911e-17 -1.30878e-17 0
#$1.77974e-17 -2.90129e-17 1
#PROFILE segment=0 windows=47 fft_qc_s=0.332689 pack_s=0.0241836 stack_s=0.198141 fit_s=0.000724542 total_s=0.569775
#Segment 2004-Jan-01 0 accepted_windows=47
2004-Jan-01 05:55:44 13.2285 41.9488 1 580
2004-Jan-01 06:03:28 12.004 45.6966 1 580
2004-Jan-01 06:11:12 9.10012 44.0001 1 583
2004-Jan-01 06:18:56 8.18788 43.7912 1 587
2004-Jan-01 06:26:40 8.11261 41.4198 1 586
2004-Jan-01 06:34:24 9.57967 45.0749 1 580
2004-Jan-01 06:42:08 10.0654 44.7617 1 579
2004-Jan-01 09:09:04 220.09 63.2298 1 579
2004-Jan-01 09:32:16 83.6242 49.1772 1 583
2004-Jan-01 09:40:00 66.5466 46.4446 1 581
2004-Jan-01 09:47:44 50.4974 45.785 1 580
2004-Jan-01 09:55:28 41.1889 44.2113 1 579
2004-Jan-01 10:03:12 32.741 44.5112 1 576
2004-Jan-01 10:10:56 27.8464 42.4734 1 580
2004-Jan-01 10:18:40 23.5094 43.701 1 578
2004-Jan-01 10:26:24 21.3261 45.7289 1 578
2004-Jan-01 11:20:32 318.83 72.0252 1 581
2004-Jan-01 11:28:16 251.398 69.4277 1 582
2004-Jan-01 11:36:00 202.837 63.1182 1 580
#$2.5995e-17 -1.75545e-17 0
#$2.34908e-17 -3.82945e-17 1
#PROFILE segment=1 windows=19 fft_qc_s=0.330681 pack_s=0.00958175 stack_s=0.0787563 fit_s=0.000724958 total_s=0.421497
#Segment 2004-Jan-01 1 accepted_windows=19
2004-Jan-01 11:51:28 107.368 50.0177 1 581
2004-Jan-01 11:59:12 72.2127 44.7116 1 580
2004-Jan-01 12:53:20 34.4625 41.5503 1 582
2004-Jan-01 13:01:04 24.9787 38.4488 1 578
2004-Jan-01 13:08:48 20.7145 40.3369 1 582
2004-Jan-01 13:16:32 18.7275 39.191 1 582
2004-Jan-01 13:24:16 17.7361 39.0389 1 584
2004-Jan-01 13:32:00 16.2023 38.8516 1 583
2004-Jan-01 13:39:44 19.17 40.0042 1 588
2004-Jan-01 13:47:28 69.0883 44.7447 1 584
2004-Jan-01 13:55:12 150.357 41.8432 1 584
2004-Jan-01 14:02:56 653.453 39.463 1 585
2004-Jan-01 14:10:40 532.43 38.594 1 588
2004-Jan-01 14:18:24 154.301 39.6332 1 584
2004-Jan-01 14:26:08 70.7432 37.6473 1 585
2004-Jan-01 14:33:52 36.8166 36.4358 1 585
2004-Jan-01 14:41:36 28.9375 37.2589 1 586
2004-Jan-01 16:37:36 167.393 50.8577 1 598
2004-Jan-01 16:45:20 144.13 46.0645 1 597
2004-Jan-01 16:53:04 110.392 44.7202 1 597
2004-Jan-01 17:16:16 33.7161 35.0912 1 596
2004-Jan-01 17:24:00 28.0013 34.0041 1 597
2004-Jan-01 17:31:44 23.3103 34.1796 1 597
2004-Jan-01 17:39:28 21.9538 33.3147 1 597
2004-Jan-01 17:47:12 19.0953 31.7809 1 599
2004-Jan-01 17:54:56 14.4756 31.7654 1 596
#$2.14195e-17 -1.20732e-17 0
#$1.80633e-17 -3.23469e-17 1
#PROFILE segment=2 windows=26 fft_qc_s=0.327799 pack_s=0.0127992 stack_s=0.12184 fit_s=0.000681084 total_s=0.464962
#Segment 2004-Jan-01 2 accepted_windows=26
2004-Jan-01 17:47:12 19.0953 31.7809 1 599
2004-Jan-01 17:54:56 14.4756 31.7654 1 596
2004-Jan-01 18:02:40 12.3941 30.6814 1 597
2004-Jan-01 18:10:24 11.9738 31.5767 1 595
2004-Jan-01 18:33:36 14.8083 40.4457 1 597
2004-Jan-01 18:41:20 12.5362 37.1903 1 597
2004-Jan-01 18:49:04 12.3977 36.2377 1 596
2004-Jan-01 18:56:48 12.1591 36.2561 1 598
2004-Jan-01 19:04:32 11.845 37.1744 1 598
2004-Jan-01 19:12:16 32.8827 38.8531 1 595
2004-Jan-01 19:20:00 157.523 39.7826 1 599
2004-Jan-01 19:27:44 60.3157 38.8231 1 602
2004-Jan-01 19:35:28 29.4587 35.0671 1 597
2004-Jan-01 19:43:12 18.9061 34.5452 1 598
2004-Jan-01 19:50:56 15.6664 35.4211 1 597
2004-Jan-01 19:58:40 14.2079 34.8779 1 592
2004-Jan-01 20:06:24 13.7459 35.3104 1 594
2004-Jan-01 20:14:08 12.0633 33.8254 1 596
2004-Jan-01 20:21:52 11.7075 33.8905 1 595
2004-Jan-01 20:29:36 15.3105 35.6533 1 594
2004-Jan-01 20:37:20 17.4925 35.2902 1 595
2004-Jan-01 20:45:04 11.9847 33.4582 1 591
2004-Jan-01 20:52:48 10.8644 33.5343 1 594
2004-Jan-01 21:00:32 10.3815 32.9256 1 596
2004-Jan-01 21:08:16 9.8764 31.217 1 597
2004-Jan-01 21:16:00 10.312 33.434 1 595
2004-Jan-01 21:23:44 9.66651 32.0838 1 596
2004-Jan-01 21:31:28 9.62619 31.3068 1 593
2004-Jan-01 21:39:12 9.07149 30.4812 1 595
2004-Jan-01 21:46:56 8.61389 31.2502 1 596
2004-Jan-01 21:54:40 8.25874 29.339 1 595
2004-Jan-01 22:02:24 9.48817 31.0879 1 598
2004-Jan-01 22:17:52 8.83168 28.0797 1 595
2004-Jan-01 22:25:36 9.05594 30.2048 1 595
2004-Jan-01 22:33:20 8.36877 28.2791 1 595
2004-Jan-01 22:41:04 10.0464 31.4461 1 592
2004-Jan-01 22:48:48 11.132 29.0182 1 596
2004-Jan-01 22:56:32 11.1604 29.1801 1 593
2004-Jan-01 23:04:16 12.5972 29.6931 1 595
2004-Jan-01 23:12:00 11.9671 29.0288 1 598
2004-Jan-01 23:19:44 12.4922 28.5303 1 595
2004-Jan-01 23:35:12 97.9569 33.471 1 599
#$1.37598e-17 -7.89148e-18 0
#deg max=100 1.74533
#dp_Δ max=2.5e-07
#POWER_PROFILE stage=grid total_s=0.556099
#POWER_PROFILE stage=bootstrap total_s=0.0949898
#deg max=120 2.0944
#dp_Δ max=-4.25e-06
#POWER_PROFILE stage=grid total_s=0.553929
#POWER_PROFILE stage=bootstrap total_s=0.0936271
#$1.10414e-17 -2.09095e-17 1
#PROFILE segment=3 windows=42 fft_qc_s=0.311247 pack_s=0.0211588 stack_s=0.178663 fit_s=2.44024 total_s=2.96557
#Segment 2004-Jan-01 3 accepted_windows=42
#Start/private/tmp/autofocusing-metal-final-20260914/single-thread/input/2004/0102/20040020000.h5 653 6.52661s
#LOAD_PROFILE init_s=0.0286486 read_decode_copy_s=0.953468 filter_s=1.10654 total_s=2.08865
#Read data: load_h5 /private/tmp/autofocusing-metal-final-20260914/single-thread/input/2004/0102/20040020000.h5 653 8.61921s
2004-Jan-02 00:00:00 18.9552 30.8722 1 600
2004-Jan-02 00:07:44 13.2348 28.7904 1 596
2004-Jan-02 00:15:28 11.9404 28.4642 1 597
2004-Jan-02 00:23:12 11.9097 30.6176 1 597
2004-Jan-02 00:30:56 11.3933 29.3437 1 599
2004-Jan-02 00:38:40 9.61626 28.1014 1 598
2004-Jan-02 00:46:24 9.39614 30.3773 1 598
2004-Jan-02 00:54:08 9.79201 29.856 1 597
2004-Jan-02 01:01:52 8.6938 29.0052 1 594
2004-Jan-02 01:09:36 8.58281 29.2569 1 594
2004-Jan-02 01:17:20 8.81796 29.7885 1 603
2004-Jan-02 01:25:04 8.25913 30.2546 1 602
2004-Jan-02 01:32:48 9.04764 29.1448 1 596
2004-Jan-02 01:40:32 8.9425 29.3749 1 600
2004-Jan-02 01:48:16 9.86631 29.4855 1 596
2004-Jan-02 01:56:00 9.89208 29.9491 1 597
2004-Jan-02 02:03:44 8.96798 31.4505 1 597
2004-Jan-02 02:11:28 9.04543 31.7377 1 598
2004-Jan-02 02:19:12 8.51101 28.9633 1 601
2004-Jan-02 02:26:56 9.63144 29.5014 1 591
2004-Jan-02 02:34:40 11.6542 29.7801 1 598
2004-Jan-02 02:42:24 9.79186 30.9203 1 596
2004-Jan-02 02:50:08 8.50943 29.5281 1 597
2004-Jan-02 02:57:52 8.10326 30.1444 1 597
2004-Jan-02 03:05:36 7.91206 30.2675 1 596
2004-Jan-02 03:13:20 8.70505 32.3396 1 594
2004-Jan-02 03:21:04 10.4057 33.6392 1 595
2004-Jan-02 03:28:48 10.9306 30.9676 1 594
2004-Jan-02 03:36:32 12.5574 32.4683 1 597
2004-Jan-02 03:44:16 10.0668 30.9342 1 595
2004-Jan-02 03:52:00 9.75741 30.5633 1 596
2004-Jan-02 03:59:44 11.7096 32.3927 1 595
2004-Jan-02 04:07:28 46.7448 33.5471 1 594
2004-Jan-02 04:15:12 39.9005 34.0665 1 596
2004-Jan-02 04:22:56 28.4404 32.8814 1 600
2004-Jan-02 04:30:40 17.9687 35.4208 1 595
2004-Jan-02 04:38:24 14.1358 32.99 1 597
2004-Jan-02 04:46:08 12.2223 35.4505 1 596
2004-Jan-02 04:53:52 10.6297 32.736 1 598
2004-Jan-02 05:01:36 10.8282 33.2013 1 600
2004-Jan-02 05:09:20 10.3747 32.1776 1 601
2004-Jan-02 05:17:04 9.55175 32.76 1 598
2004-Jan-02 05:24:48 11.6396 35.466 1 597
2004-Jan-02 05:32:32 11.5966 32.6129 1 590
2004-Jan-02 05:40:16 9.24907 31.2253 1 597
2004-Jan-02 05:48:00 9.27119 32.7921 1 595
#$1.00396e-17 -5.89727e-18 0
#deg max=105 1.8326
#dp_Δ max=-2.75e-06
#POWER_PROFILE stage=grid total_s=0.606948
#POWER_PROFILE stage=bootstrap total_s=0.105711
#deg max=80 1.39626
#dp_Δ max=-1.625e-05
#POWER_PROFILE stage=grid total_s=0.608436
#POWER_PROFILE stage=bootstrap total_s=0.102685
#deg max=95 1.65806
#dp_Δ max=-5.75e-06
#POWER_PROFILE stage=grid total_s=0.613497
#POWER_PROFILE stage=bootstrap total_s=0.102862
#$7.59493e-18 -1.68263e-17 1
#PROFILE segment=0 windows=46 fft_qc_s=0.328517 pack_s=0.0237349 stack_s=0.19557 fit_s=4.73386 total_s=5.29485
#Segment 2004-Jan-02 0 accepted_windows=46
2004-Jan-02 06:49:52 477.35 37.5305 1 600
2004-Jan-02 06:57:36 149.414 34.0889 1 600
2004-Jan-02 07:05:20 107.98 34.1268 1 596
2004-Jan-02 07:13:04 87.4491 33.8654 1 599
2004-Jan-02 07:20:48 65.7389 34.3001 1 596
2004-Jan-02 07:28:32 49.739 32.5078 1 601
2004-Jan-02 07:36:16 38.447 35.5212 1 601
2004-Jan-02 07:44:00 28.4182 31.8261 1 596
2004-Jan-02 07:51:44 20.8762 33.3148 1 596
2004-Jan-02 07:59:28 18.0001 32.3159 1 596
2004-Jan-02 08:07:12 16.1455 34.5421 1 595
2004-Jan-02 08:14:56 14.1834 34.0755 1 601
2004-Jan-02 08:22:40 14.7761 33.449 1 600
2004-Jan-02 10:57:20 56.5698 33.8296 1 605
2004-Jan-02 11:05:04 38.7354 34.8144 1 605
2004-Jan-02 11:12:48 27.4718 32.8846 1 603
2004-Jan-02 11:20:32 21.7401 33.6476 1 606
2004-Jan-02 11:28:16 19.2333 36.7213 1 604
2004-Jan-02 11:36:00 14.9516 34.2944 1 608
2004-Jan-02 11:43:44 12.3586 34.3825 1 605
2004-Jan-02 11:59:12 11.3763 35.9777 1 607
#$1.12512e-17 -8.09444e-18 0
#deg max=70 1.22173
#dp_Δ max=-1.7e-05
#POWER_PROFILE stage=grid total_s=0.277291
#POWER_PROFILE stage=bootstrap total_s=0.0480035
#deg max=35 0.610865
#dp_Δ max=-2e-05
#POWER_PROFILE stage=grid total_s=0.276179
#POWER_PROFILE stage=bootstrap total_s=0.048244
#$8.82675e-18 -1.96799e-17 1
#PROFILE segment=1 windows=21 fft_qc_s=0.198821 pack_s=0.01076 stack_s=0.101196 fit_s=1.34584 total_s=1.65838
#Segment 2004-Jan-02 1 accepted_windows=21
2004-Jan-02 11:51:28 12.7184 39.0209 1 609
2004-Jan-02 11:59:12 11.3763 35.9777 1 607
2004-Jan-02 12:06:56 11.2453 39.267 1 606
2004-Jan-02 12:14:40 11.2943 39.2737 1 606
2004-Jan-02 12:22:24 11.2083 38.44 1 607
2004-Jan-02 12:30:08 11.3165 34.7273 1 604
2004-Jan-02 12:37:52 10.4107 37.2536 1 606
2004-Jan-02 12:45:36 10.5455 37.849 1 607
2004-Jan-02 12:53:20 9.38499 38.4914 1 608
2004-Jan-02 13:01:04 9.94782 39.8858 1 608
2004-Jan-02 13:08:48 9.95981 38.1737 1 609
2004-Jan-02 13:16:32 10.1186 37.5451 1 605
2004-Jan-02 13:24:16 18.4024 38.1643 1 606
2004-Jan-02 14:10:40 22.6426 37.5984 1 612
2004-Jan-02 14:18:24 17.8324 39.4332 1 609
2004-Jan-02 14:26:08 14.5186 39.1581 1 613
2004-Jan-02 14:33:52 13.4069 41.8059 1 612
2004-Jan-02 14:41:36 13.0889 41.6225 1 611
2004-Jan-02 14:49:20 17.0775 41.1211 1 611
2004-Jan-02 15:12:32 33.1567 40.044 1 610
2004-Jan-02 15:20:16 20.4099 39.1091 1 608
2004-Jan-02 15:28:00 17.5494 39.9963 1 610
2004-Jan-02 15:35:44 16.503 39.81 1 608
2004-Jan-02 15:43:28 14.1237 38.3372 1 608
2004-Jan-02 15:51:12 11.9939 39.4144 1 613
2004-Jan-02 15:58:56 11.475 38.6035 1 609
2004-Jan-02 16:06:40 10.2902 38.0793 1 607
2004-Jan-02 16:14:24 9.4438 37.6706 1 610
2004-Jan-02 16:22:08 10.4045 40.9852 1 611
2004-Jan-02 16:29:52 10.113 38.7056 1 606
2004-Jan-02 16:37:36 9.88433 37.2426 1 606
2004-Jan-02 16:45:20 10.6158 41.1233 1 608
2004-Jan-02 16:53:04 11.2278 41.5603 1 609
2004-Jan-02 17:00:48 14.6998 40.1375 1 607
2004-Jan-02 17:08:32 13.5033 42.5594 1 607
2004-Jan-02 17:16:16 10.9181 40.8138 1 603
2004-Jan-02 17:24:00 9.27796 40.4392 1 607
2004-Jan-02 17:31:44 9.32053 39.9362 1 606
2004-Jan-02 17:39:28 9.32816 40.9385 1 609
2004-Jan-02 17:47:12 9.14804 38.9355 1 608
2004-Jan-02 17:54:56 8.62479 35.3986 1 606
#$1.1103e-17 -8.37031e-18 0
#deg max=35 0.610865
#dp_Δ max=-2e-06
#POWER_PROFILE stage=grid total_s=0.549241
#POWER_PROFILE stage=bootstrap total_s=0.0898665
#deg max=60 1.0472
#dp_Δ max=1.75e-06
#POWER_PROFILE stage=grid total_s=0.543214
#POWER_PROFILE stage=bootstrap total_s=0.0871023
#$8.43882e-18 -1.96591e-17 1
#PROFILE segment=2 windows=41 fft_qc_s=0.331952 pack_s=0.0213898 stack_s=0.185709 fit_s=2.17522 total_s=2.71603
#Segment 2004-Jan-02 2 accepted_windows=41
2004-Jan-02 17:47:12 9.14804 38.9355 1 608
2004-Jan-02 17:54:56 8.62479 35.3986 1 606
2004-Jan-02 18:02:40 9.00864 37.5548 1 606
2004-Jan-02 19:12:16 16.1977 41.2384 1 607
2004-Jan-02 19:20:00 13.9179 40.9456 1 607
2004-Jan-02 19:35:28 16.9107 38.7893 1 609
2004-Jan-02 19:43:12 16.2378 36.584 1 607
2004-Jan-02 19:50:56 17.7423 40.0812 1 606
2004-Jan-02 19:58:40 21.4006 42.791 1 603
2004-Jan-02 20:06:24 13.3579 41.7116 1 604
2004-Jan-02 20:14:08 11.8924 38.3176 1 606
2004-Jan-02 20:21:52 10.6792 37.9115 1 604
2004-Jan-02 20:29:36 12.3352 41.1774 1 602
2004-Jan-02 20:37:20 12.416 39.398 1 602
2004-Jan-02 20:45:04 11.1944 36.7468 1 606
2004-Jan-02 20:52:48 11.4648 39.165 1 604
2004-Jan-02 21:00:32 9.77276 36.1817 1 605
2004-Jan-02 21:08:16 10.1036 38.6499 1 605
2004-Jan-02 21:16:00 10.5925 38.1783 1 603
2004-Jan-02 21:23:44 11.579 38.3624 1 607
2004-Jan-02 21:31:28 11.0695 37.5954 1 608
2004-Jan-02 21:39:12 12.3153 38.3689 1 606
2004-Jan-02 21:46:56 18.3837 39.5522 1 605
2004-Jan-02 21:54:40 64.3417 41.9098 1 604
2004-Jan-02 22:02:24 206.998 37.8496 1 604
2004-Jan-02 22:10:08 768.393 37.3942 1 605
2004-Jan-02 22:17:52 217.467 37.91 1 609
2004-Jan-02 22:25:36 82.5221 37.3338 1 604
2004-Jan-02 22:33:20 38.9133 37.4196 1 604
2004-Jan-02 23:04:16 21.8703 38.2802 1 606
2004-Jan-02 23:12:00 16.1427 36.7913 1 605
2004-Jan-02 23:19:44 14.3702 39.0296 1 601
2004-Jan-02 23:27:28 11.791 38.4808 1 601
2004-Jan-02 23:35:12 12.0357 39.3652 1 605
#$9.08944e-18 -6.91422e-18 0
#deg max=25 0.436332
#dp_Δ max=-1.25e-06
#POWER_PROFILE stage=grid total_s=0.452497
#POWER_PROFILE stage=bootstrap total_s=0.074244
#deg max=100 1.74533
#dp_Δ max=1e-06
#POWER_PROFILE stage=grid total_s=0.450123
#POWER_PROFILE stage=bootstrap total_s=0.0724844
#deg max=160 2.79253
#dp_Δ max=-2.75e-06
#POWER_PROFILE stage=grid total_s=0.448493
#POWER_PROFILE stage=bootstrap total_s=0.0762574
#deg max=45 0.785398
#dp_Δ max=-2e-06
#POWER_PROFILE stage=grid total_s=0.443622
#POWER_PROFILE stage=bootstrap total_s=0.0725465
#$6.31921e-18 -1.6433e-17 1
#PROFILE segment=3 windows=34 fft_qc_s=0.312819 pack_s=0.0193634 stack_s=0.1456 fit_s=4.0751 total_s=4.56707
#Segment 2004-Jan-02 3 accepted_windows=34
#Start/private/tmp/autofocusing-metal-final-20260914/single-thread/input/2004/0103/20040030000.h5 653 22.8561s
#LOAD_PROFILE init_s=0.0268037 read_decode_copy_s=0.969753 filter_s=1.10139 total_s=2.09795
#Read data: load_h5 /private/tmp/autofocusing-metal-final-20260914/single-thread/input/2004/0103/20040030000.h5 652 24.9581s
2004-Jan-03 00:00:00 10.9088 38.1818 1 606
2004-Jan-03 00:07:44 11.1864 36.2735 1 604
2004-Jan-03 00:15:28 13.6902 39.552 1 604
2004-Jan-03 00:23:12 12.9127 38.7119 1 603
2004-Jan-03 00:30:56 11.6392 37.5477 1 605
2004-Jan-03 00:38:40 13.4593 38.2359 1 604
2004-Jan-03 00:46:24 12.6965 37.6129 1 604
2004-Jan-03 00:54:08 11.9686 36.8728 1 604
2004-Jan-03 01:01:52 10.8949 35.456 1 606
2004-Jan-03 01:09:36 11.3022 37.5613 1 604
2004-Jan-03 01:17:20 12.3407 37.5887 1 604
2004-Jan-03 01:25:04 10.6856 39.2871 1 604
2004-Jan-03 01:32:48 10.7324 38.8134 1 604
2004-Jan-03 01:40:32 10.7832 39.7282 1 604
2004-Jan-03 01:48:16 9.45009 38.8792 1 604
2004-Jan-03 01:56:00 11.7422 40.6144 1 605
2004-Jan-03 02:26:56 131.836 40.4463 1 605
2004-Jan-03 02:34:40 83.9686 38.3089 1 605
2004-Jan-03 02:42:24 67.211 42.215 1 607
2004-Jan-03 02:50:08 32.3008 39.2835 1 607
2004-Jan-03 02:57:52 17.1297 39.2217 1 606
2004-Jan-03 03:05:36 14.9981 42.9172 1 605
2004-Jan-03 03:13:20 11.6888 40.217 1 607
2004-Jan-03 03:21:04 12.5095 42.7031 1 605
2004-Jan-03 03:28:48 12.2773 43.8346 1 604
2004-Jan-03 03:36:32 8.94067 43.9475 1 604
2004-Jan-03 03:44:16 9.21226 44.1255 1 604
2004-Jan-03 03:52:00 8.82505 43.5866 1 604
2004-Jan-03 03:59:44 8.42758 43.7594 1 604
2004-Jan-03 04:07:28 7.75834 43.8886 1 604
2004-Jan-03 04:15:12 8.14803 43.1872 1 603
2004-Jan-03 04:22:56 8.18254 44.5553 1 606
2004-Jan-03 04:30:40 8.66592 43.9658 1 608
2004-Jan-03 04:38:24 9.66457 47.3756 1 604
2004-Jan-03 04:46:08 9.71536 45.316 1 604
2004-Jan-03 04:53:52 9.19026 48.3267 1 605
2004-Jan-03 05:01:36 9.58678 49.0479 1 605
2004-Jan-03 05:09:20 11.85 50.3456 1 606
2004-Jan-03 05:17:04 12.4901 49.9552 1 608
2004-Jan-03 05:24:48 12.0162 51.6099 1 605
2004-Jan-03 05:32:32 13.5974 51.2343 1 603
2004-Jan-03 05:40:16 17.5916 53.4073 1 605
2004-Jan-03 05:48:00 12.3246 49.6375 1 606
2004-Jan-03 05:55:44 20.4444 52.9373 1 603
2004-Jan-03 06:03:28 42.8103 54.9583 1 605
#$6.28588e-18 -5.03433e-18 0
#deg max=40 0.698132
#dp_Δ max=-2.75e-06
#POWER_PROFILE stage=grid total_s=0.594688
#POWER_PROFILE stage=bootstrap total_s=0.105551
#$4.02829e-18 -1.24309e-17 1
#deg max=100 1.74533
#dp_Δ max=-2.75e-06
#POWER_PROFILE stage=grid total_s=0.597158
#POWER_PROFILE stage=bootstrap total_s=0.100109
#PROFILE segment=0 windows=45 fft_qc_s=0.323939 pack_s=0.0228673 stack_s=0.204806 fit_s=2.57744 total_s=3.13075
#Segment 2004-Jan-03 0 accepted_windows=45
2004-Jan-03 05:55:44 20.4444 52.9373 1 603
2004-Jan-03 06:03:28 42.8103 54.9583 1 605
2004-Jan-03 06:11:12 51.0988 54.7266 1 605
2004-Jan-03 06:18:56 60.5137 54.8575 1 605
2004-Jan-03 06:26:40 32.2126 54.6198 1 606
2004-Jan-03 06:34:24 14.8428 53.8977 1 602
2004-Jan-03 06:42:08 11.5532 56.5029 1 603
2004-Jan-03 06:49:52 10.6662 57.2801 1 603
2004-Jan-03 06:57:36 11.0628 58.4302 1 605
2004-Jan-03 07:05:20 12.0506 58.6667 1 606
2004-Jan-03 07:13:04 10.0319 57.6419 1 606
2004-Jan-03 07:20:48 8.25433 60.891 1 603
2004-Jan-03 07:28:32 7.87308 60.1193 1 602
2004-Jan-03 07:36:16 8.06697 61.8098 1 603
2004-Jan-03 07:44:00 7.54708 57.7902 1 603
2004-Jan-03 07:51:44 7.59315 64.5169 1 603
2004-Jan-03 07:59:28 8.12087 68.2536 1 602
2004-Jan-03 08:07:12 7.39877 63.5296 1 601
2004-Jan-03 08:14:56 7.21405 66.0706 1 605
2004-Jan-03 08:22:40 7.69938 69.6791 1 604
2004-Jan-03 08:30:24 6.95157 67.6036 1 600
2004-Jan-03 08:38:08 7.37487 69.8703 1 604
2004-Jan-03 08:45:52 9.3634 72.6038 1 603
2004-Jan-03 08:53:36 10.9406 71.8037 1 601
2004-Jan-03 09:01:20 7.56315 70.2652 1 604
2004-Jan-03 09:09:04 7.35669 73.8044 1 604
2004-Jan-03 09:16:48 7.7641 76.0995 1 604
2004-Jan-03 09:24:32 7.33823 74.8805 1 602
2004-Jan-03 09:32:16 7.30777 77.0835 1 603
2004-Jan-03 09:40:00 7.40548 76.0906 1 603
2004-Jan-03 09:47:44 7.1138 78.1715 1 605
2004-Jan-03 09:55:28 6.98993 77.4811 1 604
2004-Jan-03 10:03:12 6.93774 79.292 1 604
2004-Jan-03 10:10:56 8.22611 79.0941 1 602
2004-Jan-03 10:18:40 8.31066 80.657 1 604
2004-Jan-03 10:26:24 7.12972 78.6808 1 605
2004-Jan-03 10:34:08 7.02946 80.6707 1 606
2004-Jan-03 10:41:52 6.95261 77.9711 1 605
2004-Jan-03 10:49:36 6.62288 79.2001 1 609
2004-Jan-03 10:57:20 7.55676 82.9035 1 610
2004-Jan-03 11:05:04 6.66538 78.9177 1 609
2004-Jan-03 11:12:48 7.56935 79.5096 1 604
2004-Jan-03 11:20:32 6.87628 77.9303 1 607
2004-Jan-03 11:28:16 7.32394 84.3612 1 607
2004-Jan-03 11:36:00 7.01361 76.3825 1 607
2004-Jan-03 11:43:44 6.78382 80.0728 1 609
2004-Jan-03 11:51:28 7.95369 83.9206 1 609
2004-Jan-03 11:59:12 7.93498 79.4818 1 610
#$7.24805e-18 -6.56263e-18 0
#deg max=90 1.5708
#dp_Δ max=1e-06
#POWER_PROFILE stage=grid total_s=0.63527
#POWER_PROFILE stage=bootstrap total_s=0.113104
#deg max=65 1.13446
#dp_Δ max=-4.25e-06
#POWER_PROFILE stage=grid total_s=0.628584
#POWER_PROFILE stage=bootstrap total_s=0.105691
#$5.002e-18 -1.56873e-17 1
#deg max=110 1.91986
#dp_Δ max=1e-06
#POWER_PROFILE stage=grid total_s=0.630818
#POWER_PROFILE stage=bootstrap total_s=0.109615
#PROFILE segment=1 windows=48 fft_qc_s=0.325984 pack_s=0.0243299 stack_s=0.207543 fit_s=4.46675 total_s=5.02642
#Segment 2004-Jan-03 1 accepted_windows=48
2004-Jan-03 11:51:28 7.95369 83.9206 1 609
2004-Jan-03 11:59:12 7.93498 79.4818 1 610
2004-Jan-03 12:06:56 6.99803 82.221 1 613
2004-Jan-03 12:14:40 6.57181 81.6993 1 610
2004-Jan-03 12:22:24 6.50237 84.634 1 616
2004-Jan-03 12:30:08 6.97247 85.5125 1 613
2004-Jan-03 12:37:52 6.79357 85.8967 1 614
2004-Jan-03 12:45:36 6.81846 85.8674 1 614
2004-Jan-03 12:53:20 6.75564 84.7055 1 615
2004-Jan-03 13:01:04 6.34251 84.0592 1 615
2004-Jan-03 13:08:48 7.0385 84.4232 1 615
2004-Jan-03 13:16:32 7.48769 80.0064 1 615
2004-Jan-03 13:24:16 6.54511 78.797 1 616
2004-Jan-03 13:32:00 6.55389 79.0535 1 615
2004-Jan-03 13:39:44 6.60672 85.5076 1 618
2004-Jan-03 13:47:28 6.59426 81.3295 1 617
2004-Jan-03 13:55:12 6.48364 80.9514 1 615
2004-Jan-03 14:02:56 6.38388 80.0311 1 619
2004-Jan-03 14:10:40 6.8751 80.6714 1 618
2004-Jan-03 14:18:24 6.37582 77.4223 1 618
2004-Jan-03 14:26:08 6.56322 83.3731 1 618
2004-Jan-03 14:33:52 6.85736 82.7026 1 617
2004-Jan-03 14:41:36 7.26413 80.1766 1 621
2004-Jan-03 14:49:20 7.24458 79.6016 1 620
2004-Jan-03 14:57:04 8.41149 76.8506 1 619
2004-Jan-03 15:04:48 7.52275 76.6354 1 616
2004-Jan-03 15:12:32 16.1716 75.525 1 618
2004-Jan-03 15:20:16 31.9044 77.6987 1 619
2004-Jan-03 15:28:00 18.8733 79.6123 1 622
2004-Jan-03 15:35:44 11.0584 77.9001 1 618
2004-Jan-03 15:43:28 7.73383 75.864 1 618
2004-Jan-03 15:51:12 8.02637 76.9094 1 621
2004-Jan-03 15:58:56 7.50197 73.4318 1 616
2004-Jan-03 16:06:40 7.16552 74.2927 1 618
2004-Jan-03 16:14:24 6.98229 78.2284 1 620
2004-Jan-03 16:22:08 7.24112 79.5541 1 618
2004-Jan-03 16:29:52 7.28778 78.3271 1 620
2004-Jan-03 16:37:36 7.00763 75.3138 1 616
2004-Jan-03 16:45:20 6.35432 72.4432 1 618
2004-Jan-03 16:53:04 6.73345 75.976 1 617
#$1.28259e-17 -1.00748e-17 0
#deg max=70 1.22173
#dp_Δ max=1e-06
#POWER_PROFILE stage=grid total_s=0.522891
#POWER_PROFILE stage=bootstrap total_s=0.0893551
#$9.64075e-18 -2.34163e-17 1
#PROFILE segment=2 windows=40 fft_qc_s=0.270654 pack_s=0.0205174 stack_s=0.171048 fit_s=1.67777 total_s=2.14168
#Segment 2004-Jan-03 2 accepted_windows=40
2004-Jan-03 20:14:08 195.72 73.7874 1 618
2004-Jan-03 20:21:52 130.282 75.6874 1 618
2004-Jan-03 20:29:36 98.1467 73.137 1 623
2004-Jan-03 20:37:20 70.7812 72.2124 1 620
2004-Jan-03 20:45:04 57.4343 70.5747 1 621
2004-Jan-03 20:52:48 53.8325 67.1574 1 619
2004-Jan-03 21:00:32 48.5124 73.2418 1 620
2004-Jan-03 21:08:16 33.5816 73.82 1 618
2004-Jan-03 21:16:00 27.3212 71.9647 1 619
2004-Jan-03 21:23:44 21.8196 74.2163 1 622
2004-Jan-03 21:31:28 13.1596 73.5893 1 622
2004-Jan-03 21:39:12 26.4942 77.0282 1 624
2004-Jan-03 22:10:08 347.577 76.2185 1 624
2004-Jan-03 22:17:52 273.803 75.7697 1 623
2004-Jan-03 22:25:36 101.495 72.7464 1 621
2004-Jan-03 22:33:20 124.641 79.8421 1 621
2004-Jan-03 22:41:04 38.3105 76.8877 1 621
2004-Jan-03 22:48:48 14.8265 72.1294 1 617
2004-Jan-03 22:56:32 10.3935 74.3006 1 617
2004-Jan-03 23:04:16 9.02736 74.6255 1 616
2004-Jan-03 23:12:00 8.20388 76.6381 1 618
2004-Jan-03 23:19:44 7.33372 76.9779 1 614
2004-Jan-03 23:27:28 6.9859 77.561 1 614
2004-Jan-03 23:35:12 6.69357 73.4446 1 612
#$2.81348e-17 -1.87537e-17 0
#deg max=35 0.610865
#dp_Δ max=-5e-07
#POWER_PROFILE stage=grid total_s=0.318681
#POWER_PROFILE stage=bootstrap total_s=0.0511021
#$2.57344e-17 -4.66202e-17 1
#PROFILE segment=3 windows=24 fft_qc_s=0.183517 pack_s=0.0127735 stack_s=0.108067 fit_s=0.680061 total_s=0.998407
#Segment 2004-Jan-03 3 accepted_windows=24
#PROFILE accepted_windows_total=433
#CPU_PROFILE stage=objective context=serial_caller calls=1810 inclusive_s=12.5192
#CPU_PROFILE stage=objective context=outer_parallel calls=0 inclusive_s=0
#CPU_PROFILE stage=hessian context=serial_caller calls=145 inclusive_s=8.96481
#CPU_PROFILE stage=hessian context=outer_parallel calls=0 inclusive_s=0
#CPU_PROFILE stage=rotation context=serial_caller calls=60 inclusive_s=0.352154
#CPU_PROFILE stage=rotation context=outer_parallel calls=0 inclusive_s=0
#CPU_PROFILE stage=fitting context=serial_caller calls=20 inclusive_s=10.0826
#CPU_PROFILE stage=fitting context=outer_parallel calls=0 inclusive_s=0
       36.45 real        33.97 user         0.49 sys
          3209068544  maximum resident set size
                   0  average shared memory size
                   0  average unshared data size
                   0  average unshared stack size
              302809  page reclaims
                  13  page faults
                   0  swaps
                   0  block input operations
                   0  block output operations
                   0  messages sent
                   0  messages received
                   0  signals received
                   0  voluntary context switches
                3211  involuntary context switches
        871052377976  instructions retired
        144717036357  cycles elapsed
          2841530208  peak memory footprint
