#SlantStack backend=cpu (double)
#Power mode=off
#SlantStack step_s_per_km=0.005 max_s_per_km=0.165 grid=67x67
#FrequencyBand {"requested_min_hz":0.10000000000000001,"requested_max_hz":0.25,"min_hz":0.099609375,"max_hz":0.25,"df_hz":0.0009765625,"min_bin":102,"max_bin":256,"fft_length":2048,"sample_interval_s":0.5,"spectrum_bins":266}
#DateRange start=2005-08-09 end=2005-08-09 inclusive=true
#0.0996094 0.25
#Start/Users/knishida/Projects/Autofocusing/repo/build-clang/matrix-audit-extension-20050809/input/2005/0809/20052210000.h5 0 0.000165s
#LOAD_PROFILE init_s=0.0431151 read_decode_copy_s=2.95664 filter_s=0.4755 total_s=3.47525
#Read data: load_h5 /Users/knishida/Projects/Autofocusing/repo/build-clang/matrix-audit-extension-20050809/input/2005/0809/20052210000.h5 669 3.48029s
2005-Aug-09 00:07:44 14726.9 51.0351 1 623
2005-Aug-09 00:15:28 14656.5 50.8129 1 619
2005-Aug-09 00:23:12 14360.4 49.8435 1 617
2005-Aug-09 00:30:56 14370.1 50.0282 1 623
2005-Aug-09 00:38:40 14191.5 51.4543 1 623
2005-Aug-09 00:46:24 14107.1 49.5849 1 619
2005-Aug-09 00:54:08 14292.6 51.3754 1 622
2005-Aug-09 01:01:52 14720.9 51.1477 1 622
2005-Aug-09 01:09:36 14778.4 51.8489 1 619
2005-Aug-09 01:17:20 14507.8 50.4633 1 618
2005-Aug-09 01:25:04 14545.8 50.8365 1 618
2005-Aug-09 01:32:48 14528.3 50.5157 1 615
2005-Aug-09 01:40:32 14816.1 50.036 1 615
2005-Aug-09 01:48:16 14521.4 51.1359 1 614
2005-Aug-09 01:56:00 14510.1 50.1316 1 617
2005-Aug-09 02:03:44 14102.5 50.2637 1 619
2005-Aug-09 02:11:28 13813.3 49.5921 1 616
2005-Aug-09 02:19:12 14054.8 50.0452 1 614
2005-Aug-09 02:26:56 13901.5 49.8033 1 614
2005-Aug-09 02:34:40 13868.5 49.4904 1 611
2005-Aug-09 02:42:24 13840 50.4401 1 613
2005-Aug-09 02:50:08 13946.7 49.8451 1 616
2005-Aug-09 02:57:52 14511.1 49.8443 1 615
2005-Aug-09 03:05:36 14497 50.2589 1 615
2005-Aug-09 03:13:20 14772.1 50.1278 1 613
2005-Aug-09 03:21:04 14396.4 51.0487 1 613
2005-Aug-09 03:28:48 14215.1 50.8259 1 620
2005-Aug-09 03:36:32 14609.4 50.1729 1 620
2005-Aug-09 03:44:16 14056.4 50.3607 1 618
2005-Aug-09 03:52:00 13786.4 50.6811 1 621
2005-Aug-09 03:59:44 14237.3 49.6904 1 618
2005-Aug-09 04:07:28 14038.7 50.1926 1 619
2005-Aug-09 04:15:12 14100 49.694 1 618
2005-Aug-09 04:22:56 14525.6 49.9913 1 616
2005-Aug-09 04:30:40 13864.3 50.7098 1 620
2005-Aug-09 04:38:24 13776.8 52.2446 1 618
2005-Aug-09 04:46:08 13956.1 50.8644 1 618
2005-Aug-09 04:53:52 14077.2 49.8178 1 617
2005-Aug-09 05:01:36 14369.5 51.3698 1 620
2005-Aug-09 05:09:20 14855.1 53.6322 1 619
2005-Aug-09 05:17:04 14510.3 55.9855 1 618
2005-Aug-09 05:24:48 14498.7 51.2572 1 618
2005-Aug-09 05:32:32 14053.6 51.2878 1 615
2005-Aug-09 05:40:16 14253.1 52.7842 1 618
2005-Aug-09 05:48:00 14372.2 50.5292 1 617
2005-Aug-09 05:55:44 14769.1 50.4891 1 613
2005-Aug-09 06:03:28 14912.8 50.603 1 617
#$2.16479e-18 -6.75433e-18 2
#deg max=65 1.13446
#dp_Δ max=-5.75e-06
#POWER_PROFILE stage=grid total_s=0.175102
#POWER_PROFILE stage=bootstrap total_s=1.46957
#deg max=135 2.35619
#dp_Δ max=-1e-06
#POWER_PROFILE stage=grid total_s=0.173832
#POWER_PROFILE stage=bootstrap total_s=1.47331
#$2.17482e-18 -1.06701e-18 0
#deg max=70 1.22173
#dp_Δ max=-1.25e-06
#POWER_PROFILE stage=grid total_s=0.17634
#POWER_PROFILE stage=bootstrap total_s=1.47235
#deg max=145 2.53073
#dp_Δ max=-1.25e-06
#POWER_PROFILE stage=grid total_s=0.181003
#POWER_PROFILE stage=bootstrap total_s=1.45645
#$1.51416e-18 -3.52909e-18 1
#deg max=160 2.79253
#dp_Δ max=-7.25e-06
#POWER_PROFILE stage=grid total_s=0.173361
#PROFILE segment=0 windows=47 fft_qc_s=0.144321 pack_s=0.0249802 stack_s=11.8399 fit_s=9.00228 total_s=21.0271
#Segment 2005-Aug-09 0 accepted_windows=47
2005-Aug-09 05:55:44 14769.1 50.4891 1 613
2005-Aug-09 06:03:28 14912.8 50.603 1 617
2005-Aug-09 06:11:12 14818.2 50.4509 1 618
2005-Aug-09 06:18:56 14406.9 51.085 1 619
2005-Aug-09 06:26:40 14544.5 49.779 1 616
2005-Aug-09 06:34:24 14574.4 51.4691 1 617
2005-Aug-09 06:42:08 14196.4 49.747 1 619
2005-Aug-09 06:49:52 14710.7 49.9626 1 618
2005-Aug-09 06:57:36 14629.4 50.0479 1 619
2005-Aug-09 07:05:20 14922 49.3181 1 618
2005-Aug-09 07:13:04 14476 49.6507 1 616
2005-Aug-09 07:20:48 14217.3 50.0929 1 619
2005-Aug-09 07:28:32 14552.2 50.0446 1 619
2005-Aug-09 07:36:16 14405 49.6077 1 622
2005-Aug-09 07:44:00 14281.3 50.9963 1 617
2005-Aug-09 07:51:44 14432 50.4366 1 617
2005-Aug-09 07:59:28 14284.2 51.2289 1 617
2005-Aug-09 08:07:12 14117.3 50.7288 1 619
2005-Aug-09 08:14:56 14360.5 49.5685 1 616
2005-Aug-09 08:22:40 14546.6 50.3988 1 620
2005-Aug-09 08:30:24 14175.7 51.0244 1 616
2005-Aug-09 08:38:08 14423.4 49.3844 1 617
2005-Aug-09 09:09:04 14269.5 49.4871 1 619
2005-Aug-09 09:16:48 14225.5 49.1002 1 616
2005-Aug-09 09:24:32 14183.3 49.8879 1 618
2005-Aug-09 09:32:16 14142.7 50.1892 1 622
2005-Aug-09 09:40:00 14502 48.861 1 621
2005-Aug-09 09:47:44 14057.7 50.2629 1 620
2005-Aug-09 09:55:28 14759.6 49.6407 1 621
2005-Aug-09 10:03:12 14574.7 49.7749 1 625
2005-Aug-09 10:10:56 14141.7 47.441 1 624
2005-Aug-09 10:18:40 13614 49.0242 1 620
2005-Aug-09 10:26:24 14256.9 49.8914 1 619
2005-Aug-09 10:34:08 14440.8 48.6257 1 618
2005-Aug-09 10:41:52 14083.4 50.8464 1 620
2005-Aug-09 10:49:36 14509.4 50.0199 1 622
2005-Aug-09 10:57:20 14204.2 48.796 1 619
2005-Aug-09 11:05:04 14357.8 48.8338 1 623
2005-Aug-09 11:12:48 14555.2 48.4192 1 616
2005-Aug-09 11:20:32 14240.4 49.0752 1 615
2005-Aug-09 11:28:16 14518.9 48.7868 1 620
2005-Aug-09 11:36:00 14351 49.1957 1 622
2005-Aug-09 11:43:44 14604.3 49.643 1 627
2005-Aug-09 11:51:28 14343.3 47.3034 1 627
2005-Aug-09 11:59:12 13921.5 47.4626 1 628
#$1.95244e-18 -6.54393e-18 2
#deg max=150 2.61799
#dp_Δ max=-4e-06
#POWER_PROFILE stage=grid total_s=0.166501
#POWER_PROFILE stage=bootstrap total_s=1.38914
#deg max=80 1.39626
#dp_Δ max=-5e-07
#POWER_PROFILE stage=grid total_s=0.16773
#POWER_PROFILE stage=bootstrap total_s=1.38047
#$1.78408e-18 -8.21978e-19 0
#deg max=65 1.13446
#dp_Δ max=1.75e-06
#POWER_PROFILE stage=grid total_s=0.16713
#POWER_PROFILE stage=bootstrap total_s=1.40386
#deg max=140 2.44346
#dp_Δ max=-5e-06
#POWER_PROFILE stage=grid total_s=0.171659
#POWER_PROFILE stage=bootstrap total_s=1.40466
#$1.28787e-18 -3.12803e-18 1
#deg max=85 1.48353
#dp_Δ max=1.75e-06
#POWER_PROFILE stage=grid total_s=0.167173
#POWER_PROFILE stage=bootstrap total_s=1.3687
#PROFILE segment=1 windows=45 fft_qc_s=0.144791 pack_s=0.0236099 stack_s=11.3055 fit_s=10.0663 total_s=21.542
#Segment 2005-Aug-09 1 accepted_windows=45
2005-Aug-09 11:51:28 14343.3 47.3034 1 627
2005-Aug-09 11:59:12 13921.5 47.4626 1 628
2005-Aug-09 12:06:56 13772.4 49.5084 1 625
2005-Aug-09 12:14:40 14616.8 50.1544 1 624
2005-Aug-09 12:22:24 15110.2 49.5131 1 625
2005-Aug-09 12:30:08 14147.7 51.2164 1 626
2005-Aug-09 12:37:52 14505 49.2256 1 622
2005-Aug-09 12:45:36 14288.8 49.2654 1 624
2005-Aug-09 12:53:20 14365.6 48.9388 1 627
2005-Aug-09 13:01:04 14266.3 48.3414 1 626
2005-Aug-09 13:08:48 14385.4 48.0288 1 622
2005-Aug-09 13:16:32 14569 47.8521 1 626
2005-Aug-09 13:24:16 15171.9 49.0559 1 621
2005-Aug-09 13:32:00 13994.4 48.731 1 625
2005-Aug-09 13:39:44 14568.8 49.6058 1 623
2005-Aug-09 13:47:28 14766.1 49.9379 1 626
2005-Aug-09 13:55:12 13983.8 49.7766 1 625
2005-Aug-09 14:10:40 14334.6 61.7594 1 624
2005-Aug-09 17:00:48 15190.5 49.7868 1 617
2005-Aug-09 17:08:32 14818.7 49.7866 1 617
2005-Aug-09 17:16:16 14790.8 49.0653 1 617
2005-Aug-09 17:24:00 14718.7 48.3514 1 618
2005-Aug-09 17:31:44 14337 49.2037 1 613
2005-Aug-09 17:39:28 14303.4 49.654 1 613
2005-Aug-09 17:47:12 14400.4 48.6888 1 614
2005-Aug-09 17:54:56 14246.2 48.7145 1 615
#$1.9356e-18 -6.19421e-18 2
#deg max=150 2.61799
#dp_Δ max=-5e-06
#POWER_PROFILE stage=grid total_s=0.0972466
#POWER_PROFILE stage=bootstrap total_s=0.805069
#deg max=80 1.39626
#dp_Δ max=-3.5e-06
#POWER_PROFILE stage=grid total_s=0.0965109
#POWER_PROFILE stage=bootstrap total_s=0.798386
#$1.91273e-18 -1.02065e-18 0
#deg max=115 2.00713
#dp_Δ max=2e-06
#POWER_PROFILE stage=grid total_s=0.0951645
#POWER_PROFILE stage=bootstrap total_s=0.801713
#$1.35923e-18 -3.05469e-18 1
#deg max=105 1.8326
#dp_Δ max=-1.25e-06
#POWER_PROFILE stage=grid total_s=0.0953048
#POWER_PROFILE stage=bootstrap total_s=0.819601
#PROFILE segment=2 windows=26 fft_qc_s=0.0837484 pack_s=0.0137323 stack_s=6.54151 fit_s=4.87121 total_s=11.512
#Segment 2005-Aug-09 2 accepted_windows=26
2005-Aug-09 17:47:12 14400.4 48.6888 1 614
2005-Aug-09 17:54:56 14246.2 48.7145 1 615
2005-Aug-09 18:02:40 14482.3 48.3209 1 616
2005-Aug-09 18:10:24 14687.8 47.3999 1 612
2005-Aug-09 18:18:08 14331.9 48.9073 1 617
2005-Aug-09 18:25:52 14936.3 48.8903 1 615
2005-Aug-09 18:33:36 14677.5 48.4351 1 614
2005-Aug-09 18:41:20 14412.6 48.3959 1 614
2005-Aug-09 18:49:04 14986.1 48.4263 1 612
2005-Aug-09 18:56:48 14578.6 48.1246 1 617
2005-Aug-09 19:04:32 14527.5 48.2837 1 614
2005-Aug-09 19:12:16 14771.4 47.2072 1 611
2005-Aug-09 19:20:00 14287.9 48.5235 1 614
2005-Aug-09 19:27:44 15142.3 47.9185 1 616
2005-Aug-09 19:35:28 14537.3 47.756 1 615
2005-Aug-09 19:43:12 14313.9 47.9055 1 613
2005-Aug-09 19:50:56 14600.1 48.3824 1 615
2005-Aug-09 19:58:40 14448.4 48.8288 1 617
2005-Aug-09 20:06:24 14224.7 48.5261 1 616
2005-Aug-09 20:14:08 14359.9 47.7509 1 616
2005-Aug-09 21:16:00 14687.2 48.975 1 618
2005-Aug-09 21:23:44 14408.9 48.2827 1 616
2005-Aug-09 21:31:28 14781.5 47.035 1 613
2005-Aug-09 21:39:12 14300.5 48.9844 1 611
2005-Aug-09 21:46:56 14231.9 46.7038 1 614
2005-Aug-09 21:54:40 14960.7 46.9649 1 614
2005-Aug-09 22:02:24 14432.8 47.8057 1 615
2005-Aug-09 22:10:08 14706.2 48.3103 1 615
2005-Aug-09 22:17:52 14599 47.2098 1 613
2005-Aug-09 22:25:36 14715.4 45.3267 1 615
2005-Aug-09 22:33:20 14577.5 47.5921 1 616
2005-Aug-09 22:41:04 14064.1 48.3234 1 619
2005-Aug-09 22:48:48 14952.5 46.9675 1 618
2005-Aug-09 22:56:32 14448.2 47.9966 1 617
#$1.69891e-18 -5.54053e-18 2
#deg max=80 1.39626
#dp_Δ max=-1e-05
#POWER_PROFILE stage=grid total_s=0.124591
#POWER_PROFILE stage=bootstrap total_s=1.0623
#deg max=85 1.48353
#dp_Δ max=-8.75e-06
#POWER_PROFILE stage=grid total_s=0.124971
#POWER_PROFILE stage=bootstrap total_s=1.05995
#deg max=55 0.959931
#dp_Δ max=-4.25e-06
#POWER_PROFILE stage=grid total_s=0.1249
#POWER_PROFILE stage=bootstrap total_s=1.06283
#$1.55224e-18 -8.81692e-19 0
#deg max=150 2.61799
#dp_Δ max=0
#POWER_PROFILE stage=grid total_s=0.125045
#POWER_PROFILE stage=bootstrap total_s=1.05323
#$1.07812e-18 -2.60841e-18 1
#deg max=80 1.39626
#dp_Δ max=-5e-07
#POWER_PROFILE stage=grid total_s=0.125053
#POWER_PROFILE stage=bootstrap total_s=1.04704
#PROFILE segment=3 windows=34 fft_qc_s=0.123073 pack_s=0.0178483 stack_s=8.50298 fit_s=7.71049 total_s=16.3698
#Segment 2005-Aug-09 3 accepted_windows=34
#ScanSummary days=1 missing=0 empty=0 multiple=0 loaded=1
#PROFILE accepted_windows_total=152
#CPU_PROFILE stage=objective context=serial_caller calls=2043 inclusive_s=22.4422
#CPU_PROFILE stage=objective context=outer_parallel calls=1425 inclusive_s=10.6567
#CPU_PROFILE stage=hessian context=serial_caller calls=134 inclusive_s=2.97618
#CPU_PROFILE stage=hessian context=outer_parallel calls=0 inclusive_s=0
#CPU_PROFILE stage=rotation context=serial_caller calls=57 inclusive_s=0.129915
#CPU_PROFILE stage=rotation context=outer_parallel calls=0 inclusive_s=0
#CPU_PROFILE stage=fitting context=serial_caller calls=19 inclusive_s=4.35965
#CPU_PROFILE stage=fitting context=outer_parallel calls=0 inclusive_s=0
