#0.0996094 0.25
#Start/Users/knishida/Projects/Autofocusing/repo/build-clang/public-probe/run-nov04-05/input/2005/1104/20053080000.h5 0 0.000823s
#Read data: init_station /Users/knishida/Projects/Autofocusing/repo/build-clang/public-probe/run-nov04-05/input/2005/1104/20053080000.h5 0 0.047353s
#Read data: read_h5 /Users/knishida/Projects/Autofocusing/repo/build-clang/public-probe/run-nov04-05/input/2005/1104/20053080000.h5 691 4.66763s
2005-Nov-04 00:07:44 13576.3 41.0083 1 628
2005-Nov-04 00:15:28 13711.1 40.603 1 630
2005-Nov-04 00:23:12 13274.9 40.3027 1 628
2005-Nov-04 00:30:56 13240.4 41.5047 1 629
2005-Nov-04 00:38:40 14124.5 40.4015 1 628
2005-Nov-04 01:25:04 14036.2 41.5569 1 631
2005-Nov-04 01:32:48 14199.4 41.303 1 628
2005-Nov-04 01:40:32 13686.8 41.2889 1 629
2005-Nov-04 01:48:16 13409.6 39.9786 1 628
2005-Nov-04 01:56:00 14219.5 39.4058 1 633
2005-Nov-04 02:03:44 14312.5 40.3787 1 631
2005-Nov-04 02:11:28 13560.7 40.7371 1 630
2005-Nov-04 02:19:12 14760.2 40.2165 1 627
2005-Nov-04 02:26:56 14714 40.117 1 631
2005-Nov-04 02:34:40 14201.1 40.6432 1 627
2005-Nov-04 02:42:24 13767.5 41.4709 1 633
2005-Nov-04 02:50:08 13735.5 39.4334 1 629
2005-Nov-04 02:57:52 13574.1 39.9098 1 628
2005-Nov-04 03:05:36 13972 40.1724 1 627
2005-Nov-04 03:13:20 14111 40.0043 1 627
2005-Nov-04 03:21:04 13795 39.7712 1 628
2005-Nov-04 03:28:48 14010.5 39.8711 1 628
2005-Nov-04 03:36:32 14326.6 40.3074 1 630
2005-Nov-04 03:44:16 14400.3 39.4578 1 628
2005-Nov-04 03:52:00 14157.1 39.0485 1 629
2005-Nov-04 03:59:44 13827.8 40.4017 1 626
2005-Nov-04 04:07:28 14526.1 41.0127 1 628
2005-Nov-04 04:15:12 14247.5 40.9981 1 627
2005-Nov-04 04:22:56 14311 39.9378 1 627
2005-Nov-04 04:30:40 14196.5 40.1997 1 628
2005-Nov-04 04:38:24 14424.3 40.5327 1 625
2005-Nov-04 04:46:08 14382.6 40.6037 1 624
2005-Nov-04 04:53:52 13691.6 40.9903 1 629
2005-Nov-04 05:01:36 14218.6 41.3056 1 630
2005-Nov-04 05:09:20 14308.5 40.5469 1 626
2005-Nov-04 05:17:04 13722.1 41.6569 1 628
2005-Nov-04 05:24:48 13875.1 41.3767 1 630
2005-Nov-04 05:32:32 13987.4 40.1629 1 626
2005-Nov-04 05:40:16 14239 40.7977 1 625
2005-Nov-04 05:48:00 14747 40.428 1 629
2005-Nov-04 05:55:44 14255.5 41.1838 1 627
2005-Nov-04 06:03:28 14082.2 40.1579 1 631
#$3.20691e-18 -5.7364e-18 2
#deg max=60 1.0472
#dp_Δ max=-5.75e-06
#deg max=75 1.309
#dp_Δ max=-8e-06
#$2.31864e-18 -8.01621e-19 0
#deg max=155 2.70526
#dp_Δ max=-5.75e-06
#deg max=175 3.05433
#dp_Δ max=7e-06
#$1.97704e-18 -4.48426e-18 1
#deg max=165 2.87979
#dp_Δ max=-1.1e-05
#deg max=175 3.05433
#dp_Δ max=9.25e-06
2005-Nov-04 05:55:44 14255.5 41.1838 1 627
2005-Nov-04 06:03:28 14082.2 40.1579 1 631
2005-Nov-04 06:11:12 14144.6 40.6061 1 625
2005-Nov-04 06:18:56 14554 40.923 1 625
2005-Nov-04 06:26:40 14475.5 40.4576 1 627
2005-Nov-04 06:34:24 13956.6 40.3354 1 631
2005-Nov-04 06:42:08 14079.8 40.82 1 628
2005-Nov-04 06:49:52 14079.3 41.0568 1 626
2005-Nov-04 06:57:36 14199 41.5197 1 625
2005-Nov-04 07:05:20 14362.8 41.0029 1 626
2005-Nov-04 07:13:04 13953.8 40.533 1 628
2005-Nov-04 07:20:48 13482.9 40.1919 1 627
2005-Nov-04 07:28:32 14100.9 40.0068 1 625
2005-Nov-04 07:36:16 13924.3 40.2097 1 626
2005-Nov-04 07:44:00 13914.1 40.5566 1 628
2005-Nov-04 07:51:44 13847.8 40.1686 1 629
2005-Nov-04 07:59:28 13783.4 41.1191 1 627
2005-Nov-04 08:07:12 13773.7 41.7934 1 627
2005-Nov-04 08:14:56 13894.1 40.8237 1 630
2005-Nov-04 08:22:40 14120.6 40.9613 1 627
2005-Nov-04 08:30:24 14083.4 41.2038 1 627
2005-Nov-04 08:38:08 14682 40.9054 1 626
2005-Nov-04 09:09:04 14491.3 41.8638 1 629
2005-Nov-04 09:16:48 14365 41.0849 1 625
2005-Nov-04 09:24:32 15146.3 42.2339 1 629
2005-Nov-04 09:32:16 13927.4 40.3044 1 626
2005-Nov-04 09:40:00 14191.5 42.191 1 626
2005-Nov-04 09:47:44 14511.5 42.6157 1 628
2005-Nov-04 09:55:28 14464.4 43.0301 1 627
2005-Nov-04 10:03:12 14369.1 42.456 1 628
2005-Nov-04 10:10:56 14083.3 40.9779 1 626
2005-Nov-04 10:18:40 14665.1 41.5373 1 630
2005-Nov-04 10:26:24 14247.6 40.8238 1 627
2005-Nov-04 10:34:08 13819.1 40.5066 1 629
2005-Nov-04 10:41:52 14185.9 41.6824 1 626
2005-Nov-04 10:49:36 14148.1 41.212 1 627
2005-Nov-04 10:57:20 14134.2 41.7048 1 624
2005-Nov-04 11:05:04 14149.4 42.146 1 625
2005-Nov-04 11:12:48 13850.4 41.4055 1 626
2005-Nov-04 11:20:32 14073.3 42.6313 1 629
2005-Nov-04 11:28:16 13579.7 41.5212 1 627
2005-Nov-04 11:36:00 14352.4 41.1727 1 630
2005-Nov-04 11:43:44 13802.1 41.548 1 630
2005-Nov-04 11:51:28 14443.8 43.0159 1 625
2005-Nov-04 11:59:12 14123.7 41.024 1 626
#$3.28119e-18 -5.99569e-18 2
#deg max=135 2.35619
#dp_Δ max=-3.5e-06
#deg max=95 1.65806
#dp_Δ max=-5e-06
#deg max=70 1.22173
#dp_Δ max=-9.5e-06
#deg max=30 0.523599
#dp_Δ max=-5e-07
#deg max=75 1.309
#dp_Δ max=-6.5e-06
#deg max=105 1.8326
#dp_Δ max=6.25e-06
#$2.31489e-18 -6.48297e-19 0
#deg max=125 2.18166
#dp_Δ max=-1.25e-06
#deg max=155 2.70526
#dp_Δ max=-2e-06
#$2.07294e-18 -4.64946e-18 1
#deg max=25 0.436332
#dp_Δ max=3.25e-06
#deg max=170 2.96706
#dp_Δ max=-1.25e-06
#deg max=30 0.523599
#dp_Δ max=2.5e-06
#deg max=175 3.05433
#dp_Δ max=9.25e-06
2005-Nov-04 11:51:28 14443.8 43.0159 1 625
2005-Nov-04 11:59:12 14123.7 41.024 1 626
2005-Nov-04 12:06:56 13973.9 43.1971 1 626
2005-Nov-04 12:14:40 14499.2 42.868 1 625
2005-Nov-04 12:22:24 13642.2 42.3292 1 628
2005-Nov-04 12:30:08 13562.2 42.2807 1 630
2005-Nov-04 12:37:52 14174.5 43.2954 1 628
2005-Nov-04 12:45:36 14472.6 43.0305 1 627
2005-Nov-04 12:53:20 14094.7 43.6894 1 623
2005-Nov-04 13:01:04 13732.2 43.1804 1 627
2005-Nov-04 13:08:48 14015.9 43.4108 1 622
2005-Nov-04 13:16:32 14217.3 43.9502 1 626
2005-Nov-04 13:24:16 13911.7 44.239 1 625
2005-Nov-04 13:32:00 13887.5 43.2892 1 625
2005-Nov-04 13:39:44 14167.1 43.7985 1 627
2005-Nov-04 13:47:28 14077 44.5352 1 626
2005-Nov-04 13:55:12 13487.2 44.1336 1 625
2005-Nov-04 14:02:56 14293.9 45.0721 1 627
2005-Nov-04 14:10:40 14213.6 45.1364 1 622
2005-Nov-04 14:18:24 13924.4 44.3112 1 627
2005-Nov-04 14:26:08 13837 44.1621 1 626
2005-Nov-04 14:33:52 13872.2 45.4948 1 624
2005-Nov-04 14:41:36 13963.7 45.0362 1 627
2005-Nov-04 14:49:20 14163 44.9274 1 627
2005-Nov-04 14:57:04 14059.8 45.367 1 627
2005-Nov-04 15:04:48 13902.5 45.4807 1 624
2005-Nov-04 15:12:32 14440.1 45.6768 1 625
2005-Nov-04 15:20:16 14332.8 45.1022 1 627
2005-Nov-04 15:28:00 14199.2 45.2427 1 623
2005-Nov-04 15:35:44 13451.4 46.1767 1 624
2005-Nov-04 15:43:28 14329.6 45.6666 1 623
2005-Nov-04 15:51:12 13900.7 45.2387 1 623
2005-Nov-04 15:58:56 13776 45.9954 1 623
2005-Nov-04 16:06:40 13820 46.0875 1 627
2005-Nov-04 16:14:24 14224.4 47.5723 1 625
2005-Nov-04 16:22:08 14038.4 46.7216 1 625
2005-Nov-04 16:29:52 14133.3 48.7349 1 624
2005-Nov-04 16:37:36 14351.4 47.1225 1 622
2005-Nov-04 16:45:20 13668.8 47.541 1 624
2005-Nov-04 16:53:04 13736.7 47.1612 1 622
2005-Nov-04 17:00:48 13720.5 46.8216 1 622
2005-Nov-04 17:08:32 13850.7 47.6183 1 619
2005-Nov-04 17:16:16 13893.3 47.685 1 626
2005-Nov-04 17:24:00 13935.5 47.5599 1 626
2005-Nov-04 17:31:44 14069.8 47.3951 1 622
2005-Nov-04 17:39:28 14159.1 47.9654 1 624
2005-Nov-04 17:47:12 13924.6 49.0962 1 622
2005-Nov-04 17:54:56 14281.9 48.7655 1 623
#$3.87458e-18 -7.25807e-18 2
#deg max=70 1.22173
#dp_Δ max=1e-06
#deg max=110 1.91986
#dp_Δ max=-4.25e-06
#$2.55968e-18 -9.67837e-19 0
#deg max=105 1.8326
#dp_Δ max=1e-06
#deg max=105 1.8326
#dp_Δ max=-2.75e-06
#$2.54541e-18 -5.38813e-18 1
#deg max=175 3.05433
#dp_Δ max=-1.85e-05
#deg max=175 3.05433
#dp_Δ max=2.5e-06
2005-Nov-04 17:47:12 13924.6 49.0962 1 622
2005-Nov-04 17:54:56 14281.9 48.7655 1 623
2005-Nov-04 18:02:40 13728 47.8218 1 624
2005-Nov-04 18:10:24 13801.1 49.1586 1 620
2005-Nov-04 18:18:08 14034 48.9631 1 621
2005-Nov-04 18:25:52 14012.8 49.1785 1 620
2005-Nov-04 18:33:36 13906.2 47.8105 1 622
2005-Nov-04 18:41:20 14008.2 48.8483 1 623
2005-Nov-04 18:49:04 13544.2 48.4049 1 621
2005-Nov-04 18:56:48 14645.3 49.6157 1 620
2005-Nov-04 19:04:32 14561.8 50.5726 1 621
2005-Nov-04 19:12:16 14364.7 48.3231 1 623
2005-Nov-04 19:20:00 13568.3 48.2276 1 625
2005-Nov-04 19:27:44 14076.2 49.6526 1 624
2005-Nov-04 19:35:28 14310.2 50.874 1 624
2005-Nov-04 19:43:12 13768.9 48.8684 1 627
2005-Nov-04 19:50:56 13716.6 49.4849 1 629
2005-Nov-04 19:58:40 14260 47.5542 1 621
2005-Nov-04 20:06:24 14767.1 49.7732 1 621
2005-Nov-04 20:14:08 14381.7 49.7631 1 625
2005-Nov-04 20:21:52 14487.6 49.4288 1 623
2005-Nov-04 20:29:36 14711.7 49.8556 1 625
2005-Nov-04 21:08:16 14271 58.5098 1 622
2005-Nov-04 21:16:00 14185.5 56.429 1 623
2005-Nov-04 21:23:44 14419.7 53.6927 1 621
2005-Nov-04 21:31:28 13959.2 53.7334 1 621
2005-Nov-04 21:39:12 13754 54.5784 1 623
2005-Nov-04 21:46:56 14098.7 54.5672 1 621
2005-Nov-04 21:54:40 14216.1 53.1269 1 622
2005-Nov-04 22:02:24 14818.5 52.9871 1 621
2005-Nov-04 22:10:08 14303.8 53.1542 1 618
2005-Nov-04 22:17:52 14021.2 52.3022 1 619
2005-Nov-04 22:25:36 13765 52.6243 1 625
2005-Nov-04 22:33:20 13988.3 52.7602 1 626
2005-Nov-04 22:41:04 14178.6 52.4771 1 619
2005-Nov-04 22:48:48 13927.7 52.2382 1 622
2005-Nov-04 22:56:32 14313.1 53.2083 1 625
2005-Nov-04 23:04:16 13916.8 53.1068 1 623
2005-Nov-04 23:12:00 13922.5 53.0289 1 621
2005-Nov-04 23:19:44 13297.2 53.7691 1 624
2005-Nov-04 23:27:28 13690.4 52.8134 1 624
2005-Nov-04 23:35:12 13775.4 52.0341 1 624
#$4.73531e-18 -8.60662e-18 2
#deg max=130 2.26893
#dp_Δ max=1e-06
#$3.18542e-18 -1.31727e-18 0
#deg max=120 2.0944
#dp_Δ max=2.5e-07
#$3.28218e-18 -6.55152e-18 1
#deg max=100 1.74533
#dp_Δ max=-8.75e-06
#Start/Users/knishida/Projects/Autofocusing/repo/build-clang/public-probe/run-nov04-05/input/2005/1105/20053090000.h5 691 177.163s
#Read data: init_station /Users/knishida/Projects/Autofocusing/repo/build-clang/public-probe/run-nov04-05/input/2005/1105/20053090000.h5 691 177.201s
#Read data: read_h5 /Users/knishida/Projects/Autofocusing/repo/build-clang/public-probe/run-nov04-05/input/2005/1105/20053090000.h5 689 181.825s
2005-Nov-05 00:00:00 14104 53.6475 1 617
2005-Nov-05 00:07:44 13600.2 53.7488 1 616
2005-Nov-05 00:15:28 14334.9 52.122 1 618
2005-Nov-05 00:23:12 13937 52.4969 1 617
2005-Nov-05 00:30:56 13992.1 53.6669 1 621
2005-Nov-05 00:38:40 14135.9 53.9409 1 615
2005-Nov-05 00:46:24 14159.2 53.5827 1 617
2005-Nov-05 00:54:08 14283.2 54.365 1 614
2005-Nov-05 01:01:52 14315.5 55.1653 1 615
2005-Nov-05 01:09:36 14083.4 55.6126 1 615
2005-Nov-05 01:17:20 14002.6 54.2665 1 615
2005-Nov-05 01:25:04 14102.8 56.0676 1 617
2005-Nov-05 01:32:48 14409.8 54.9485 1 613
2005-Nov-05 01:40:32 13949.1 55.3937 1 615
2005-Nov-05 01:48:16 13996.1 55.2883 1 619
2005-Nov-05 01:56:00 13812.5 57.5774 1 618
2005-Nov-05 02:11:28 14554 67.4332 1 616
2005-Nov-05 02:19:12 13924.9 60.2591 1 616
2005-Nov-05 02:26:56 14222.9 57.6473 1 616
2005-Nov-05 02:34:40 14364.7 58.5476 1 616
2005-Nov-05 03:05:36 34226.2 79.6954 1 617
2005-Nov-05 03:13:20 27441.5 87.8004 1 611
2005-Nov-05 03:36:32 13795.3 63.4535 1 621
2005-Nov-05 03:44:16 13853.6 60.7335 1 620
2005-Nov-05 03:52:00 14850.9 60.5581 1 615
2005-Nov-05 03:59:44 14247 62.3067 1 620
2005-Nov-05 04:07:28 14217.7 62.891 1 618
2005-Nov-05 04:15:12 13727.9 61.8664 1 619
2005-Nov-05 04:22:56 13384.3 61.7755 1 615
2005-Nov-05 04:30:40 13863.5 61.8656 1 618
2005-Nov-05 04:38:24 13852.3 61.1943 1 614
2005-Nov-05 04:46:08 14095 63.8338 1 616
2005-Nov-05 04:53:52 14370.6 63.5989 1 618
2005-Nov-05 05:01:36 14420.3 63.2527 1 620
2005-Nov-05 05:09:20 14180 63.6586 1 617
2005-Nov-05 05:17:04 13855.5 66.4206 1 615
2005-Nov-05 05:24:48 14514.9 63.898 1 617
2005-Nov-05 05:32:32 13749.7 64.8786 1 619
2005-Nov-05 05:40:16 13622.1 65.1641 1 619
2005-Nov-05 05:48:00 13832.6 63.2575 1 623
2005-Nov-05 05:55:44 13661.1 63.3997 1 621
2005-Nov-05 06:03:28 13940.6 62.9138 1 613
#$5.10243e-18 -9.48744e-18 2
#deg max=140 2.44346
#dp_Δ max=-5e-07
#$3.61604e-18 -1.54388e-18 0
#deg max=140 2.44346
#dp_Δ max=-5e-07
#deg max=120 2.0944
#dp_Δ max=-9.5e-06
#deg max=30 0.523599
#dp_Δ max=-2e-05
#$3.48063e-18 -7.30206e-18 1
#deg max=110 1.91986
#dp_Δ max=-1.25e-05
2005-Nov-05 05:55:44 13661.1 63.3997 1 621
2005-Nov-05 06:03:28 13940.6 62.9138 1 613
2005-Nov-05 06:11:12 14310.7 63.2531 1 616
2005-Nov-05 06:18:56 14331.6 65.0673 1 622
2005-Nov-05 06:26:40 14005.4 64.9984 1 615
2005-Nov-05 06:34:24 13878.4 67.4419 1 620
2005-Nov-05 06:42:08 13953.9 66.8382 1 614
2005-Nov-05 06:49:52 13432.3 65.3782 1 618
2005-Nov-05 06:57:36 14038.4 67.0367 1 613
2005-Nov-05 07:05:20 13994 67.8095 1 622
2005-Nov-05 07:13:04 14110.9 68.5369 1 619
2005-Nov-05 07:20:48 14169.1 68.9297 1 618
2005-Nov-05 07:28:32 13835.2 67.7363 1 616
2005-Nov-05 07:36:16 13957.4 69.1821 1 620
2005-Nov-05 07:44:00 13863.8 67.5035 1 618
2005-Nov-05 07:51:44 13820.6 69.6176 1 618
2005-Nov-05 07:59:28 13980.7 69.3392 1 613
2005-Nov-05 08:07:12 13609.9 70.3279 1 618
2005-Nov-05 08:14:56 14057 72.5988 1 621
2005-Nov-05 08:22:40 13670.2 75.0434 1 617
2005-Nov-05 08:30:24 13911 69.6271 1 620
2005-Nov-05 08:38:08 13793.7 70.6279 1 617
2005-Nov-05 09:09:04 14045.2 75.1551 1 619
2005-Nov-05 09:16:48 13932.1 75.3774 1 617
2005-Nov-05 09:24:32 13559.4 75.2615 1 616
2005-Nov-05 09:32:16 14181.2 74.6405 1 619
2005-Nov-05 09:40:00 13589.1 74.4153 1 620
2005-Nov-05 09:47:44 14288.8 76.3702 1 620
2005-Nov-05 09:55:28 14578.7 77.2414 1 622
2005-Nov-05 10:03:12 13821.7 75.2897 1 621
2005-Nov-05 10:10:56 14005.4 78.8994 1 621
2005-Nov-05 10:18:40 14253 74.7067 1 619
2005-Nov-05 10:26:24 13857.3 76.7163 1 619
2005-Nov-05 10:34:08 13983.8 79.397 1 618
2005-Nov-05 10:41:52 14149.2 77.6926 1 619
2005-Nov-05 10:49:36 14439.1 82.3058 1 621
2005-Nov-05 10:57:20 14465.3 82.1981 1 624
2005-Nov-05 11:05:04 14065.5 79.7455 1 619
2005-Nov-05 11:12:48 14600.1 79.3752 1 620
2005-Nov-05 11:20:32 14174.6 77.3376 1 621
2005-Nov-05 11:28:16 13849.3 78.5186 1 623
2005-Nov-05 11:36:00 13817.7 78.0855 1 622
2005-Nov-05 11:43:44 14451.3 81.1772 1 621
2005-Nov-05 11:51:28 14552.5 79.068 1 624
2005-Nov-05 11:59:12 14084.5 78.1433 1 619
#$6.92536e-18 -1.23364e-17 2
#deg max=145 2.53073
#dp_Δ max=2.5e-07
#$4.56136e-18 -2.30702e-18 0
#deg max=145 2.53073
#dp_Δ max=2.5e-07
#deg max=40 0.698132
#dp_Δ max=-7.25e-06
#$4.40042e-18 -9.34766e-18 1
#deg max=70 1.22173
#dp_Δ max=-5.75e-06
2005-Nov-05 11:51:28 14552.5 79.068 1 624
2005-Nov-05 11:59:12 14084.5 78.1433 1 619
2005-Nov-05 12:06:56 14698.9 79.8283 1 624
2005-Nov-05 12:14:40 13643 82.1707 1 620
2005-Nov-05 12:22:24 13827.2 79.3143 1 617
2005-Nov-05 12:30:08 13910.8 81.2613 1 621
2005-Nov-05 12:37:52 14632 82.8918 1 621
2005-Nov-05 12:45:36 13860.9 84.5331 1 620
2005-Nov-05 12:53:20 14288.3 83.8372 1 619
2005-Nov-05 13:01:04 13897.2 82.5865 1 622
2005-Nov-05 13:08:48 13890.6 85.7547 1 620
2005-Nov-05 13:16:32 13886.2 86.4368 1 625
2005-Nov-05 13:24:16 14811.5 84.6744 1 618
2005-Nov-05 13:32:00 13797.7 83.4871 1 621
2005-Nov-05 13:39:44 13903.5 80.9351 1 624
2005-Nov-05 13:47:28 13849.2 83.7919 1 620
2005-Nov-05 13:55:12 14245.5 83.8329 1 617
2005-Nov-05 14:02:56 13734.3 83.3483 1 620
2005-Nov-05 14:10:40 14568.1 83.9976 1 618
2005-Nov-05 14:18:24 13523 84.3253 1 621
2005-Nov-05 14:26:08 13669.9 84.987 1 621
2005-Nov-05 14:33:52 14262.7 86.1735 1 622
2005-Nov-05 14:41:36 13662.7 84.2822 1 615
2005-Nov-05 14:49:20 14077.4 88.2849 1 622
2005-Nov-05 14:57:04 13223.8 86.917 1 622
2005-Nov-05 15:04:48 13665.8 85.2805 1 621
2005-Nov-05 15:12:32 14112.3 86.0701 1 619
2005-Nov-05 15:20:16 14310.4 86.7209 1 624
2005-Nov-05 15:28:00 14336.8 85.2943 1 619
2005-Nov-05 15:35:44 13990.8 86.3566 1 625
2005-Nov-05 15:43:28 14345.8 85.7986 1 624
2005-Nov-05 15:51:12 13520.9 85.8336 1 623
2005-Nov-05 15:58:56 13823.2 86.1463 1 620
2005-Nov-05 16:06:40 13928.6 91.5067 1 620
2005-Nov-05 16:14:24 13687.2 91.1905 1 625
2005-Nov-05 16:22:08 13861.1 89.6948 1 620
2005-Nov-05 16:29:52 13703.8 90.4571 1 619
2005-Nov-05 16:37:36 13794.8 89.5685 1 618
2005-Nov-05 16:45:20 14150.9 86.5951 1 622
2005-Nov-05 16:53:04 13686.2 86.8836 1 623
2005-Nov-05 17:00:48 13714.3 84.5158 1 619
2005-Nov-05 17:08:32 13722.6 87.6936 1 621
2005-Nov-05 17:16:16 13955.4 89.5986 1 623
2005-Nov-05 17:24:00 14197.8 86.6075 1 623
2005-Nov-05 17:31:44 13830.8 94.1499 1 623
2005-Nov-05 17:39:28 13768.7 90.5778 1 622
2005-Nov-05 17:47:12 13764.8 92.8345 1 627
2005-Nov-05 17:54:56 13687.5 94.191 1 624
#$9.02444e-18 -1.52663e-17 2
#deg max=145 2.53073
#dp_Δ max=1e-06
#$5.75418e-18 -3.06415e-18 0
#deg max=50 0.872665
#dp_Δ max=-2e-05
#deg max=165 2.87979
#dp_Δ max=-7.25e-06
#$5.38817e-18 -1.1293e-17 1
#deg max=100 1.74533
#dp_Δ max=-1.25e-06
2005-Nov-05 17:47:12 13764.8 92.8345 1 627
2005-Nov-05 17:54:56 13687.5 94.191 1 624
2005-Nov-05 18:02:40 13541.9 89.1369 1 620
2005-Nov-05 18:10:24 13302.6 90.2836 1 613
2005-Nov-05 18:18:08 14520.4 89.4466 1 619
2005-Nov-05 18:25:52 13637.5 91.5611 1 621
2005-Nov-05 18:33:36 14131.3 89.0873 1 618
2005-Nov-05 18:41:20 14259 89.2527 1 618
2005-Nov-05 18:49:04 13724.6 86.7314 1 622
2005-Nov-05 18:56:48 13762.5 94.2352 1 624
2005-Nov-05 19:04:32 13987.3 94.3981 1 623
2005-Nov-05 19:12:16 13854.4 92.1257 1 624
2005-Nov-05 19:20:00 13959.4 89.9083 1 624
2005-Nov-05 19:27:44 13971.4 90.6297 1 623
2005-Nov-05 22:48:48 15575.4 96.5407 1 618
2005-Nov-05 22:56:32 15127.1 93.5541 1 622
2005-Nov-05 23:04:16 14152.1 91.779 1 622
2005-Nov-05 23:12:00 14478.3 90.1024 1 626
2005-Nov-05 23:19:44 14029 86.2245 1 624
2005-Nov-05 23:27:28 14243.7 87.5018 1 623
2005-Nov-05 23:35:12 14109.7 91.3733 1 624
#$1.06175e-17 -1.79414e-17 2
#deg max=90 1.5708
#dp_Δ max=-7.25e-06
#$7.94803e-18 -5.16124e-18 0
#deg max=45 0.785398
#dp_Δ max=-2e-05
#deg max=30 0.523599
#dp_Δ max=4.75e-06
#$7.24377e-18 -1.48613e-17 1
#deg max=35 0.610865
#dp_Δ max=-1.325e-05
