#SlantStack backend=metal (float), device=Apple M4 Max
#Power mode=off
#SlantStack step_s_per_km=0.005 max_s_per_km=0.165 grid=67x67
#FrequencyBand {"requested_min_hz":0.10000000000000001,"requested_max_hz":0.25,"min_hz":0.099609375,"max_hz":0.25,"df_hz":0.0009765625,"min_bin":102,"max_bin":256,"fft_length":2048,"sample_interval_s":0.5,"spectrum_bins":266}
#DateRange start=2005-03-15 end=2005-03-17 inclusive=true
#0.0996094 0.25
#Start/Users/knishida/Projects/Autofocusing/repo/build-clang/cpu-gpu-3c-mar15-17/input/2005/0315/20050740000.h5 0 0.000337s
#LOAD_PROFILE init_s=0.0388216 read_decode_copy_s=2.75477 filter_s=0.246531 total_s=3.04013
#Read data: load_h5 /Users/knishida/Projects/Autofocusing/repo/build-clang/cpu-gpu-3c-mar15-17/input/2005/0315/20050740000.h5 684 3.04424s
#MetalCheck max_scaled_error=9.67158e-07 relative_l2=4.18786e-06 peak_mismatches=0
2005-Mar-15 00:07:44 15117.8 99.4977 1 613
#MetalCheck max_scaled_error=7.93965e-07 relative_l2=4.08586e-06 peak_mismatches=0
2005-Mar-15 00:15:28 14727.6 98.974 1 614
#MetalCheck max_scaled_error=7.02526e-07 relative_l2=3.99617e-06 peak_mismatches=0
2005-Mar-15 00:23:12 14438.5 101.399 1 609
#MetalCheck max_scaled_error=1.13974e-06 relative_l2=4.16349e-06 peak_mismatches=0
2005-Mar-15 00:30:56 14645.6 96.5655 1 613
#MetalCheck max_scaled_error=1.30834e-06 relative_l2=4.21882e-06 peak_mismatches=0
2005-Mar-15 00:38:40 15296.2 96.002 1 607
#MetalCheck max_scaled_error=1.12768e-06 relative_l2=4.0499e-06 peak_mismatches=0
2005-Mar-15 00:46:24 15028.4 98.3488 1 607
#MetalCheck max_scaled_error=1.08269e-06 relative_l2=4.22283e-06 peak_mismatches=0
2005-Mar-15 00:54:08 14488.9 96.9767 1 612
#MetalCheck max_scaled_error=8.66545e-07 relative_l2=4.1991e-06 peak_mismatches=0
2005-Mar-15 01:01:52 14757 96.499 1 607
#MetalCheck max_scaled_error=1.27928e-06 relative_l2=4.41166e-06 peak_mismatches=0
2005-Mar-15 01:09:36 14470 92.4313 1 607
#MetalCheck max_scaled_error=1.10443e-06 relative_l2=4.44972e-06 peak_mismatches=0
2005-Mar-15 01:17:20 14464.2 94.8356 1 609
#MetalCheck max_scaled_error=1.03584e-06 relative_l2=4.12838e-06 peak_mismatches=0
2005-Mar-15 01:25:04 13958 95.25 1 603
#MetalCheck max_scaled_error=1.05828e-06 relative_l2=4.14004e-06 peak_mismatches=0
2005-Mar-15 01:32:48 14225.6 93.614 1 608
#MetalCheck max_scaled_error=1.09043e-06 relative_l2=4.34827e-06 peak_mismatches=0
2005-Mar-15 01:40:32 14617.2 94.2729 1 608
#MetalCheck max_scaled_error=1.13153e-06 relative_l2=4.33452e-06 peak_mismatches=0
2005-Mar-15 01:48:16 14553.6 92.5853 1 609
#MetalCheck max_scaled_error=1.23859e-06 relative_l2=4.42103e-06 peak_mismatches=0
2005-Mar-15 01:56:00 14421.5 90.2513 1 606
#MetalCheck max_scaled_error=8.72915e-07 relative_l2=4.10713e-06 peak_mismatches=0
2005-Mar-15 02:03:44 13927.7 91.639 1 603
#MetalCheck max_scaled_error=9.2331e-07 relative_l2=4.03274e-06 peak_mismatches=0
2005-Mar-15 02:11:28 14277.6 92.5319 1 601
#MetalCheck max_scaled_error=1.19046e-06 relative_l2=4.06311e-06 peak_mismatches=0
2005-Mar-15 02:19:12 14037.2 93.6439 1 604
#MetalCheck max_scaled_error=1.12439e-06 relative_l2=4.23584e-06 peak_mismatches=0
2005-Mar-15 02:26:56 14336.3 93.8728 1 603
#MetalCheck max_scaled_error=1.17448e-06 relative_l2=4.23201e-06 peak_mismatches=0
2005-Mar-15 02:34:40 14601 91.4966 1 601
#MetalCheck max_scaled_error=8.64171e-07 relative_l2=3.82663e-06 peak_mismatches=0
2005-Mar-15 02:42:24 14461.5 92.5729 1 599
#MetalCheck max_scaled_error=1.15296e-06 relative_l2=3.89596e-06 peak_mismatches=0
2005-Mar-15 02:50:08 14899.1 96.3949 1 599
#MetalCheck max_scaled_error=1.18199e-06 relative_l2=4.09961e-06 peak_mismatches=0
2005-Mar-15 02:57:52 14846.1 101.984 1 602
#MetalCheck max_scaled_error=1.11973e-06 relative_l2=4.11148e-06 peak_mismatches=0
2005-Mar-15 03:05:36 14667.1 92.8062 1 598
#MetalCheck max_scaled_error=1.26814e-06 relative_l2=4.03432e-06 peak_mismatches=0
2005-Mar-15 03:13:20 14073.9 91.2025 1 596
#MetalCheck max_scaled_error=1.96957e-06 relative_l2=4.06859e-06 peak_mismatches=0
2005-Mar-15 03:21:04 15105.9 93.1987 1 599
#MetalCheck max_scaled_error=1.30004e-06 relative_l2=3.95281e-06 peak_mismatches=0
2005-Mar-15 03:28:48 14400.3 91.3782 1 599
#MetalCheck max_scaled_error=9.68232e-07 relative_l2=3.81309e-06 peak_mismatches=0
2005-Mar-15 03:36:32 14042.9 90.264 1 598
#MetalCheck max_scaled_error=1.32872e-06 relative_l2=3.94626e-06 peak_mismatches=0
2005-Mar-15 03:44:16 14288.9 91.7367 1 599
#MetalCheck max_scaled_error=1.06608e-06 relative_l2=3.92883e-06 peak_mismatches=0
2005-Mar-15 03:52:00 14599.4 90.8391 1 594
#MetalCheck max_scaled_error=1.12844e-06 relative_l2=3.74006e-06 peak_mismatches=0
2005-Mar-15 03:59:44 14504.7 91.5355 1 595
#MetalCheck max_scaled_error=8.96384e-07 relative_l2=3.60517e-06 peak_mismatches=0
2005-Mar-15 04:07:28 14330.6 92.2743 1 596
#MetalCheck max_scaled_error=1.13042e-06 relative_l2=3.66015e-06 peak_mismatches=0
2005-Mar-15 04:15:12 15147.6 90.0863 1 596
#MetalCheck max_scaled_error=7.66071e-07 relative_l2=3.71195e-06 peak_mismatches=0
2005-Mar-15 04:22:56 13733.8 90.3209 1 593
#MetalCheck max_scaled_error=1.07438e-06 relative_l2=3.77119e-06 peak_mismatches=0
2005-Mar-15 04:30:40 14608 92.0205 1 592
#MetalCheck max_scaled_error=1.04515e-06 relative_l2=3.74433e-06 peak_mismatches=0
2005-Mar-15 04:38:24 14866.7 88.7923 1 594
#MetalCheck max_scaled_error=7.37045e-07 relative_l2=3.54409e-06 peak_mismatches=0
2005-Mar-15 04:46:08 14901.6 91.5925 1 594
#MetalCheck max_scaled_error=7.87315e-07 relative_l2=3.4521e-06 peak_mismatches=0
2005-Mar-15 04:53:52 15010.6 85.9702 1 592
#MetalCheck max_scaled_error=1.19569e-06 relative_l2=3.83901e-06 peak_mismatches=0
2005-Mar-15 05:01:36 14406.5 85.4446 1 593
#MetalCheck max_scaled_error=1.06798e-06 relative_l2=3.63292e-06 peak_mismatches=0
2005-Mar-15 05:09:20 14845.3 85.9688 1 590
#MetalCheck max_scaled_error=6.80049e-07 relative_l2=3.59157e-06 peak_mismatches=0
2005-Mar-15 05:17:04 14379.6 88.1089 1 591
#MetalCheck max_scaled_error=9.06697e-07 relative_l2=3.62485e-06 peak_mismatches=0
2005-Mar-15 05:24:48 14163.5 85.7056 1 591
#MetalCheck max_scaled_error=1.01457e-06 relative_l2=3.83157e-06 peak_mismatches=0
2005-Mar-15 05:32:32 14407.6 86.6532 1 589
#MetalCheck max_scaled_error=8.88485e-07 relative_l2=3.57866e-06 peak_mismatches=0
2005-Mar-15 05:40:16 14671.3 83.7948 1 588
#MetalCheck max_scaled_error=8.26611e-07 relative_l2=3.54394e-06 peak_mismatches=0
2005-Mar-15 05:48:00 14692 84.9305 1 587
#MetalCheck max_scaled_error=6.48336e-07 relative_l2=3.31065e-06 peak_mismatches=0
2005-Mar-15 05:55:44 14293.8 85.9337 1 587
#MetalCheck max_scaled_error=1.22093e-06 relative_l2=3.60772e-06 peak_mismatches=0
2005-Mar-15 06:03:28 14302.4 83.9929 1 585
#$9.40645e-18 -1.70803e-17 2
#deg max=105 1.8326
#dp_Δ max=-5e-06
#POWER_PROFILE stage=grid total_s=0.0928944
#POWER_PROFILE stage=bootstrap total_s=1.41044
#deg max=50 0.872665
#dp_Δ max=-6.5e-06
#POWER_PROFILE stage=grid total_s=0.093077
#POWER_PROFILE stage=bootstrap total_s=1.4135
#$1.03075e-17 -2.97605e-18 0
#deg max=90 1.5708
#dp_Δ max=-5e-06
#POWER_PROFILE stage=grid total_s=0.0931543
#POWER_PROFILE stage=bootstrap total_s=1.41906
#deg max=105 1.8326
#dp_Δ max=-4.25e-06
#POWER_PROFILE stage=grid total_s=0.0929832
#POWER_PROFILE stage=bootstrap total_s=1.40438
#$5.22071e-18 -1.50137e-17 1
#deg max=165 2.87979
#dp_Δ max=-1.25e-06
#POWER_PROFILE stage=grid total_s=0.0927377
#POWER_PROFILE stage=bootstrap total_s=1.40511
#deg max=145 2.53073
#dp_Δ max=1e-06
#POWER_PROFILE stage=grid total_s=0.0931095
#POWER_PROFILE stage=bootstrap total_s=1.41376
#PROFILE segment=0 windows=47 fft_qc_s=0.0785051 pack_s=0.0237327 stack_s=6.16714 fit_s=11.2564 total_s=17.5398
#Segment 2005-Mar-15 0 accepted_windows=47
#MetalCheck max_scaled_error=6.48336e-07 relative_l2=3.31065e-06 peak_mismatches=0
2005-Mar-15 05:55:44 14293.8 85.9337 1 587
#MetalCheck max_scaled_error=1.22093e-06 relative_l2=3.60772e-06 peak_mismatches=0
2005-Mar-15 06:03:28 14302.4 83.9929 1 585
#MetalCheck max_scaled_error=8.71026e-07 relative_l2=3.65215e-06 peak_mismatches=0
2005-Mar-15 06:11:12 14567.2 86.0188 1 586
#MetalCheck max_scaled_error=1.25645e-06 relative_l2=3.65189e-06 peak_mismatches=0
2005-Mar-15 06:18:56 14365.5 85.3879 1 586
#MetalCheck max_scaled_error=9.05991e-07 relative_l2=3.59248e-06 peak_mismatches=0
2005-Mar-15 06:26:40 13729.2 83.3788 1 580
#MetalCheck max_scaled_error=1.04876e-06 relative_l2=3.68782e-06 peak_mismatches=0
2005-Mar-15 06:34:24 13871.4 81.7511 1 584
#MetalCheck max_scaled_error=1.13826e-06 relative_l2=3.62591e-06 peak_mismatches=0
2005-Mar-15 06:42:08 14248.9 80.6438 1 581
#MetalCheck max_scaled_error=8.48495e-07 relative_l2=3.59255e-06 peak_mismatches=0
2005-Mar-15 06:49:52 14930.9 83.8832 1 581
#MetalCheck max_scaled_error=1.28389e-06 relative_l2=3.65186e-06 peak_mismatches=0
2005-Mar-15 06:57:36 14759.4 82.3359 1 579
#MetalCheck max_scaled_error=1.15551e-06 relative_l2=3.62586e-06 peak_mismatches=0
2005-Mar-15 07:05:20 14420.9 82.3172 1 577
#MetalCheck max_scaled_error=9.94477e-07 relative_l2=3.73352e-06 peak_mismatches=0
2005-Mar-15 07:13:04 14162.7 83.0841 1 578
#MetalCheck max_scaled_error=9.92998e-07 relative_l2=3.72892e-06 peak_mismatches=0
2005-Mar-15 07:20:48 14061.4 82.8192 1 576
#MetalCheck max_scaled_error=1.65771e-06 relative_l2=3.72577e-06 peak_mismatches=0
2005-Mar-15 07:28:32 13787 79.1214 1 576
#MetalCheck max_scaled_error=1.3887e-06 relative_l2=3.51724e-06 peak_mismatches=0
2005-Mar-15 07:36:16 14997.6 79.9133 1 574
#MetalCheck max_scaled_error=9.74039e-07 relative_l2=3.43563e-06 peak_mismatches=0
2005-Mar-15 07:44:00 14087.6 80.3003 1 574
#MetalCheck max_scaled_error=1.12633e-06 relative_l2=3.41107e-06 peak_mismatches=0
2005-Mar-15 07:51:44 14101.7 79.9669 1 573
#MetalCheck max_scaled_error=1.29781e-06 relative_l2=3.81751e-06 peak_mismatches=0
2005-Mar-15 07:59:28 14588.6 78.6006 1 576
#MetalCheck max_scaled_error=1.59113e-06 relative_l2=3.60237e-06 peak_mismatches=0
2005-Mar-15 08:07:12 14165.5 79.3666 1 576
#MetalCheck max_scaled_error=8.62224e-07 relative_l2=3.38835e-06 peak_mismatches=0
2005-Mar-15 08:14:56 14483.1 80.8637 1 575
#MetalCheck max_scaled_error=1.10792e-06 relative_l2=3.54403e-06 peak_mismatches=0
2005-Mar-15 08:22:40 14124.7 80.9677 1 577
#MetalCheck max_scaled_error=8.91632e-07 relative_l2=3.47042e-06 peak_mismatches=0
2005-Mar-15 08:30:24 13813.7 79.4415 1 572
#MetalCheck max_scaled_error=9.79746e-07 relative_l2=3.58627e-06 peak_mismatches=0
2005-Mar-15 08:38:08 14406.3 79.8137 1 577
#MetalCheck max_scaled_error=1.14498e-06 relative_l2=3.43187e-06 peak_mismatches=0
2005-Mar-15 09:09:04 14760.4 78.9409 1 572
#MetalCheck max_scaled_error=1.57467e-06 relative_l2=3.42779e-06 peak_mismatches=0
2005-Mar-15 09:16:48 14174.8 79.9994 1 570
#MetalCheck max_scaled_error=8.22869e-07 relative_l2=2.9222e-06 peak_mismatches=0
2005-Mar-15 09:24:32 14686.3 80.9817 1 567
#MetalCheck max_scaled_error=1.06106e-06 relative_l2=3.26643e-06 peak_mismatches=0
2005-Mar-15 09:32:16 14715.3 84.0909 1 574
#MetalCheck max_scaled_error=1.34956e-06 relative_l2=3.30537e-06 peak_mismatches=0
2005-Mar-15 09:40:00 14399.5 83.9534 1 576
#MetalCheck max_scaled_error=1.32233e-06 relative_l2=3.17826e-06 peak_mismatches=0
2005-Mar-15 09:47:44 14387.9 82.3965 1 568
#MetalCheck max_scaled_error=1.12701e-06 relative_l2=3.43154e-06 peak_mismatches=0
2005-Mar-15 09:55:28 14852.7 79.1286 1 575
#MetalCheck max_scaled_error=1.26021e-06 relative_l2=3.43409e-06 peak_mismatches=0
2005-Mar-15 10:03:12 17461.8 78.5757 1 574
#MetalCheck max_scaled_error=1.35613e-06 relative_l2=3.29417e-06 peak_mismatches=0
2005-Mar-15 10:10:56 23807.3 77.9674 1 573
#MetalCheck max_scaled_error=1.24415e-06 relative_l2=3.32055e-06 peak_mismatches=0
2005-Mar-15 10:18:40 23316.6 78.8472 1 571
#MetalCheck max_scaled_error=1.10261e-06 relative_l2=3.38816e-06 peak_mismatches=0
2005-Mar-15 10:26:24 18383 75.3995 1 572
#MetalCheck max_scaled_error=1.10394e-06 relative_l2=3.46882e-06 peak_mismatches=0
2005-Mar-15 10:34:08 16187.9 74.1848 1 571
#MetalCheck max_scaled_error=1.87105e-06 relative_l2=3.43935e-06 peak_mismatches=0
2005-Mar-15 10:41:52 14900.1 75.6763 1 573
#MetalCheck max_scaled_error=1.25264e-06 relative_l2=3.34308e-06 peak_mismatches=0
2005-Mar-15 10:49:36 14633.6 79.0725 1 572
#MetalCheck max_scaled_error=8.45402e-07 relative_l2=3.2497e-06 peak_mismatches=0
2005-Mar-15 10:57:20 14473.5 78.9677 1 574
#MetalCheck max_scaled_error=1.00307e-06 relative_l2=3.39559e-06 peak_mismatches=0
2005-Mar-15 11:05:04 14242 77.0697 1 572
#MetalCheck max_scaled_error=1.39122e-06 relative_l2=3.31539e-06 peak_mismatches=0
2005-Mar-15 11:12:48 15273.8 74.4367 1 567
#MetalCheck max_scaled_error=1.20985e-06 relative_l2=3.35922e-06 peak_mismatches=0
2005-Mar-15 11:20:32 15075.1 74.7799 1 574
#MetalCheck max_scaled_error=1.05829e-06 relative_l2=3.47436e-06 peak_mismatches=0
2005-Mar-15 11:28:16 14291.9 74.5014 1 576
#MetalCheck max_scaled_error=1.03018e-06 relative_l2=3.32442e-06 peak_mismatches=0
2005-Mar-15 11:36:00 14292.1 76.5047 1 570
#MetalCheck max_scaled_error=9.09478e-07 relative_l2=3.16308e-06 peak_mismatches=0
2005-Mar-15 11:43:44 14340.1 75.2598 1 571
#MetalCheck max_scaled_error=1.10815e-06 relative_l2=3.38752e-06 peak_mismatches=0
2005-Mar-15 11:51:28 13878.4 73.9187 1 571
#MetalCheck max_scaled_error=1.36289e-06 relative_l2=3.37871e-06 peak_mismatches=0
2005-Mar-15 11:59:12 14280.6 74.3242 1 573
#$8.33258e-18 -1.58273e-17 2
#deg max=115 2.00713
#dp_Δ max=-1.25e-06
#POWER_PROFILE stage=grid total_s=0.0888996
#POWER_PROFILE stage=bootstrap total_s=1.36838
#deg max=80 1.39626
#dp_Δ max=-6.5e-06
#POWER_PROFILE stage=grid total_s=0.0891079
#POWER_PROFILE stage=bootstrap total_s=1.36255
#$9.20302e-18 -2.82997e-18 0
#deg max=105 1.8326
#dp_Δ max=-4.25e-06
#POWER_PROFILE stage=grid total_s=0.0888388
#POWER_PROFILE stage=bootstrap total_s=1.35863
#deg max=135 2.35619
#dp_Δ max=-1.925e-05
#POWER_PROFILE stage=grid total_s=0.0887276
#POWER_PROFILE stage=bootstrap total_s=1.35023
#$4.20032e-18 -1.34707e-17 1
#deg max=125 2.18166
#dp_Δ max=-1.55e-05
#POWER_PROFILE stage=grid total_s=0.0887162
#POWER_PROFILE stage=bootstrap total_s=1.35777
#deg max=120 2.0944
#dp_Δ max=2.5e-07
#POWER_PROFILE stage=grid total_s=0.0891925
#POWER_PROFILE stage=bootstrap total_s=1.35921
#PROFILE segment=1 windows=45 fft_qc_s=0.0784364 pack_s=0.0222166 stack_s=5.72667 fit_s=11.5789 total_s=17.4079
#Segment 2005-Mar-15 1 accepted_windows=45
#MetalCheck max_scaled_error=1.10815e-06 relative_l2=3.38752e-06 peak_mismatches=0
2005-Mar-15 11:51:28 13878.4 73.9187 1 571
#MetalCheck max_scaled_error=1.36289e-06 relative_l2=3.37871e-06 peak_mismatches=0
2005-Mar-15 11:59:12 14280.6 74.3242 1 573
#MetalCheck max_scaled_error=1.12368e-06 relative_l2=3.28372e-06 peak_mismatches=0
2005-Mar-15 12:06:56 14483.3 75.0726 1 570
#MetalCheck max_scaled_error=1.12824e-06 relative_l2=3.43158e-06 peak_mismatches=0
2005-Mar-15 12:14:40 13992.1 73.5199 1 573
#MetalCheck max_scaled_error=9.64586e-07 relative_l2=3.26611e-06 peak_mismatches=0
2005-Mar-15 12:22:24 14449.7 73.9418 1 568
#MetalCheck max_scaled_error=1.05521e-06 relative_l2=3.15222e-06 peak_mismatches=0
2005-Mar-15 12:30:08 14412.4 75.3431 1 567
#MetalCheck max_scaled_error=1.2175e-06 relative_l2=3.23581e-06 peak_mismatches=0
2005-Mar-15 12:37:52 14483.6 74.7106 1 568
#MetalCheck max_scaled_error=1.35745e-06 relative_l2=3.42716e-06 peak_mismatches=0
2005-Mar-15 12:45:36 13902.1 74.4319 1 568
#MetalCheck max_scaled_error=9.81597e-07 relative_l2=3.32753e-06 peak_mismatches=0
2005-Mar-15 12:53:20 14027.1 74.5567 1 569
#MetalCheck max_scaled_error=1.29894e-06 relative_l2=3.47627e-06 peak_mismatches=0
2005-Mar-15 13:01:04 14690.3 73.4877 1 573
#MetalCheck max_scaled_error=1.25121e-06 relative_l2=3.30074e-06 peak_mismatches=0
2005-Mar-15 13:08:48 14263.3 73.3143 1 570
#MetalCheck max_scaled_error=1.48164e-06 relative_l2=3.52078e-06 peak_mismatches=0
2005-Mar-15 13:16:32 15067.1 72.3375 1 569
#MetalCheck max_scaled_error=1.36527e-06 relative_l2=3.2806e-06 peak_mismatches=0
2005-Mar-15 13:24:16 14682.3 71.931 1 565
#MetalCheck max_scaled_error=1.6425e-06 relative_l2=3.49591e-06 peak_mismatches=0
2005-Mar-15 13:32:00 14096.5 72.6298 1 568
#MetalCheck max_scaled_error=1.09009e-06 relative_l2=3.34193e-06 peak_mismatches=0
2005-Mar-15 13:39:44 14144.2 73.8993 1 569
#MetalCheck max_scaled_error=1.09655e-06 relative_l2=3.22968e-06 peak_mismatches=0
2005-Mar-15 13:47:28 14358.6 74.9669 1 567
#MetalCheck max_scaled_error=1.41172e-06 relative_l2=3.31126e-06 peak_mismatches=0
2005-Mar-15 13:55:12 14406.1 72.0906 1 567
#MetalCheck max_scaled_error=1.41576e-06 relative_l2=3.23985e-06 peak_mismatches=0
2005-Mar-15 14:02:56 14841.2 73.3951 1 566
#MetalCheck max_scaled_error=1.38283e-06 relative_l2=3.48426e-06 peak_mismatches=0
2005-Mar-15 14:10:40 14777.8 72.6468 1 568
#MetalCheck max_scaled_error=1.19994e-06 relative_l2=3.18006e-06 peak_mismatches=0
2005-Mar-15 14:18:24 14215.8 75.0329 1 566
#MetalCheck max_scaled_error=1.02408e-06 relative_l2=3.20115e-06 peak_mismatches=0
2005-Mar-15 14:26:08 14332.9 74.0354 1 564
#MetalCheck max_scaled_error=1.41043e-06 relative_l2=3.53395e-06 peak_mismatches=0
2005-Mar-15 14:33:52 14451.1 72.6033 1 567
#MetalCheck max_scaled_error=1.27956e-06 relative_l2=3.20174e-06 peak_mismatches=0
2005-Mar-15 14:41:36 13975.4 73.2103 1 564
#MetalCheck max_scaled_error=1.21051e-06 relative_l2=3.26495e-06 peak_mismatches=0
2005-Mar-15 14:49:20 14360.3 73.9922 1 566
#MetalCheck max_scaled_error=1.21804e-06 relative_l2=3.29692e-06 peak_mismatches=0
2005-Mar-15 14:57:04 15085.6 74.2578 1 564
#MetalCheck max_scaled_error=1.32428e-06 relative_l2=3.16253e-06 peak_mismatches=0
2005-Mar-15 15:04:48 14277.3 73.713 1 562
#MetalCheck max_scaled_error=1.34704e-06 relative_l2=3.20566e-06 peak_mismatches=0
2005-Mar-15 15:12:32 14445.7 72.1346 1 563
#MetalCheck max_scaled_error=1.08752e-06 relative_l2=3.2111e-06 peak_mismatches=0
2005-Mar-15 15:20:16 13873 73.8697 1 560
#MetalCheck max_scaled_error=1.11043e-06 relative_l2=3.15369e-06 peak_mismatches=0
2005-Mar-15 15:28:00 14223.1 74.1633 1 560
#MetalCheck max_scaled_error=1.03242e-06 relative_l2=3.22316e-06 peak_mismatches=0
2005-Mar-15 15:35:44 14316.2 74.6216 1 562
#MetalCheck max_scaled_error=1.03414e-06 relative_l2=3.24232e-06 peak_mismatches=0
2005-Mar-15 15:43:28 14507.3 74.1609 1 562
#MetalCheck max_scaled_error=1.38636e-06 relative_l2=3.08576e-06 peak_mismatches=0
2005-Mar-15 15:51:12 14264.6 73.91 1 558
#MetalCheck max_scaled_error=1.78517e-06 relative_l2=3.03458e-06 peak_mismatches=0
2005-Mar-15 15:58:56 14135.7 75.4269 1 559
#MetalCheck max_scaled_error=1.42291e-06 relative_l2=3.12898e-06 peak_mismatches=0
2005-Mar-15 16:06:40 14764.3 73.5778 1 562
#MetalCheck max_scaled_error=1.18138e-06 relative_l2=3.10358e-06 peak_mismatches=0
2005-Mar-15 16:14:24 14324.2 71.9531 1 560
#MetalCheck max_scaled_error=1.39134e-06 relative_l2=3.26687e-06 peak_mismatches=0
2005-Mar-15 16:45:20 14464 73.0268 1 559
#MetalCheck max_scaled_error=1.37584e-06 relative_l2=3.29484e-06 peak_mismatches=0
2005-Mar-15 16:53:04 14314.4 74.2506 1 562
#MetalCheck max_scaled_error=1.14537e-06 relative_l2=3.17589e-06 peak_mismatches=0
2005-Mar-15 17:00:48 14101.1 75.203 1 560
#MetalCheck max_scaled_error=1.09968e-06 relative_l2=3.23587e-06 peak_mismatches=0
2005-Mar-15 17:08:32 13784.3 74.5554 1 560
#MetalCheck max_scaled_error=1.15551e-06 relative_l2=3.17295e-06 peak_mismatches=0
2005-Mar-15 17:16:16 14261.7 76.106 1 559
#MetalCheck max_scaled_error=1.36972e-06 relative_l2=3.18868e-06 peak_mismatches=0
2005-Mar-15 17:24:00 14192.4 73.2771 1 561
#MetalCheck max_scaled_error=1.49805e-06 relative_l2=3.07009e-06 peak_mismatches=0
2005-Mar-15 17:31:44 14320.1 73.9292 1 558
#MetalCheck max_scaled_error=1.25108e-06 relative_l2=3.23424e-06 peak_mismatches=0
2005-Mar-15 17:39:28 14570.3 73.4605 1 560
#$8.03993e-18 -1.54344e-17 2
#deg max=120 2.0944
#dp_Δ max=-1.25e-06
#POWER_PROFILE stage=grid total_s=0.0861668
#POWER_PROFILE stage=bootstrap total_s=1.34696
#deg max=45 0.785398
#dp_Δ max=-1.25e-06
#POWER_PROFILE stage=grid total_s=0.0853582
#POWER_PROFILE stage=bootstrap total_s=1.30898
#$8.50758e-18 -2.96902e-18 0
#deg max=130 2.26893
#dp_Δ max=-4.25e-06
#POWER_PROFILE stage=grid total_s=0.0854485
#POWER_PROFILE stage=bootstrap total_s=1.3042
#deg max=140 2.44346
#dp_Δ max=-1.25e-06
#POWER_PROFILE stage=grid total_s=0.0865226
#POWER_PROFILE stage=bootstrap total_s=1.33613
#$3.76874e-18 -1.28509e-17 1
#deg max=125 2.18166
#dp_Δ max=-1.85e-05
#POWER_PROFILE stage=grid total_s=0.0848988
#POWER_PROFILE stage=bootstrap total_s=1.29447
#deg max=60 1.0472
#dp_Δ max=-5e-07
#POWER_PROFILE stage=grid total_s=0.0849982
#POWER_PROFILE stage=bootstrap total_s=1.30897
#PROFILE segment=2 windows=43 fft_qc_s=0.0782042 pack_s=0.0213931 stack_s=5.37936 fit_s=11.1973 total_s=16.678
#Segment 2005-Mar-15 2 accepted_windows=43
#MetalCheck max_scaled_error=1.0424e-06 relative_l2=2.9797e-06 peak_mismatches=0
2005-Mar-15 18:02:40 14144.5 74.6565 1 559
#MetalCheck max_scaled_error=1.03594e-06 relative_l2=3.10094e-06 peak_mismatches=0
2005-Mar-15 18:10:24 14306.7 76.1337 1 558
#MetalCheck max_scaled_error=1.07872e-06 relative_l2=3.10067e-06 peak_mismatches=0
2005-Mar-15 18:25:52 14873.9 73.8123 1 560
#MetalCheck max_scaled_error=1.14711e-06 relative_l2=3.15185e-06 peak_mismatches=0
2005-Mar-15 18:41:20 14601.7 73.9739 1 558
#MetalCheck max_scaled_error=1.21432e-06 relative_l2=3.14325e-06 peak_mismatches=0
2005-Mar-15 18:49:04 14135.2 75.5556 1 560
#MetalCheck max_scaled_error=1.34547e-06 relative_l2=3.16238e-06 peak_mismatches=0
2005-Mar-15 18:56:48 14525.1 74.9439 1 560
#MetalCheck max_scaled_error=1.00168e-06 relative_l2=3.02953e-06 peak_mismatches=0
2005-Mar-15 19:12:16 14637.1 75.8213 1 559
#MetalCheck max_scaled_error=1.21317e-06 relative_l2=2.92539e-06 peak_mismatches=0
2005-Mar-15 19:20:00 14518.4 76.2655 1 558
#MetalCheck max_scaled_error=1.05609e-06 relative_l2=3.10499e-06 peak_mismatches=0
2005-Mar-15 19:27:44 14178.9 74.7131 1 558
#MetalCheck max_scaled_error=1.51952e-06 relative_l2=3.17908e-06 peak_mismatches=0
2005-Mar-15 19:35:28 14537.3 76.0305 1 561
#MetalCheck max_scaled_error=1.12707e-06 relative_l2=2.90545e-06 peak_mismatches=0
2005-Mar-15 19:58:40 14339 77.0887 1 559
#MetalCheck max_scaled_error=1.1343e-06 relative_l2=3.01096e-06 peak_mismatches=0
2005-Mar-15 20:06:24 14180.6 76.2803 1 560
#MetalCheck max_scaled_error=7.24389e-07 relative_l2=2.89282e-06 peak_mismatches=0
2005-Mar-15 20:14:08 14455.2 78.1923 1 559
#MetalCheck max_scaled_error=1.1186e-06 relative_l2=2.9592e-06 peak_mismatches=0
2005-Mar-15 20:21:52 13827.3 78.2428 1 560
#MetalCheck max_scaled_error=7.99695e-07 relative_l2=2.86284e-06 peak_mismatches=0
2005-Mar-15 20:29:36 14222.6 76.6661 1 562
#MetalCheck max_scaled_error=7.84009e-07 relative_l2=2.68476e-06 peak_mismatches=0
2005-Mar-15 20:37:20 14681.1 77.5335 1 559
#MetalCheck max_scaled_error=1.00049e-06 relative_l2=2.95633e-06 peak_mismatches=0
2005-Mar-15 20:45:04 13972.1 79.3797 1 563
#MetalCheck max_scaled_error=8.01089e-07 relative_l2=2.84903e-06 peak_mismatches=0
2005-Mar-15 20:52:48 14504.3 78.3473 1 562
#MetalCheck max_scaled_error=1.29404e-06 relative_l2=3.24638e-06 peak_mismatches=0
2005-Mar-15 21:00:32 14744.1 77.8562 1 566
#MetalCheck max_scaled_error=1.06444e-06 relative_l2=2.93069e-06 peak_mismatches=0
2005-Mar-15 21:08:16 14706.4 78.7682 1 562
#MetalCheck max_scaled_error=7.52503e-07 relative_l2=2.79019e-06 peak_mismatches=0
2005-Mar-15 21:16:00 13905.2 80.8551 1 562
#MetalCheck max_scaled_error=8.96215e-07 relative_l2=2.79851e-06 peak_mismatches=0
2005-Mar-15 21:23:44 13819 80.0062 1 563
#MetalCheck max_scaled_error=1.07335e-06 relative_l2=2.96855e-06 peak_mismatches=0
2005-Mar-15 21:31:28 14358.1 79.0945 1 565
#MetalCheck max_scaled_error=6.24463e-07 relative_l2=2.71399e-06 peak_mismatches=0
2005-Mar-15 21:39:12 14028.5 81.64 1 563
#MetalCheck max_scaled_error=7.0836e-07 relative_l2=2.85735e-06 peak_mismatches=0
2005-Mar-15 21:46:56 13872.5 80.4997 1 565
#MetalCheck max_scaled_error=6.43349e-07 relative_l2=2.91174e-06 peak_mismatches=0
2005-Mar-15 21:54:40 14417.5 81.4922 1 565
#MetalCheck max_scaled_error=6.39321e-07 relative_l2=2.91989e-06 peak_mismatches=0
2005-Mar-15 22:02:24 14547.3 82.053 1 568
#MetalCheck max_scaled_error=5.58036e-07 relative_l2=2.55981e-06 peak_mismatches=0
2005-Mar-15 22:10:08 13987.9 84.1502 1 562
#MetalCheck max_scaled_error=8.53553e-07 relative_l2=2.64909e-06 peak_mismatches=0
2005-Mar-15 22:17:52 13989.2 84.2231 1 563
#MetalCheck max_scaled_error=8.0516e-07 relative_l2=2.58777e-06 peak_mismatches=0
2005-Mar-15 22:25:36 14194.6 82.3884 1 564
#MetalCheck max_scaled_error=4.2139e-07 relative_l2=2.53512e-06 peak_mismatches=0
2005-Mar-15 22:33:20 14036.6 87.6903 1 564
#MetalCheck max_scaled_error=4.38208e-07 relative_l2=2.50429e-06 peak_mismatches=0
2005-Mar-15 22:41:04 14018.7 90.0694 1 564
#MetalCheck max_scaled_error=5.68033e-07 relative_l2=2.51599e-06 peak_mismatches=0
2005-Mar-15 22:48:48 14197.7 87.3061 1 565
#MetalCheck max_scaled_error=5.61972e-07 relative_l2=2.52622e-06 peak_mismatches=0
2005-Mar-15 22:56:32 14239.7 85.959 1 565
#MetalCheck max_scaled_error=6.49932e-07 relative_l2=2.48564e-06 peak_mismatches=0
2005-Mar-15 23:04:16 14943.1 87.1718 1 565
#MetalCheck max_scaled_error=4.15289e-07 relative_l2=2.2052e-06 peak_mismatches=0
2005-Mar-15 23:12:00 14569.2 91.524 1 565
#MetalCheck max_scaled_error=3.49197e-07 relative_l2=2.30247e-06 peak_mismatches=0
2005-Mar-15 23:19:44 14889.5 92.8238 1 566
#MetalCheck max_scaled_error=3.58089e-07 relative_l2=2.20314e-06 peak_mismatches=0
2005-Mar-15 23:27:28 14643.2 94.7851 1 568
#MetalCheck max_scaled_error=4.93962e-07 relative_l2=2.22972e-06 peak_mismatches=0
2005-Mar-15 23:35:12 14328.2 95.2472 1 567
#$8.30528e-18 -1.66937e-17 2
#deg max=75 1.309
#dp_Δ max=-3.5e-06
#POWER_PROFILE stage=grid total_s=0.0775563
#POWER_PROFILE stage=bootstrap total_s=1.18157
#$9.18288e-18 -3.32637e-18 0
#deg max=105 1.8326
#dp_Δ max=-1.25e-06
#POWER_PROFILE stage=grid total_s=0.0781365
#POWER_PROFILE stage=bootstrap total_s=1.17561
#deg max=145 2.53073
#dp_Δ max=-5.75e-06
#POWER_PROFILE stage=grid total_s=0.0771054
#POWER_PROFILE stage=bootstrap total_s=1.18948
#$3.96137e-18 -1.33239e-17 1
#deg max=135 2.35619
#dp_Δ max=-2.75e-06
#POWER_PROFILE stage=grid total_s=0.0771135
#POWER_PROFILE stage=bootstrap total_s=1.18124
#PROFILE segment=3 windows=39 fft_qc_s=0.0754119 pack_s=0.0195658 stack_s=4.85822 fit_s=6.30746 total_s=11.2746
#Segment 2005-Mar-15 3 accepted_windows=39
#Start/Users/knishida/Projects/Autofocusing/repo/build-clang/cpu-gpu-3c-mar15-17/input/2005/0316/20050750000.h5 684 65.9475s
#LOAD_PROFILE init_s=0.038397 read_decode_copy_s=2.76443 filter_s=0.248383 total_s=3.05121
#Read data: load_h5 /Users/knishida/Projects/Autofocusing/repo/build-clang/cpu-gpu-3c-mar15-17/input/2005/0316/20050750000.h5 684 69.0025s
#MetalCheck max_scaled_error=4.53495e-07 relative_l2=2.19384e-06 peak_mismatches=0
2005-Mar-16 00:00:00 14260.5 95.7354 1 563
#MetalCheck max_scaled_error=4.98005e-07 relative_l2=2.35692e-06 peak_mismatches=0
2005-Mar-16 00:07:44 14294.8 92.1501 1 564
#MetalCheck max_scaled_error=3.95659e-07 relative_l2=2.31952e-06 peak_mismatches=0
2005-Mar-16 00:15:28 14139.7 92.5051 1 567
#MetalCheck max_scaled_error=3.6976e-07 relative_l2=2.09656e-06 peak_mismatches=0
2005-Mar-16 00:23:12 14045.5 97.6485 1 566
#MetalCheck max_scaled_error=3.78998e-07 relative_l2=2.03241e-06 peak_mismatches=0
2005-Mar-16 00:30:56 14185 99.0769 1 563
#MetalCheck max_scaled_error=3.10567e-07 relative_l2=2.04335e-06 peak_mismatches=0
2005-Mar-16 00:38:40 14157.2 96.5132 1 563
#MetalCheck max_scaled_error=3.45652e-07 relative_l2=1.99369e-06 peak_mismatches=0
2005-Mar-16 00:46:24 14546.3 101.167 1 564
#MetalCheck max_scaled_error=4.13e-07 relative_l2=2.02177e-06 peak_mismatches=0
2005-Mar-16 00:54:08 14720.7 100.397 1 568
#MetalCheck max_scaled_error=3.46687e-07 relative_l2=1.98814e-06 peak_mismatches=0
2005-Mar-16 01:01:52 14258.3 100.311 1 565
#MetalCheck max_scaled_error=3.37211e-07 relative_l2=1.93076e-06 peak_mismatches=0
2005-Mar-16 01:09:36 13870.7 100.765 1 567
#MetalCheck max_scaled_error=3.79483e-07 relative_l2=2.03938e-06 peak_mismatches=0
2005-Mar-16 01:17:20 14603.6 102.846 1 570
#MetalCheck max_scaled_error=3.67267e-07 relative_l2=1.93926e-06 peak_mismatches=0
2005-Mar-16 01:25:04 13869.5 103.879 1 569
#MetalCheck max_scaled_error=4.43859e-07 relative_l2=1.90169e-06 peak_mismatches=0
2005-Mar-16 01:32:48 14376.1 106.347 1 568
#MetalCheck max_scaled_error=2.49831e-07 relative_l2=1.84837e-06 peak_mismatches=0
2005-Mar-16 01:40:32 14083.3 106.365 1 572
#MetalCheck max_scaled_error=3.09937e-07 relative_l2=1.79861e-06 peak_mismatches=0
2005-Mar-16 01:48:16 14129.9 110.193 1 574
#MetalCheck max_scaled_error=3.40538e-07 relative_l2=1.92397e-06 peak_mismatches=0
2005-Mar-16 01:56:00 14135.6 105.183 1 570
#MetalCheck max_scaled_error=2.27611e-07 relative_l2=1.77607e-06 peak_mismatches=0
2005-Mar-16 02:03:44 14293.7 110.028 1 571
#MetalCheck max_scaled_error=4.0628e-07 relative_l2=1.8495e-06 peak_mismatches=0
2005-Mar-16 02:11:28 13569.4 112.617 1 566
#MetalCheck max_scaled_error=3.3857e-07 relative_l2=1.93587e-06 peak_mismatches=0
2005-Mar-16 02:19:12 13848.5 107.954 1 569
#MetalCheck max_scaled_error=3.21e-07 relative_l2=1.78847e-06 peak_mismatches=0
2005-Mar-16 02:26:56 13969.1 107.244 1 569
#MetalCheck max_scaled_error=4.03966e-07 relative_l2=1.72353e-06 peak_mismatches=0
2005-Mar-16 02:34:40 14301.4 113.026 1 572
#MetalCheck max_scaled_error=2.90619e-07 relative_l2=1.81064e-06 peak_mismatches=0
2005-Mar-16 02:42:24 14108.1 113.412 1 575
#MetalCheck max_scaled_error=2.56386e-07 relative_l2=1.91571e-06 peak_mismatches=0
2005-Mar-16 02:50:08 13939.7 110.456 1 573
#MetalCheck max_scaled_error=3.07309e-07 relative_l2=1.77303e-06 peak_mismatches=0
2005-Mar-16 02:57:52 14369.4 109.953 1 576
#MetalCheck max_scaled_error=2.73765e-07 relative_l2=1.7449e-06 peak_mismatches=0
2005-Mar-16 03:05:36 14171.7 110.739 1 572
#MetalCheck max_scaled_error=3.00868e-07 relative_l2=1.6397e-06 peak_mismatches=0
2005-Mar-16 03:13:20 14260.5 114.124 1 574
#MetalCheck max_scaled_error=3.41726e-07 relative_l2=1.74051e-06 peak_mismatches=0
2005-Mar-16 03:21:04 14198.8 118.611 1 576
#MetalCheck max_scaled_error=2.55082e-07 relative_l2=2.05355e-06 peak_mismatches=0
2005-Mar-16 03:28:48 14940.1 112.221 1 579
#MetalCheck max_scaled_error=2.22518e-07 relative_l2=1.71454e-06 peak_mismatches=0
2005-Mar-16 03:36:32 14130 115.064 1 575
#MetalCheck max_scaled_error=2.66689e-07 relative_l2=1.91323e-06 peak_mismatches=0
2005-Mar-16 03:44:16 14158.2 107.768 1 578
#MetalCheck max_scaled_error=2.85525e-07 relative_l2=1.65593e-06 peak_mismatches=0
2005-Mar-16 03:52:00 14355.5 112.53 1 576
#MetalCheck max_scaled_error=3.30857e-07 relative_l2=1.73675e-06 peak_mismatches=0
2005-Mar-16 03:59:44 14811.9 115.506 1 578
#MetalCheck max_scaled_error=4.38266e-07 relative_l2=1.70386e-06 peak_mismatches=0
2005-Mar-16 04:07:28 13934.3 112.556 1 577
#MetalCheck max_scaled_error=2.60067e-07 relative_l2=1.69931e-06 peak_mismatches=0
2005-Mar-16 04:15:12 13886.6 113.679 1 577
#MetalCheck max_scaled_error=2.69462e-07 relative_l2=1.5765e-06 peak_mismatches=0
2005-Mar-16 04:22:56 13863.6 114.044 1 580
#MetalCheck max_scaled_error=3.29218e-07 relative_l2=1.70307e-06 peak_mismatches=0
2005-Mar-16 04:30:40 13998.4 112.85 1 578
#MetalCheck max_scaled_error=3.6962e-07 relative_l2=1.88041e-06 peak_mismatches=0
2005-Mar-16 04:38:24 14225.7 112.096 1 580
#MetalCheck max_scaled_error=1.89122e-07 relative_l2=1.62745e-06 peak_mismatches=0
2005-Mar-16 04:46:08 14689.3 114.866 1 582
#MetalCheck max_scaled_error=3.15346e-07 relative_l2=1.86762e-06 peak_mismatches=0
2005-Mar-16 04:53:52 14557.6 104.842 1 579
#MetalCheck max_scaled_error=2.73304e-07 relative_l2=1.7823e-06 peak_mismatches=0
2005-Mar-16 05:01:36 14187.7 108.445 1 582
#MetalCheck max_scaled_error=3.00166e-07 relative_l2=1.6732e-06 peak_mismatches=0
2005-Mar-16 05:09:20 14613.1 113.671 1 583
#MetalCheck max_scaled_error=2.01256e-07 relative_l2=1.4559e-06 peak_mismatches=0
2005-Mar-16 05:17:04 13965.8 123.728 1 582
#MetalCheck max_scaled_error=2.64788e-07 relative_l2=1.82792e-06 peak_mismatches=0
2005-Mar-16 05:24:48 14709.3 114.831 1 583
#MetalCheck max_scaled_error=2.46735e-07 relative_l2=1.79944e-06 peak_mismatches=0
2005-Mar-16 05:32:32 14734.5 109.229 1 583
#MetalCheck max_scaled_error=2.73151e-07 relative_l2=1.72217e-06 peak_mismatches=0
2005-Mar-16 05:40:16 14021.6 109.96 1 583
#MetalCheck max_scaled_error=2.74062e-07 relative_l2=1.62801e-06 peak_mismatches=0
2005-Mar-16 05:48:00 14363.5 113.511 1 583
#MetalCheck max_scaled_error=2.33626e-07 relative_l2=1.61585e-06 peak_mismatches=0
2005-Mar-16 05:55:44 14833.3 113.956 1 584
#MetalCheck max_scaled_error=3.06617e-07 relative_l2=1.62256e-06 peak_mismatches=0
2005-Mar-16 06:03:28 14363.3 112.767 1 585
#$8.89753e-18 -1.81251e-17 2
#deg max=90 1.5708
#dp_Δ max=-1.25e-06
#POWER_PROFILE stage=grid total_s=0.0952148
#POWER_PROFILE stage=bootstrap total_s=1.46278
#$9.08746e-18 -3.38425e-18 0
#deg max=140 2.44346
#dp_Δ max=-1.1e-05
#POWER_PROFILE stage=grid total_s=0.096869
#POWER_PROFILE stage=bootstrap total_s=1.45526
#deg max=90 1.5708
#dp_Δ max=-2.75e-06
#POWER_PROFILE stage=grid total_s=0.099546
#POWER_PROFILE stage=bootstrap total_s=1.46907
#$3.87124e-18 -1.33443e-17 1
#deg max=125 2.18166
#dp_Δ max=-3.5e-06
#POWER_PROFILE stage=grid total_s=0.104196
#POWER_PROFILE stage=bootstrap total_s=1.4604
#PROFILE segment=0 windows=48 fft_qc_s=0.0776237 pack_s=0.0233968 stack_s=6.09709 fit_s=7.87745 total_s=14.0893
#Segment 2005-Mar-16 0 accepted_windows=48
#MetalCheck max_scaled_error=2.33626e-07 relative_l2=1.61585e-06 peak_mismatches=0
2005-Mar-16 05:55:44 14833.3 113.956 1 584
#MetalCheck max_scaled_error=3.06617e-07 relative_l2=1.62256e-06 peak_mismatches=0
2005-Mar-16 06:03:28 14363.3 112.767 1 585
#MetalCheck max_scaled_error=2.53394e-07 relative_l2=1.67263e-06 peak_mismatches=0
2005-Mar-16 06:11:12 14282.7 108.125 1 585
#MetalCheck max_scaled_error=2.11589e-07 relative_l2=1.58164e-06 peak_mismatches=0
2005-Mar-16 06:18:56 14596 110.139 1 586
#MetalCheck max_scaled_error=2.94131e-07 relative_l2=1.81313e-06 peak_mismatches=0
2005-Mar-16 06:26:40 14543.2 102.998 1 585
#MetalCheck max_scaled_error=1.69744e-07 relative_l2=1.57399e-06 peak_mismatches=0
2005-Mar-16 06:34:24 14768.1 106.453 1 588
#MetalCheck max_scaled_error=3.55526e-07 relative_l2=1.62086e-06 peak_mismatches=0
2005-Mar-16 06:42:08 14471.7 106.066 1 590
#MetalCheck max_scaled_error=2.49535e-07 relative_l2=1.80116e-06 peak_mismatches=0
2005-Mar-16 06:49:52 13894.3 106.568 1 588
#MetalCheck max_scaled_error=2.86854e-07 relative_l2=1.8556e-06 peak_mismatches=0
2005-Mar-16 06:57:36 14303.7 102.943 1 587
#MetalCheck max_scaled_error=2.3533e-07 relative_l2=1.7546e-06 peak_mismatches=0
2005-Mar-16 07:05:20 14550 103.941 1 588
#MetalCheck max_scaled_error=1.96851e-07 relative_l2=1.62519e-06 peak_mismatches=0
2005-Mar-16 07:13:04 14023.5 107.483 1 586
#MetalCheck max_scaled_error=1.85881e-07 relative_l2=1.26509e-06 peak_mismatches=0
2005-Mar-16 07:20:48 14165.5 115.529 1 587
#MetalCheck max_scaled_error=2.79745e-07 relative_l2=1.82151e-06 peak_mismatches=0
2005-Mar-16 07:36:16 13595.1 103.418 1 593
#MetalCheck max_scaled_error=2.27195e-07 relative_l2=1.59801e-06 peak_mismatches=0
2005-Mar-16 07:44:00 13907.2 107.908 1 591
#MetalCheck max_scaled_error=2.24468e-07 relative_l2=1.59285e-06 peak_mismatches=0
2005-Mar-16 07:51:44 13597.7 107.324 1 593
#MetalCheck max_scaled_error=2.91207e-07 relative_l2=1.62984e-06 peak_mismatches=0
2005-Mar-16 07:59:28 14360.2 103.426 1 594
#MetalCheck max_scaled_error=2.26639e-07 relative_l2=1.58628e-06 peak_mismatches=0
2005-Mar-16 08:07:12 14890.1 102.355 1 590
#MetalCheck max_scaled_error=2.22259e-07 relative_l2=1.71164e-06 peak_mismatches=0
2005-Mar-16 08:14:56 14695.3 99.7578 1 593
#MetalCheck max_scaled_error=4.49269e-07 relative_l2=1.52741e-06 peak_mismatches=0
2005-Mar-16 08:22:40 14095.1 101.71 1 593
#MetalCheck max_scaled_error=2.42331e-07 relative_l2=1.70686e-06 peak_mismatches=0
2005-Mar-16 08:30:24 14734.6 100.95 1 592
#MetalCheck max_scaled_error=2.44026e-07 relative_l2=1.67932e-06 peak_mismatches=0
2005-Mar-16 08:38:08 14226.1 103.836 1 595
#MetalCheck max_scaled_error=2.57563e-07 relative_l2=1.45089e-06 peak_mismatches=0
2005-Mar-16 09:09:04 14030.7 106.396 1 594
#MetalCheck max_scaled_error=3.66017e-07 relative_l2=1.55021e-06 peak_mismatches=0
2005-Mar-16 09:16:48 13646.3 104.693 1 598
#MetalCheck max_scaled_error=2.67893e-07 relative_l2=1.79213e-06 peak_mismatches=0
2005-Mar-16 09:24:32 14915.7 101.499 1 595
#MetalCheck max_scaled_error=2.64587e-07 relative_l2=1.71227e-06 peak_mismatches=0
2005-Mar-16 09:32:16 14782.7 98.3211 1 595
#MetalCheck max_scaled_error=2.57282e-07 relative_l2=1.63846e-06 peak_mismatches=0
2005-Mar-16 09:40:00 13817.9 101.463 1 598
#MetalCheck max_scaled_error=3.18601e-07 relative_l2=1.56706e-06 peak_mismatches=0
2005-Mar-16 09:47:44 13123.8 102.616 1 598
#MetalCheck max_scaled_error=2.43183e-07 relative_l2=1.75321e-06 peak_mismatches=0
2005-Mar-16 09:55:28 13600.8 96.7964 1 598
#MetalCheck max_scaled_error=2.96831e-07 relative_l2=1.72837e-06 peak_mismatches=0
2005-Mar-16 10:03:12 14162.9 96.3543 1 599
#MetalCheck max_scaled_error=2.93826e-07 relative_l2=1.72281e-06 peak_mismatches=0
2005-Mar-16 10:10:56 13659.6 96.9233 1 602
#MetalCheck max_scaled_error=2.93808e-07 relative_l2=1.66555e-06 peak_mismatches=0
2005-Mar-16 10:18:40 13930.1 98.2263 1 598
#MetalCheck max_scaled_error=2.25944e-07 relative_l2=1.62272e-06 peak_mismatches=0
2005-Mar-16 10:26:24 13569.1 98.3407 1 600
#MetalCheck max_scaled_error=3.27967e-07 relative_l2=1.69024e-06 peak_mismatches=0
2005-Mar-16 10:34:08 14120.3 96.3865 1 602
#MetalCheck max_scaled_error=3.27995e-07 relative_l2=1.65303e-06 peak_mismatches=0
2005-Mar-16 10:41:52 14032.2 99.7343 1 600
#MetalCheck max_scaled_error=1.87339e-07 relative_l2=1.50584e-06 peak_mismatches=0
2005-Mar-16 10:49:36 13772.1 102.319 1 600
#MetalCheck max_scaled_error=2.65942e-07 relative_l2=1.80363e-06 peak_mismatches=0
2005-Mar-16 10:57:20 14969.7 95.2611 1 604
#MetalCheck max_scaled_error=2.87836e-07 relative_l2=1.72541e-06 peak_mismatches=0
2005-Mar-16 11:05:04 14064.5 96.5248 1 602
#MetalCheck max_scaled_error=2.81437e-07 relative_l2=1.83699e-06 peak_mismatches=0
2005-Mar-16 11:12:48 14852.3 96.4776 1 603
#MetalCheck max_scaled_error=2.88087e-07 relative_l2=1.66386e-06 peak_mismatches=0
2005-Mar-16 11:20:32 13949.8 95.9091 1 601
#MetalCheck max_scaled_error=2.89321e-07 relative_l2=1.76027e-06 peak_mismatches=0
2005-Mar-16 11:28:16 14238 95.2284 1 604
#MetalCheck max_scaled_error=4.40293e-07 relative_l2=1.80269e-06 peak_mismatches=0
2005-Mar-16 11:36:00 14928.6 96.4685 1 605
#MetalCheck max_scaled_error=4.48827e-07 relative_l2=1.85747e-06 peak_mismatches=0
2005-Mar-16 11:43:44 14586.7 94.4652 1 607
#MetalCheck max_scaled_error=2.49889e-07 relative_l2=1.66695e-06 peak_mismatches=0
2005-Mar-16 11:51:28 14621.1 95.9006 1 605
#MetalCheck max_scaled_error=3.17452e-07 relative_l2=1.82529e-06 peak_mismatches=0
2005-Mar-16 11:59:12 14507.1 98.6424 1 610
#$8.4151e-18 -1.79994e-17 2
#deg max=100 1.74533
#dp_Δ max=-5e-07
#POWER_PROFILE stage=grid total_s=0.0877344
#POWER_PROFILE stage=bootstrap total_s=1.34405
#$7.98614e-18 -2.80451e-18 0
#deg max=145 2.53073
#dp_Δ max=-7.25e-06
#POWER_PROFILE stage=grid total_s=0.087995
#POWER_PROFILE stage=bootstrap total_s=1.34465
#deg max=110 1.91986
#dp_Δ max=-5e-07
#POWER_PROFILE stage=grid total_s=0.0874323
#POWER_PROFILE stage=bootstrap total_s=1.33699
#$3.54041e-18 -1.22798e-17 1
#deg max=155 2.70526
#dp_Δ max=-2.75e-06
#POWER_PROFILE stage=grid total_s=0.0881697
#POWER_PROFILE stage=bootstrap total_s=1.33608
#PROFILE segment=1 windows=44 fft_qc_s=0.0785583 pack_s=0.0228271 stack_s=5.80101 fit_s=7.10994 total_s=13.0141
#Segment 2005-Mar-16 1 accepted_windows=44
#MetalCheck max_scaled_error=2.49889e-07 relative_l2=1.66695e-06 peak_mismatches=0
2005-Mar-16 11:51:28 14621.1 95.9006 1 605
#MetalCheck max_scaled_error=3.17452e-07 relative_l2=1.82529e-06 peak_mismatches=0
2005-Mar-16 11:59:12 14507.1 98.6424 1 610
#MetalCheck max_scaled_error=3.59962e-07 relative_l2=1.89636e-06 peak_mismatches=0
2005-Mar-16 12:06:56 14167.6 97.5259 1 609
#MetalCheck max_scaled_error=2.5689e-07 relative_l2=1.68545e-06 peak_mismatches=0
2005-Mar-16 12:14:40 14416.1 97.6406 1 603
#MetalCheck max_scaled_error=2.67864e-07 relative_l2=1.75685e-06 peak_mismatches=0
2005-Mar-16 12:22:24 14106.8 95.4072 1 602
#MetalCheck max_scaled_error=3.89941e-07 relative_l2=1.84882e-06 peak_mismatches=0
2005-Mar-16 12:30:08 15026.8 95.793 1 611
#MetalCheck max_scaled_error=2.53401e-07 relative_l2=1.74429e-06 peak_mismatches=0
2005-Mar-16 12:37:52 13983.5 99.4542 1 610
#MetalCheck max_scaled_error=3.60709e-07 relative_l2=1.69766e-06 peak_mismatches=0
2005-Mar-16 12:45:36 14209.9 104.808 1 610
#MetalCheck max_scaled_error=3.56757e-07 relative_l2=1.57562e-06 peak_mismatches=0
2005-Mar-16 12:53:20 14089.3 108.31 1 607
#MetalCheck max_scaled_error=3.51389e-07 relative_l2=1.61524e-06 peak_mismatches=0
2005-Mar-16 13:01:04 14638.1 103.219 1 611
#MetalCheck max_scaled_error=2.83266e-07 relative_l2=1.73439e-06 peak_mismatches=0
2005-Mar-16 13:08:48 13767.7 98.5299 1 611
#MetalCheck max_scaled_error=4.77718e-07 relative_l2=1.82473e-06 peak_mismatches=0
2005-Mar-16 13:16:32 13763.3 98.5637 1 612
#MetalCheck max_scaled_error=4.0573e-07 relative_l2=1.90258e-06 peak_mismatches=0
2005-Mar-16 13:24:16 14253 98.0455 1 614
#MetalCheck max_scaled_error=2.95013e-07 relative_l2=1.74764e-06 peak_mismatches=0
2005-Mar-16 13:32:00 15176.4 95.8265 1 611
#MetalCheck max_scaled_error=3.36814e-07 relative_l2=1.84374e-06 peak_mismatches=0
2005-Mar-16 13:39:44 14207.7 96.5614 1 612
#MetalCheck max_scaled_error=2.59402e-07 relative_l2=1.75621e-06 peak_mismatches=0
2005-Mar-16 13:47:28 14799.4 98.7308 1 610
#MetalCheck max_scaled_error=3.68401e-07 relative_l2=1.79444e-06 peak_mismatches=0
2005-Mar-16 13:55:12 14801.9 99.1167 1 614
#MetalCheck max_scaled_error=2.72647e-07 relative_l2=1.84477e-06 peak_mismatches=0
2005-Mar-16 14:02:56 15020.9 99.4488 1 616
#MetalCheck max_scaled_error=5.07793e-07 relative_l2=2.00637e-06 peak_mismatches=0
2005-Mar-16 14:10:40 14296.1 95.9705 1 614
#MetalCheck max_scaled_error=4.83902e-07 relative_l2=1.82366e-06 peak_mismatches=0
2005-Mar-16 14:18:24 13916.1 98.8672 1 614
#MetalCheck max_scaled_error=2.73268e-07 relative_l2=1.7176e-06 peak_mismatches=0
2005-Mar-16 14:26:08 14280.4 100.8 1 613
#MetalCheck max_scaled_error=3.1547e-07 relative_l2=1.72734e-06 peak_mismatches=0
2005-Mar-16 14:33:52 14391.3 98.3497 1 613
#MetalCheck max_scaled_error=3.34115e-07 relative_l2=1.83088e-06 peak_mismatches=0
2005-Mar-16 14:41:36 14980.7 99.5742 1 612
#MetalCheck max_scaled_error=4.02548e-07 relative_l2=1.83669e-06 peak_mismatches=0
2005-Mar-16 14:49:20 14278.7 101.27 1 612
#MetalCheck max_scaled_error=3.41293e-07 relative_l2=1.81161e-06 peak_mismatches=0
2005-Mar-16 14:57:04 14871.8 98.6229 1 614
#MetalCheck max_scaled_error=3.87384e-07 relative_l2=1.65194e-06 peak_mismatches=0
2005-Mar-16 15:04:48 14200.2 99.4679 1 611
#MetalCheck max_scaled_error=3.40641e-07 relative_l2=1.77527e-06 peak_mismatches=0
2005-Mar-16 15:12:32 14766 102.225 1 616
#MetalCheck max_scaled_error=2.10083e-07 relative_l2=1.78133e-06 peak_mismatches=0
2005-Mar-16 15:20:16 14839 96.5197 1 614
#MetalCheck max_scaled_error=3.47131e-07 relative_l2=1.74664e-06 peak_mismatches=0
2005-Mar-16 15:28:00 13734.7 99.1433 1 617
#MetalCheck max_scaled_error=3.56728e-07 relative_l2=1.94162e-06 peak_mismatches=0
2005-Mar-16 15:35:44 14150.9 105.271 1 620
#MetalCheck max_scaled_error=4.78877e-07 relative_l2=1.88987e-06 peak_mismatches=0
2005-Mar-16 15:58:56 23328.5 106.047 1 619
#MetalCheck max_scaled_error=2.57197e-07 relative_l2=1.74306e-06 peak_mismatches=0
2005-Mar-16 16:06:40 18565.4 108.651 1 620
#MetalCheck max_scaled_error=4.62202e-07 relative_l2=1.81055e-06 peak_mismatches=0
2005-Mar-16 16:14:24 14560.3 102.202 1 619
#MetalCheck max_scaled_error=2.7657e-07 relative_l2=1.78139e-06 peak_mismatches=0
2005-Mar-16 16:22:08 14503.2 103.402 1 621
#MetalCheck max_scaled_error=3.45936e-07 relative_l2=1.92693e-06 peak_mismatches=0
2005-Mar-16 16:29:52 14203.7 101.863 1 621
#MetalCheck max_scaled_error=3.6925e-07 relative_l2=1.90828e-06 peak_mismatches=0
2005-Mar-16 16:37:36 14163.8 99.4497 1 621
#MetalCheck max_scaled_error=4.34476e-07 relative_l2=1.86601e-06 peak_mismatches=0
2005-Mar-16 16:45:20 14920.5 101.299 1 621
#MetalCheck max_scaled_error=3.48193e-07 relative_l2=1.95429e-06 peak_mismatches=0
2005-Mar-16 16:53:04 14050.3 99.1397 1 618
#MetalCheck max_scaled_error=2.82096e-07 relative_l2=1.82861e-06 peak_mismatches=0
2005-Mar-16 17:00:48 14348.2 102.968 1 622
#MetalCheck max_scaled_error=3.60649e-07 relative_l2=1.77052e-06 peak_mismatches=0
2005-Mar-16 17:08:32 13804.7 104.048 1 618
#MetalCheck max_scaled_error=2.70712e-07 relative_l2=1.72367e-06 peak_mismatches=0
2005-Mar-16 17:16:16 13798.7 102.747 1 623
#MetalCheck max_scaled_error=2.91788e-07 relative_l2=1.61139e-06 peak_mismatches=0
2005-Mar-16 17:24:00 13886.8 105.151 1 621
#MetalCheck max_scaled_error=3.70635e-07 relative_l2=1.6425e-06 peak_mismatches=0
2005-Mar-16 17:31:44 14049.2 103.583 1 623
#MetalCheck max_scaled_error=3.08982e-07 relative_l2=1.74234e-06 peak_mismatches=0
2005-Mar-16 17:39:28 14435 102.499 1 622
#MetalCheck max_scaled_error=2.75784e-07 relative_l2=1.60635e-06 peak_mismatches=0
2005-Mar-16 17:47:12 14089.1 105.424 1 622
#MetalCheck max_scaled_error=2.87529e-07 relative_l2=1.62004e-06 peak_mismatches=0
2005-Mar-16 17:54:56 14672.3 104.532 1 621
#$7.88678e-18 -1.90626e-17 2
#deg max=105 1.8326
#dp_Δ max=-1.25e-06
#POWER_PROFILE stage=grid total_s=0.0911858
#POWER_PROFILE stage=bootstrap total_s=1.4083
#$7.68123e-18 -3.38238e-18 0
#deg max=25 0.436332
#dp_Δ max=-5.75e-06
#POWER_PROFILE stage=grid total_s=0.0914334
#POWER_PROFILE stage=bootstrap total_s=1.40215
#deg max=105 1.8326
#dp_Δ max=-5e-07
#POWER_PROFILE stage=grid total_s=0.0915441
#POWER_PROFILE stage=bootstrap total_s=1.40635
#deg max=130 2.26893
#dp_Δ max=2.5e-07
#POWER_PROFILE stage=grid total_s=0.0917883
#POWER_PROFILE stage=bootstrap total_s=1.39687
#$3.36117e-18 -1.22053e-17 1
#deg max=140 2.44346
#dp_Δ max=2.5e-06
#POWER_PROFILE stage=grid total_s=0.091615
#POWER_PROFILE stage=bootstrap total_s=1.39408
#deg max=105 1.8326
#dp_Δ max=-5e-06
#POWER_PROFILE stage=grid total_s=0.0911974
#POWER_PROFILE stage=bootstrap total_s=1.40096
#PROFILE segment=2 windows=46 fft_qc_s=0.0787977 pack_s=0.0240185 stack_s=6.25775 fit_s=11.2976 total_s=17.6598
#Segment 2005-Mar-16 2 accepted_windows=46
#MetalCheck max_scaled_error=2.75784e-07 relative_l2=1.60635e-06 peak_mismatches=0
2005-Mar-16 17:47:12 14089.1 105.424 1 622
#MetalCheck max_scaled_error=2.87529e-07 relative_l2=1.62004e-06 peak_mismatches=0
2005-Mar-16 17:54:56 14672.3 104.532 1 621
#MetalCheck max_scaled_error=4.8231e-07 relative_l2=1.92655e-06 peak_mismatches=0
2005-Mar-16 18:02:40 13923.6 100.939 1 624
#MetalCheck max_scaled_error=2.86519e-07 relative_l2=1.78618e-06 peak_mismatches=0
2005-Mar-16 18:10:24 14294.2 105.116 1 625
#MetalCheck max_scaled_error=3.66568e-07 relative_l2=1.55166e-06 peak_mismatches=0
2005-Mar-16 18:18:08 14586.5 106.771 1 626
#MetalCheck max_scaled_error=3.05341e-07 relative_l2=1.63001e-06 peak_mismatches=0
2005-Mar-16 18:25:52 14545.3 107.384 1 624
#MetalCheck max_scaled_error=3.93306e-07 relative_l2=1.78432e-06 peak_mismatches=0
2005-Mar-16 18:33:36 14744.5 102.033 1 625
#MetalCheck max_scaled_error=2.81963e-07 relative_l2=1.66779e-06 peak_mismatches=0
2005-Mar-16 18:41:20 14365.4 105.454 1 626
#MetalCheck max_scaled_error=3.4087e-07 relative_l2=1.86415e-06 peak_mismatches=0
2005-Mar-16 18:49:04 14840.2 102.212 1 629
#MetalCheck max_scaled_error=5.14826e-07 relative_l2=1.72226e-06 peak_mismatches=0
2005-Mar-16 18:56:48 14531.1 101.818 1 625
#MetalCheck max_scaled_error=5.46693e-07 relative_l2=1.61281e-06 peak_mismatches=0
2005-Mar-16 19:04:32 13901.1 105.594 1 625
#MetalCheck max_scaled_error=5.12154e-07 relative_l2=1.6481e-06 peak_mismatches=0
2005-Mar-16 19:12:16 14337.4 100.365 1 626
#MetalCheck max_scaled_error=3.83348e-07 relative_l2=1.62605e-06 peak_mismatches=0
2005-Mar-16 19:20:00 14058.5 103.761 1 628
#MetalCheck max_scaled_error=2.42728e-07 relative_l2=1.64039e-06 peak_mismatches=0
2005-Mar-16 19:27:44 14220 105.195 1 625
#MetalCheck max_scaled_error=3.63272e-07 relative_l2=1.47724e-06 peak_mismatches=0
2005-Mar-16 19:35:28 13985.3 108.646 1 627
#MetalCheck max_scaled_error=3.42727e-07 relative_l2=1.63329e-06 peak_mismatches=0
2005-Mar-16 19:43:12 14507.2 103.446 1 625
#MetalCheck max_scaled_error=3.97686e-07 relative_l2=1.91218e-06 peak_mismatches=0
2005-Mar-16 19:50:56 14256.3 103.052 1 629
#MetalCheck max_scaled_error=2.44835e-07 relative_l2=1.636e-06 peak_mismatches=0
2005-Mar-16 19:58:40 13896.4 104.879 1 624
#MetalCheck max_scaled_error=3.28706e-07 relative_l2=1.51646e-06 peak_mismatches=0
2005-Mar-16 20:06:24 14099.3 106.415 1 627
#MetalCheck max_scaled_error=2.49335e-07 relative_l2=1.58367e-06 peak_mismatches=0
2005-Mar-16 20:14:08 13988.4 108.219 1 625
#MetalCheck max_scaled_error=3.53233e-07 relative_l2=1.56755e-06 peak_mismatches=0
2005-Mar-16 20:21:52 13750.6 108.969 1 628
#MetalCheck max_scaled_error=3.67746e-07 relative_l2=1.7974e-06 peak_mismatches=0
2005-Mar-16 20:29:36 13917 104.878 1 630
#MetalCheck max_scaled_error=3.16833e-07 relative_l2=1.81769e-06 peak_mismatches=0
2005-Mar-16 20:37:20 14444.6 105.019 1 627
#MetalCheck max_scaled_error=3.82523e-07 relative_l2=1.68587e-06 peak_mismatches=0
2005-Mar-16 20:45:04 14544 105.102 1 628
#MetalCheck max_scaled_error=3.67623e-07 relative_l2=1.51741e-06 peak_mismatches=0
2005-Mar-16 20:52:48 14643.8 108.347 1 626
#MetalCheck max_scaled_error=2.67962e-07 relative_l2=1.64479e-06 peak_mismatches=0
2005-Mar-16 21:00:32 14251.8 107.503 1 628
#MetalCheck max_scaled_error=3.2427e-07 relative_l2=1.72809e-06 peak_mismatches=0
2005-Mar-16 21:08:16 14529.5 104.238 1 628
#MetalCheck max_scaled_error=3.61742e-07 relative_l2=1.96058e-06 peak_mismatches=0
2005-Mar-16 21:16:00 14222 104.236 1 628
#MetalCheck max_scaled_error=2.72246e-07 relative_l2=1.78971e-06 peak_mismatches=0
2005-Mar-16 21:23:44 14588.4 104.481 1 629
#MetalCheck max_scaled_error=3.12657e-07 relative_l2=1.6552e-06 peak_mismatches=0
2005-Mar-16 21:31:28 14039.7 103.392 1 632
#MetalCheck max_scaled_error=4.04245e-07 relative_l2=1.73217e-06 peak_mismatches=0
2005-Mar-16 21:39:12 14374.8 106.323 1 629
#MetalCheck max_scaled_error=6.8886e-07 relative_l2=1.79576e-06 peak_mismatches=0
2005-Mar-16 21:46:56 14769.9 107.553 1 630
#MetalCheck max_scaled_error=2.66382e-07 relative_l2=1.66657e-06 peak_mismatches=0
2005-Mar-16 21:54:40 14217.1 108.66 1 630
#MetalCheck max_scaled_error=2.05895e-07 relative_l2=1.59437e-06 peak_mismatches=0
2005-Mar-16 22:02:24 13931.5 107.524 1 630
#MetalCheck max_scaled_error=4.82792e-07 relative_l2=1.38499e-06 peak_mismatches=0
2005-Mar-16 22:56:32 13858.6 127.226 1 624
#MetalCheck max_scaled_error=2.92625e-07 relative_l2=1.50754e-06 peak_mismatches=0
2005-Mar-16 23:04:16 13816.5 125.641 1 628
#MetalCheck max_scaled_error=4.19961e-07 relative_l2=1.53213e-06 peak_mismatches=0
2005-Mar-16 23:12:00 14283.1 118.586 1 626
#MetalCheck max_scaled_error=2.2532e-07 relative_l2=1.3776e-06 peak_mismatches=0
2005-Mar-16 23:19:44 14299.7 115.903 1 628
#MetalCheck max_scaled_error=5.58169e-07 relative_l2=1.36464e-06 peak_mismatches=0
2005-Mar-16 23:27:28 13718.3 116.264 1 627
#MetalCheck max_scaled_error=2.56296e-07 relative_l2=1.69814e-06 peak_mismatches=0
2005-Mar-16 23:35:12 13633.4 108.238 1 629
#$8.90683e-18 -2.10992e-17 2
#deg max=125 2.18166
#dp_Δ max=-1.25e-06
#POWER_PROFILE stage=grid total_s=0.0792836
#POWER_PROFILE stage=bootstrap total_s=1.21771
#$7.44223e-18 -3.47472e-18 0
#deg max=130 2.26893
#dp_Δ max=-2e-06
#POWER_PROFILE stage=grid total_s=0.0792178
#POWER_PROFILE stage=bootstrap total_s=1.21751
#deg max=125 2.18166
#dp_Δ max=-5e-07
#POWER_PROFILE stage=grid total_s=0.0791928
#POWER_PROFILE stage=bootstrap total_s=1.21658
#$3.40262e-18 -1.21783e-17 1
#deg max=135 2.35619
#dp_Δ max=1e-06
#POWER_PROFILE stage=grid total_s=0.0795101
#POWER_PROFILE stage=bootstrap total_s=1.21964
#PROFILE segment=3 windows=40 fft_qc_s=0.0750114 pack_s=0.0212648 stack_s=5.5628 fit_s=6.47867 total_s=12.1518
#Segment 2005-Mar-16 3 accepted_windows=40
#Start/Users/knishida/Projects/Autofocusing/repo/build-clang/cpu-gpu-3c-mar15-17/input/2005/0317/20050760000.h5 684 125.917s
#LOAD_PROFILE init_s=0.0366887 read_decode_copy_s=2.78583 filter_s=0.246135 total_s=3.06865
#Read data: load_h5 /Users/knishida/Projects/Autofocusing/repo/build-clang/cpu-gpu-3c-mar15-17/input/2005/0317/20050760000.h5 685 128.99s
#MetalCheck max_scaled_error=2.45034e-07 relative_l2=1.6046e-06 peak_mismatches=0
2005-Mar-17 00:00:00 14529.6 106.803 1 634
#MetalCheck max_scaled_error=3.22561e-07 relative_l2=1.60188e-06 peak_mismatches=0
2005-Mar-17 00:07:44 14975 111.432 1 632
#MetalCheck max_scaled_error=2.93752e-07 relative_l2=1.31611e-06 peak_mismatches=0
2005-Mar-17 00:15:28 14879.2 116.566 1 631
#MetalCheck max_scaled_error=3.1468e-07 relative_l2=1.31927e-06 peak_mismatches=0
2005-Mar-17 00:23:12 14544 114.988 1 631
#MetalCheck max_scaled_error=2.8287e-07 relative_l2=1.59856e-06 peak_mismatches=0
2005-Mar-17 00:30:56 14214.2 106.115 1 632
#MetalCheck max_scaled_error=3.3023e-07 relative_l2=1.446e-06 peak_mismatches=0
2005-Mar-17 00:38:40 14289.1 108.024 1 633
#MetalCheck max_scaled_error=3.97907e-07 relative_l2=1.47008e-06 peak_mismatches=0
2005-Mar-17 00:46:24 13894.8 110.283 1 632
#MetalCheck max_scaled_error=4.75244e-07 relative_l2=1.41106e-06 peak_mismatches=0
2005-Mar-17 00:54:08 14599.2 109.316 1 632
#MetalCheck max_scaled_error=2.16175e-07 relative_l2=1.48871e-06 peak_mismatches=0
2005-Mar-17 01:01:52 14512.2 110.592 1 633
#MetalCheck max_scaled_error=5.44995e-07 relative_l2=1.41573e-06 peak_mismatches=0
2005-Mar-17 01:09:36 14808.9 109.095 1 633
#MetalCheck max_scaled_error=2.34995e-07 relative_l2=1.40645e-06 peak_mismatches=0
2005-Mar-17 01:17:20 14116.1 114.132 1 633
#MetalCheck max_scaled_error=2.32137e-07 relative_l2=1.44497e-06 peak_mismatches=0
2005-Mar-17 01:40:32 16640.9 118.353 1 632
#MetalCheck max_scaled_error=4.66582e-07 relative_l2=1.49169e-06 peak_mismatches=0
2005-Mar-17 01:48:16 20716.7 113.933 1 632
#MetalCheck max_scaled_error=3.17262e-07 relative_l2=1.50461e-06 peak_mismatches=0
2005-Mar-17 01:56:00 18279.4 112.686 1 631
#MetalCheck max_scaled_error=3.50907e-07 relative_l2=1.43319e-06 peak_mismatches=0
2005-Mar-17 02:03:44 15332 111.188 1 632
#MetalCheck max_scaled_error=3.00297e-07 relative_l2=1.45104e-06 peak_mismatches=0
2005-Mar-17 02:11:28 14665.1 108.028 1 631
#MetalCheck max_scaled_error=3.81755e-07 relative_l2=1.54752e-06 peak_mismatches=0
2005-Mar-17 02:19:12 14681.1 106.197 1 632
#MetalCheck max_scaled_error=5.12544e-07 relative_l2=1.33031e-06 peak_mismatches=0
2005-Mar-17 02:26:56 14226.8 113.048 1 631
#MetalCheck max_scaled_error=2.1633e-07 relative_l2=1.47459e-06 peak_mismatches=0
2005-Mar-17 02:34:40 15130.1 108.238 1 630
#MetalCheck max_scaled_error=3.61144e-07 relative_l2=1.64055e-06 peak_mismatches=0
2005-Mar-17 02:42:24 14536.4 109.206 1 632
#MetalCheck max_scaled_error=3.04522e-07 relative_l2=1.60079e-06 peak_mismatches=0
2005-Mar-17 02:50:08 14570.1 108.319 1 633
#MetalCheck max_scaled_error=2.29296e-07 relative_l2=1.37523e-06 peak_mismatches=0
2005-Mar-17 02:57:52 14973.2 113.207 1 629
#MetalCheck max_scaled_error=1.85359e-07 relative_l2=1.28211e-06 peak_mismatches=0
2005-Mar-17 03:05:36 14116.3 114.217 1 631
#MetalCheck max_scaled_error=2.72764e-07 relative_l2=1.37848e-06 peak_mismatches=0
2005-Mar-17 03:13:20 14765.5 109.353 1 630
#MetalCheck max_scaled_error=4.37021e-07 relative_l2=1.48826e-06 peak_mismatches=0
2005-Mar-17 03:21:04 14366.8 104.388 1 628
#MetalCheck max_scaled_error=2.87541e-07 relative_l2=1.42178e-06 peak_mismatches=0
2005-Mar-17 03:28:48 13916.3 106.64 1 629
#MetalCheck max_scaled_error=4.43162e-07 relative_l2=1.2793e-06 peak_mismatches=0
2005-Mar-17 03:36:32 14021.4 108.307 1 629
#MetalCheck max_scaled_error=4.35408e-07 relative_l2=1.46769e-06 peak_mismatches=0
2005-Mar-17 03:44:16 13768.3 104.978 1 629
#MetalCheck max_scaled_error=2.48034e-07 relative_l2=1.46029e-06 peak_mismatches=0
2005-Mar-17 03:52:00 13958.5 107.48 1 630
#MetalCheck max_scaled_error=2.95898e-07 relative_l2=1.68521e-06 peak_mismatches=0
2005-Mar-17 03:59:44 13954.2 105.604 1 628
#MetalCheck max_scaled_error=4.03443e-07 relative_l2=1.53358e-06 peak_mismatches=0
2005-Mar-17 04:07:28 14383.4 105.916 1 631
#MetalCheck max_scaled_error=1.94242e-07 relative_l2=1.59823e-06 peak_mismatches=0
2005-Mar-17 04:15:12 15062 102.472 1 630
#MetalCheck max_scaled_error=3.71222e-07 relative_l2=1.52723e-06 peak_mismatches=0
2005-Mar-17 04:22:56 14917.4 103.148 1 630
#MetalCheck max_scaled_error=3.46783e-07 relative_l2=1.35709e-06 peak_mismatches=0
2005-Mar-17 04:30:40 14250.9 103.462 1 628
#MetalCheck max_scaled_error=4.33863e-07 relative_l2=1.52866e-06 peak_mismatches=0
2005-Mar-17 04:38:24 14437.7 102.75 1 629
#MetalCheck max_scaled_error=4.78401e-07 relative_l2=1.45961e-06 peak_mismatches=0
2005-Mar-17 04:46:08 13979.6 102.851 1 629
#MetalCheck max_scaled_error=4.36288e-07 relative_l2=1.52463e-06 peak_mismatches=0
2005-Mar-17 04:53:52 13863.8 101.82 1 626
#MetalCheck max_scaled_error=3.95762e-07 relative_l2=1.51323e-06 peak_mismatches=0
2005-Mar-17 05:01:36 14191.3 101.047 1 628
#MetalCheck max_scaled_error=4.1928e-07 relative_l2=1.55801e-06 peak_mismatches=0
2005-Mar-17 05:09:20 14609.6 100.225 1 629
#MetalCheck max_scaled_error=2.15209e-07 relative_l2=1.49618e-06 peak_mismatches=0
2005-Mar-17 05:17:04 14237.4 101.349 1 629
#MetalCheck max_scaled_error=4.34852e-07 relative_l2=1.30524e-06 peak_mismatches=0
2005-Mar-17 05:24:48 13590.4 105.631 1 628
#MetalCheck max_scaled_error=1.82407e-07 relative_l2=1.42522e-06 peak_mismatches=0
2005-Mar-17 05:32:32 14412.6 102.117 1 627
#MetalCheck max_scaled_error=2.77795e-07 relative_l2=1.49139e-06 peak_mismatches=0
2005-Mar-17 05:40:16 14987 102.59 1 625
#MetalCheck max_scaled_error=7.52075e-07 relative_l2=1.4721e-06 peak_mismatches=0
2005-Mar-17 05:48:00 14092.2 99.5146 1 627
#MetalCheck max_scaled_error=6.06657e-07 relative_l2=1.33786e-06 peak_mismatches=0
2005-Mar-17 05:55:44 14431.7 102.947 1 630
#MetalCheck max_scaled_error=5.25252e-07 relative_l2=1.2612e-06 peak_mismatches=0
2005-Mar-17 06:03:28 15089.4 105.027 1 626
#$8.63454e-18 -2.0805e-17 2
#deg max=135 2.35619
#dp_Δ max=-2e-06
#POWER_PROFILE stage=grid total_s=0.0913422
#POWER_PROFILE stage=bootstrap total_s=1.40755
#$6.63294e-18 -3.41842e-18 0
#deg max=40 0.698132
#dp_Δ max=-2e-06
#POWER_PROFILE stage=grid total_s=0.0913171
#POWER_PROFILE stage=bootstrap total_s=1.40392
#deg max=130 2.26893
#dp_Δ max=-1.25e-06
#POWER_PROFILE stage=grid total_s=0.0921639
#POWER_PROFILE stage=bootstrap total_s=1.40558
#deg max=115 2.00713
#dp_Δ max=-5e-06
#POWER_PROFILE stage=grid total_s=0.091196
#POWER_PROFILE stage=bootstrap total_s=1.40093
#$2.90767e-18 -1.09195e-17 1
#deg max=140 2.44346
#dp_Δ max=-1.25e-06
#POWER_PROFILE stage=grid total_s=0.0912212
#POWER_PROFILE stage=bootstrap total_s=1.39811
#PROFILE segment=0 windows=46 fft_qc_s=0.07766 pack_s=0.024472 stack_s=6.42742 fit_s=9.46638 total_s=15.9978
#Segment 2005-Mar-17 0 accepted_windows=46
#MetalCheck max_scaled_error=6.06657e-07 relative_l2=1.33786e-06 peak_mismatches=0
2005-Mar-17 05:55:44 14431.7 102.947 1 630
#MetalCheck max_scaled_error=5.25252e-07 relative_l2=1.2612e-06 peak_mismatches=0
2005-Mar-17 06:03:28 15089.4 105.027 1 626
#MetalCheck max_scaled_error=2.1215e-07 relative_l2=1.38743e-06 peak_mismatches=0
2005-Mar-17 06:11:12 14745.5 107.618 1 628
#MetalCheck max_scaled_error=2.49952e-07 relative_l2=1.56875e-06 peak_mismatches=0
2005-Mar-17 06:18:56 14319.5 103.025 1 628
#MetalCheck max_scaled_error=4.51726e-07 relative_l2=1.44761e-06 peak_mismatches=0
2005-Mar-17 06:26:40 15205.4 102.136 1 628
#MetalCheck max_scaled_error=2.97855e-07 relative_l2=1.46672e-06 peak_mismatches=0
2005-Mar-17 06:34:24 14545.3 101.934 1 628
#MetalCheck max_scaled_error=3.92434e-07 relative_l2=1.40614e-06 peak_mismatches=0
2005-Mar-17 06:42:08 15107.4 102.842 1 628
#MetalCheck max_scaled_error=2.16479e-07 relative_l2=1.15619e-06 peak_mismatches=0
2005-Mar-17 06:49:52 14928.6 105.937 1 628
#MetalCheck max_scaled_error=2.11636e-07 relative_l2=1.44097e-06 peak_mismatches=0
2005-Mar-17 06:57:36 14995.7 98.264 1 629
#MetalCheck max_scaled_error=3.20619e-07 relative_l2=1.56706e-06 peak_mismatches=0
2005-Mar-17 07:05:20 14711.3 98.9107 1 627
#MetalCheck max_scaled_error=3.3325e-07 relative_l2=1.51222e-06 peak_mismatches=0
2005-Mar-17 07:13:04 14229.5 100.39 1 628
#MetalCheck max_scaled_error=3.28449e-07 relative_l2=1.44085e-06 peak_mismatches=0
2005-Mar-17 07:20:48 14474.9 98.5827 1 630
#MetalCheck max_scaled_error=5.00827e-07 relative_l2=1.56826e-06 peak_mismatches=0
2005-Mar-17 07:51:44 14097.6 102.729 1 628
#MetalCheck max_scaled_error=4.15113e-07 relative_l2=1.41255e-06 peak_mismatches=0
2005-Mar-17 07:59:28 14193.8 103.95 1 626
#MetalCheck max_scaled_error=5.28206e-07 relative_l2=1.42324e-06 peak_mismatches=0
2005-Mar-17 08:07:12 14723.3 101.989 1 626
#MetalCheck max_scaled_error=4.82306e-07 relative_l2=1.41567e-06 peak_mismatches=0
2005-Mar-17 08:14:56 14540.1 97.8859 1 627
#MetalCheck max_scaled_error=3.98847e-07 relative_l2=1.3291e-06 peak_mismatches=0
2005-Mar-17 08:22:40 15755.6 102.388 1 628
#MetalCheck max_scaled_error=2.5762e-07 relative_l2=1.58697e-06 peak_mismatches=0
2005-Mar-17 08:30:24 15331.7 98.0657 1 629
#MetalCheck max_scaled_error=2.99274e-07 relative_l2=1.43587e-06 peak_mismatches=0
2005-Mar-17 08:38:08 13967.9 99.5639 1 626
#MetalCheck max_scaled_error=2.80683e-07 relative_l2=1.39078e-06 peak_mismatches=0
2005-Mar-17 09:09:04 14566.7 98.6594 1 631
#MetalCheck max_scaled_error=2.59273e-07 relative_l2=1.41565e-06 peak_mismatches=0
2005-Mar-17 09:16:48 14213.6 96.782 1 631
#MetalCheck max_scaled_error=2.48088e-07 relative_l2=1.44816e-06 peak_mismatches=0
2005-Mar-17 09:24:32 14768.9 94.7825 1 627
#MetalCheck max_scaled_error=3.06359e-07 relative_l2=1.46232e-06 peak_mismatches=0
2005-Mar-17 09:32:16 13891.4 97.4655 1 630
#MetalCheck max_scaled_error=2.45603e-07 relative_l2=1.37536e-06 peak_mismatches=0
2005-Mar-17 09:40:00 14719.7 97.257 1 631
#MetalCheck max_scaled_error=3.05712e-07 relative_l2=1.31732e-06 peak_mismatches=0
2005-Mar-17 09:47:44 14393.1 100.669 1 630
#MetalCheck max_scaled_error=2.60381e-07 relative_l2=1.53641e-06 peak_mismatches=0
2005-Mar-17 09:55:28 14609.1 98.6309 1 631
#MetalCheck max_scaled_error=4.68186e-07 relative_l2=1.56538e-06 peak_mismatches=0
2005-Mar-17 10:03:12 14335.7 93.7219 1 629
#MetalCheck max_scaled_error=4.45041e-07 relative_l2=1.30367e-06 peak_mismatches=0
2005-Mar-17 10:10:56 14166.4 98.5876 1 632
#MetalCheck max_scaled_error=4.68764e-07 relative_l2=1.41264e-06 peak_mismatches=0
2005-Mar-17 10:18:40 14193.6 98.6943 1 630
#MetalCheck max_scaled_error=4.19954e-07 relative_l2=1.40504e-06 peak_mismatches=0
2005-Mar-17 10:26:24 14354.4 97.1635 1 630
#MetalCheck max_scaled_error=5.03172e-07 relative_l2=1.37989e-06 peak_mismatches=0
2005-Mar-17 10:34:08 14145.8 98.6896 1 631
#MetalCheck max_scaled_error=3.87826e-07 relative_l2=1.39348e-06 peak_mismatches=0
2005-Mar-17 10:41:52 15089.4 97.1548 1 629
#MetalCheck max_scaled_error=4.68837e-07 relative_l2=1.35689e-06 peak_mismatches=0
2005-Mar-17 10:49:36 14710.6 98.3277 1 630
#MetalCheck max_scaled_error=4.30999e-07 relative_l2=1.40833e-06 peak_mismatches=0
2005-Mar-17 10:57:20 14596.8 98.3263 1 634
#MetalCheck max_scaled_error=2.39424e-07 relative_l2=1.52019e-06 peak_mismatches=0
2005-Mar-17 11:05:04 14654.2 95.0026 1 632
#MetalCheck max_scaled_error=3.45276e-07 relative_l2=1.6012e-06 peak_mismatches=0
2005-Mar-17 11:12:48 14259 92.1997 1 630
#MetalCheck max_scaled_error=2.18714e-07 relative_l2=1.5172e-06 peak_mismatches=0
2005-Mar-17 11:20:32 14569 91.3567 1 631
#MetalCheck max_scaled_error=2.40932e-07 relative_l2=1.7774e-06 peak_mismatches=0
2005-Mar-17 11:28:16 14872.8 89.7528 1 631
#MetalCheck max_scaled_error=4.64785e-07 relative_l2=1.68689e-06 peak_mismatches=0
2005-Mar-17 11:36:00 14521.6 91.9538 1 636
#MetalCheck max_scaled_error=3.22082e-07 relative_l2=1.74163e-06 peak_mismatches=0
2005-Mar-17 11:43:44 15027.8 91.7425 1 633
#MetalCheck max_scaled_error=4.09592e-07 relative_l2=1.60371e-06 peak_mismatches=0
2005-Mar-17 11:51:28 14290.2 91.7128 1 633
#MetalCheck max_scaled_error=3.50329e-07 relative_l2=1.68003e-06 peak_mismatches=0
2005-Mar-17 11:59:12 14617.4 91.6773 1 635
#$7.90106e-18 -1.97046e-17 2
#deg max=140 2.44346
#dp_Δ max=-2e-06
#POWER_PROFILE stage=grid total_s=0.0837066
#POWER_PROFILE stage=bootstrap total_s=1.28905
#$5.99713e-18 -2.97477e-18 0
#deg max=55 0.959931
#dp_Δ max=-2.75e-06
#POWER_PROFILE stage=grid total_s=0.083546
#POWER_PROFILE stage=bootstrap total_s=1.28083
#deg max=135 2.35619
#dp_Δ max=-2e-06
#POWER_PROFILE stage=grid total_s=0.0835947
#POWER_PROFILE stage=bootstrap total_s=1.28012
#deg max=110 1.91986
#dp_Δ max=-2.75e-06
#POWER_PROFILE stage=grid total_s=0.0834515
#POWER_PROFILE stage=bootstrap total_s=1.28286
#$2.52461e-18 -9.60426e-18 1
#deg max=140 2.44346
#dp_Δ max=-5e-07
#POWER_PROFILE stage=grid total_s=0.0830292
#POWER_PROFILE stage=bootstrap total_s=1.2849
#PROFILE segment=1 windows=42 fft_qc_s=0.0785798 pack_s=0.0220836 stack_s=5.84852 fit_s=8.51707 total_s=14.468
#Segment 2005-Mar-17 1 accepted_windows=42
#MetalCheck max_scaled_error=4.09592e-07 relative_l2=1.60371e-06 peak_mismatches=0
2005-Mar-17 11:51:28 14290.2 91.7128 1 633
#MetalCheck max_scaled_error=3.50329e-07 relative_l2=1.68003e-06 peak_mismatches=0
2005-Mar-17 11:59:12 14617.4 91.6773 1 635
#MetalCheck max_scaled_error=3.51825e-07 relative_l2=1.65359e-06 peak_mismatches=0
2005-Mar-17 12:06:56 14817.4 92.9395 1 638
#MetalCheck max_scaled_error=2.10759e-07 relative_l2=1.54885e-06 peak_mismatches=0
2005-Mar-17 12:14:40 14666.5 94.3005 1 635
#MetalCheck max_scaled_error=2.8093e-07 relative_l2=1.505e-06 peak_mismatches=0
2005-Mar-17 12:22:24 14579.8 95.5798 1 637
#MetalCheck max_scaled_error=4.86208e-07 relative_l2=1.59579e-06 peak_mismatches=0
2005-Mar-17 12:30:08 14563.7 93.5115 1 635
#MetalCheck max_scaled_error=4.83398e-07 relative_l2=1.58793e-06 peak_mismatches=0
2005-Mar-17 12:37:52 14873.8 93.0058 1 641
#MetalCheck max_scaled_error=2.94843e-07 relative_l2=1.81313e-06 peak_mismatches=0
2005-Mar-17 12:45:36 14733.5 92.0003 1 642
#MetalCheck max_scaled_error=3.17732e-07 relative_l2=1.85692e-06 peak_mismatches=0
2005-Mar-17 12:53:20 14766.8 91.7397 1 639
#MetalCheck max_scaled_error=2.93665e-07 relative_l2=1.75531e-06 peak_mismatches=0
2005-Mar-17 13:01:04 14440.2 97.3095 1 635
#MetalCheck max_scaled_error=3.18212e-07 relative_l2=1.993e-06 peak_mismatches=0
2005-Mar-17 13:08:48 14598.1 93.3793 1 635
#MetalCheck max_scaled_error=3.53609e-07 relative_l2=2.00189e-06 peak_mismatches=0
2005-Mar-17 13:16:32 14914.1 93.4723 1 635
#MetalCheck max_scaled_error=2.55874e-07 relative_l2=1.95223e-06 peak_mismatches=0
2005-Mar-17 13:24:16 14415.1 92.0569 1 634
#MetalCheck max_scaled_error=3.23732e-07 relative_l2=2.09765e-06 peak_mismatches=0
2005-Mar-17 13:32:00 13838.3 91.6257 1 634
#MetalCheck max_scaled_error=3.83578e-07 relative_l2=1.87369e-06 peak_mismatches=0
2005-Mar-17 13:39:44 14475.3 93.5411 1 636
#MetalCheck max_scaled_error=3.81359e-07 relative_l2=1.52748e-06 peak_mismatches=0
2005-Mar-17 13:47:28 14952.8 97.0978 1 637
#MetalCheck max_scaled_error=3.03061e-07 relative_l2=1.91494e-06 peak_mismatches=0
2005-Mar-17 13:55:12 14690.1 96.8167 1 642
#MetalCheck max_scaled_error=2.47107e-07 relative_l2=2.00341e-06 peak_mismatches=0
2005-Mar-17 14:02:56 15322.1 92.5846 1 640
#MetalCheck max_scaled_error=2.4512e-07 relative_l2=2.08987e-06 peak_mismatches=0
2005-Mar-17 14:10:40 14604 93.8724 1 637
#MetalCheck max_scaled_error=2.6852e-07 relative_l2=2.10874e-06 peak_mismatches=0
2005-Mar-17 14:18:24 14692 91.1979 1 634
#MetalCheck max_scaled_error=3.45108e-07 relative_l2=2.42415e-06 peak_mismatches=0
2005-Mar-17 14:26:08 14346.1 92.4505 1 638
#MetalCheck max_scaled_error=3.75901e-07 relative_l2=2.55468e-06 peak_mismatches=0
2005-Mar-17 14:33:52 14234.5 90.4003 1 639
#MetalCheck max_scaled_error=4.13305e-07 relative_l2=2.44334e-06 peak_mismatches=0
2005-Mar-17 14:41:36 14312.4 90.9036 1 639
#MetalCheck max_scaled_error=4.10066e-07 relative_l2=2.29142e-06 peak_mismatches=0
2005-Mar-17 14:49:20 14721.5 93.5638 1 641
#MetalCheck max_scaled_error=4.63526e-07 relative_l2=2.26729e-06 peak_mismatches=0
2005-Mar-17 14:57:04 14920.9 93.8926 1 638
#MetalCheck max_scaled_error=3.42229e-07 relative_l2=2.402e-06 peak_mismatches=0
2005-Mar-17 15:04:48 14834.7 94.0725 1 639
#MetalCheck max_scaled_error=3.67387e-07 relative_l2=2.58067e-06 peak_mismatches=0
2005-Mar-17 15:12:32 15333.5 91.9383 1 638
#MetalCheck max_scaled_error=4.27556e-07 relative_l2=2.66212e-06 peak_mismatches=0
2005-Mar-17 15:20:16 14935.6 87.9254 1 636
#MetalCheck max_scaled_error=4.41326e-07 relative_l2=2.45868e-06 peak_mismatches=0
2005-Mar-17 15:28:00 14623.6 89.4853 1 633
#MetalCheck max_scaled_error=5.74101e-07 relative_l2=2.53261e-06 peak_mismatches=0
2005-Mar-17 15:35:44 14161.3 88.3002 1 639
#MetalCheck max_scaled_error=4.25668e-07 relative_l2=2.59497e-06 peak_mismatches=0
2005-Mar-17 15:43:28 15242.8 89.9762 1 641
#MetalCheck max_scaled_error=4.05966e-07 relative_l2=2.76157e-06 peak_mismatches=0
2005-Mar-17 15:51:12 15737 91.2427 1 641
#MetalCheck max_scaled_error=4.73684e-07 relative_l2=2.79234e-06 peak_mismatches=0
2005-Mar-17 15:58:56 15192 89.4585 1 642
#MetalCheck max_scaled_error=4.79349e-07 relative_l2=2.99514e-06 peak_mismatches=0
2005-Mar-17 16:06:40 14300 87.0734 1 641
#MetalCheck max_scaled_error=5.22209e-07 relative_l2=2.94714e-06 peak_mismatches=0
2005-Mar-17 16:14:24 14478.4 88.4348 1 638
#MetalCheck max_scaled_error=4.58122e-07 relative_l2=3.17778e-06 peak_mismatches=0
2005-Mar-17 16:22:08 14826.3 88.2763 1 641
#MetalCheck max_scaled_error=6.37696e-07 relative_l2=3.50347e-06 peak_mismatches=0
2005-Mar-17 16:29:52 14968.2 86.3515 1 639
#MetalCheck max_scaled_error=6.56747e-07 relative_l2=3.41915e-06 peak_mismatches=0
2005-Mar-17 16:37:36 14552.2 87.7751 1 644
#MetalCheck max_scaled_error=5.23351e-07 relative_l2=3.00602e-06 peak_mismatches=0
2005-Mar-17 16:45:20 14504.5 88.9671 1 639
#MetalCheck max_scaled_error=5.54294e-07 relative_l2=3.22791e-06 peak_mismatches=0
2005-Mar-17 16:53:04 14585.3 89.2968 1 642
#MetalCheck max_scaled_error=7.25258e-07 relative_l2=3.48033e-06 peak_mismatches=0
2005-Mar-17 17:00:48 14326.1 86.2217 1 647
#MetalCheck max_scaled_error=5.48423e-07 relative_l2=3.35257e-06 peak_mismatches=0
2005-Mar-17 17:08:32 14325.3 89.013 1 643
#MetalCheck max_scaled_error=5.30931e-07 relative_l2=3.32609e-06 peak_mismatches=0
2005-Mar-17 17:16:16 14817.2 89.9809 1 647
#MetalCheck max_scaled_error=5.91619e-07 relative_l2=3.58241e-06 peak_mismatches=0
2005-Mar-17 17:24:00 14055.9 89.0667 1 649
#MetalCheck max_scaled_error=7.14688e-07 relative_l2=3.52245e-06 peak_mismatches=0
2005-Mar-17 17:31:44 14655.3 85.5626 1 644
#MetalCheck max_scaled_error=8.64648e-07 relative_l2=3.77423e-06 peak_mismatches=0
2005-Mar-17 17:39:28 14212.7 85.7756 1 646
#MetalCheck max_scaled_error=6.55218e-07 relative_l2=3.62993e-06 peak_mismatches=0
2005-Mar-17 17:47:12 14649.3 87.4148 1 647
#$7.58149e-18 -1.80096e-17 2
#deg max=140 2.44346
#dp_Δ max=-2e-06
#POWER_PROFILE stage=grid total_s=0.095163
#POWER_PROFILE stage=bootstrap total_s=1.43854
#$6.32946e-18 -3.0627e-18 0
#deg max=25 0.436332
#dp_Δ max=-4.25e-06
#POWER_PROFILE stage=grid total_s=0.0934325
#POWER_PROFILE stage=bootstrap total_s=1.43073
#deg max=110 1.91986
#dp_Δ max=-7.25e-06
#POWER_PROFILE stage=grid total_s=0.0930625
#POWER_PROFILE stage=bootstrap total_s=1.43648
#deg max=130 2.26893
#dp_Δ max=-1.25e-06
#POWER_PROFILE stage=grid total_s=0.093168
#POWER_PROFILE stage=bootstrap total_s=1.43731
#$3.14422e-18 -9.77672e-18 1
#deg max=145 2.53073
#dp_Δ max=1e-06
#POWER_PROFILE stage=grid total_s=0.0932594
#POWER_PROFILE stage=bootstrap total_s=1.43001
#PROFILE segment=2 windows=47 fft_qc_s=0.0785763 pack_s=0.0248823 stack_s=6.66758 fit_s=9.47721 total_s=16.25
#Segment 2005-Mar-17 2 accepted_windows=47
#MetalCheck max_scaled_error=5.82197e-07 relative_l2=3.54829e-06 peak_mismatches=0
2005-Mar-17 18:18:08 14548.7 87.117 1 649
#MetalCheck max_scaled_error=9.40501e-07 relative_l2=3.93363e-06 peak_mismatches=0
2005-Mar-17 18:25:52 14510.5 85.8506 1 649
#MetalCheck max_scaled_error=7.52658e-07 relative_l2=3.89079e-06 peak_mismatches=0
2005-Mar-17 18:33:36 14827.9 85.5962 1 651
#MetalCheck max_scaled_error=8.23244e-07 relative_l2=3.85697e-06 peak_mismatches=0
2005-Mar-17 18:41:20 15103.8 85.7742 1 653
#MetalCheck max_scaled_error=7.4347e-07 relative_l2=3.83121e-06 peak_mismatches=0
2005-Mar-17 18:49:04 14593.7 85.0199 1 651
#MetalCheck max_scaled_error=1.14922e-06 relative_l2=3.9156e-06 peak_mismatches=0
2005-Mar-17 18:56:48 14879 83.5631 1 654
#MetalCheck max_scaled_error=6.25987e-07 relative_l2=3.67563e-06 peak_mismatches=0
2005-Mar-17 19:04:32 14642.7 83.5511 1 653
#MetalCheck max_scaled_error=6.46325e-07 relative_l2=3.79129e-06 peak_mismatches=0
2005-Mar-17 19:12:16 14390.3 84.6444 1 651
#MetalCheck max_scaled_error=5.98222e-07 relative_l2=3.86481e-06 peak_mismatches=0
2005-Mar-17 19:20:00 14674.7 85.2912 1 654
#MetalCheck max_scaled_error=1.03349e-06 relative_l2=4.12153e-06 peak_mismatches=0
2005-Mar-17 19:27:44 14142.4 83.0053 1 653
#MetalCheck max_scaled_error=6.66142e-07 relative_l2=3.81399e-06 peak_mismatches=0
2005-Mar-17 19:35:28 14135.2 84.8089 1 653
#MetalCheck max_scaled_error=7.67433e-07 relative_l2=3.84053e-06 peak_mismatches=0
2005-Mar-17 19:43:12 14734.8 84.3355 1 655
#MetalCheck max_scaled_error=8.29799e-07 relative_l2=3.90469e-06 peak_mismatches=0
2005-Mar-17 19:50:56 14609 79.2175 1 651
#MetalCheck max_scaled_error=8.07096e-07 relative_l2=4.01144e-06 peak_mismatches=0
2005-Mar-17 19:58:40 15240.7 80.0007 1 654
#MetalCheck max_scaled_error=6.36482e-07 relative_l2=3.8096e-06 peak_mismatches=0
2005-Mar-17 20:06:24 14627.7 83.7342 1 651
#MetalCheck max_scaled_error=6.57305e-07 relative_l2=3.82805e-06 peak_mismatches=0
2005-Mar-17 20:14:08 14564.3 81.7931 1 651
#MetalCheck max_scaled_error=7.95108e-07 relative_l2=3.88246e-06 peak_mismatches=0
2005-Mar-17 20:21:52 14867.2 81.1757 1 652
#MetalCheck max_scaled_error=8.65096e-07 relative_l2=3.97776e-06 peak_mismatches=0
2005-Mar-17 20:29:36 14738.8 78.9866 1 650
#MetalCheck max_scaled_error=9.27479e-07 relative_l2=3.96093e-06 peak_mismatches=0
2005-Mar-17 20:37:20 15305.1 80.6668 1 650
#MetalCheck max_scaled_error=1.08946e-06 relative_l2=4.13935e-06 peak_mismatches=0
2005-Mar-17 20:45:04 14394.7 80.6215 1 653
#MetalCheck max_scaled_error=9.07859e-07 relative_l2=3.88386e-06 peak_mismatches=0
2005-Mar-17 20:52:48 14715.4 82.1217 1 651
#MetalCheck max_scaled_error=7.80723e-07 relative_l2=3.73597e-06 peak_mismatches=0
2005-Mar-17 21:00:32 14612.2 83.1301 1 650
#MetalCheck max_scaled_error=7.33232e-07 relative_l2=3.81848e-06 peak_mismatches=0
2005-Mar-17 21:08:16 14939.5 80.8275 1 650
#MetalCheck max_scaled_error=9.24139e-07 relative_l2=3.9639e-06 peak_mismatches=0
2005-Mar-17 21:16:00 15290.8 80.5101 1 649
#MetalCheck max_scaled_error=1.13955e-06 relative_l2=4.04668e-06 peak_mismatches=0
2005-Mar-17 21:23:44 14600.4 81.0274 1 648
#MetalCheck max_scaled_error=1.17684e-06 relative_l2=4.03069e-06 peak_mismatches=0
2005-Mar-17 21:31:28 14271.7 81.1608 1 651
#MetalCheck max_scaled_error=9.63775e-07 relative_l2=4.0831e-06 peak_mismatches=0
2005-Mar-17 21:39:12 14497 81.2322 1 649
#MetalCheck max_scaled_error=9.50252e-07 relative_l2=4.06231e-06 peak_mismatches=0
2005-Mar-17 21:46:56 14596.1 80.5798 1 643
#MetalCheck max_scaled_error=1.01442e-06 relative_l2=4.11683e-06 peak_mismatches=0
2005-Mar-17 21:54:40 15128.2 79.2973 1 647
#MetalCheck max_scaled_error=1.00375e-06 relative_l2=4.07508e-06 peak_mismatches=0
2005-Mar-17 22:02:24 14928.7 80.4432 1 644
#MetalCheck max_scaled_error=1.03456e-06 relative_l2=4.02004e-06 peak_mismatches=0
2005-Mar-17 22:10:08 14610.1 81.9717 1 646
#MetalCheck max_scaled_error=7.67639e-07 relative_l2=3.93631e-06 peak_mismatches=0
2005-Mar-17 22:17:52 14494.5 80.8417 1 644
#MetalCheck max_scaled_error=9.66966e-07 relative_l2=4.03873e-06 peak_mismatches=0
2005-Mar-17 22:25:36 14737.2 80.7761 1 646
#$9.66115e-18 -1.75462e-17 2
#deg max=135 2.35619
#dp_Δ max=-3.5e-06
#POWER_PROFILE stage=grid total_s=0.0657309
#POWER_PROFILE stage=bootstrap total_s=1.01295
#$8.79659e-18 -3.91161e-18 0
#deg max=60 1.0472
#dp_Δ max=-4.25e-06
#POWER_PROFILE stage=grid total_s=0.065669
#POWER_PROFILE stage=bootstrap total_s=1.01327
#deg max=150 2.61799
#dp_Δ max=-2.75e-06
#POWER_PROFILE stage=grid total_s=0.0653727
#POWER_PROFILE stage=bootstrap total_s=1.01065
#deg max=130 2.26893
#dp_Δ max=1e-06
#POWER_PROFILE stage=grid total_s=0.0657124
#POWER_PROFILE stage=bootstrap total_s=1.00892
#$6.12312e-18 -1.33426e-17 1
#deg max=140 2.44346
#dp_Δ max=2.5e-07
#POWER_PROFILE stage=grid total_s=0.0654202
#POWER_PROFILE stage=bootstrap total_s=1.00575
#PROFILE segment=3 windows=33 fft_qc_s=0.0604858 pack_s=0.0176083 stack_s=4.76379 fit_s=7.09101 total_s=11.9348
#Segment 2005-Mar-17 3 accepted_windows=33
#ScanSummary days=3 missing=0 empty=0 multiple=0 loaded=3
#PROFILE accepted_windows_total=520
#CPU_PROFILE stage=objective context=serial_caller calls=6771 inclusive_s=83.8295
#CPU_PROFILE stage=objective context=outer_parallel calls=4500 inclusive_s=38.6194
#CPU_PROFILE stage=hessian context=serial_caller calls=415 inclusive_s=5.54777
#CPU_PROFILE stage=hessian context=outer_parallel calls=0 inclusive_s=0
#CPU_PROFILE stage=rotation context=serial_caller calls=180 inclusive_s=0.36383
#CPU_PROFILE stage=rotation context=outer_parallel calls=0 inclusive_s=0
#CPU_PROFILE stage=fitting context=serial_caller calls=60 inclusive_s=11.0924
#CPU_PROFILE stage=fitting context=outer_parallel calls=0 inclusive_s=0
