device=metal (float), device=Apple M4 Max init_s=0.0873749
mode=horizontal stations=17 grid=13 step=0.005 bins=1 coherent=0 offset=0 cpu_s=0.000157812 metal_s=0.000366479 speedup=0.430616761 max_scaled_error=1.69148075e-06 relative_l2=1.42329819e-06 peak_mismatches=0
mode=horizontal stations=17 grid=13 step=0.005 bins=31 coherent=0 offset=0 cpu_s=0.000227438 metal_s=0.0001746245 speedup=1.30244038 max_scaled_error=1.59935157e-06 relative_l2=1.35878845e-06 peak_mismatches=0
mode=horizontal stations=17 grid=13 step=0.005 bins=155 coherent=0 offset=0 cpu_s=0.0003136045 metal_s=0.000182937 speedup=1.71427595 max_scaled_error=4.09986582e-06 relative_l2=2.28807403e-06 peak_mismatches=0
mode=horizontal stations=17 grid=13 step=0.005 bins=257 coherent=0 offset=0 cpu_s=0.000313979 metal_s=0.0001735415 speedup=1.80924447 max_scaled_error=2.83008088e-06 relative_l2=2.43176949e-06 peak_mismatches=0
mode=horizontal stations=17 grid=13 step=0.005 bins=1 coherent=0 offset=1 cpu_s=0.000133125 metal_s=0.0003116875 speedup=0.427110487 max_scaled_error=2.05054005e-06 relative_l2=1.86000703e-06 peak_mismatches=0
mode=horizontal stations=17 grid=13 step=0.005 bins=31 coherent=0 offset=1 cpu_s=0.000175042 metal_s=0.000307229 speedup=0.569744393 max_scaled_error=1.38677786e-06 relative_l2=1.63357658e-06 peak_mismatches=0
mode=horizontal stations=17 grid=13 step=0.005 bins=155 coherent=0 offset=1 cpu_s=0.000216813 metal_s=0.0003500205 speedup=0.619429433 max_scaled_error=2.95786e-06 relative_l2=2.84860946e-06 peak_mismatches=0
mode=horizontal stations=17 grid=13 step=0.005 bins=257 coherent=0 offset=1 cpu_s=0.0002861045 metal_s=0.000156813 speedup=1.82449478 max_scaled_error=3.6731613e-06 relative_l2=3.33859492e-06 peak_mismatches=0
mode=horizontal stations=17 grid=13 step=0.005 bins=1 coherent=1 offset=0 cpu_s=0.000108438 metal_s=0.000136667 speedup=0.793446845 max_scaled_error=3.10399403e-07 relative_l2=8.52127542e-07 peak_mismatches=0
mode=horizontal stations=17 grid=13 step=0.005 bins=31 coherent=1 offset=0 cpu_s=0.0001222295 metal_s=0.000155417 speedup=0.786461584 max_scaled_error=1.88729248e-07 relative_l2=4.14876214e-07 peak_mismatches=0
mode=horizontal stations=17 grid=13 step=0.005 bins=155 coherent=1 offset=0 cpu_s=0.000203833 metal_s=0.0002148545 speedup=0.948702494 max_scaled_error=1.8698674e-07 relative_l2=4.11153951e-07 peak_mismatches=0
mode=horizontal stations=17 grid=13 step=0.005 bins=257 coherent=1 offset=0 cpu_s=0.0002798955 metal_s=0.0001509375 speedup=1.85438012 max_scaled_error=1.16848509e-07 relative_l2=3.02826625e-07 peak_mismatches=0
mode=horizontal stations=17 grid=13 step=0.005 bins=1 coherent=1 offset=1 cpu_s=9.87085e-05 metal_s=0.000127417 speedup=0.774688621 max_scaled_error=3.70953333e-06 relative_l2=2.27724591e-06 peak_mismatches=0
mode=horizontal stations=17 grid=13 step=0.005 bins=31 coherent=1 offset=1 cpu_s=0.000118479 metal_s=0.000160313 speedup=0.739047987 max_scaled_error=1.18724863e-06 relative_l2=1.2549192e-06 peak_mismatches=0
mode=horizontal stations=17 grid=13 step=0.005 bins=155 coherent=1 offset=1 cpu_s=0.000192604 metal_s=0.0001470835 speedup=1.30948747 max_scaled_error=1.52053581e-06 relative_l2=1.9251433e-06 peak_mismatches=0
mode=horizontal stations=17 grid=13 step=0.005 bins=257 coherent=1 offset=1 cpu_s=0.000277896 metal_s=0.000147375 speedup=1.88563868 max_scaled_error=5.04548961e-06 relative_l2=3.01583929e-06 peak_mismatches=0
mode=3c stations=17 grid=13 step=0.005 bins=1 coherent=0 offset=0 cpu_s=0.000100875 metal_s=0.000135292 speedup=0.745609496 max_scaled_error=1.15257054e-06 relative_l2=1.50369015e-06 peak_mismatches=0
mode=3c stations=17 grid=13 step=0.005 bins=31 coherent=0 offset=0 cpu_s=0.0001147085 metal_s=0.0001583545 speedup=0.724377899 max_scaled_error=1.59935157e-06 relative_l2=1.41613063e-06 peak_mismatches=0
mode=3c stations=17 grid=13 step=0.005 bins=155 coherent=0 offset=0 cpu_s=0.000228458 metal_s=0.0003322705 speedup=0.687566305 max_scaled_error=3.21902858e-06 relative_l2=2.40269599e-06 peak_mismatches=0
mode=3c stations=17 grid=13 step=0.005 bins=257 coherent=0 offset=0 cpu_s=0.000314188 metal_s=0.0003511455 speedup=0.894751606 max_scaled_error=3.2803798e-06 relative_l2=2.52830875e-06 peak_mismatches=0
mode=3c stations=17 grid=13 step=0.005 bins=1 coherent=0 offset=1 cpu_s=9.9687e-05 metal_s=0.000142646 speedup=0.698841888 max_scaled_error=1.86312127e-06 relative_l2=1.78073803e-06 peak_mismatches=0
mode=3c stations=17 grid=13 step=0.005 bins=31 coherent=0 offset=1 cpu_s=0.000118125 metal_s=0.000151583 speedup=0.77927604 max_scaled_error=1.38677786e-06 relative_l2=1.75734695e-06 peak_mismatches=0
mode=3c stations=17 grid=13 step=0.005 bins=155 coherent=0 offset=1 cpu_s=0.000205417 metal_s=0.000150063 speedup=1.36887174 max_scaled_error=2.95786e-06 relative_l2=2.83564896e-06 peak_mismatches=0
mode=3c stations=17 grid=13 step=0.005 bins=257 coherent=0 offset=1 cpu_s=0.0002777085 metal_s=0.000157083 speedup=1.76790932 max_scaled_error=3.6731613e-06 relative_l2=3.46418047e-06 peak_mismatches=0
mode=3c stations=17 grid=13 step=0.005 bins=1 coherent=1 offset=0 cpu_s=9.96875e-05 metal_s=0.0001640415 speedup=0.607696833 max_scaled_error=3.10399403e-07 relative_l2=8.6184305e-07 peak_mismatches=0
mode=3c stations=17 grid=13 step=0.005 bins=31 coherent=1 offset=0 cpu_s=0.000115583 metal_s=0.000146479 speedup=0.789075567 max_scaled_error=1.88729248e-07 relative_l2=4.15998786e-07 peak_mismatches=0
mode=3c stations=17 grid=13 step=0.005 bins=155 coherent=1 offset=0 cpu_s=0.0002295415 metal_s=0.0001455 speedup=1.57760481 max_scaled_error=1.8698674e-07 relative_l2=4.14177402e-07 peak_mismatches=0
mode=3c stations=17 grid=13 step=0.005 bins=257 coherent=1 offset=0 cpu_s=0.0003057915 metal_s=0.000147125 speedup=2.0784469 max_scaled_error=1.16848509e-07 relative_l2=3.07572112e-07 peak_mismatches=0
mode=3c stations=17 grid=13 step=0.005 bins=1 coherent=1 offset=1 cpu_s=8.66665e-05 metal_s=0.000118146 speedup=0.733554246 max_scaled_error=3.70953333e-06 relative_l2=2.25900285e-06 peak_mismatches=0
mode=3c stations=17 grid=13 step=0.005 bins=31 coherent=1 offset=1 cpu_s=0.0001112085 metal_s=0.0001423955 speedup=0.780983247 max_scaled_error=1.18724863e-06 relative_l2=1.24628489e-06 peak_mismatches=0
mode=3c stations=17 grid=13 step=0.005 bins=155 coherent=1 offset=1 cpu_s=0.0002402295 metal_s=0.0001393955 speedup=1.72336625 max_scaled_error=1.52053581e-06 relative_l2=1.93638648e-06 peak_mismatches=0
mode=3c stations=17 grid=13 step=0.005 bins=257 coherent=1 offset=1 cpu_s=0.0002988125 metal_s=0.000147333 speedup=2.02814373 max_scaled_error=5.04548961e-06 relative_l2=3.00291385e-06 peak_mismatches=0
