[  1%] Building CXX object CMakeFiles/slant_stack_backend.dir/src/slant_stack_backend.cpp.o
[  3%] Building CXX object CMakeFiles/slant_stack_backend.dir/src/power.cpp.o
[  5%] Building CXX object CMakeFiles/slant_stack_backend.dir/src/metal_power.cpp.o
[  7%] Building OBJCXX object CMakeFiles/slant_stack_backend.dir/src/slant_stack_metal.mm.o
[  9%] Building OBJCXX object CMakeFiles/slant_stack_backend.dir/src/metal_power.mm.o
[ 11%] Linking CXX static library libslant_stack_backend.a
[ 11%] Built target slant_stack_backend
[ 13%] Building CXX object CMakeFiles/test_cpu_parallel.dir/tests/cpu_parallel.cpp.o
[ 15%] Building CXX object CMakeFiles/test_metal_power.dir/tests/metal_power.cpp.o
[ 16%] Building CXX object CMakeFiles/test_metal_slant_stack.dir/tests/metal_slant_stack.cpp.o
[ 18%] Building CXX object CMakeFiles/test_io.dir/tests/io.cpp.o
[ 20%] Building CXX object CMakeFiles/test_metal_slant_stack.dir/src/slant_stack.cpp.o
[ 22%] Linking CXX executable test_metal_slant_stack
Undefined symbols for architecture arm64:
  "_objc_msgSendClass$new$_OBJC_CLASS_$_MTLCompileOptions", referenced from:
      (anonymous namespace)::Backend::Backend() in libslant_stack_backend.a[5](slant_stack_metal.mm.o)
  "_objc_msgSendClass$stringWithUTF8String:$_OBJC_CLASS_$_NSString", referenced from:
      (anonymous namespace)::Backend::Backend() in libslant_stack_backend.a[5](slant_stack_metal.mm.o)
ld: symbol(s) not found for architecture arm64
clang++: error: linker command failed with exit code 1 (use -v to see invocation)
make[2]: *** [test_metal_slant_stack] Error 1
make[1]: *** [CMakeFiles/test_metal_slant_stack.dir/all] Error 2
make[1]: *** Waiting for unfinished jobs....
[ 24%] Building CXX object CMakeFiles/test_cpu_parallel.dir/src/slant_stack.cpp.o
[ 26%] Building CXX object CMakeFiles/test_metal_power.dir/src/slant_stack.cpp.o
[ 28%] Building CXX object CMakeFiles/test_metal_power.dir/src/station_info.cpp.o
[ 30%] Building CXX object CMakeFiles/test_io.dir/src/slant_stack.cpp.o
[ 32%] Building CXX object CMakeFiles/test_metal_power.dir/src/util.cpp.o
[ 33%] Building CXX object CMakeFiles/test_cpu_parallel.dir/src/station_info.cpp.o
[ 35%] Building CXX object CMakeFiles/test_metal_power.dir/src/calTT.cpp.o
[ 37%] Building CXX object CMakeFiles/test_cpu_parallel.dir/src/util.cpp.o
[ 39%] Building CXX object CMakeFiles/test_io.dir/src/station_info.cpp.o
[ 41%] Linking CXX executable test_metal_power
[ 43%] Building CXX object CMakeFiles/test_cpu_parallel.dir/src/calTT.cpp.o
Undefined symbols for architecture arm64:
  "_objc_msgSendClass$new$_OBJC_CLASS_$_MTLCompileOptions", referenced from:
      (anonymous namespace)::Backend::Backend() in libslant_stack_backend.a[5](slant_stack_metal.mm.o)
      (anonymous namespace)::Backend::Backend() in libslant_stack_backend.a[6](metal_power.mm.o)
  "_objc_msgSendClass$stringWithUTF8String:$_OBJC_CLASS_$_NSString", referenced from:
      (anonymous namespace)::Backend::Backend() in libslant_stack_backend.a[5](slant_stack_metal.mm.o)
      (anonymous namespace)::Backend::Backend() in libslant_stack_backend.a[6](metal_power.mm.o)
ld: symbol(s) not found for architecture arm64
clang++: error: linker command failed with exit code 1 (use -v to see invocation)
make[2]: *** [test_metal_power] Error 1
make[1]: *** [CMakeFiles/test_metal_power.dir/all] Error 2
[ 45%] Building CXX object CMakeFiles/test_io.dir/src/util.cpp.o
[ 47%] Building CXX object CMakeFiles/test_io.dir/src/calTT.cpp.o
[ 49%] Linking CXX executable test_cpu_parallel
Undefined symbols for architecture arm64:
  "_objc_msgSendClass$new$_OBJC_CLASS_$_MTLCompileOptions", referenced from:
      (anonymous namespace)::Backend::Backend() in libslant_stack_backend.a[5](slant_stack_metal.mm.o)
      (anonymous namespace)::Backend::Backend() in libslant_stack_backend.a[6](metal_power.mm.o)
  "_objc_msgSendClass$stringWithUTF8String:$_OBJC_CLASS_$_NSString", referenced from:
      (anonymous namespace)::Backend::Backend() in libslant_stack_backend.a[5](slant_stack_metal.mm.o)
      (anonymous namespace)::Backend::Backend() in libslant_stack_backend.a[6](metal_power.mm.o)
ld: symbol(s) not found for architecture arm64
clang++: error: linker command failed with exit code 1 (use -v to see invocation)
make[2]: *** [test_cpu_parallel] Error 1
make[1]: *** [CMakeFiles/test_cpu_parallel.dir/all] Error 2
[ 50%] Linking CXX executable test_io
Undefined symbols for architecture arm64:
  "_objc_msgSendClass$new$_OBJC_CLASS_$_MTLCompileOptions", referenced from:
      (anonymous namespace)::Backend::Backend() in libslant_stack_backend.a[5](slant_stack_metal.mm.o)
      (anonymous namespace)::Backend::Backend() in libslant_stack_backend.a[6](metal_power.mm.o)
  "_objc_msgSendClass$stringWithUTF8String:$_OBJC_CLASS_$_NSString", referenced from:
      (anonymous namespace)::Backend::Backend() in libslant_stack_backend.a[5](slant_stack_metal.mm.o)
      (anonymous namespace)::Backend::Backend() in libslant_stack_backend.a[6](metal_power.mm.o)
ld: symbol(s) not found for architecture arm64
clang++: error: linker command failed with exit code 1 (use -v to see invocation)
make[2]: *** [test_io] Error 1
make[1]: *** [CMakeFiles/test_io.dir/all] Error 2
make: *** [all] Error 2
