#SlantStack backend=metal (float), device=Apple M4 Max
#Power mode=bootstrap
#SlantStack step_s_per_km=0.005 max_s_per_km=0.165 grid=67x67
#0.0996094 0.25
#Start/private/tmp/autofocusing-metal-final-20260914/five-day/input/2004/0101/20040010000.h5 0 0.000234s
#LOAD_PROFILE init_s=0.031337 read_decode_copy_s=0.980816 filter_s=0.105711 total_s=1.11786
#Read data: load_h5 /private/tmp/autofocusing-metal-final-20260914/five-day/input/2004/0101/20040010000.h5 653 1.12219s
2004-Jan-01 00:07:44 13.3949 44.2076 1 583
2004-Jan-01 00:15:28 11.2167 45.6384 1 583
2004-Jan-01 00:23:12 11.1025 44.8013 1 580
2004-Jan-01 00:30:56 10.3604 46.1313 1 574
2004-Jan-01 00:38:40 15.9654 45.4228 1 583
2004-Jan-01 00:46:24 13.4098 43.588 1 575
2004-Jan-01 00:54:08 8.93319 44.4471 1 585
2004-Jan-01 01:01:52 8.50458 45.0065 1 580
2004-Jan-01 01:09:36 10.8332 44.9862 1 584
2004-Jan-01 01:17:20 25.2146 43.9492 1 582
2004-Jan-01 01:25:04 15.2296 44.5186 1 579
2004-Jan-01 01:32:48 12.5551 44.1909 1 583
2004-Jan-01 01:40:32 13.8825 44.0406 1 583
2004-Jan-01 01:48:16 12.3673 44.0186 1 585
2004-Jan-01 01:56:00 11.8572 44.664 1 582
2004-Jan-01 02:03:44 14.9344 44.127 1 585
2004-Jan-01 02:11:28 18.8187 43.4576 1 583
2004-Jan-01 02:19:12 14.0659 45.5744 1 585
2004-Jan-01 02:26:56 10.793 44.1081 1 582
2004-Jan-01 02:34:40 9.75167 42.7027 1 586
2004-Jan-01 02:42:24 9.10767 43.7514 1 583
2004-Jan-01 02:50:08 7.9806 43.2073 1 583
2004-Jan-01 02:57:52 7.78474 43.1817 1 581
2004-Jan-01 03:05:36 7.7461 44.0773 1 583
2004-Jan-01 03:13:20 8.55484 43.0719 1 582
2004-Jan-01 03:21:04 8.89105 42.9943 1 582
2004-Jan-01 03:28:48 8.9963 43.452 1 580
2004-Jan-01 03:36:32 8.55113 43.0608 1 583
2004-Jan-01 03:44:16 9.08051 41.8854 1 584
2004-Jan-01 03:52:00 8.56824 43.1865 1 584
2004-Jan-01 03:59:44 7.84064 43.9463 1 579
2004-Jan-01 04:07:28 8.49277 44.8344 1 582
2004-Jan-01 04:15:12 7.62376 42.6485 1 585
2004-Jan-01 04:22:56 7.51541 41.2661 1 580
2004-Jan-01 04:30:40 7.455 40.9125 1 582
2004-Jan-01 04:38:24 8.99855 43.28 1 579
2004-Jan-01 04:46:08 7.8942 41.5612 1 582
2004-Jan-01 04:53:52 7.3663 41.8922 1 581
2004-Jan-01 05:01:36 7.57048 42.9353 1 578
2004-Jan-01 05:09:20 7.88937 43.075 1 581
2004-Jan-01 05:17:04 8.32239 43.0789 1 582
2004-Jan-01 05:24:48 7.77558 41.7138 1 581
2004-Jan-01 05:32:32 7.50286 41.2466 1 580
2004-Jan-01 05:40:16 8.59256 44.4903 1 582
2004-Jan-01 05:48:00 8.47986 44.6516 1 583
2004-Jan-01 05:55:44 13.2285 41.9488 1 580
2004-Jan-01 06:03:28 12.004 45.6966 1 580
#$2.04911e-17 -1.30878e-17 0
#$1.77974e-17 -2.90129e-17 1
#PROFILE segment=0 windows=47 fft_qc_s=0.052606 pack_s=0.0277655 stack_s=0.190749 fit_s=0.000730459 total_s=0.28562
#Segment 2004-Jan-01 0 accepted_windows=47
2004-Jan-01 05:55:44 13.2285 41.9488 1 580
2004-Jan-01 06:03:28 12.004 45.6966 1 580
2004-Jan-01 06:11:12 9.10012 44.0001 1 583
2004-Jan-01 06:18:56 8.18788 43.7912 1 587
2004-Jan-01 06:26:40 8.11261 41.4198 1 586
2004-Jan-01 06:34:24 9.57967 45.0749 1 580
2004-Jan-01 06:42:08 10.0654 44.7617 1 579
2004-Jan-01 09:09:04 220.09 63.2298 1 579
2004-Jan-01 09:32:16 83.6242 49.1772 1 583
2004-Jan-01 09:40:00 66.5466 46.4446 1 581
2004-Jan-01 09:47:44 50.4974 45.785 1 580
2004-Jan-01 09:55:28 41.1889 44.2113 1 579
2004-Jan-01 10:03:12 32.741 44.5112 1 576
2004-Jan-01 10:10:56 27.8464 42.4734 1 580
2004-Jan-01 10:18:40 23.5094 43.701 1 578
2004-Jan-01 10:26:24 21.3261 45.7289 1 578
2004-Jan-01 11:20:32 318.83 72.0252 1 581
2004-Jan-01 11:28:16 251.398 69.4277 1 582
2004-Jan-01 11:36:00 202.837 63.1182 1 580
#$2.5995e-17 -1.75545e-17 0
#$2.34908e-17 -3.82945e-17 1
#PROFILE segment=1 windows=19 fft_qc_s=0.0525658 pack_s=0.00955058 stack_s=0.0698818 fit_s=0.000739959 total_s=0.134484
#Segment 2004-Jan-01 1 accepted_windows=19
2004-Jan-01 11:51:28 107.368 50.0177 1 581
2004-Jan-01 11:59:12 72.2127 44.7116 1 580
2004-Jan-01 12:53:20 34.4625 41.5503 1 582
2004-Jan-01 13:01:04 24.9787 38.4488 1 578
2004-Jan-01 13:08:48 20.7145 40.3369 1 582
2004-Jan-01 13:16:32 18.7275 39.191 1 582
2004-Jan-01 13:24:16 17.7361 39.0389 1 584
2004-Jan-01 13:32:00 16.2023 38.8516 1 583
2004-Jan-01 13:39:44 19.17 40.0042 1 588
2004-Jan-01 13:47:28 69.0883 44.7447 1 584
2004-Jan-01 13:55:12 150.357 41.8432 1 584
2004-Jan-01 14:02:56 653.453 39.463 1 585
2004-Jan-01 14:10:40 532.43 38.594 1 588
2004-Jan-01 14:18:24 154.301 39.6332 1 584
2004-Jan-01 14:26:08 70.7432 37.6473 1 585
2004-Jan-01 14:33:52 36.8166 36.4358 1 585
2004-Jan-01 14:41:36 28.9375 37.2589 1 586
2004-Jan-01 16:37:36 167.393 50.8577 1 598
2004-Jan-01 16:45:20 144.13 46.0645 1 597
2004-Jan-01 16:53:04 110.392 44.7202 1 597
2004-Jan-01 17:16:16 33.7161 35.0912 1 596
2004-Jan-01 17:24:00 28.0013 34.0041 1 597
2004-Jan-01 17:31:44 23.3103 34.1796 1 597
2004-Jan-01 17:39:28 21.9538 33.3147 1 597
2004-Jan-01 17:47:12 19.0953 31.7809 1 599
2004-Jan-01 17:54:56 14.4756 31.7654 1 596
#$2.14195e-17 -1.20732e-17 0
#$1.80633e-17 -3.23469e-17 1
#PROFILE segment=2 windows=26 fft_qc_s=0.0452589 pack_s=0.0124075 stack_s=0.0970225 fit_s=0.00079675 total_s=0.157159
#Segment 2004-Jan-01 2 accepted_windows=26
2004-Jan-01 17:47:12 19.0953 31.7809 1 599
2004-Jan-01 17:54:56 14.4756 31.7654 1 596
2004-Jan-01 18:02:40 12.3941 30.6814 1 597
2004-Jan-01 18:10:24 11.9738 31.5767 1 595
2004-Jan-01 18:33:36 14.8083 40.4457 1 597
2004-Jan-01 18:41:20 12.5362 37.1903 1 597
2004-Jan-01 18:49:04 12.3977 36.2377 1 596
2004-Jan-01 18:56:48 12.1591 36.2561 1 598
2004-Jan-01 19:04:32 11.845 37.1744 1 598
2004-Jan-01 19:12:16 32.8827 38.8531 1 595
2004-Jan-01 19:20:00 157.523 39.7826 1 599
2004-Jan-01 19:27:44 60.3157 38.8231 1 602
2004-Jan-01 19:35:28 29.4587 35.0671 1 597
2004-Jan-01 19:43:12 18.9061 34.5452 1 598
2004-Jan-01 19:50:56 15.6664 35.4211 1 597
2004-Jan-01 19:58:40 14.2079 34.8779 1 592
2004-Jan-01 20:06:24 13.7459 35.3104 1 594
2004-Jan-01 20:14:08 12.0633 33.8254 1 596
2004-Jan-01 20:21:52 11.7075 33.8905 1 595
2004-Jan-01 20:29:36 15.3105 35.6533 1 594
2004-Jan-01 20:37:20 17.4925 35.2902 1 595
2004-Jan-01 20:45:04 11.9847 33.4582 1 591
2004-Jan-01 20:52:48 10.8644 33.5343 1 594
2004-Jan-01 21:00:32 10.3815 32.9256 1 596
2004-Jan-01 21:08:16 9.8764 31.217 1 597
2004-Jan-01 21:16:00 10.312 33.434 1 595
2004-Jan-01 21:23:44 9.66651 32.0838 1 596
2004-Jan-01 21:31:28 9.62619 31.3068 1 593
2004-Jan-01 21:39:12 9.07149 30.4812 1 595
2004-Jan-01 21:46:56 8.61389 31.2502 1 596
2004-Jan-01 21:54:40 8.25874 29.339 1 595
2004-Jan-01 22:02:24 9.48817 31.0879 1 598
2004-Jan-01 22:17:52 8.83168 28.0797 1 595
2004-Jan-01 22:25:36 9.05594 30.2048 1 595
2004-Jan-01 22:33:20 8.36877 28.2791 1 595
2004-Jan-01 22:41:04 10.0464 31.4461 1 592
2004-Jan-01 22:48:48 11.132 29.0182 1 596
2004-Jan-01 22:56:32 11.1604 29.1801 1 593
2004-Jan-01 23:04:16 12.5972 29.6931 1 595
2004-Jan-01 23:12:00 11.9671 29.0288 1 598
2004-Jan-01 23:19:44 12.4922 28.5303 1 595
2004-Jan-01 23:35:12 97.9569 33.471 1 599
#$1.37598e-17 -7.89148e-18 0
#deg max=100 1.74533
#dp_Δ max=2.5e-07
#POWER_PROFILE stage=grid total_s=0.0649515
#POWER_PROFILE stage=bootstrap total_s=0.0623805
#deg max=120 2.0944
#dp_Δ max=-4.25e-06
#POWER_PROFILE stage=grid total_s=0.0617573
#POWER_PROFILE stage=bootstrap total_s=0.0351451
#$1.10414e-17 -2.09095e-17 1
#PROFILE segment=3 windows=42 fft_qc_s=0.0496909 pack_s=0.0204103 stack_s=0.15848 fit_s=0.782549 total_s=1.02523
#Segment 2004-Jan-01 3 accepted_windows=42
#Start/private/tmp/autofocusing-metal-final-20260914/five-day/input/2004/0102/20040020000.h5 653 2.73239s
#LOAD_PROFILE init_s=0.0273801 read_decode_copy_s=0.940459 filter_s=0.108209 total_s=1.07605
#Read data: load_h5 /private/tmp/autofocusing-metal-final-20260914/five-day/input/2004/0102/20040020000.h5 653 3.81217s
2004-Jan-02 00:00:00 18.9552 30.8722 1 600
2004-Jan-02 00:07:44 13.2348 28.7904 1 596
2004-Jan-02 00:15:28 11.9404 28.4642 1 597
2004-Jan-02 00:23:12 11.9097 30.6176 1 597
2004-Jan-02 00:30:56 11.3933 29.3437 1 599
2004-Jan-02 00:38:40 9.61626 28.1014 1 598
2004-Jan-02 00:46:24 9.39614 30.3773 1 598
2004-Jan-02 00:54:08 9.79201 29.856 1 597
2004-Jan-02 01:01:52 8.6938 29.0052 1 594
2004-Jan-02 01:09:36 8.58281 29.2569 1 594
2004-Jan-02 01:17:20 8.81796 29.7885 1 603
2004-Jan-02 01:25:04 8.25913 30.2546 1 602
2004-Jan-02 01:32:48 9.04764 29.1448 1 596
2004-Jan-02 01:40:32 8.9425 29.3749 1 600
2004-Jan-02 01:48:16 9.86631 29.4855 1 596
2004-Jan-02 01:56:00 9.89208 29.9491 1 597
2004-Jan-02 02:03:44 8.96798 31.4505 1 597
2004-Jan-02 02:11:28 9.04543 31.7377 1 598
2004-Jan-02 02:19:12 8.51101 28.9633 1 601
2004-Jan-02 02:26:56 9.63144 29.5014 1 591
2004-Jan-02 02:34:40 11.6542 29.7801 1 598
2004-Jan-02 02:42:24 9.79186 30.9203 1 596
2004-Jan-02 02:50:08 8.50943 29.5281 1 597
2004-Jan-02 02:57:52 8.10326 30.1444 1 597
2004-Jan-02 03:05:36 7.91206 30.2675 1 596
2004-Jan-02 03:13:20 8.70505 32.3396 1 594
2004-Jan-02 03:21:04 10.4057 33.6392 1 595
2004-Jan-02 03:28:48 10.9306 30.9676 1 594
2004-Jan-02 03:36:32 12.5574 32.4683 1 597
2004-Jan-02 03:44:16 10.0668 30.9342 1 595
2004-Jan-02 03:52:00 9.75741 30.5633 1 596
2004-Jan-02 03:59:44 11.7096 32.3927 1 595
2004-Jan-02 04:07:28 46.7448 33.5471 1 594
2004-Jan-02 04:15:12 39.9005 34.0665 1 596
2004-Jan-02 04:22:56 28.4404 32.8814 1 600
2004-Jan-02 04:30:40 17.9687 35.4208 1 595
2004-Jan-02 04:38:24 14.1358 32.99 1 597
2004-Jan-02 04:46:08 12.2223 35.4505 1 596
2004-Jan-02 04:53:52 10.6297 32.736 1 598
2004-Jan-02 05:01:36 10.8282 33.2013 1 600
2004-Jan-02 05:09:20 10.3747 32.1776 1 601
2004-Jan-02 05:17:04 9.55175 32.76 1 598
2004-Jan-02 05:24:48 11.6396 35.466 1 597
2004-Jan-02 05:32:32 11.5966 32.6129 1 590
2004-Jan-02 05:40:16 9.24907 31.2253 1 597
2004-Jan-02 05:48:00 9.27119 32.7921 1 595
#$1.00396e-17 -5.89727e-18 0
#deg max=105 1.8326
#dp_Δ max=-2.75e-06
#POWER_PROFILE stage=grid total_s=0.0628086
#POWER_PROFILE stage=bootstrap total_s=0.0409938
#deg max=80 1.39626
#dp_Δ max=-1.625e-05
#POWER_PROFILE stage=grid total_s=0.0651486
#POWER_PROFILE stage=bootstrap total_s=0.0374025
#deg max=95 1.65806
#dp_Δ max=-5.75e-06
#POWER_PROFILE stage=grid total_s=0.0631703
#POWER_PROFILE stage=bootstrap total_s=0.0364025
#$7.59493e-18 -1.68263e-17 1
#PROFILE segment=0 windows=46 fft_qc_s=0.044447 pack_s=0.0224971 stack_s=0.172426 fit_s=1.49829 total_s=1.7509
#Segment 2004-Jan-02 0 accepted_windows=46
2004-Jan-02 06:49:52 477.35 37.5305 1 600
2004-Jan-02 06:57:36 149.414 34.0889 1 600
2004-Jan-02 07:05:20 107.98 34.1268 1 596
2004-Jan-02 07:13:04 87.4491 33.8654 1 599
2004-Jan-02 07:20:48 65.7389 34.3001 1 596
2004-Jan-02 07:28:32 49.739 32.5078 1 601
2004-Jan-02 07:36:16 38.447 35.5212 1 601
2004-Jan-02 07:44:00 28.4182 31.8261 1 596
2004-Jan-02 07:51:44 20.8762 33.3148 1 596
2004-Jan-02 07:59:28 18.0001 32.3159 1 596
2004-Jan-02 08:07:12 16.1455 34.5421 1 595
2004-Jan-02 08:14:56 14.1834 34.0755 1 601
2004-Jan-02 08:22:40 14.7761 33.449 1 600
2004-Jan-02 10:57:20 56.5698 33.8296 1 605
2004-Jan-02 11:05:04 38.7354 34.8144 1 605
2004-Jan-02 11:12:48 27.4718 32.8846 1 603
2004-Jan-02 11:20:32 21.7401 33.6476 1 606
2004-Jan-02 11:28:16 19.2333 36.7213 1 604
2004-Jan-02 11:36:00 14.9516 34.2944 1 608
2004-Jan-02 11:43:44 12.3586 34.3825 1 605
2004-Jan-02 11:59:12 11.3763 35.9777 1 607
#$1.12512e-17 -8.09444e-18 0
#deg max=70 1.22173
#dp_Δ max=-1.7e-05
#POWER_PROFILE stage=grid total_s=0.0300034
#POWER_PROFILE stage=bootstrap total_s=0.0204718
#deg max=35 0.610865
#dp_Δ max=-2e-05
#POWER_PROFILE stage=grid total_s=0.0291391
#POWER_PROFILE stage=bootstrap total_s=0.0184144
#$8.82675e-18 -1.96799e-17 1
#PROFILE segment=1 windows=21 fft_qc_s=0.0262891 pack_s=0.0102616 stack_s=0.085675 fit_s=0.385584 total_s=0.50949
#Segment 2004-Jan-02 1 accepted_windows=21
2004-Jan-02 11:51:28 12.7184 39.0209 1 609
2004-Jan-02 11:59:12 11.3763 35.9777 1 607
2004-Jan-02 12:06:56 11.2453 39.267 1 606
2004-Jan-02 12:14:40 11.2943 39.2737 1 606
2004-Jan-02 12:22:24 11.2083 38.44 1 607
2004-Jan-02 12:30:08 11.3165 34.7273 1 604
2004-Jan-02 12:37:52 10.4107 37.2536 1 606
2004-Jan-02 12:45:36 10.5455 37.849 1 607
2004-Jan-02 12:53:20 9.38499 38.4914 1 608
2004-Jan-02 13:01:04 9.94782 39.8858 1 608
2004-Jan-02 13:08:48 9.95981 38.1737 1 609
2004-Jan-02 13:16:32 10.1186 37.5451 1 605
2004-Jan-02 13:24:16 18.4024 38.1643 1 606
2004-Jan-02 14:10:40 22.6426 37.5984 1 612
2004-Jan-02 14:18:24 17.8324 39.4332 1 609
2004-Jan-02 14:26:08 14.5186 39.1581 1 613
2004-Jan-02 14:33:52 13.4069 41.8059 1 612
2004-Jan-02 14:41:36 13.0889 41.6225 1 611
2004-Jan-02 14:49:20 17.0775 41.1211 1 611
2004-Jan-02 15:12:32 33.1567 40.044 1 610
2004-Jan-02 15:20:16 20.4099 39.1091 1 608
2004-Jan-02 15:28:00 17.5494 39.9963 1 610
2004-Jan-02 15:35:44 16.503 39.81 1 608
2004-Jan-02 15:43:28 14.1237 38.3372 1 608
2004-Jan-02 15:51:12 11.9939 39.4144 1 613
2004-Jan-02 15:58:56 11.475 38.6035 1 609
2004-Jan-02 16:06:40 10.2902 38.0793 1 607
2004-Jan-02 16:14:24 9.4438 37.6706 1 610
2004-Jan-02 16:22:08 10.4045 40.9852 1 611
2004-Jan-02 16:29:52 10.113 38.7056 1 606
2004-Jan-02 16:37:36 9.88433 37.2426 1 606
2004-Jan-02 16:45:20 10.6158 41.1233 1 608
2004-Jan-02 16:53:04 11.2278 41.5603 1 609
2004-Jan-02 17:00:48 14.6998 40.1375 1 607
2004-Jan-02 17:08:32 13.5033 42.5594 1 607
2004-Jan-02 17:16:16 10.9181 40.8138 1 603
2004-Jan-02 17:24:00 9.27796 40.4392 1 607
2004-Jan-02 17:31:44 9.32053 39.9362 1 606
2004-Jan-02 17:39:28 9.32816 40.9385 1 609
2004-Jan-02 17:47:12 9.14804 38.9355 1 608
2004-Jan-02 17:54:56 8.62479 35.3986 1 606
#$1.1103e-17 -8.37031e-18 0
#deg max=35 0.610865
#dp_Δ max=-2e-06
#POWER_PROFILE stage=grid total_s=0.0550185
#POWER_PROFILE stage=bootstrap total_s=0.0323755
#deg max=60 1.0472
#dp_Δ max=1.75e-06
#POWER_PROFILE stage=grid total_s=0.054953
#POWER_PROFILE stage=bootstrap total_s=0.0327874
#$8.43882e-18 -1.96591e-17 1
#PROFILE segment=2 windows=41 fft_qc_s=0.0446924 pack_s=0.020051 stack_s=0.160087 fit_s=0.560467 total_s=0.786987
#Segment 2004-Jan-02 2 accepted_windows=41
2004-Jan-02 17:47:12 9.14804 38.9355 1 608
2004-Jan-02 17:54:56 8.62479 35.3986 1 606
2004-Jan-02 18:02:40 9.00864 37.5548 1 606
2004-Jan-02 19:12:16 16.1977 41.2384 1 607
2004-Jan-02 19:20:00 13.9179 40.9456 1 607
2004-Jan-02 19:35:28 16.9107 38.7893 1 609
2004-Jan-02 19:43:12 16.2378 36.584 1 607
2004-Jan-02 19:50:56 17.7423 40.0812 1 606
2004-Jan-02 19:58:40 21.4006 42.791 1 603
2004-Jan-02 20:06:24 13.3579 41.7116 1 604
2004-Jan-02 20:14:08 11.8924 38.3176 1 606
2004-Jan-02 20:21:52 10.6792 37.9115 1 604
2004-Jan-02 20:29:36 12.3352 41.1774 1 602
2004-Jan-02 20:37:20 12.416 39.398 1 602
2004-Jan-02 20:45:04 11.1944 36.7468 1 606
2004-Jan-02 20:52:48 11.4648 39.165 1 604
2004-Jan-02 21:00:32 9.77276 36.1817 1 605
2004-Jan-02 21:08:16 10.1036 38.6499 1 605
2004-Jan-02 21:16:00 10.5925 38.1783 1 603
2004-Jan-02 21:23:44 11.579 38.3624 1 607
2004-Jan-02 21:31:28 11.0695 37.5954 1 608
2004-Jan-02 21:39:12 12.3153 38.3689 1 606
2004-Jan-02 21:46:56 18.3837 39.5522 1 605
2004-Jan-02 21:54:40 64.3417 41.9098 1 604
2004-Jan-02 22:02:24 206.998 37.8496 1 604
2004-Jan-02 22:10:08 768.393 37.3942 1 605
2004-Jan-02 22:17:52 217.467 37.91 1 609
2004-Jan-02 22:25:36 82.5221 37.3338 1 604
2004-Jan-02 22:33:20 38.9133 37.4196 1 604
2004-Jan-02 23:04:16 21.8703 38.2802 1 606
2004-Jan-02 23:12:00 16.1427 36.7913 1 605
2004-Jan-02 23:19:44 14.3702 39.0296 1 601
2004-Jan-02 23:27:28 11.791 38.4808 1 601
2004-Jan-02 23:35:12 12.0357 39.3652 1 605
#$9.08944e-18 -6.91422e-18 0
#deg max=25 0.436332
#dp_Δ max=-1.25e-06
#POWER_PROFILE stage=grid total_s=0.0453604
#POWER_PROFILE stage=bootstrap total_s=0.0311094
#deg max=100 1.74533
#dp_Δ max=1e-06
#POWER_PROFILE stage=grid total_s=0.0458964
#POWER_PROFILE stage=bootstrap total_s=0.0284594
#deg max=160 2.79253
#dp_Δ max=-2.75e-06
#POWER_PROFILE stage=grid total_s=0.0463062
#POWER_PROFILE stage=bootstrap total_s=0.0299515
#deg max=45 0.785398
#dp_Δ max=-2e-06
#POWER_PROFILE stage=grid total_s=0.0475843
#POWER_PROFILE stage=bootstrap total_s=0.0306342
#$6.31921e-18 -1.6433e-17 1
#PROFILE segment=3 windows=34 fft_qc_s=0.0440018 pack_s=0.0188088 stack_s=0.135628 fit_s=1.17993 total_s=1.39236
#Segment 2004-Jan-02 3 accepted_windows=34
#Start/private/tmp/autofocusing-metal-final-20260914/five-day/input/2004/0103/20040030000.h5 653 8.25284s
#LOAD_PROFILE init_s=0.0282486 read_decode_copy_s=0.98986 filter_s=0.103283 total_s=1.12139
#Read data: load_h5 /private/tmp/autofocusing-metal-final-20260914/five-day/input/2004/0103/20040030000.h5 652 9.37806s
2004-Jan-03 00:00:00 10.9088 38.1818 1 606
2004-Jan-03 00:07:44 11.1864 36.2735 1 604
2004-Jan-03 00:15:28 13.6902 39.552 1 604
2004-Jan-03 00:23:12 12.9127 38.7119 1 603
2004-Jan-03 00:30:56 11.6392 37.5477 1 605
2004-Jan-03 00:38:40 13.4593 38.2359 1 604
2004-Jan-03 00:46:24 12.6965 37.6129 1 604
2004-Jan-03 00:54:08 11.9686 36.8728 1 604
2004-Jan-03 01:01:52 10.8949 35.456 1 606
2004-Jan-03 01:09:36 11.3022 37.5613 1 604
2004-Jan-03 01:17:20 12.3407 37.5887 1 604
2004-Jan-03 01:25:04 10.6856 39.2871 1 604
2004-Jan-03 01:32:48 10.7324 38.8134 1 604
2004-Jan-03 01:40:32 10.7832 39.7282 1 604
2004-Jan-03 01:48:16 9.45009 38.8792 1 604
2004-Jan-03 01:56:00 11.7422 40.6144 1 605
2004-Jan-03 02:26:56 131.836 40.4463 1 605
2004-Jan-03 02:34:40 83.9686 38.3089 1 605
2004-Jan-03 02:42:24 67.211 42.215 1 607
2004-Jan-03 02:50:08 32.3008 39.2835 1 607
2004-Jan-03 02:57:52 17.1297 39.2217 1 606
2004-Jan-03 03:05:36 14.9981 42.9172 1 605
2004-Jan-03 03:13:20 11.6888 40.217 1 607
2004-Jan-03 03:21:04 12.5095 42.7031 1 605
2004-Jan-03 03:28:48 12.2773 43.8346 1 604
2004-Jan-03 03:36:32 8.94067 43.9475 1 604
2004-Jan-03 03:44:16 9.21226 44.1255 1 604
2004-Jan-03 03:52:00 8.82505 43.5866 1 604
2004-Jan-03 03:59:44 8.42758 43.7594 1 604
2004-Jan-03 04:07:28 7.75834 43.8886 1 604
2004-Jan-03 04:15:12 8.14803 43.1872 1 603
2004-Jan-03 04:22:56 8.18254 44.5553 1 606
2004-Jan-03 04:30:40 8.66592 43.9658 1 608
2004-Jan-03 04:38:24 9.66457 47.3756 1 604
2004-Jan-03 04:46:08 9.71536 45.316 1 604
2004-Jan-03 04:53:52 9.19026 48.3267 1 605
2004-Jan-03 05:01:36 9.58678 49.0479 1 605
2004-Jan-03 05:09:20 11.85 50.3456 1 606
2004-Jan-03 05:17:04 12.4901 49.9552 1 608
2004-Jan-03 05:24:48 12.0162 51.6099 1 605
2004-Jan-03 05:32:32 13.5974 51.2343 1 603
2004-Jan-03 05:40:16 17.5916 53.4073 1 605
2004-Jan-03 05:48:00 12.3246 49.6375 1 606
2004-Jan-03 05:55:44 20.4444 52.9373 1 603
2004-Jan-03 06:03:28 42.8103 54.9583 1 605
#$6.28588e-18 -5.03433e-18 0
#deg max=40 0.698132
#dp_Δ max=-2.75e-06
#POWER_PROFILE stage=grid total_s=0.0573881
#POWER_PROFILE stage=bootstrap total_s=0.0368402
#$4.02829e-18 -1.24309e-17 1
#deg max=100 1.74533
#dp_Δ max=-2.75e-06
#POWER_PROFILE stage=grid total_s=0.0578346
#POWER_PROFILE stage=bootstrap total_s=0.0361925
#PROFILE segment=0 windows=45 fft_qc_s=0.0428696 pack_s=0.0218565 stack_s=0.174011 fit_s=0.741898 total_s=0.982358
#Segment 2004-Jan-03 0 accepted_windows=45
2004-Jan-03 05:55:44 20.4444 52.9373 1 603
2004-Jan-03 06:03:28 42.8103 54.9583 1 605
2004-Jan-03 06:11:12 51.0988 54.7266 1 605
2004-Jan-03 06:18:56 60.5137 54.8575 1 605
2004-Jan-03 06:26:40 32.2126 54.6198 1 606
2004-Jan-03 06:34:24 14.8428 53.8977 1 602
2004-Jan-03 06:42:08 11.5532 56.5029 1 603
2004-Jan-03 06:49:52 10.6662 57.2801 1 603
2004-Jan-03 06:57:36 11.0628 58.4302 1 605
2004-Jan-03 07:05:20 12.0506 58.6667 1 606
2004-Jan-03 07:13:04 10.0319 57.6419 1 606
2004-Jan-03 07:20:48 8.25433 60.891 1 603
2004-Jan-03 07:28:32 7.87308 60.1193 1 602
2004-Jan-03 07:36:16 8.06697 61.8098 1 603
2004-Jan-03 07:44:00 7.54708 57.7902 1 603
2004-Jan-03 07:51:44 7.59315 64.5169 1 603
2004-Jan-03 07:59:28 8.12087 68.2536 1 602
2004-Jan-03 08:07:12 7.39877 63.5296 1 601
2004-Jan-03 08:14:56 7.21405 66.0706 1 605
2004-Jan-03 08:22:40 7.69938 69.6791 1 604
2004-Jan-03 08:30:24 6.95157 67.6036 1 600
2004-Jan-03 08:38:08 7.37487 69.8703 1 604
2004-Jan-03 08:45:52 9.3634 72.6038 1 603
2004-Jan-03 08:53:36 10.9406 71.8037 1 601
2004-Jan-03 09:01:20 7.56315 70.2652 1 604
2004-Jan-03 09:09:04 7.35669 73.8044 1 604
2004-Jan-03 09:16:48 7.7641 76.0995 1 604
2004-Jan-03 09:24:32 7.33823 74.8805 1 602
2004-Jan-03 09:32:16 7.30777 77.0835 1 603
2004-Jan-03 09:40:00 7.40548 76.0906 1 603
2004-Jan-03 09:47:44 7.1138 78.1715 1 605
2004-Jan-03 09:55:28 6.98993 77.4811 1 604
2004-Jan-03 10:03:12 6.93774 79.292 1 604
2004-Jan-03 10:10:56 8.22611 79.0941 1 602
2004-Jan-03 10:18:40 8.31066 80.657 1 604
2004-Jan-03 10:26:24 7.12972 78.6808 1 605
2004-Jan-03 10:34:08 7.02946 80.6707 1 606
2004-Jan-03 10:41:52 6.95261 77.9711 1 605
2004-Jan-03 10:49:36 6.62288 79.2001 1 609
2004-Jan-03 10:57:20 7.55676 82.9035 1 610
2004-Jan-03 11:05:04 6.66538 78.9177 1 609
2004-Jan-03 11:12:48 7.56935 79.5096 1 604
2004-Jan-03 11:20:32 6.87628 77.9303 1 607
2004-Jan-03 11:28:16 7.32394 84.3612 1 607
2004-Jan-03 11:36:00 7.01361 76.3825 1 607
2004-Jan-03 11:43:44 6.78382 80.0728 1 609
2004-Jan-03 11:51:28 7.95369 83.9206 1 609
2004-Jan-03 11:59:12 7.93498 79.4818 1 610
#$7.24805e-18 -6.56263e-18 0
#deg max=90 1.5708
#dp_Δ max=1e-06
#POWER_PROFILE stage=grid total_s=0.0716177
#POWER_PROFILE stage=bootstrap total_s=0.0400653
#deg max=65 1.13446
#dp_Δ max=-4.25e-06
#POWER_PROFILE stage=grid total_s=0.0621594
#POWER_PROFILE stage=bootstrap total_s=0.037647
#$5.002e-18 -1.56873e-17 1
#deg max=110 1.91986
#dp_Δ max=1e-06
#POWER_PROFILE stage=grid total_s=0.0671212
#POWER_PROFILE stage=bootstrap total_s=0.0380663
#PROFILE segment=1 windows=48 fft_qc_s=0.0483868 pack_s=0.022583 stack_s=0.18982 fit_s=1.30872 total_s=1.5712
#Segment 2004-Jan-03 1 accepted_windows=48
2004-Jan-03 11:51:28 7.95369 83.9206 1 609
2004-Jan-03 11:59:12 7.93498 79.4818 1 610
2004-Jan-03 12:06:56 6.99803 82.221 1 613
2004-Jan-03 12:14:40 6.57181 81.6993 1 610
2004-Jan-03 12:22:24 6.50237 84.634 1 616
2004-Jan-03 12:30:08 6.97247 85.5125 1 613
2004-Jan-03 12:37:52 6.79357 85.8967 1 614
2004-Jan-03 12:45:36 6.81846 85.8674 1 614
2004-Jan-03 12:53:20 6.75564 84.7055 1 615
2004-Jan-03 13:01:04 6.34251 84.0592 1 615
2004-Jan-03 13:08:48 7.0385 84.4232 1 615
2004-Jan-03 13:16:32 7.48769 80.0064 1 615
2004-Jan-03 13:24:16 6.54511 78.797 1 616
2004-Jan-03 13:32:00 6.55389 79.0535 1 615
2004-Jan-03 13:39:44 6.60672 85.5076 1 618
2004-Jan-03 13:47:28 6.59426 81.3295 1 617
2004-Jan-03 13:55:12 6.48364 80.9514 1 615
2004-Jan-03 14:02:56 6.38388 80.0311 1 619
2004-Jan-03 14:10:40 6.8751 80.6714 1 618
2004-Jan-03 14:18:24 6.37582 77.4223 1 618
2004-Jan-03 14:26:08 6.56322 83.3731 1 618
2004-Jan-03 14:33:52 6.85736 82.7026 1 617
2004-Jan-03 14:41:36 7.26413 80.1766 1 621
2004-Jan-03 14:49:20 7.24458 79.6016 1 620
2004-Jan-03 14:57:04 8.41149 76.8506 1 619
2004-Jan-03 15:04:48 7.52275 76.6354 1 616
2004-Jan-03 15:12:32 16.1716 75.525 1 618
2004-Jan-03 15:20:16 31.9044 77.6987 1 619
2004-Jan-03 15:28:00 18.8733 79.6123 1 622
2004-Jan-03 15:35:44 11.0584 77.9001 1 618
2004-Jan-03 15:43:28 7.73383 75.864 1 618
2004-Jan-03 15:51:12 8.02637 76.9094 1 621
2004-Jan-03 15:58:56 7.50197 73.4318 1 616
2004-Jan-03 16:06:40 7.16552 74.2927 1 618
2004-Jan-03 16:14:24 6.98229 78.2284 1 620
2004-Jan-03 16:22:08 7.24112 79.5541 1 618
2004-Jan-03 16:29:52 7.28778 78.3271 1 620
2004-Jan-03 16:37:36 7.00763 75.3138 1 616
2004-Jan-03 16:45:20 6.35432 72.4432 1 618
2004-Jan-03 16:53:04 6.73345 75.976 1 617
#$1.28259e-17 -1.00748e-17 0
#deg max=70 1.22173
#dp_Δ max=1e-06
#POWER_PROFILE stage=grid total_s=0.0602453
#POWER_PROFILE stage=bootstrap total_s=0.0311113
#$9.64075e-18 -2.34163e-17 1
#PROFILE segment=2 windows=40 fft_qc_s=0.0412129 pack_s=0.0189923 stack_s=0.165337 fit_s=0.498314 total_s=0.725653
#Segment 2004-Jan-03 2 accepted_windows=40
2004-Jan-03 20:14:08 195.72 73.7874 1 618
2004-Jan-03 20:21:52 130.282 75.6874 1 618
2004-Jan-03 20:29:36 98.1467 73.137 1 623
2004-Jan-03 20:37:20 70.7812 72.2124 1 620
2004-Jan-03 20:45:04 57.4343 70.5747 1 621
2004-Jan-03 20:52:48 53.8325 67.1574 1 619
2004-Jan-03 21:00:32 48.5124 73.2418 1 620
2004-Jan-03 21:08:16 33.5816 73.82 1 618
2004-Jan-03 21:16:00 27.3212 71.9647 1 619
2004-Jan-03 21:23:44 21.8196 74.2163 1 622
2004-Jan-03 21:31:28 13.1596 73.5893 1 622
2004-Jan-03 21:39:12 26.4942 77.0282 1 624
2004-Jan-03 22:10:08 347.577 76.2185 1 624
2004-Jan-03 22:17:52 273.803 75.7697 1 623
2004-Jan-03 22:25:36 101.495 72.7464 1 621
2004-Jan-03 22:33:20 124.641 79.8421 1 621
2004-Jan-03 22:41:04 38.3105 76.8877 1 621
2004-Jan-03 22:48:48 14.8265 72.1294 1 617
2004-Jan-03 22:56:32 10.3935 74.3006 1 617
2004-Jan-03 23:04:16 9.02736 74.6255 1 616
2004-Jan-03 23:12:00 8.20388 76.6381 1 618
2004-Jan-03 23:19:44 7.33372 76.9779 1 614
2004-Jan-03 23:27:28 6.9859 77.561 1 614
2004-Jan-03 23:35:12 6.69357 73.4446 1 612
#$2.81348e-17 -1.87537e-17 0
#deg max=35 0.610865
#dp_Δ max=-5e-07
#POWER_PROFILE stage=grid total_s=0.0329355
#POWER_PROFILE stage=bootstrap total_s=0.019619
#$2.57344e-17 -4.66202e-17 1
#PROFILE segment=3 windows=24 fft_qc_s=0.0292166 pack_s=0.011537 stack_s=0.10468 fit_s=0.185015 total_s=0.332306
#Segment 2004-Jan-03 3 accepted_windows=24
#Start/private/tmp/autofocusing-metal-final-20260914/five-day/input/2004/0104/20040040000.h5 652 12.9905s
#LOAD_PROFILE init_s=0.0268968 read_decode_copy_s=0.898363 filter_s=0.108656 total_s=1.03392
#Read data: load_h5 /private/tmp/autofocusing-metal-final-20260914/five-day/input/2004/0104/20040040000.h5 652 14.0286s
2004-Jan-04 00:00:00 7.82207 75.7218 1 614
2004-Jan-04 00:07:44 6.03598 77.7027 1 612
2004-Jan-04 00:15:28 5.79106 75.7575 1 611
2004-Jan-04 00:23:12 5.85616 77.2748 1 610
2004-Jan-04 00:30:56 6.45251 82.1907 1 607
2004-Jan-04 00:38:40 7.12336 78.5126 1 606
2004-Jan-04 00:46:24 6.53607 79.0689 1 611
2004-Jan-04 00:54:08 7.04903 77.1253 1 608
2004-Jan-04 01:01:52 6.79195 78.0348 1 605
2004-Jan-04 01:09:36 6.61709 79.1377 1 606
2004-Jan-04 05:24:48 263.425 86.9105 1 601
2004-Jan-04 05:32:32 174.234 84.1798 1 599
2004-Jan-04 05:40:16 131.802 91.7608 1 597
2004-Jan-04 05:48:00 144.678 96.3269 1 601
2004-Jan-04 05:55:44 234.119 93.9915 1 598
#$2.46814e-17 -1.7235e-17 0
#deg max=25 0.436332
#dp_Δ max=-5e-07
#POWER_PROFILE stage=grid total_s=0.0208912
#POWER_PROFILE stage=bootstrap total_s=0.013013
#$2.21584e-17 -3.97876e-17 1
#PROFILE segment=0 windows=15 fft_qc_s=0.0149664 pack_s=0.00722942 stack_s=0.0647096 fit_s=0.129693 total_s=0.21825
#Segment 2004-Jan-04 0 accepted_windows=15
2004-Jan-04 06:11:12 230.767 83.1516 1 600
2004-Jan-04 06:18:56 119.647 82.6583 1 595
2004-Jan-04 06:26:40 74.4781 80.411 1 594
2004-Jan-04 06:34:24 49.4998 76.8655 1 596
2004-Jan-04 06:42:08 39.5104 85.4913 1 594
2004-Jan-04 06:49:52 32.5176 82.3338 1 594
2004-Jan-04 06:57:36 27.3336 84.8138 1 597
2004-Jan-04 07:05:20 22.9397 80.4548 1 595
2004-Jan-04 07:13:04 18.3274 79.0609 1 596
2004-Jan-04 07:20:48 14.8372 80.1123 1 594
2004-Jan-04 07:28:32 12.3557 78.9185 1 597
2004-Jan-04 07:36:16 10.3764 78.4303 1 594
2004-Jan-04 07:44:00 9.75427 79.0375 1 592
2004-Jan-04 07:51:44 43.2816 83.8354 1 593
2004-Jan-04 07:59:28 318.429 93.5051 1 594
2004-Jan-04 08:07:12 268.17 86.7484 1 596
2004-Jan-04 09:09:04 665.617 102.714 1 589
2004-Jan-04 09:16:48 377.876 99.8059 1 587
2004-Jan-04 09:24:32 253.879 95.291 1 590
2004-Jan-04 09:32:16 166.454 90.5627 1 587
2004-Jan-04 09:40:00 136.918 84.748 1 586
2004-Jan-04 09:47:44 594.237 78.6044 1 591
2004-Jan-04 09:55:28 1216.6 78.5394 1 588
2004-Jan-04 10:03:12 363.612 74.3123 1 588
2004-Jan-04 10:10:56 115.433 70.6521 1 589
2004-Jan-04 10:18:40 64.2809 70.2181 1 589
2004-Jan-04 10:26:24 45.9848 70.247 1 594
2004-Jan-04 10:34:08 36.5084 71.9807 1 590
2004-Jan-04 10:41:52 22.2549 69.9394 1 590
2004-Jan-04 10:49:36 13.8267 69.194 1 587
2004-Jan-04 10:57:20 11.6262 70.3869 1 584
2004-Jan-04 11:05:04 10.5898 67.7658 1 585
2004-Jan-04 11:12:48 12.1435 74.2619 1 588
2004-Jan-04 11:20:32 15.9461 70.2135 1 588
2004-Jan-04 11:28:16 13.1826 68.2555 1 586
2004-Jan-04 11:36:00 9.73555 66.5489 1 585
2004-Jan-04 11:43:44 8.07261 68.817 1 586
2004-Jan-04 11:51:28 6.93122 66.6048 1 588
2004-Jan-04 11:59:12 6.67369 66.4103 1 585
#$1.09429e-17 -9.86145e-18 0
#deg max=25 0.436332
#dp_Δ max=-2.75e-06
#POWER_PROFILE stage=grid total_s=0.051214
#POWER_PROFILE stage=bootstrap total_s=0.0329383
#$8.17118e-18 -2.21304e-17 1
#PROFILE segment=1 windows=39 fft_qc_s=0.0427838 pack_s=0.0189997 stack_s=0.153009 fit_s=0.260882 total_s=0.477471
#Segment 2004-Jan-04 1 accepted_windows=39
2004-Jan-04 11:51:28 6.93122 66.6048 1 588
2004-Jan-04 11:59:12 6.67369 66.4103 1 585
2004-Jan-04 12:06:56 5.83498 64.1857 1 586
2004-Jan-04 12:14:40 5.57132 65.5096 1 583
2004-Jan-04 12:22:24 6.10848 66.7832 1 585
2004-Jan-04 12:30:08 6.64408 64.281 1 587
2004-Jan-04 12:37:52 7.04674 64.4267 1 587
2004-Jan-04 12:45:36 7.19807 60.6929 1 587
2004-Jan-04 12:53:20 6.61406 62.345 1 585
2004-Jan-04 13:01:04 19.1504 61.1759 1 585
2004-Jan-04 13:08:48 24.719 60.7127 1 588
2004-Jan-04 13:16:32 11.8645 61.0573 1 588
2004-Jan-04 13:24:16 9.01668 61.9705 1 585
2004-Jan-04 13:32:00 7.09919 60.7165 1 584
2004-Jan-04 13:39:44 5.87305 60.2384 1 584
2004-Jan-04 13:47:28 8.34535 60.936 1 583
2004-Jan-04 13:55:12 16.9893 61.3909 1 587
2004-Jan-04 14:02:56 50.9027 60.7152 1 587
2004-Jan-04 14:10:40 33.2539 58.4573 1 588
2004-Jan-04 14:18:24 13.6595 58.7126 1 588
2004-Jan-04 14:26:08 10.0406 57.7516 1 588
2004-Jan-04 14:33:52 6.95289 59.1841 1 588
2004-Jan-04 14:41:36 9.60412 56.6865 1 588
2004-Jan-04 14:49:20 10.5921 57.2533 1 581
2004-Jan-04 14:57:04 9.9905 55.9935 1 587
2004-Jan-04 15:04:48 7.8205 57.7595 1 587
2004-Jan-04 15:12:32 5.98066 54.0905 1 585
2004-Jan-04 15:20:16 5.42203 52.7262 1 587
2004-Jan-04 15:28:00 9.16577 56.4955 1 589
2004-Jan-04 15:35:44 23.0307 56.8881 1 586
2004-Jan-04 15:43:28 41.2116 54.4513 1 588
2004-Jan-04 15:51:12 128.899 53.4151 1 589
2004-Jan-04 15:58:56 172.527 52.5952 1 592
2004-Jan-04 16:06:40 47.3434 52.6249 1 590
2004-Jan-04 16:14:24 17.9546 54.1981 1 587
2004-Jan-04 16:22:08 10.837 53.7195 1 586
2004-Jan-04 16:29:52 8.46167 50.4286 1 589
2004-Jan-04 16:37:36 7.34127 51.4384 1 584
2004-Jan-04 16:45:20 6.64394 51.4898 1 586
2004-Jan-04 16:53:04 7.56463 49.9211 1 586
2004-Jan-04 17:00:48 10.7329 50.6476 1 586
2004-Jan-04 17:08:32 8.53675 48.3061 1 587
2004-Jan-04 17:16:16 9.64782 46.4118 1 590
2004-Jan-04 17:24:00 15.7077 48.9964 1 591
2004-Jan-04 17:31:44 9.61197 48.4488 1 586
2004-Jan-04 17:39:28 7.11705 50.3574 1 588
2004-Jan-04 17:47:12 6.75381 47.7348 1 590
2004-Jan-04 17:54:56 6.33997 46.7077 1 587
#$7.77651e-18 -7.0128e-18 0
#deg max=150 2.61799
#dp_Δ max=-3.5e-06
#POWER_PROFILE stage=grid total_s=0.0632362
#POWER_PROFILE stage=bootstrap total_s=0.0392183
#$6.40142e-18 -1.68757e-17 1
#PROFILE segment=2 windows=48 fft_qc_s=0.0530907 pack_s=0.0229165 stack_s=0.185101 fit_s=0.355614 total_s=0.61861
#Segment 2004-Jan-04 2 accepted_windows=48
2004-Jan-04 17:47:12 6.75381 47.7348 1 590
2004-Jan-04 17:54:56 6.33997 46.7077 1 587
2004-Jan-04 18:02:40 5.59719 46.4251 1 587
2004-Jan-04 18:10:24 5.55202 46.0449 1 586
2004-Jan-04 18:18:08 5.81832 45.4177 1 586
2004-Jan-04 18:41:20 10.1211 44.5024 1 588
2004-Jan-04 18:49:04 16.3505 42.3067 1 586
2004-Jan-04 18:56:48 9.46914 41.9834 1 585
2004-Jan-04 19:04:32 12.1782 40.3176 1 587
2004-Jan-04 19:12:16 9.57654 40.008 1 589
2004-Jan-04 19:20:00 6.33074 39.2505 1 588
2004-Jan-04 19:27:44 6.2217 40.693 1 587
2004-Jan-04 19:35:28 6.20166 39.1942 1 580
2004-Jan-04 19:43:12 5.68143 38.8757 1 581
2004-Jan-04 19:50:56 5.51608 41.4935 1 584
2004-Jan-04 19:58:40 5.6912 45.2501 1 586
2004-Jan-04 20:21:52 6.04024 41.5809 1 584
2004-Jan-04 20:29:36 6.82172 44.5582 1 587
2004-Jan-04 20:37:20 6.04528 41.2463 1 584
2004-Jan-04 20:45:04 6.79017 44.3253 1 584
2004-Jan-04 20:52:48 7.61278 43.617 1 585
2004-Jan-04 21:08:16 6.64139 40.9683 1 577
2004-Jan-04 21:16:00 10.6687 40.82 1 583
2004-Jan-04 21:23:44 11.0354 39.5794 1 587
2004-Jan-04 21:31:28 6.96991 42.4413 1 581
2004-Jan-04 21:39:12 7.60706 45.6735 1 584
2004-Jan-04 22:02:24 6.03949 36.0276 1 578
2004-Jan-04 22:10:08 7.56083 39.5802 1 583
2004-Jan-04 22:17:52 9.18883 40.6087 1 582
2004-Jan-04 22:25:36 8.48246 37.3704 1 580
2004-Jan-04 22:33:20 14.3027 35.2716 1 584
2004-Jan-04 22:48:48 8.13446 43.5009 1 584
2004-Jan-04 23:19:44 6.69559 36.3118 1 584
2004-Jan-04 23:27:28 7.11162 38.4085 1 586
2004-Jan-04 23:35:12 18.7191 35.2444 1 585
#$6.58842e-18 -5.76292e-18 0
#deg max=70 1.22173
#dp_Δ max=1e-06
#POWER_PROFILE stage=grid total_s=0.0452803
#POWER_PROFILE stage=bootstrap total_s=0.0311567
#$5.50325e-18 -1.40437e-17 1
#PROFILE segment=3 windows=35 fft_qc_s=0.0442498 pack_s=0.016764 stack_s=0.135229 fit_s=0.571775 total_s=0.769804
#Segment 2004-Jan-04 3 accepted_windows=35
#Start/private/tmp/autofocusing-metal-final-20260914/five-day/input/2004/0105/20040050000.h5 652 16.1134s
#LOAD_PROFILE init_s=0.0274365 read_decode_copy_s=0.892451 filter_s=0.0965013 total_s=1.01639
#Read data: load_h5 /private/tmp/autofocusing-metal-final-20260914/five-day/input/2004/0105/20040050000.h5 652 17.1338s
2004-Jan-05 00:00:00 7.25186 34.7095 1 581
2004-Jan-05 00:07:44 6.2103 33.8575 1 583
2004-Jan-05 00:15:28 6.6712 33.1701 1 577
2004-Jan-05 00:30:56 6.01923 29.8222 1 579
2004-Jan-05 00:46:24 14.2282 33.9509 1 583
2004-Jan-05 00:54:08 7.48089 31.0765 1 582
2004-Jan-05 01:01:52 6.71729 32.97 1 580
2004-Jan-05 01:09:36 8.05818 36.3918 1 577
2004-Jan-05 01:17:20 6.93309 32.9153 1 580
2004-Jan-05 01:25:04 6.58128 29.9583 1 576
2004-Jan-05 01:32:48 6.19226 31.12 1 575
2004-Jan-05 01:40:32 6.21314 32.6858 1 579
2004-Jan-05 01:48:16 6.8472 33.8771 1 576
2004-Jan-05 01:56:00 6.97116 33.5871 1 578
2004-Jan-05 02:19:12 7.1426 32.3662 1 576
2004-Jan-05 02:26:56 7.17496 32.7579 1 576
2004-Jan-05 02:34:40 7.19204 34.3593 1 573
2004-Jan-05 02:42:24 7.55542 32.9804 1 571
2004-Jan-05 02:50:08 6.87998 34.5313 1 570
2004-Jan-05 03:13:20 6.69406 27.8874 1 569
2004-Jan-05 03:21:04 6.7243 26.8355 1 567
2004-Jan-05 03:28:48 7.22257 28.4103 1 572
2004-Jan-05 03:36:32 6.36359 26.6715 1 570
2004-Jan-05 03:44:16 9.1435 29.4427 1 568
2004-Jan-05 03:52:00 17.0938 29.9836 1 570
2004-Jan-05 03:59:44 29.9578 28.636 1 565
2004-Jan-05 04:07:28 28.5524 27.5246 1 569
2004-Jan-05 04:15:12 12.0835 27.5418 1 562
2004-Jan-05 04:22:56 8.66167 26.9987 1 560
2004-Jan-05 04:30:40 7.26787 25.513 1 563
2004-Jan-05 04:38:24 8.7026 26.5543 1 564
2004-Jan-05 04:53:52 39.9224 27.0864 1 564
2004-Jan-05 05:01:36 19.0288 26.0313 1 561
2004-Jan-05 05:09:20 13.4862 28.9292 1 569
2004-Jan-05 05:17:04 9.01108 28.0813 1 561
2004-Jan-05 05:24:48 7.56589 25.2008 1 554
2004-Jan-05 05:32:32 9.15329 27.0801 1 558
2004-Jan-05 05:48:00 8.18107 32.1319 1 570
#$4.88157e-18 -3.79166e-18 0
#deg max=90 1.5708
#dp_Δ max=-1.25e-06
#POWER_PROFILE stage=grid total_s=0.0528511
#POWER_PROFILE stage=bootstrap total_s=0.0325336
#$4.36147e-18 -1.22572e-17 1
#PROFILE segment=0 windows=38 fft_qc_s=0.0440757 pack_s=0.0178309 stack_s=0.138807 fit_s=0.304908 total_s=0.507452
#Segment 2004-Jan-05 0 accepted_windows=38
2004-Jan-05 06:34:24 17.4933 27.3069 1 556
2004-Jan-05 06:42:08 12.1914 26.9745 1 558
2004-Jan-05 06:49:52 9.74569 26.7298 1 559
2004-Jan-05 06:57:36 8.04267 24.91 1 556
2004-Jan-05 07:05:20 6.85298 25.4565 1 556
2004-Jan-05 07:20:48 7.35869 26.3226 1 554
2004-Jan-05 07:28:32 6.6217 24.545 1 558
2004-Jan-05 07:36:16 6.90204 27.4031 1 552
2004-Jan-05 07:44:00 7.0876 26.7038 1 556
2004-Jan-05 07:51:44 6.28947 25.0498 1 552
2004-Jan-05 07:59:28 6.02242 27.4632 1 558
2004-Jan-05 08:07:12 5.60512 26.3536 1 561
2004-Jan-05 08:14:56 8.43621 28.9552 1 559
2004-Jan-05 08:22:40 25.315 30.4798 1 554
2004-Jan-05 08:30:24 17.6944 29.1533 1 556
2004-Jan-05 08:38:08 16.1308 28.9916 1 558
2004-Jan-05 08:45:52 25.7746 27.7791 1 556
2004-Jan-05 08:53:36 14.1866 30.5613 1 558
2004-Jan-05 09:01:20 10.7437 27.5732 1 553
2004-Jan-05 09:09:04 40.5949 28.743 1 550
2004-Jan-05 09:16:48 28.1586 30.4983 1 541
2004-Jan-05 09:24:32 17.4987 30.9519 1 544
2004-Jan-05 09:32:16 27.5722 29.2176 1 552
2004-Jan-05 09:40:00 61.8997 31.1796 1 550
2004-Jan-05 09:47:44 35.4765 29.4282 1 550
2004-Jan-05 09:55:28 18.7937 29.8141 1 550
2004-Jan-05 10:03:12 13.9085 31.0621 1 558
2004-Jan-05 10:10:56 10.5396 31.2658 1 558
2004-Jan-05 10:18:40 8.76796 30.0807 1 555
2004-Jan-05 10:26:24 9.63749 30.6595 1 558
2004-Jan-05 10:34:08 8.08598 31.3939 1 554
2004-Jan-05 10:41:52 7.70526 33.3949 1 561
2004-Jan-05 10:49:36 8.3555 34.2637 1 562
2004-Jan-05 10:57:20 7.83345 33.5441 1 559
2004-Jan-05 11:05:04 9.74158 34.1867 1 555
2004-Jan-05 11:12:48 9.29569 35.5586 1 567
2004-Jan-05 11:20:32 8.0118 36.2849 1 560
2004-Jan-05 11:28:16 7.75564 35.2381 1 566
2004-Jan-05 11:36:00 8.24597 35.6825 1 566
2004-Jan-05 11:43:44 8.39306 36.7879 1 566
2004-Jan-05 11:51:28 8.07523 38.0478 1 571
2004-Jan-05 11:59:12 7.98244 38.4524 1 565
#$5.89607e-18 -4.24288e-18 0
#deg max=30 0.523599
#dp_Δ max=9.25e-06
#POWER_PROFILE stage=grid total_s=0.0579505
#POWER_PROFILE stage=bootstrap total_s=0.0363665
#deg max=75 1.309
#dp_Δ max=-2e-06
#POWER_PROFILE stage=grid total_s=0.056517
#POWER_PROFILE stage=bootstrap total_s=0.035597
#$5.36469e-18 -1.45083e-17 1
#PROFILE segment=1 windows=42 fft_qc_s=0.0466919 pack_s=0.0194457 stack_s=0.158053 fit_s=0.775852 total_s=1.00167
#Segment 2004-Jan-05 1 accepted_windows=42
2004-Jan-05 11:51:28 8.07523 38.0478 1 571
2004-Jan-05 11:59:12 7.98244 38.4524 1 565
2004-Jan-05 12:06:56 7.74948 37.9148 1 563
2004-Jan-05 12:14:40 7.89286 39.051 1 564
2004-Jan-05 12:22:24 8.06264 39.8312 1 567
2004-Jan-05 12:30:08 32.8729 43.7809 1 569
2004-Jan-05 12:37:52 77.4376 45.5321 1 567
2004-Jan-05 12:45:36 37.1977 46.1858 1 566
2004-Jan-05 12:53:20 17.2306 49.0119 1 566
2004-Jan-05 13:01:04 10.3761 49.3928 1 563
2004-Jan-05 13:08:48 8.4127 48.2756 1 566
2004-Jan-05 13:16:32 8.33745 53.7907 1 568
2004-Jan-05 13:24:16 8.35908 53.6564 1 563
2004-Jan-05 13:32:00 8.46866 55.0726 1 565
2004-Jan-05 13:39:44 8.97469 60.2347 1 566
2004-Jan-05 13:47:28 8.04192 59.8909 1 569
2004-Jan-05 13:55:12 8.76605 63.9002 1 569
2004-Jan-05 14:02:56 8.88099 66.5562 1 564
2004-Jan-05 14:10:40 7.8635 68.6414 1 568
2004-Jan-05 14:18:24 8.19821 72.4135 1 569
2004-Jan-05 14:26:08 7.16436 74.2732 1 566
2004-Jan-05 14:33:52 7.7018 81.189 1 566
2004-Jan-05 14:41:36 7.64017 88.2159 1 567
2004-Jan-05 14:49:20 8.10496 87.1673 1 566
2004-Jan-05 14:57:04 8.08177 92.8326 1 568
2004-Jan-05 15:04:48 8.08341 97.1009 1 566
2004-Jan-05 15:12:32 8.16433 100.908 1 570
2004-Jan-05 15:20:16 7.71471 107.961 1 566
2004-Jan-05 15:28:00 8.12443 117.655 1 568
2004-Jan-05 15:35:44 8.93497 125.506 1 573
2004-Jan-05 15:43:28 9.09407 130.748 1 570
2004-Jan-05 15:51:12 28.7633 144.352 1 571
2004-Jan-05 16:29:52 285.296 204.554 1 575
2004-Jan-05 16:37:36 158.601 226.171 1 572
2004-Jan-05 16:45:20 117.532 232.085 1 574
2004-Jan-05 16:53:04 90.6589 231.086 1 574
2004-Jan-05 17:00:48 65.4001 240.261 1 569
2004-Jan-05 17:08:32 48.6183 234.531 1 572
2004-Jan-05 17:16:16 39.1752 244.52 1 570
2004-Jan-05 17:24:00 32.7079 254.699 1 571
2004-Jan-05 17:31:44 28.9558 265.016 1 572
2004-Jan-05 17:39:28 27.9229 263.878 1 570
2004-Jan-05 17:47:12 24.7774 284.644 1 575
2004-Jan-05 17:54:56 18.5428 287.566 1 572
#$1.14735e-17 -1.37271e-17 0
#deg max=120 2.0944
#dp_Δ max=4e-06
#POWER_PROFILE stage=grid total_s=0.0550657
#POWER_PROFILE stage=bootstrap total_s=0.037071
#$9.21947e-18 -2.77923e-17 1
#PROFILE segment=2 windows=44 fft_qc_s=0.0493201 pack_s=0.0205324 stack_s=0.171297 fit_s=0.506358 total_s=0.74925
#Segment 2004-Jan-05 2 accepted_windows=44
2004-Jan-05 17:47:12 24.7774 284.644 1 575
2004-Jan-05 17:54:56 18.5428 287.566 1 572
2004-Jan-05 18:02:40 20.0372 302.469 1 570
2004-Jan-05 18:10:24 21.3686 310.82 1 572
2004-Jan-05 18:18:08 16.6752 322.09 1 570
2004-Jan-05 18:25:52 19.253 318.294 1 573
2004-Jan-05 18:33:36 21.4956 329.399 1 580
2004-Jan-05 18:41:20 20.2371 354.016 1 572
2004-Jan-05 18:49:04 14.8425 351.836 1 572
2004-Jan-05 18:56:48 18.488 382.967 1 573
2004-Jan-05 19:04:32 18.8022 382.273 1 574
2004-Jan-05 19:12:16 25.8738 368.313 1 572
2004-Jan-05 19:20:00 18.967 375.168 1 572
2004-Jan-05 19:27:44 14.273 414 1 576
2004-Jan-05 19:35:28 13.1869 432.319 1 574
2004-Jan-05 19:43:12 21.1546 413.269 1 576
2004-Jan-05 19:50:56 32.8302 427.8 1 578
2004-Jan-05 19:58:40 31.0828 419.663 1 580
2004-Jan-05 20:06:24 47.1202 438.655 1 576
2004-Jan-05 20:14:08 69.9806 445.917 1 575
2004-Jan-05 20:21:52 58.1204 443.409 1 580
2004-Jan-05 20:29:36 39.6467 468.345 1 577
2004-Jan-05 20:37:20 43.7191 490.326 1 578
2004-Jan-05 20:45:04 32.3906 493.701 1 575
2004-Jan-05 20:52:48 28.3004 487.529 1 579
2004-Jan-05 21:00:32 39.2186 496.377 1 579
2004-Jan-05 21:08:16 43.759 490.66 1 578
2004-Jan-05 21:16:00 40.8371 489.441 1 577
2004-Jan-05 21:23:44 54.718 525.383 1 576
2004-Jan-05 21:31:28 63.067 551.39 1 579
2004-Jan-05 21:39:12 29.0694 535.565 1 579
2004-Jan-05 21:46:56 24.1647 520.118 1 577
2004-Jan-05 21:54:40 18.5796 557.595 1 576
2004-Jan-05 22:02:24 14.8188 540.072 1 574
2004-Jan-05 22:10:08 43.8704 535.582 1 576
2004-Jan-05 22:17:52 46.4153 589.482 1 580
2004-Jan-05 22:25:36 16.4107 545.571 1 577
2004-Jan-05 22:33:20 16.1533 567.939 1 574
2004-Jan-05 22:41:04 24.772 564.503 1 572
2004-Jan-05 22:48:48 33.9168 581.663 1 577
2004-Jan-05 22:56:32 16.0116 613.139 1 575
2004-Jan-05 23:04:16 15.9682 592.919 1 575
2004-Jan-05 23:12:00 13.972 555.118 1 573
2004-Jan-05 23:19:44 14.3751 572.662 1 576
2004-Jan-05 23:27:28 17.4984 607.19 1 576
2004-Jan-05 23:35:12 12.2895 609.737 1 576
#$3.32841e-17 -5.15572e-17 0
#deg max=20 0.349066
#dp_Δ max=2.5e-07
#POWER_PROFILE stage=grid total_s=0.065963
#POWER_PROFILE stage=bootstrap total_s=0.0381703
#$2.74992e-17 -7.79816e-17 1
#PROFILE segment=3 windows=46 fft_qc_s=0.0453768 pack_s=0.0214411 stack_s=0.179117 fit_s=0.448665 total_s=0.696311
#Segment 2004-Jan-05 3 accepted_windows=46
#PROFILE accepted_windows_total=740
#CPU_PROFILE stage=objective context=serial_caller calls=460 inclusive_s=3.24757
#CPU_PROFILE stage=objective context=outer_parallel calls=2175 inclusive_s=17.8046
#CPU_PROFILE stage=hessian context=serial_caller calls=228 inclusive_s=2.20748
#CPU_PROFILE stage=hessian context=outer_parallel calls=0 inclusive_s=0
#CPU_PROFILE stage=rotation context=serial_caller calls=87 inclusive_s=0.147415
#CPU_PROFILE stage=rotation context=outer_parallel calls=0 inclusive_s=0
#CPU_PROFILE stage=fitting context=serial_caller calls=29 inclusive_s=5.39099
#CPU_PROFILE stage=fitting context=outer_parallel calls=0 inclusive_s=0
       20.74 real        66.88 user         0.84 sys
          3196108800  maximum resident set size
                   0  average shared memory size
                   0  average unshared data size
                   0  average unshared stack size
              261473  page reclaims
                  16  page faults
                   0  swaps
                   0  block input operations
                   0  block output operations
                   0  messages sent
                   0  messages received
                   0  signals received
                   0  voluntary context switches
               59489  involuntary context switches
       1453227324159  instructions retired
        252087012802  cycles elapsed
          2837450640  peak memory footprint
