#SlantStack backend=cpu (double)
#Power mode=off
#SlantStack step_s_per_km=0.005 max_s_per_km=0.165 grid=67x67
#FrequencyBand {"requested_min_hz":0.10000000000000001,"requested_max_hz":0.25,"min_hz":0.099609375,"max_hz":0.25,"df_hz":0.0009765625,"min_bin":102,"max_bin":256,"fft_length":2048,"sample_interval_s":0.5,"spectrum_bins":266}
#DateRange start=2005-02-12 end=2005-02-13 inclusive=true
#0.0996094 0.25
#Start/Users/knishida/Projects/Autofocusing/repo/build-clang/matrix-audit-extension-20050212/input/2005/0212/20050430000.h5 0 0.000381s
#LOAD_PROFILE init_s=0.0404429 read_decode_copy_s=3.09037 filter_s=0.498503 total_s=3.62932
#Read data: load_h5 /Users/knishida/Projects/Autofocusing/repo/build-clang/matrix-audit-extension-20050212/input/2005/0212/20050430000.h5 686 3.63388s
2005-Feb-12 00:07:44 14287.8 104.13 1 609
2005-Feb-12 00:15:28 14552.6 101.065 1 607
2005-Feb-12 00:23:12 14260.2 106.184 1 605
2005-Feb-12 00:30:56 13945.1 104.42 1 606
2005-Feb-12 00:38:40 14601.8 102.636 1 605
2005-Feb-12 00:46:24 14700.7 105.27 1 607
2005-Feb-12 00:54:08 14610.8 100.971 1 606
2005-Feb-12 01:01:52 14826.1 102.463 1 603
2005-Feb-12 01:09:36 13909.9 102.605 1 606
2005-Feb-12 01:17:20 14003.8 100.473 1 609
2005-Feb-12 01:25:04 14598.5 99.7392 1 605
2005-Feb-12 01:32:48 14301.6 100.581 1 603
2005-Feb-12 01:40:32 14506.3 104.514 1 605
2005-Feb-12 01:48:16 14077 105.569 1 606
2005-Feb-12 01:56:00 14377.8 102.119 1 606
2005-Feb-12 02:03:44 13695.2 103.744 1 604
2005-Feb-12 02:11:28 15052 105.213 1 605
2005-Feb-12 02:19:12 15002.2 102.007 1 604
2005-Feb-12 02:26:56 14816.1 104.419 1 606
2005-Feb-12 02:34:40 14572.4 106.126 1 608
2005-Feb-12 02:42:24 15087.1 104.949 1 607
2005-Feb-12 02:50:08 14292.7 106.164 1 607
2005-Feb-12 02:57:52 14617.4 110.004 1 606
2005-Feb-12 03:05:36 14514.4 108.739 1 605
2005-Feb-12 03:13:20 14407.7 109.778 1 610
2005-Feb-12 03:21:04 13870.5 109.614 1 609
2005-Feb-12 03:28:48 14425.1 110.568 1 608
2005-Feb-12 03:36:32 14329.5 109.464 1 608
2005-Feb-12 03:44:16 14247.6 111.199 1 606
2005-Feb-12 03:52:00 14525.5 109.46 1 608
2005-Feb-12 03:59:44 14551.2 110.258 1 606
2005-Feb-12 04:07:28 14511 115.74 1 604
2005-Feb-12 04:15:12 14423.2 110.106 1 606
2005-Feb-12 04:22:56 14392.7 112.146 1 609
2005-Feb-12 04:30:40 14504.9 112.746 1 604
2005-Feb-12 04:38:24 14631.7 115.215 1 605
2005-Feb-12 04:46:08 14495.4 115.418 1 609
2005-Feb-12 04:53:52 14542.7 116.433 1 609
2005-Feb-12 05:01:36 14226.6 115.095 1 606
2005-Feb-12 05:09:20 14624.2 117.736 1 607
2005-Feb-12 05:17:04 14428.1 127.117 1 608
2005-Feb-12 05:24:48 14436.5 126.991 1 613
2005-Feb-12 05:32:32 14007.9 117.686 1 608
2005-Feb-12 05:40:16 14401.2 118.07 1 607
2005-Feb-12 05:48:00 14324.7 116.611 1 608
2005-Feb-12 05:55:44 14278.9 121.818 1 606
#$3.13281e-17 -3.89375e-17 2
#$4.1309e-17 -2.13865e-17 0
#$3.77878e-17 -6.9703e-17 1
#PROFILE segment=0 windows=46 fft_qc_s=0.147571 pack_s=0.0244929 stack_s=11.411 fit_s=0.00125708 total_s=11.5999
#Segment 2005-Feb-12 0 accepted_windows=46
2005-Feb-12 06:11:12 14937.9 134.768 1 612
2005-Feb-12 06:18:56 15813.7 125.174 1 609
2005-Feb-12 06:26:40 17707.4 127.657 1 609
2005-Feb-12 06:34:24 14227 129.272 1 609
2005-Feb-12 06:42:08 14359.4 127.63 1 610
2005-Feb-12 06:49:52 14283.4 128.723 1 611
2005-Feb-12 06:57:36 14627.8 131.896 1 610
2005-Feb-12 07:05:20 14510.3 133.684 1 609
2005-Feb-12 07:13:04 14392.5 133.25 1 610
2005-Feb-12 07:20:48 14552.9 125.375 1 609
2005-Feb-12 07:28:32 14853.1 129.629 1 611
2005-Feb-12 07:36:16 15131.1 131.712 1 609
2005-Feb-12 07:44:00 13712.5 134.202 1 605
2005-Feb-12 07:51:44 14226 130.041 1 608
2005-Feb-12 07:59:28 14379.5 131.416 1 611
2005-Feb-12 08:07:12 14252.5 128.994 1 610
2005-Feb-12 08:14:56 14125.4 135.354 1 612
2005-Feb-12 08:22:40 14701.7 136.737 1 610
2005-Feb-12 08:30:24 14846.4 134.268 1 611
2005-Feb-12 08:38:08 14297.5 132.639 1 608
2005-Feb-12 09:09:04 14679.4 132.699 1 611
2005-Feb-12 09:16:48 13928.4 133.287 1 612
2005-Feb-12 09:24:32 14035.6 138.648 1 610
2005-Feb-12 09:32:16 14057.3 142.988 1 608
2005-Feb-12 09:40:00 14127.5 133.226 1 607
2005-Feb-12 09:47:44 14103.3 132.933 1 609
2005-Feb-12 09:55:28 14836.6 137.265 1 612
2005-Feb-12 10:03:12 14058.6 134.754 1 616
2005-Feb-12 10:10:56 14184.2 134.306 1 614
2005-Feb-12 10:18:40 14313.4 126.953 1 613
2005-Feb-12 10:26:24 14808.1 128.275 1 613
2005-Feb-12 10:34:08 14486.3 137.053 1 614
2005-Feb-12 10:41:52 14227.2 137.51 1 613
2005-Feb-12 10:49:36 14394.3 139.887 1 614
2005-Feb-12 10:57:20 13987.2 131.862 1 612
2005-Feb-12 11:05:04 14241.4 126.033 1 610
2005-Feb-12 11:12:48 13707.4 129.768 1 613
2005-Feb-12 11:20:32 15021.3 143.338 1 599
2005-Feb-12 11:28:16 14382.7 155.774 1 607
2005-Feb-12 11:43:44 14169.6 141.849 1 617
2005-Feb-12 11:51:28 13696.5 136.834 1 612
2005-Feb-12 11:59:12 14595.6 130.014 1 615
#$3.10247e-17 -3.99027e-17 2
#deg max=125 2.18166
#dp_Δ max=1.75e-06
#POWER_PROFILE stage=grid total_s=0.161426
#POWER_PROFILE stage=bootstrap total_s=1.3388
#$4.24327e-17 -2.26248e-17 0
#deg max=20 0.349066
#dp_Δ max=-1.325e-05
#POWER_PROFILE stage=grid total_s=0.159283
#POWER_PROFILE stage=bootstrap total_s=1.31197
#deg max=20 0.349066
#dp_Δ max=1e-06
#POWER_PROFILE stage=grid total_s=0.159106
#POWER_PROFILE stage=bootstrap total_s=1.34263
#$3.65778e-17 -6.9706e-17 1
#deg max=160 2.79253
#dp_Δ max=2.5e-07
#POWER_PROFILE stage=grid total_s=0.160426
#POWER_PROFILE stage=bootstrap total_s=1.34732
#PROFILE segment=1 windows=42 fft_qc_s=0.148497 pack_s=0.0230415 stack_s=10.4241 fit_s=8.37422 total_s=18.9723
#Segment 2005-Feb-12 1 accepted_windows=42
2005-Feb-12 11:51:28 13696.5 136.834 1 612
2005-Feb-12 11:59:12 14595.6 130.014 1 615
2005-Feb-12 12:06:56 15229.2 132.711 1 612
2005-Feb-12 12:14:40 14951.2 130.343 1 614
2005-Feb-12 12:22:24 14291.9 125.163 1 612
2005-Feb-12 12:30:08 14038.5 135.484 1 613
2005-Feb-12 12:37:52 14354.8 129.148 1 615
2005-Feb-12 12:45:36 14289.6 120.603 1 614
2005-Feb-12 12:53:20 13982.5 127.708 1 609
2005-Feb-12 13:01:04 14302.3 134.302 1 614
2005-Feb-12 13:08:48 14743.3 131.358 1 615
2005-Feb-12 13:16:32 14912.8 125.237 1 611
2005-Feb-12 13:24:16 13956.9 121.515 1 613
2005-Feb-12 13:32:00 14307.3 129.808 1 608
2005-Feb-12 13:39:44 13735.7 128.796 1 612
2005-Feb-12 13:47:28 13603.7 127.779 1 613
2005-Feb-12 13:55:12 14090.1 124.418 1 607
2005-Feb-12 14:02:56 14111.7 119.097 1 611
2005-Feb-12 14:10:40 13818.1 123.674 1 608
2005-Feb-12 14:18:24 13880.5 122.726 1 614
2005-Feb-12 14:26:08 14109.4 123.155 1 612
2005-Feb-12 14:33:52 13935.7 115.526 1 611
2005-Feb-12 14:41:36 13974 120.66 1 608
2005-Feb-12 14:49:20 13828.7 123.634 1 612
2005-Feb-12 14:57:04 13807.7 119.816 1 611
2005-Feb-12 15:04:48 13784.5 120.568 1 611
2005-Feb-12 15:12:32 13894.5 122.352 1 609
2005-Feb-12 15:20:16 14661.8 118.397 1 610
2005-Feb-12 15:28:00 14648.3 123.685 1 613
2005-Feb-12 15:35:44 14569.7 122.057 1 612
2005-Feb-12 15:43:28 14349.5 124.904 1 608
2005-Feb-12 15:51:12 13912.6 121.971 1 612
2005-Feb-12 15:58:56 14047.1 122.052 1 610
2005-Feb-12 16:06:40 14250.8 119.126 1 607
2005-Feb-12 16:14:24 14858.5 126.774 1 608
2005-Feb-12 16:22:08 14100.4 125.056 1 609
2005-Feb-12 16:29:52 14050.7 124.468 1 609
2005-Feb-12 16:37:36 14485.9 124.409 1 605
2005-Feb-12 17:16:16 14470.8 134.343 1 610
2005-Feb-12 17:24:00 14715.2 136.728 1 611
2005-Feb-12 17:31:44 14217.4 131.101 1 612
2005-Feb-12 17:39:28 14660.7 128.831 1 608
2005-Feb-12 17:47:12 14347.6 131.834 1 609
2005-Feb-12 17:54:56 14299.4 126.284 1 604
#$2.29926e-17 -3.23073e-17 2
#deg max=20 0.349066
#dp_Δ max=-3.5e-06
#POWER_PROFILE stage=grid total_s=0.166206
#POWER_PROFILE stage=bootstrap total_s=1.40657
#$3.09564e-17 -1.81821e-17 0
#deg max=10 0.174533
#dp_Δ max=-1.7e-05
#POWER_PROFILE stage=grid total_s=0.16644
#POWER_PROFILE stage=bootstrap total_s=1.40773
#deg max=125 2.18166
#dp_Δ max=1e-06
#POWER_PROFILE stage=grid total_s=0.165761
#POWER_PROFILE stage=bootstrap total_s=1.39046
#$2.47317e-17 -4.78673e-17 1
#deg max=15 0.261799
#dp_Δ max=-1.4e-05
#POWER_PROFILE stage=grid total_s=0.167628
#POWER_PROFILE stage=bootstrap total_s=1.40746
#PROFILE segment=2 windows=44 fft_qc_s=0.147437 pack_s=0.0236605 stack_s=10.9849 fit_s=8.29533 total_s=19.4533
#Segment 2005-Feb-12 2 accepted_windows=44
2005-Feb-12 17:47:12 14347.6 131.834 1 609
2005-Feb-12 17:54:56 14299.4 126.284 1 604
2005-Feb-12 18:02:40 14344.8 130.933 1 605
2005-Feb-12 18:10:24 14440.2 128.129 1 607
2005-Feb-12 18:18:08 14092.8 139.133 1 604
2005-Feb-12 18:25:52 13982.4 146.027 1 606
2005-Feb-12 18:33:36 14724.4 141.805 1 605
2005-Feb-12 18:41:20 14606 138.724 1 608
2005-Feb-12 18:49:04 14065.1 140.448 1 608
2005-Feb-12 18:56:48 13645.7 146.444 1 609
2005-Feb-12 19:04:32 14313.3 134.821 1 610
2005-Feb-12 19:12:16 14792.8 139.703 1 607
2005-Feb-12 19:20:00 13654.6 137.637 1 608
2005-Feb-12 19:27:44 13625.6 138.72 1 606
2005-Feb-12 19:35:28 13974.6 145.089 1 606
2005-Feb-12 19:43:12 13953.7 140.419 1 607
2005-Feb-12 19:50:56 14591.7 144.93 1 607
2005-Feb-12 19:58:40 14087 143.674 1 608
2005-Feb-12 20:06:24 14004.3 143.053 1 605
2005-Feb-12 20:14:08 14694.3 142.078 1 606
2005-Feb-12 20:21:52 14498.5 148.631 1 602
2005-Feb-12 20:29:36 13872.8 143.926 1 604
2005-Feb-12 20:37:20 14699.5 148.957 1 603
2005-Feb-12 20:45:04 14254.7 149.454 1 606
2005-Feb-12 20:52:48 14507 144.087 1 602
2005-Feb-12 21:00:32 14011.9 151.823 1 603
2005-Feb-12 21:08:16 14541.2 150.872 1 606
2005-Feb-12 21:16:00 14433.7 144.818 1 604
2005-Feb-12 21:23:44 14328.9 149.932 1 606
2005-Feb-12 21:31:28 14196.6 143.597 1 604
2005-Feb-12 21:39:12 14041.7 140.822 1 602
2005-Feb-12 21:54:40 15110.5 154.473 1 604
2005-Feb-12 22:02:24 14349.8 150.317 1 609
2005-Feb-12 22:10:08 15021.4 159.048 1 607
2005-Feb-12 22:17:52 14202.7 150.129 1 607
2005-Feb-12 22:25:36 13791.1 144.802 1 605
2005-Feb-12 22:33:20 14398.8 154.075 1 606
2005-Feb-12 22:41:04 14656.1 151.273 1 611
2005-Feb-12 22:48:48 14874 146.203 1 606
2005-Feb-12 22:56:32 14243.4 148.241 1 605
2005-Feb-12 23:04:16 14223.8 149.901 1 606
2005-Feb-12 23:12:00 14339.9 148.849 1 604
2005-Feb-12 23:19:44 14483.5 151.629 1 604
2005-Feb-12 23:27:28 13557.9 148.275 1 604
2005-Feb-12 23:35:12 13876 146.244 1 604
#$1.71785e-17 -3.13445e-17 2
#deg max=125 2.18166
#dp_Δ max=-5e-06
#POWER_PROFILE stage=grid total_s=0.171609
#POWER_PROFILE stage=bootstrap total_s=1.43246
#$2.15444e-17 -1.43916e-17 0
#deg max=145 2.53073
#dp_Δ max=-5e-06
#POWER_PROFILE stage=grid total_s=0.168659
#POWER_PROFILE stage=bootstrap total_s=1.43506
#deg max=30 0.523599
#dp_Δ max=1e-06
#POWER_PROFILE stage=grid total_s=0.171807
#POWER_PROFILE stage=bootstrap total_s=1.43875
#$1.74974e-17 -3.7313e-17 1
#deg max=20 0.349066
#dp_Δ max=-2.75e-06
#POWER_PROFILE stage=grid total_s=0.169109
#POWER_PROFILE stage=bootstrap total_s=1.43932
#PROFILE segment=3 windows=45 fft_qc_s=0.141734 pack_s=0.0239975 stack_s=11.1238 fit_s=8.44773 total_s=19.7537
#Segment 2005-Feb-12 3 accepted_windows=45
#Start/Users/knishida/Projects/Autofocusing/repo/build-clang/matrix-audit-extension-20050212/input/2005/0213/20050440000.h5 686 73.4233s
#LOAD_PROFILE init_s=0.0421067 read_decode_copy_s=3.08805 filter_s=0.50345 total_s=3.6336
#Read data: load_h5 /Users/knishida/Projects/Autofocusing/repo/build-clang/matrix-audit-extension-20050212/input/2005/0213/20050440000.h5 686 77.0612s
2005-Feb-13 00:00:00 13986.1 140.752 1 609
2005-Feb-13 00:07:44 14476.6 141.047 1 613
2005-Feb-13 00:15:28 14047.6 142.314 1 611
2005-Feb-13 00:23:12 14248 147.784 1 611
2005-Feb-13 00:30:56 14280.7 143.743 1 615
2005-Feb-13 00:38:40 14512.6 146.51 1 613
2005-Feb-13 00:46:24 14005.5 144.959 1 609
2005-Feb-13 00:54:08 14251.5 146.695 1 611
2005-Feb-13 01:01:52 14118 150.858 1 611
2005-Feb-13 01:09:36 13906.6 154.277 1 612
2005-Feb-13 01:17:20 14506.4 147.535 1 608
2005-Feb-13 01:25:04 14696.1 141.483 1 612
2005-Feb-13 01:32:48 14455.6 148.437 1 609
2005-Feb-13 01:40:32 14423.2 147.009 1 609
2005-Feb-13 01:48:16 14637.5 146.09 1 612
2005-Feb-13 01:56:00 14750.1 140.379 1 612
2005-Feb-13 02:03:44 14722.6 142.218 1 609
2005-Feb-13 02:11:28 14007.8 139.537 1 609
2005-Feb-13 02:19:12 14944.4 136.418 1 608
2005-Feb-13 02:26:56 14113.9 140.771 1 609
2005-Feb-13 02:34:40 14703.5 146.196 1 612
2005-Feb-13 02:42:24 15474.7 148.983 1 610
2005-Feb-13 02:50:08 15249.8 152.156 1 611
2005-Feb-13 02:57:52 14603.2 150.893 1 611
2005-Feb-13 03:05:36 14437.1 142.475 1 612
2005-Feb-13 03:13:20 14546.4 141.312 1 610
2005-Feb-13 03:21:04 14784.3 142.772 1 610
2005-Feb-13 03:28:48 14521.9 143.799 1 611
2005-Feb-13 03:36:32 14689.4 138.161 1 613
2005-Feb-13 03:44:16 13669 136.513 1 611
2005-Feb-13 03:52:00 14558.6 130.605 1 610
2005-Feb-13 03:59:44 14277.4 137.093 1 611
2005-Feb-13 04:07:28 14132.8 137.907 1 613
2005-Feb-13 04:15:12 14610.6 135.9 1 614
2005-Feb-13 04:22:56 14467.3 133.522 1 613
2005-Feb-13 04:30:40 14483.2 133.87 1 610
2005-Feb-13 04:38:24 14450.1 137.845 1 612
2005-Feb-13 04:46:08 15075.8 135.846 1 612
2005-Feb-13 04:53:52 15358.7 135.273 1 614
2005-Feb-13 05:01:36 14386.9 132.554 1 613
2005-Feb-13 05:09:20 14126.4 127.423 1 612
2005-Feb-13 05:17:04 14467.5 129.483 1 613
2005-Feb-13 05:24:48 14729.7 130.727 1 614
2005-Feb-13 05:32:32 14573.7 129.633 1 615
2005-Feb-13 05:40:16 14756.8 125.64 1 615
2005-Feb-13 05:48:00 13957.3 128.942 1 612
2005-Feb-13 05:55:44 13763.1 127.776 1 612
2005-Feb-13 06:03:28 14610.5 125.884 1 612
#$1.34694e-17 -2.82754e-17 2
#deg max=35 0.610865
#dp_Δ max=-3.5e-06
#POWER_PROFILE stage=grid total_s=0.183222
#POWER_PROFILE stage=bootstrap total_s=1.55222
#$1.26524e-17 -1.05338e-17 0
#deg max=105 1.8326
#dp_Δ max=-2.75e-06
#POWER_PROFILE stage=grid total_s=0.182854
#POWER_PROFILE stage=bootstrap total_s=1.54793
#deg max=25 0.436332
#dp_Δ max=2.5e-07
#POWER_PROFILE stage=grid total_s=0.182314
#POWER_PROFILE stage=bootstrap total_s=1.53888
#$1.28162e-17 -2.86502e-17 1
#deg max=20 0.349066
#dp_Δ max=-2e-06
#POWER_PROFILE stage=grid total_s=0.191876
#POWER_PROFILE stage=bootstrap total_s=1.54106
#PROFILE segment=0 windows=48 fft_qc_s=0.147693 pack_s=0.0261421 stack_s=12.0172 fit_s=9.13988 total_s=21.346
#Segment 2005-Feb-13 0 accepted_windows=48
2005-Feb-13 05:55:44 13763.1 127.776 1 612
2005-Feb-13 06:03:28 14610.5 125.884 1 612
2005-Feb-13 06:11:12 14454.4 127.338 1 616
2005-Feb-13 06:18:56 14361.2 126.032 1 614
2005-Feb-13 06:26:40 14535.9 123.719 1 611
2005-Feb-13 06:34:24 14398 126.694 1 611
2005-Feb-13 06:42:08 14310.7 124.166 1 614
2005-Feb-13 06:49:52 14142.4 123.349 1 612
2005-Feb-13 06:57:36 14145.6 122.257 1 616
2005-Feb-13 07:05:20 13824.3 126.173 1 613
2005-Feb-13 07:13:04 14646.4 123.456 1 614
2005-Feb-13 07:20:48 14259.6 116.071 1 616
2005-Feb-13 07:28:32 14763.4 113.979 1 614
2005-Feb-13 07:36:16 14535.4 118.238 1 616
2005-Feb-13 07:44:00 13815 116.024 1 611
2005-Feb-13 07:51:44 14209.5 114.714 1 613
2005-Feb-13 07:59:28 14407.2 116.888 1 614
2005-Feb-13 08:07:12 14158.2 114.228 1 618
2005-Feb-13 08:14:56 14146.2 111.911 1 612
2005-Feb-13 08:22:40 14222.7 112.972 1 619
2005-Feb-13 08:30:24 14296.4 111 1 618
2005-Feb-13 08:38:08 13629 112.07 1 618
2005-Feb-13 09:09:04 14202.8 105.841 1 619
2005-Feb-13 09:16:48 14678.4 107.485 1 613
2005-Feb-13 09:24:32 14165.6 107.927 1 619
2005-Feb-13 09:32:16 14569.4 102.469 1 619
2005-Feb-13 09:40:00 14232.1 103.83 1 615
2005-Feb-13 09:47:44 14150.1 104.568 1 619
2005-Feb-13 09:55:28 14338.6 104.319 1 621
2005-Feb-13 10:03:12 14088.7 104.63 1 616
2005-Feb-13 10:10:56 14157.8 103.233 1 620
2005-Feb-13 10:18:40 14128.4 108.35 1 624
2005-Feb-13 10:41:52 24382 104.847 1 618
2005-Feb-13 10:49:36 17657.5 105.033 1 619
2005-Feb-13 10:57:20 14138.6 97.096 1 616
2005-Feb-13 11:05:04 14422.2 104.515 1 619
2005-Feb-13 11:12:48 14265.7 99.3032 1 620
2005-Feb-13 11:20:32 17932.3 102.496 1 618
2005-Feb-13 11:28:16 15731.3 104.219 1 621
2005-Feb-13 11:36:00 14277.3 96.7557 1 623
2005-Feb-13 11:43:44 14417.7 94.353 1 618
2005-Feb-13 11:51:28 14472.6 96.6892 1 620
2005-Feb-13 11:59:12 14832.2 96.6837 1 622
#$8.73122e-18 -1.94389e-17 2
#deg max=35 0.610865
#dp_Δ max=-2e-06
#POWER_PROFILE stage=grid total_s=0.161112
#POWER_PROFILE stage=bootstrap total_s=1.3472
#$9.2189e-18 -7.11039e-18 0
#deg max=25 0.436332
#dp_Δ max=-1.25e-06
#POWER_PROFILE stage=grid total_s=0.161487
#POWER_PROFILE stage=bootstrap total_s=1.34201
#$7.69796e-18 -1.96746e-17 1
#deg max=15 0.261799
#dp_Δ max=-2.75e-06
#POWER_PROFILE stage=grid total_s=0.161374
#POWER_PROFILE stage=bootstrap total_s=1.37417
#PROFILE segment=1 windows=43 fft_qc_s=0.147757 pack_s=0.0230353 stack_s=10.7981 fit_s=6.12351 total_s=17.0943
#Segment 2005-Feb-13 1 accepted_windows=43
2005-Feb-13 11:51:28 14472.6 96.6892 1 620
2005-Feb-13 11:59:12 14832.2 96.6837 1 622
2005-Feb-13 12:06:56 14363.1 93.7048 1 620
2005-Feb-13 12:14:40 14306 95.778 1 619
2005-Feb-13 12:22:24 14633 103.197 1 622
2005-Feb-13 12:30:08 14796.8 97.3223 1 620
2005-Feb-13 12:37:52 14460.4 91.1734 1 618
2005-Feb-13 12:45:36 14066.9 89.4596 1 620
2005-Feb-13 12:53:20 14306.7 93.6281 1 618
2005-Feb-13 13:01:04 14439.1 93.0178 1 619
2005-Feb-13 13:08:48 14309.1 92.5397 1 618
2005-Feb-13 13:16:32 14451.5 96.937 1 616
2005-Feb-13 13:24:16 14362.3 94.7671 1 616
2005-Feb-13 13:32:00 13907.4 92.7372 1 620
2005-Feb-13 13:39:44 14297.3 89.8618 1 617
2005-Feb-13 13:47:28 14788.3 89.5851 1 618
2005-Feb-13 13:55:12 14863 90.8352 1 618
2005-Feb-13 14:02:56 14466.6 92.5719 1 618
2005-Feb-13 14:10:40 14251.5 88.9723 1 619
2005-Feb-13 14:18:24 13964 92.0874 1 622
2005-Feb-13 14:26:08 14850.9 88.5959 1 621
2005-Feb-13 14:33:52 14488.8 87.3207 1 622
2005-Feb-13 14:41:36 14091 89.8643 1 621
2005-Feb-13 14:49:20 14063 86.5759 1 624
2005-Feb-13 14:57:04 13598.3 87.6787 1 620
2005-Feb-13 15:04:48 14280.9 91.7154 1 616
2005-Feb-13 15:12:32 14470.2 90.0287 1 620
2005-Feb-13 15:20:16 14896.1 90.2 1 616
2005-Feb-13 15:28:00 14441.3 90.4742 1 619
2005-Feb-13 15:35:44 14954.8 89.1328 1 624
2005-Feb-13 15:43:28 14812.2 92.6651 1 621
2005-Feb-13 15:51:12 14870.1 94.855 1 623
2005-Feb-13 15:58:56 14612.5 85.6476 1 622
2005-Feb-13 16:06:40 15053.6 87.0736 1 624
2005-Feb-13 16:14:24 14825.7 86.2721 1 621
2005-Feb-13 16:22:08 14485.3 87.0806 1 629
2005-Feb-13 16:29:52 14397.8 85.9474 1 626
2005-Feb-13 16:37:36 14891.7 87.8597 1 623
2005-Feb-13 16:45:20 14643.4 86.5386 1 622
2005-Feb-13 16:53:04 14381.7 86.9861 1 623
2005-Feb-13 17:00:48 14911.2 90.6256 1 619
2005-Feb-13 17:08:32 14899 89.6353 1 621
2005-Feb-13 17:16:16 14543.1 83.7396 1 626
2005-Feb-13 17:24:00 14505.2 84.6781 1 627
2005-Feb-13 17:31:44 14360.4 84.916 1 624
2005-Feb-13 17:39:28 14526.2 86.1702 1 627
2005-Feb-13 17:47:12 14420.6 85.7685 1 620
2005-Feb-13 17:54:56 14787.1 83.0044 1 622
#$7.32841e-18 -1.57822e-17 2
#deg max=60 1.0472
#dp_Δ max=-3.5e-06
#POWER_PROFILE stage=grid total_s=0.179801
#POWER_PROFILE stage=bootstrap total_s=1.50358
#$7.48015e-18 -5.11453e-18 0
#deg max=25 0.436332
#dp_Δ max=-2.75e-06
#POWER_PROFILE stage=grid total_s=0.179392
#POWER_PROFILE stage=bootstrap total_s=1.51634
#deg max=35 0.610865
#dp_Δ max=-2e-06
#POWER_PROFILE stage=grid total_s=0.180049
#POWER_PROFILE stage=bootstrap total_s=1.53734
#$5.00673e-18 -1.39087e-17 1
#deg max=35 0.610865
#dp_Δ max=-1.325e-05
#POWER_PROFILE stage=grid total_s=0.182132
#POWER_PROFILE stage=bootstrap total_s=1.53849
#PROFILE segment=2 windows=48 fft_qc_s=0.148081 pack_s=0.0260174 stack_s=12.1284 fit_s=8.9948 total_s=21.2992
#Segment 2005-Feb-13 2 accepted_windows=48
2005-Feb-13 17:47:12 14420.6 85.7685 1 620
2005-Feb-13 17:54:56 14787.1 83.0044 1 622
2005-Feb-13 18:02:40 14616.4 83.6117 1 627
2005-Feb-13 18:10:24 14720 88.2989 1 624
2005-Feb-13 18:18:08 15204.5 84.383 1 628
2005-Feb-13 18:25:52 14972.2 86.5784 1 627
2005-Feb-13 18:33:36 14269.7 88.305 1 628
2005-Feb-13 18:41:20 14618.4 86.77 1 624
2005-Feb-13 18:49:04 15115.3 85.3673 1 622
2005-Feb-13 18:56:48 14520.6 85.5316 1 625
2005-Feb-13 19:04:32 14780.4 83.042 1 621
2005-Feb-13 19:12:16 15192.6 82.627 1 622
2005-Feb-13 19:20:00 15046.5 85.0543 1 623
2005-Feb-13 19:27:44 15203.3 83.1291 1 625
2005-Feb-13 19:35:28 14479.8 84.392 1 623
2005-Feb-13 19:43:12 14545.7 81.2376 1 623
2005-Feb-13 19:50:56 14970.8 84.9272 1 618
2005-Feb-13 19:58:40 14549.5 84.1312 1 625
2005-Feb-13 20:06:24 14961.3 85.3764 1 621
2005-Feb-13 20:14:08 15149.9 82.6873 1 620
2005-Feb-13 20:21:52 14381.7 81.935 1 620
2005-Feb-13 20:29:36 14648 82.6946 1 623
2005-Feb-13 20:37:20 14409.1 80.6261 1 628
2005-Feb-13 20:45:04 14865 82.1865 1 624
2005-Feb-13 20:52:48 14475 81.9173 1 622
2005-Feb-13 21:00:32 14092.4 83.3589 1 622
2005-Feb-13 21:08:16 14604.7 82.8046 1 622
2005-Feb-13 21:16:00 14648.4 79.7117 1 624
2005-Feb-13 21:23:44 14696.1 80.3333 1 624
2005-Feb-13 21:31:28 15481.9 81.743 1 623
2005-Feb-13 21:39:12 14404.1 80.4563 1 621
2005-Feb-13 21:46:56 14463.2 82.5438 1 617
2005-Feb-13 21:54:40 14852.9 80.0257 1 619
2005-Feb-13 22:02:24 14435.2 81.0663 1 621
2005-Feb-13 22:10:08 14605.2 79.6227 1 621
2005-Feb-13 22:17:52 14548.9 81.045 1 618
2005-Feb-13 22:25:36 14314.9 79.7153 1 616
2005-Feb-13 22:33:20 14826.7 82.9576 1 618
2005-Feb-13 22:41:04 14996 82.7422 1 618
2005-Feb-13 22:48:48 15456.5 85.9252 1 617
2005-Feb-13 22:56:32 14840.6 82.3902 1 616
2005-Feb-13 23:04:16 15316.9 81.5591 1 612
2005-Feb-13 23:12:00 14860.7 81.1968 1 614
2005-Feb-13 23:19:44 14968 82.6123 1 606
2005-Feb-13 23:27:28 14828.6 79.3221 1 614
2005-Feb-13 23:35:12 14946.6 80.2834 1 610
#$5.32737e-18 -1.30788e-17 2
#deg max=65 1.13446
#dp_Δ max=-3.5e-06
#POWER_PROFILE stage=grid total_s=0.176978
#POWER_PROFILE stage=bootstrap total_s=1.46761
#$6.29061e-18 -4.28315e-18 0
#deg max=25 0.436332
#dp_Δ max=-2.75e-06
#POWER_PROFILE stage=grid total_s=0.175917
#POWER_PROFILE stage=bootstrap total_s=1.46712
#deg max=50 0.872665
#dp_Δ max=-2e-06
#POWER_PROFILE stage=grid total_s=0.17478
#POWER_PROFILE stage=bootstrap total_s=1.46947
#$3.99604e-18 -1.209e-17 1
#deg max=15 0.261799
#dp_Δ max=-5.75e-06
#POWER_PROFILE stage=grid total_s=0.174245
#POWER_PROFILE stage=bootstrap total_s=1.45522
#PROFILE segment=3 windows=46 fft_qc_s=0.141598 pack_s=0.024959 stack_s=11.6587 fit_s=8.63467 total_s=20.476
#Segment 2005-Feb-13 3 accepted_windows=46
#ScanSummary days=2 missing=0 empty=0 multiple=0 loaded=2
#PROFILE accepted_windows_total=362
#CPU_PROFILE stage=objective context=serial_caller calls=3134 inclusive_s=41.5095
#CPU_PROFILE stage=objective context=outer_parallel calls=2025 inclusive_s=18.1125
#CPU_PROFILE stage=hessian context=serial_caller calls=210 inclusive_s=5.5216
#CPU_PROFILE stage=hessian context=outer_parallel calls=0 inclusive_s=0
#CPU_PROFILE stage=rotation context=serial_caller calls=81 inclusive_s=0.18844
#CPU_PROFILE stage=rotation context=outer_parallel calls=0 inclusive_s=0
#CPU_PROFILE stage=fitting context=serial_caller calls=27 inclusive_s=8.66188
#CPU_PROFILE stage=fitting context=outer_parallel calls=0 inclusive_s=0
