[  1%] Building CXX object CMakeFiles/slant_stack_backend.dir/src/slant_stack_backend.cpp.o
[  3%] Building CXX object CMakeFiles/slant_stack_backend.dir/src/metal_power.cpp.o
[  5%] Building CXX object CMakeFiles/slant_stack_backend.dir/src/power.cpp.o
[  7%] Building OBJCXX object CMakeFiles/slant_stack_backend.dir/src/slant_stack_metal.mm.o
[  9%] Building OBJCXX object CMakeFiles/slant_stack_backend.dir/src/metal_power.mm.o
[ 11%] Linking CXX static library libslant_stack_backend.a
[ 11%] Built target slant_stack_backend
[ 13%] Building CXX object CMakeFiles/test_cpu_parallel.dir/tests/cpu_parallel.cpp.o
[ 15%] Building CXX object CMakeFiles/test_io.dir/tests/io.cpp.o
[ 16%] Building CXX object CMakeFiles/test_metal_slant_stack.dir/tests/metal_slant_stack.cpp.o
[ 18%] Building CXX object CMakeFiles/test_metal_power.dir/tests/metal_power.cpp.o
[ 20%] Building CXX object CMakeFiles/test_metal_slant_stack.dir/src/slant_stack.cpp.o
[ 22%] Linking CXX executable test_metal_slant_stack
[ 22%] Built target test_metal_slant_stack
[ 24%] Building CXX object CMakeFiles/test_backend.dir/tests/backend.cpp.o
[ 26%] Building CXX object CMakeFiles/test_backend.dir/src/slant_stack.cpp.o
[ 28%] Linking CXX executable test_backend
[ 28%] Built target test_backend
[ 30%] Building CXX object CMakeFiles/test_cpu_parallel.dir/src/slant_stack.cpp.o
[ 32%] Building CXX object CMakeFiles/test_horizontal.dir/tests/horizontal.cpp.o
[ 33%] Building CXX object CMakeFiles/test_metal_power.dir/src/slant_stack.cpp.o
[ 35%] Building CXX object CMakeFiles/test_io.dir/src/slant_stack.cpp.o
[ 37%] Building CXX object CMakeFiles/test_cpu_parallel.dir/src/station_info.cpp.o
[ 39%] Building CXX object CMakeFiles/test_metal_power.dir/src/station_info.cpp.o
[ 41%] Building CXX object CMakeFiles/test_io.dir/src/station_info.cpp.o
[ 43%] Building CXX object CMakeFiles/test_cpu_parallel.dir/src/util.cpp.o
[ 45%] Building CXX object CMakeFiles/test_metal_power.dir/src/util.cpp.o
[ 47%] Building CXX object CMakeFiles/test_io.dir/src/util.cpp.o
[ 49%] Building CXX object CMakeFiles/test_horizontal.dir/src/slant_stack.cpp.o
[ 50%] Building CXX object CMakeFiles/test_cpu_parallel.dir/src/calTT.cpp.o
[ 52%] Building CXX object CMakeFiles/test_horizontal.dir/src/station_info.cpp.o
[ 54%] Building CXX object CMakeFiles/test_metal_power.dir/src/calTT.cpp.o
[ 56%] Building CXX object CMakeFiles/test_io.dir/src/calTT.cpp.o
[ 58%] Linking CXX executable test_cpu_parallel
[ 58%] Built target test_cpu_parallel
[ 60%] Building CXX object CMakeFiles/test_horizontal.dir/src/util.cpp.o
[ 62%] Linking CXX executable test_io
[ 64%] Linking CXX executable test_metal_power
[ 64%] Built target test_metal_power
[ 64%] Built target test_io
[ 66%] Building CXX object CMakeFiles/test_slant_stack.dir/tests/slant_stack.cpp.o
[ 67%] Building CXX object src/CMakeFiles/cal_ccf_clang.dir/cal_ccf.cpp.o
[ 69%] Building CXX object src/CMakeFiles/cal_ccf_eq_clang.dir/cal_ccf_eq.cpp.o
[ 71%] Building CXX object CMakeFiles/test_horizontal.dir/src/calTT.cpp.o
[ 73%] Linking CXX executable test_horizontal
[ 73%] Built target test_horizontal
[ 75%] Building CXX object CMakeFiles/test_slant_stack.dir/src/slant_stack.cpp.o
/private/tmp/autofocusing-metal-paired-20260914/after/src/cal_ccf_eq.cpp:138:7: warning: variable 'count0' set but not used [-Wunused-but-set-variable]
  138 |   int count0 = 0;
      |       ^
/private/tmp/autofocusing-metal-paired-20260914/after/src/cal_ccf_eq.cpp:355:16: warning: variable 'normZ' set but not used [-Wunused-but-set-variable]
  355 |         double normZ;
      |                ^
[ 77%] Building CXX object src/CMakeFiles/cal_ccf_clang.dir/slant_stack.cpp.o
[ 79%] Building CXX object src/CMakeFiles/cal_ccf_clang.dir/station_info.cpp.o
[ 81%] Building CXX object CMakeFiles/test_slant_stack.dir/src/station_info.cpp.o
[ 83%] Building CXX object CMakeFiles/test_slant_stack.dir/src/util.cpp.o
2 warnings generated.
[ 84%] Building CXX object src/CMakeFiles/cal_ccf_eq_clang.dir/station_info.cpp.o
[ 86%] Building CXX object src/CMakeFiles/cal_ccf_clang.dir/util.cpp.o
[ 88%] Building CXX object src/CMakeFiles/cal_ccf_eq_clang.dir/util.cpp.o
[ 90%] Building CXX object CMakeFiles/test_slant_stack.dir/src/calTT.cpp.o
[ 92%] Building CXX object src/CMakeFiles/cal_ccf_clang.dir/calTT.cpp.o
[ 94%] Building CXX object src/CMakeFiles/cal_ccf_eq_clang.dir/calTT.cpp.o
[ 96%] Linking CXX executable test_slant_stack
[ 98%] Linking CXX executable cal_ccf_clang
[ 98%] Built target test_slant_stack
[ 98%] Built target cal_ccf_clang
[100%] Linking CXX executable cal_ccf_eq_clang
[100%] Built target cal_ccf_eq_clang
