-- The C compiler identification is Clang 23.1.1
-- The CXX compiler identification is Clang 23.1.1
-- Detecting C compiler ABI info
-- Detecting C compiler ABI info - done
-- Check for working C compiler: /opt/homebrew/opt/llvm/bin/clang - skipped
-- Detecting C compile features
-- Detecting C compile features - done
-- Detecting CXX compiler ABI info
-- Detecting CXX compiler ABI info - done
-- Check for working CXX compiler: /opt/homebrew/opt/llvm/bin/clang++ - skipped
-- Detecting CXX compile features
-- Detecting CXX compile features - done
-- The OBJCXX compiler identification is AppleClang 17.0.0.17000603
-- Detecting OBJCXX compiler ABI info
-- Detecting OBJCXX compiler ABI info - done
-- Check for working OBJCXX compiler: /Library/Developer/CommandLineTools/usr/bin/clang++ - skipped
-- Using Clang
CMake Warning (policy) at CMakeLists.txt:64 (find_package):
  Policy CMP0167 is not set: The FindBoost module is removed.  Run "cmake
  --help-policy CMP0167" for policy details.  Use the cmake_policy command to
  set the policy and suppress this warning.
This warning is for project developers.  Use -Wno-author or -Wno-policy to
suppress it.

-- Found Boost: /opt/homebrew/lib/cmake/Boost-1.92.0/BoostConfig.cmake (found version "1.92.0") found components: filesystem date_time math_c99
-- Found HDF5: hdf5-shared (found version "2.2.0") found components: C HL
-- Found OpenMP_C: -fopenmp=libomp (found version "5.1")
-- Found OpenMP_CXX: -fopenmp=libomp (found version "5.1")
-- Found OpenMP: TRUE (found version "5.1")
-- Configuring done (3.3s)
-- Generating done (0.1s)
-- Build files have been written to: /private/tmp/autofocusing-metal-final-20260914/after/build
