#SlantStack backend=cpu (double)
#Power mode=off
#SlantStack step_s_per_km=0.005 max_s_per_km=0.165 grid=67x67
#FrequencyBand {"requested_min_hz":0.10000000000000001,"requested_max_hz":0.25,"min_hz":0.099609375,"max_hz":0.25,"df_hz":0.0009765625,"min_bin":102,"max_bin":256,"fft_length":2048,"sample_interval_s":0.5,"spectrum_bins":266}
#DateRange start=2005-10-28 end=2005-10-28 inclusive=true
#0.0996094 0.25
#Start/Users/knishida/Projects/Autofocusing/repo/build-clang/matrix-audit-extension-20051028/input/2005/1028/20053010000.h5 0 0.000112s
#LOAD_PROFILE init_s=0.0468483 read_decode_copy_s=3.0773 filter_s=0.49644 total_s=3.62059
#Read data: load_h5 /Users/knishida/Projects/Autofocusing/repo/build-clang/matrix-audit-extension-20051028/input/2005/1028/20053010000.h5 690 3.62586s
2005-Oct-28 00:07:44 14399.8 59.0762 1 593
2005-Oct-28 00:15:28 14408.5 61.0906 1 593
2005-Oct-28 00:23:12 14226.8 62.1481 1 601
2005-Oct-28 00:30:56 14216.8 60.0479 1 598
2005-Oct-28 00:38:40 13603.3 58.1049 1 596
2005-Oct-28 00:46:24 14092.8 58.4879 1 598
2005-Oct-28 00:54:08 14428.3 59.3767 1 601
2005-Oct-28 01:01:52 14594.5 58.9472 1 596
2005-Oct-28 01:09:36 14442.4 57.8565 1 594
2005-Oct-28 01:17:20 13873.1 58.687 1 596
2005-Oct-28 01:25:04 14480.4 57.5893 1 595
2005-Oct-28 01:32:48 14352.3 58.2262 1 597
2005-Oct-28 01:40:32 14225.1 60.4759 1 589
2005-Oct-28 01:48:16 13934.7 58.5723 1 590
2005-Oct-28 01:56:00 13963.7 59.3728 1 594
2005-Oct-28 02:03:44 13520 58.0318 1 597
2005-Oct-28 02:11:28 13830.3 58.7272 1 595
2005-Oct-28 02:19:12 14057.3 57.5873 1 593
2005-Oct-28 02:26:56 14549.6 58.93 1 594
2005-Oct-28 02:34:40 14426 57.9224 1 595
2005-Oct-28 02:42:24 14270.3 58.3149 1 595
2005-Oct-28 02:50:08 14325.9 59.7031 1 594
2005-Oct-28 02:57:52 13966.5 59.1744 1 596
2005-Oct-28 03:05:36 13792.1 60.5355 1 595
2005-Oct-28 03:13:20 14095.3 57.8909 1 594
2005-Oct-28 03:21:04 13832.3 58.5927 1 594
2005-Oct-28 03:28:48 13955.2 60.2075 1 593
2005-Oct-28 03:36:32 13729.8 58.078 1 592
2005-Oct-28 03:44:16 14609.6 58.0124 1 593
2005-Oct-28 03:52:00 14898.8 59.5815 1 593
2005-Oct-28 03:59:44 14243.8 59.4524 1 596
2005-Oct-28 04:07:28 14329.6 57.3044 1 595
2005-Oct-28 04:15:12 13523.9 57.7781 1 598
2005-Oct-28 04:22:56 14511.5 59.1427 1 595
2005-Oct-28 04:30:40 14479.1 60.5408 1 595
2005-Oct-28 04:38:24 13771.2 58.6388 1 596
2005-Oct-28 04:46:08 14368.1 58.7303 1 590
2005-Oct-28 04:53:52 14096.3 59.2346 1 598
2005-Oct-28 05:01:36 13860.9 57.8754 1 593
2005-Oct-28 05:09:20 14120.1 59.5096 1 593
2005-Oct-28 05:17:04 13870.6 60.2231 1 595
2005-Oct-28 05:24:48 13791.9 59.1135 1 598
2005-Oct-28 05:32:32 14440.2 58.1441 1 598
2005-Oct-28 05:40:16 14387 58.4887 1 593
2005-Oct-28 05:48:00 14226 58.3687 1 592
2005-Oct-28 05:55:44 14276.4 60.8739 1 597
2005-Oct-28 06:03:28 14246.3 59.3967 1 593
#$2.53129e-18 -5.97699e-18 2
#deg max=120 2.0944
#dp_Δ max=-1.25e-06
#POWER_PROFILE stage=grid total_s=0.180557
#POWER_PROFILE stage=bootstrap total_s=1.51393
#deg max=75 1.309
#dp_Δ max=-3.5e-06
#POWER_PROFILE stage=grid total_s=0.180095
#POWER_PROFILE stage=bootstrap total_s=1.51193
#$2.27608e-18 -1.2464e-18 0
#deg max=120 2.0944
#dp_Δ max=-4.25e-06
#POWER_PROFILE stage=grid total_s=0.180039
#POWER_PROFILE stage=bootstrap total_s=1.49287
#deg max=70 1.22173
#dp_Δ max=1e-06
#POWER_PROFILE stage=grid total_s=0.178633
#POWER_PROFILE stage=bootstrap total_s=1.51602
#deg max=175 3.05433
#dp_Δ max=-8.75e-06
#POWER_PROFILE stage=grid total_s=0.179554
#POWER_PROFILE stage=bootstrap total_s=1.51139
#$1.58129e-18 -5.12722e-18 1
#deg max=135 2.35619
#dp_Δ max=4e-06
#POWER_PROFILE stage=grid total_s=0.179974
#POWER_PROFILE stage=bootstrap total_s=1.50992
#deg max=170 2.96706
#dp_Δ max=9.25e-06
#POWER_PROFILE stage=grid total_s=0.180981
#POWER_PROFILE stage=bootstrap total_s=1.52504
#PROFILE segment=0 windows=47 fft_qc_s=0.148618 pack_s=0.0250395 stack_s=11.4275 fit_s=16.0792 total_s=27.6959
#Segment 2005-Oct-28 0 accepted_windows=47
2005-Oct-28 05:55:44 14276.4 60.8739 1 597
2005-Oct-28 06:03:28 14246.3 59.3967 1 593
2005-Oct-28 06:11:12 14357.7 59.808 1 593
2005-Oct-28 06:18:56 14347.9 61.0861 1 596
2005-Oct-28 06:26:40 14227.1 61.1918 1 592
2005-Oct-28 06:34:24 14332.3 58.9309 1 598
2005-Oct-28 06:42:08 14155.6 57.9056 1 594
2005-Oct-28 06:49:52 14940.4 59.3098 1 595
2005-Oct-28 06:57:36 14667.1 61.0034 1 596
2005-Oct-28 07:05:20 14754.8 60.9975 1 593
2005-Oct-28 07:13:04 14671.7 59.5372 1 595
2005-Oct-28 07:20:48 14453.1 59.895 1 594
2005-Oct-28 07:28:32 13979.5 59.1991 1 585
2005-Oct-28 07:36:16 13623.7 59.3377 1 589
2005-Oct-28 07:44:00 13757.2 60.2463 1 595
2005-Oct-28 07:51:44 14091.8 56.7493 1 598
2005-Oct-28 07:59:28 13760.3 57.3086 1 596
2005-Oct-28 08:07:12 13670 57.5992 1 596
2005-Oct-28 08:14:56 14077.4 59.5526 1 596
2005-Oct-28 08:22:40 13795.3 59.0804 1 591
2005-Oct-28 08:30:24 14260.5 57.2794 1 593
2005-Oct-28 08:38:08 14595.7 57.466 1 593
2005-Oct-28 09:09:04 13917.3 60.4301 1 594
2005-Oct-28 09:16:48 14089.5 62.0166 1 591
2005-Oct-28 09:24:32 13872.9 60.5063 1 596
2005-Oct-28 09:32:16 13765 58.1945 1 588
2005-Oct-28 09:40:00 14102.4 60.0527 1 594
2005-Oct-28 09:47:44 13776.7 57.1508 1 590
2005-Oct-28 09:55:28 13767.9 61.5234 1 592
2005-Oct-28 10:03:12 13776.5 59.2432 1 592
2005-Oct-28 10:10:56 13985 56.6385 1 592
2005-Oct-28 10:18:40 13656.6 58.6076 1 590
2005-Oct-28 10:26:24 14295.3 57.5514 1 588
2005-Oct-28 10:34:08 13352.1 57.1786 1 587
2005-Oct-28 10:41:52 14468.2 58.947 1 588
2005-Oct-28 10:49:36 13811.6 59.9289 1 594
2005-Oct-28 10:57:20 14408.6 57.4324 1 586
2005-Oct-28 11:05:04 13797.6 59.3602 1 584
2005-Oct-28 11:12:48 14170.2 58.7913 1 587
2005-Oct-28 11:20:32 13881.4 59.1103 1 586
2005-Oct-28 11:28:16 14171.1 59.0735 1 583
2005-Oct-28 11:36:00 13551.8 56.9082 1 590
2005-Oct-28 11:43:44 13093.4 57.6809 1 595
2005-Oct-28 11:51:28 13604.9 57.8763 1 592
2005-Oct-28 11:59:12 13914.6 57.7227 1 591
#$2.70897e-18 -6.35997e-18 2
#deg max=115 2.00713
#dp_Δ max=-3.5e-06
#POWER_PROFILE stage=grid total_s=0.171843
#POWER_PROFILE stage=bootstrap total_s=1.45448
#deg max=70 1.22173
#dp_Δ max=-5e-06
#POWER_PROFILE stage=grid total_s=0.172069
#POWER_PROFILE stage=bootstrap total_s=1.45184
#$2.33103e-18 -1.38294e-18 0
#deg max=120 2.0944
#dp_Δ max=-6.5e-06
#POWER_PROFILE stage=grid total_s=0.172148
#POWER_PROFILE stage=bootstrap total_s=1.44941
#deg max=50 0.872665
#dp_Δ max=1.75e-06
#POWER_PROFILE stage=grid total_s=0.169747
#POWER_PROFILE stage=bootstrap total_s=1.43791
#deg max=155 2.70526
#dp_Δ max=1.75e-06
#POWER_PROFILE stage=grid total_s=0.170242
#POWER_PROFILE stage=bootstrap total_s=1.43222
#$1.66719e-18 -5.2755e-18 1
#deg max=130 2.26893
#dp_Δ max=-8.75e-06
#POWER_PROFILE stage=grid total_s=0.16971
#POWER_PROFILE stage=bootstrap total_s=1.44122
#deg max=30 0.523599
#dp_Δ max=4.75e-06
#POWER_PROFILE stage=grid total_s=0.1697
#POWER_PROFILE stage=bootstrap total_s=1.44622
#PROFILE segment=1 windows=45 fft_qc_s=0.148324 pack_s=0.0240456 stack_s=10.8879 fit_s=14.7889 total_s=25.8512
#Segment 2005-Oct-28 1 accepted_windows=45
2005-Oct-28 11:51:28 13604.9 57.8763 1 592
2005-Oct-28 11:59:12 13914.6 57.7227 1 591
2005-Oct-28 12:06:56 14394.3 59.0155 1 596
2005-Oct-28 12:14:40 13759.6 59.7595 1 592
2005-Oct-28 12:22:24 13787.2 59.1268 1 593
2005-Oct-28 12:30:08 14449.8 57.5875 1 593
2005-Oct-28 12:37:52 14276.4 59.1649 1 590
2005-Oct-28 12:45:36 14239.7 57.0537 1 596
2005-Oct-28 12:53:20 14380.8 57.0262 1 595
2005-Oct-28 13:01:04 14046 57.4661 1 593
2005-Oct-28 13:08:48 13986.8 57.805 1 599
2005-Oct-28 13:16:32 13921.1 58.8707 1 598
2005-Oct-28 13:24:16 14234.1 57.9095 1 596
2005-Oct-28 13:32:00 14074.7 58.356 1 595
2005-Oct-28 13:39:44 13709.4 57.766 1 596
2005-Oct-28 13:47:28 14352.1 55.9474 1 597
2005-Oct-28 13:55:12 14338.5 60.2396 1 599
2005-Oct-28 14:02:56 14139 57.2297 1 593
2005-Oct-28 14:10:40 14235.2 56.5164 1 597
2005-Oct-28 14:18:24 14675.9 57.0012 1 598
2005-Oct-28 14:26:08 14288.6 55.8688 1 593
2005-Oct-28 14:33:52 14000.5 57.7977 1 595
2005-Oct-28 14:41:36 14083.6 58.3557 1 597
2005-Oct-28 14:49:20 13613.9 57.4786 1 598
2005-Oct-28 14:57:04 14002.2 58.3469 1 603
2005-Oct-28 15:04:48 13550.9 58.5489 1 599
2005-Oct-28 15:12:32 13897.9 57.9266 1 597
2005-Oct-28 15:20:16 14389.8 56.3567 1 596
2005-Oct-28 15:28:00 14208.7 58.3853 1 597
2005-Oct-28 15:35:44 14049.2 58.1283 1 596
2005-Oct-28 15:43:28 14119.6 56.9988 1 597
2005-Oct-28 15:51:12 14616.3 56.3504 1 598
2005-Oct-28 15:58:56 14197.6 56.8673 1 600
2005-Oct-28 16:06:40 13951 57.1735 1 603
2005-Oct-28 16:14:24 14428.4 57.0875 1 599
2005-Oct-28 16:22:08 13536.6 57.334 1 603
2005-Oct-28 16:29:52 13791.6 57.507 1 604
2005-Oct-28 16:37:36 13685 57.5209 1 602
2005-Oct-28 16:45:20 13966.5 56.4546 1 606
2005-Oct-28 16:53:04 13951.8 57.8061 1 611
2005-Oct-28 17:00:48 14676 58.7594 1 606
2005-Oct-28 17:08:32 14328.3 58.4902 1 607
2005-Oct-28 17:16:16 14359.6 58.2598 1 600
2005-Oct-28 17:24:00 14960 57.0001 1 605
2005-Oct-28 17:31:44 14316.7 57.4892 1 608
2005-Oct-28 17:39:28 14314.3 58.2557 1 608
2005-Oct-28 17:47:12 13841.8 56.8435 1 606
2005-Oct-28 17:54:56 13454.4 56.763 1 607
#$2.55341e-18 -6.25242e-18 2
#deg max=110 1.91986
#dp_Δ max=-2.75e-06
#POWER_PROFILE stage=grid total_s=0.182859
#POWER_PROFILE stage=bootstrap total_s=1.51949
#$2.30088e-18 -1.35553e-18 0
#deg max=115 2.00713
#dp_Δ max=-1.25e-06
#POWER_PROFILE stage=grid total_s=0.181982
#POWER_PROFILE stage=bootstrap total_s=1.53828
#$1.51411e-18 -4.9269e-18 1
#deg max=125 2.18166
#dp_Δ max=1.75e-06
#POWER_PROFILE stage=grid total_s=0.181998
#POWER_PROFILE stage=bootstrap total_s=1.54136
#PROFILE segment=2 windows=48 fft_qc_s=0.149464 pack_s=0.0257993 stack_s=11.7572 fit_s=6.32482 total_s=18.2593
#Segment 2005-Oct-28 2 accepted_windows=48
2005-Oct-28 17:47:12 13841.8 56.8435 1 606
2005-Oct-28 17:54:56 13454.4 56.763 1 607
2005-Oct-28 18:02:40 13760.9 56.551 1 604
2005-Oct-28 18:10:24 13818.8 56.7712 1 604
2005-Oct-28 18:18:08 13757.9 57.8876 1 608
2005-Oct-28 18:25:52 13917.5 56.8245 1 608
2005-Oct-28 18:33:36 13640.5 55.2892 1 607
2005-Oct-28 18:41:20 14170.1 56.6101 1 608
2005-Oct-28 18:49:04 14378.5 56.4685 1 604
2005-Oct-28 18:56:48 14300.6 55.93 1 606
2005-Oct-28 19:04:32 13979.6 56.0486 1 605
2005-Oct-28 19:12:16 14290.8 57.4793 1 604
2005-Oct-28 19:20:00 13726.6 58.1718 1 607
2005-Oct-28 19:27:44 13634 58.2982 1 608
2005-Oct-28 19:35:28 14017.7 57.2287 1 607
2005-Oct-28 19:43:12 13761.4 57.7303 1 605
2005-Oct-28 19:50:56 14300.2 59.1465 1 609
2005-Oct-28 19:58:40 15114.1 55.8308 1 610
2005-Oct-28 20:06:24 13977.4 57.1408 1 609
2005-Oct-28 20:14:08 13987.1 56.1123 1 608
2005-Oct-28 20:21:52 13758.1 58.6524 1 608
2005-Oct-28 20:29:36 13981.3 56.2928 1 609
2005-Oct-28 20:37:20 14414.5 57.6838 1 609
2005-Oct-28 20:45:04 14028.6 57.7852 1 609
2005-Oct-28 20:52:48 13544.5 56.3526 1 604
2005-Oct-28 21:00:32 14298.6 56.661 1 606
2005-Oct-28 21:08:16 14186.4 56.2631 1 608
2005-Oct-28 21:16:00 14057.3 56.3003 1 609
2005-Oct-28 21:23:44 14175.7 56.1262 1 608
2005-Oct-28 21:31:28 14440.1 57.137 1 609
2005-Oct-28 21:39:12 14627.4 56.7881 1 608
2005-Oct-28 21:46:56 14156.8 57.1918 1 610
2005-Oct-28 21:54:40 13745.4 55.5758 1 610
2005-Oct-28 22:02:24 13798.1 55.4216 1 608
2005-Oct-28 22:10:08 14262.2 57.0594 1 613
2005-Oct-28 22:17:52 13444.6 57.2479 1 613
2005-Oct-28 22:25:36 13738.4 58.3357 1 611
2005-Oct-28 22:33:20 14679.6 57.9888 1 607
2005-Oct-28 22:41:04 14362.8 55.7159 1 612
2005-Oct-28 22:48:48 14382.2 56.4799 1 612
2005-Oct-28 22:56:32 14355 56.0344 1 613
2005-Oct-28 23:04:16 14042.7 56.9491 1 613
2005-Oct-28 23:12:00 13922.5 56.1957 1 614
2005-Oct-28 23:19:44 14215.7 54.5756 1 614
2005-Oct-28 23:27:28 14057.7 56.3864 1 613
2005-Oct-28 23:35:12 14064.6 57.0428 1 612
#$2.713e-18 -6.63741e-18 2
#deg max=105 1.8326
#dp_Δ max=-2.75e-06
#POWER_PROFILE stage=grid total_s=0.20863
#POWER_PROFILE stage=bootstrap total_s=1.51281
#$2.36731e-18 -1.43631e-18 0
#deg max=110 1.91986
#dp_Δ max=-2.75e-06
#POWER_PROFILE stage=grid total_s=0.180472
#POWER_PROFILE stage=bootstrap total_s=1.51138
#deg max=90 1.5708
#dp_Δ max=-1.25e-06
#POWER_PROFILE stage=grid total_s=0.174135
#POWER_PROFILE stage=bootstrap total_s=1.49848
#$1.61554e-18 -4.74427e-18 1
#deg max=145 2.53073
#dp_Δ max=9.25e-06
#POWER_PROFILE stage=grid total_s=0.178474
#POWER_PROFILE stage=bootstrap total_s=1.48554
#PROFILE segment=3 windows=46 fft_qc_s=0.142104 pack_s=0.0242481 stack_s=11.309 fit_s=8.54785 total_s=20.0401
#Segment 2005-Oct-28 3 accepted_windows=46
#ScanSummary days=1 missing=0 empty=0 multiple=0 loaded=1
#PROFILE accepted_windows_total=186
#CPU_PROFILE stage=objective context=serial_caller calls=2403 inclusive_s=33.0543
#CPU_PROFILE stage=objective context=outer_parallel calls=1575 inclusive_s=14.6464
#CPU_PROFILE stage=hessian context=serial_caller calls=139 inclusive_s=3.84594
#CPU_PROFILE stage=hessian context=outer_parallel calls=0 inclusive_s=0
#CPU_PROFILE stage=rotation context=serial_caller calls=63 inclusive_s=0.144384
#CPU_PROFILE stage=rotation context=outer_parallel calls=0 inclusive_s=0
#CPU_PROFILE stage=fitting context=serial_caller calls=21 inclusive_s=6.04564
#CPU_PROFILE stage=fitting context=outer_parallel calls=0 inclusive_s=0
