#SlantStack backend=cpu (double)
#Power mode=off
#SlantStack step_s_per_km=0.005 max_s_per_km=0.165 grid=67x67
#FrequencyBand {"requested_min_hz":0.10000000000000001,"requested_max_hz":0.25,"min_hz":0.099609375,"max_hz":0.25,"df_hz":0.0009765625,"min_bin":102,"max_bin":256,"fft_length":2048,"sample_interval_s":0.5,"spectrum_bins":266}
#DateRange start=2005-09-18 end=2005-09-18 inclusive=true
#0.0996094 0.25
#Start/Users/knishida/Projects/Autofocusing/repo/build-clang/matrix-audit-extension-20050918/input/2005/0918/20052610000.h5 0 9.3e-05s
#LOAD_PROFILE init_s=0.0425921 read_decode_copy_s=3.09098 filter_s=0.494395 total_s=3.62797
#Read data: load_h5 /Users/knishida/Projects/Autofocusing/repo/build-clang/matrix-audit-extension-20050918/input/2005/0918/20052610000.h5 685 3.63306s
2005-Sep-18 00:07:44 13771.6 46.3648 1 633
2005-Sep-18 00:15:28 14103.1 45.6231 1 630
2005-Sep-18 00:23:12 14430.2 46.1785 1 630
2005-Sep-18 00:30:56 14252.1 46.9636 1 630
2005-Sep-18 00:38:40 14672.7 46.5749 1 632
2005-Sep-18 00:46:24 14461.3 46.2626 1 628
2005-Sep-18 00:54:08 14092.3 48.3555 1 626
2005-Sep-18 01:01:52 14260.8 45.4788 1 632
2005-Sep-18 01:09:36 13372.9 44.6757 1 628
2005-Sep-18 01:17:20 13830.3 45.7416 1 627
2005-Sep-18 01:25:04 13974.3 45.6475 1 627
2005-Sep-18 01:32:48 14294.8 45.8975 1 629
2005-Sep-18 01:40:32 14383 45.6371 1 626
2005-Sep-18 01:48:16 14357.1 45.6285 1 624
2005-Sep-18 01:56:00 13716 45.6423 1 624
2005-Sep-18 02:03:44 14341.8 45.679 1 623
2005-Sep-18 02:11:28 14139.1 45.2853 1 624
2005-Sep-18 02:19:12 14600.7 46.0006 1 623
2005-Sep-18 02:26:56 13593.3 46.6897 1 624
2005-Sep-18 02:34:40 13662 45.4846 1 622
2005-Sep-18 02:42:24 13707.4 44.0742 1 622
2005-Sep-18 02:50:08 14190.1 45.1862 1 623
2005-Sep-18 02:57:52 14098.4 44.9094 1 625
2005-Sep-18 03:05:36 13631.3 45.4507 1 622
2005-Sep-18 03:13:20 13870.1 45.5576 1 620
2005-Sep-18 03:21:04 14355.2 46.1571 1 620
2005-Sep-18 03:28:48 13891.4 45.5104 1 624
2005-Sep-18 03:36:32 14582.8 45.7696 1 622
2005-Sep-18 03:44:16 14587.7 45.7043 1 621
2005-Sep-18 03:52:00 14719.6 46.2008 1 622
2005-Sep-18 03:59:44 13780.3 45.9051 1 621
2005-Sep-18 04:07:28 13483.9 45.7084 1 619
2005-Sep-18 04:15:12 13984 47.0589 1 620
2005-Sep-18 04:22:56 13845.5 45.5469 1 620
2005-Sep-18 04:30:40 14375.7 45.4087 1 620
2005-Sep-18 04:38:24 13948.9 44.915 1 621
2005-Sep-18 04:46:08 14149.8 45.3728 1 621
2005-Sep-18 04:53:52 14256.9 45.6983 1 621
2005-Sep-18 05:01:36 14203.6 45.5058 1 620
2005-Sep-18 05:09:20 13904.3 45.3815 1 624
2005-Sep-18 05:17:04 14036.9 45.6849 1 624
2005-Sep-18 05:24:48 14494.6 45.0827 1 620
2005-Sep-18 05:32:32 14322.1 47.6342 1 618
2005-Sep-18 05:48:00 14907.4 51.6113 1 623
2005-Sep-18 05:55:44 14422.6 46.9544 1 622
2005-Sep-18 06:03:28 13534 46.0092 1 623
#$2.80819e-18 -4.73675e-18 2
#deg max=90 1.5708
#dp_Δ max=-5e-07
#POWER_PROFILE stage=grid total_s=0.172256
#POWER_PROFILE stage=bootstrap total_s=1.45557
#deg max=125 2.18166
#dp_Δ max=-1.25e-06
#POWER_PROFILE stage=grid total_s=0.172111
#POWER_PROFILE stage=bootstrap total_s=1.46354
#$2.5147e-18 -8.0507e-19 0
#deg max=90 1.5708
#dp_Δ max=-5e-07
#POWER_PROFILE stage=grid total_s=0.172061
#POWER_PROFILE stage=bootstrap total_s=1.45432
#$2.11556e-18 -4.37106e-18 1
#deg max=100 1.74533
#dp_Δ max=-2e-05
#POWER_PROFILE stage=grid total_s=0.172403
#POWER_PROFILE stage=bootstrap total_s=1.46582
#deg max=20 0.349066
#dp_Δ max=2.5e-06
#POWER_PROFILE stage=grid total_s=0.173613
#POWER_PROFILE stage=bootstrap total_s=1.47598
#PROFILE segment=0 windows=46 fft_qc_s=0.147821 pack_s=0.0248775 stack_s=11.7458 fit_s=11.0235 total_s=22.9576
#Segment 2005-Sep-18 0 accepted_windows=46
2005-Sep-18 05:55:44 14422.6 46.9544 1 622
2005-Sep-18 06:03:28 13534 46.0092 1 623
2005-Sep-18 06:11:12 14418.4 47.4401 1 625
2005-Sep-18 06:18:56 14193.9 46.6716 1 621
2005-Sep-18 06:26:40 14290.5 46.7063 1 622
2005-Sep-18 06:34:24 14432.4 46.4667 1 623
2005-Sep-18 06:42:08 14064.1 45.7142 1 622
2005-Sep-18 06:49:52 13856.8 47.4429 1 622
2005-Sep-18 06:57:36 14415.1 47.5077 1 623
2005-Sep-18 07:05:20 13825.2 45.1468 1 623
2005-Sep-18 07:13:04 13873.2 46.642 1 623
2005-Sep-18 07:20:48 14246.2 45.6086 1 623
2005-Sep-18 07:28:32 14416.8 45.8898 1 625
2005-Sep-18 07:36:16 13560.7 46.1005 1 624
2005-Sep-18 07:44:00 13806.3 45.6417 1 625
2005-Sep-18 07:51:44 14148.6 46.5608 1 624
2005-Sep-18 07:59:28 14450.4 45.7797 1 624
2005-Sep-18 08:07:12 14843.1 46.5503 1 625
2005-Sep-18 08:14:56 14369.8 46.275 1 625
2005-Sep-18 08:22:40 13932.9 45.6304 1 622
2005-Sep-18 08:30:24 13566.3 45.7869 1 627
2005-Sep-18 08:38:08 13656.1 46.3143 1 626
2005-Sep-18 09:09:04 14166.2 45.5171 1 625
2005-Sep-18 09:16:48 13816.7 46.98 1 628
2005-Sep-18 09:24:32 14343.1 45.6109 1 627
2005-Sep-18 09:32:16 14513.4 45.4579 1 625
2005-Sep-18 09:40:00 14052.7 46.2616 1 622
2005-Sep-18 09:47:44 14477 44.9989 1 626
2005-Sep-18 09:55:28 14572.9 46.0345 1 626
2005-Sep-18 10:03:12 14084.8 47.1421 1 622
2005-Sep-18 10:10:56 14275.7 46.1822 1 626
2005-Sep-18 10:18:40 14719.1 46.3714 1 625
2005-Sep-18 10:26:24 14382 46.9829 1 627
2005-Sep-18 10:34:08 14081.4 48.4386 1 626
2005-Sep-18 10:41:52 14361.4 50.2958 1 623
2005-Sep-18 10:49:36 14657 49.2832 1 623
2005-Sep-18 10:57:20 14110 48.7303 1 624
2005-Sep-18 11:05:04 13555 48.0388 1 626
2005-Sep-18 11:12:48 14123.8 47.0053 1 625
2005-Sep-18 11:20:32 14660.5 47.3606 1 624
2005-Sep-18 11:28:16 14334.5 45.9707 1 625
2005-Sep-18 11:36:00 14478.1 46.6169 1 627
2005-Sep-18 11:43:44 14122.6 47.1269 1 627
2005-Sep-18 11:51:28 14343.5 45.4016 1 626
2005-Sep-18 11:59:12 14555.2 46.7527 1 626
#$2.28323e-18 -4.50794e-18 2
#deg max=85 1.48353
#dp_Δ max=-2.75e-06
#POWER_PROFILE stage=grid total_s=0.169942
#POWER_PROFILE stage=bootstrap total_s=1.41316
#deg max=110 1.91986
#dp_Δ max=-2e-06
#POWER_PROFILE stage=grid total_s=0.171451
#POWER_PROFILE stage=bootstrap total_s=1.43372
#deg max=130 2.26893
#dp_Δ max=-6e-06
#POWER_PROFILE stage=grid total_s=0.170695
#$2.06096e-18 -7.4418e-19 0
#deg max=85 1.48353
#dp_Δ max=-4.25e-06
#POWER_PROFILE stage=grid total_s=0.169915
#POWER_PROFILE stage=bootstrap total_s=1.43105
#deg max=85 1.48353
#dp_Δ max=-3.5e-06
#POWER_PROFILE stage=grid total_s=0.170641
#POWER_PROFILE stage=bootstrap total_s=1.42564
#deg max=55 0.959931
#dp_Δ max=-2e-06
#POWER_PROFILE stage=grid total_s=0.169002
#POWER_PROFILE stage=bootstrap total_s=1.39343
#$1.66782e-18 -3.76577e-18 1
#deg max=70 1.22173
#dp_Δ max=9.25e-06
#POWER_PROFILE stage=grid total_s=0.16823
#POWER_PROFILE stage=bootstrap total_s=1.43959
#deg max=175 3.05433
#dp_Δ max=2.5e-06
#POWER_PROFILE stage=grid total_s=0.169966
#POWER_PROFILE stage=bootstrap total_s=1.42649
#PROFILE segment=1 windows=45 fft_qc_s=0.14779 pack_s=0.0240843 stack_s=11.4126 fit_s=16.0317 total_s=27.6181
#Segment 2005-Sep-18 1 accepted_windows=45
2005-Sep-18 11:51:28 14343.5 45.4016 1 626
2005-Sep-18 11:59:12 14555.2 46.7527 1 626
2005-Sep-18 12:06:56 14571.9 47.3986 1 626
2005-Sep-18 12:14:40 14075.6 47.2384 1 626
2005-Sep-18 12:22:24 14264 47.9539 1 628
2005-Sep-18 12:30:08 14137.5 46.5817 1 627
2005-Sep-18 12:37:52 13904.9 47.5661 1 624
2005-Sep-18 12:45:36 14100.8 48.413 1 628
2005-Sep-18 12:53:20 14060.5 50.9676 1 630
2005-Sep-18 13:01:04 13518.3 49.0827 1 626
2005-Sep-18 13:16:32 14669.2 56.9077 1 624
2005-Sep-18 13:32:00 13957.8 48.7827 1 624
2005-Sep-18 13:39:44 13604.9 50.0621 1 623
2005-Sep-18 13:47:28 14054.9 50.347 1 623
2005-Sep-18 13:55:12 13876.9 50.2455 1 623
2005-Sep-18 14:02:56 14668.8 50.3883 1 624
2005-Sep-18 14:10:40 14755.7 50.8872 1 624
2005-Sep-18 14:18:24 14078.1 48.9818 1 623
2005-Sep-18 14:26:08 13985 50.3948 1 622
2005-Sep-18 14:33:52 13853 50.3994 1 623
2005-Sep-18 14:41:36 14130 49.744 1 625
2005-Sep-18 14:49:20 13639.1 50.8851 1 622
2005-Sep-18 14:57:04 14108.2 49.1508 1 622
2005-Sep-18 15:04:48 13946.1 49.43 1 624
2005-Sep-18 15:12:32 14183.7 50.7309 1 619
2005-Sep-18 15:20:16 13688.9 50.1252 1 623
2005-Sep-18 15:28:00 14032.6 54.9862 1 623
2005-Sep-18 15:35:44 13725.5 54.6591 1 622
2005-Sep-18 15:43:28 14215 53.0889 1 623
2005-Sep-18 15:51:12 14532.3 52.6162 1 624
2005-Sep-18 15:58:56 14361.4 51.8116 1 622
2005-Sep-18 16:06:40 14592.1 50.7878 1 624
2005-Sep-18 16:14:24 14476.9 52.6248 1 624
2005-Sep-18 17:08:32 13999.3 56.4625 1 623
2005-Sep-18 17:16:16 14440 57.4725 1 624
2005-Sep-18 17:24:00 13876.2 54.8046 1 624
2005-Sep-18 17:31:44 14609.4 56.2728 1 623
2005-Sep-18 17:39:28 14470.4 59.6496 1 624
2005-Sep-18 17:47:12 14543.2 56.1077 1 623
2005-Sep-18 17:54:56 14505.7 55.0597 1 624
#$2.03837e-18 -4.76492e-18 2
#deg max=75 1.309
#dp_Δ max=-7.25e-06
#POWER_PROFILE stage=grid total_s=0.152514
#POWER_PROFILE stage=bootstrap total_s=1.26722
#deg max=115 2.00713
#dp_Δ max=-1.25e-06
#POWER_PROFILE stage=grid total_s=0.149624
#POWER_PROFILE stage=bootstrap total_s=1.23881
#deg max=115 2.00713
#dp_Δ max=5.5e-06
#POWER_PROFILE stage=grid total_s=0.149592
#POWER_PROFILE stage=bootstrap total_s=1.26817
#deg max=150 2.61799
#dp_Δ max=-1.5e-05
#POWER_PROFILE stage=grid total_s=0.152545
#POWER_PROFILE stage=bootstrap total_s=1.26866
#$1.76566e-18 -8.17812e-19 0
#deg max=75 1.309
#dp_Δ max=-5e-06
#POWER_PROFILE stage=grid total_s=0.151654
#POWER_PROFILE stage=bootstrap total_s=1.26679
#deg max=125 2.18166
#dp_Δ max=2.5e-07
#POWER_PROFILE stage=grid total_s=0.150978
#POWER_PROFILE stage=bootstrap total_s=1.26215
#deg max=85 1.48353
#dp_Δ max=-4.25e-06
#POWER_PROFILE stage=grid total_s=0.151992
#POWER_PROFILE stage=bootstrap total_s=1.283
#deg max=105 1.8326
#dp_Δ max=-9.5e-06
#POWER_PROFILE stage=grid total_s=0.15244
#POWER_PROFILE stage=bootstrap total_s=1.28508
#$1.37681e-18 -3.37068e-18 1
#deg max=85 1.48353
#dp_Δ max=-1.1e-05
#POWER_PROFILE stage=grid total_s=0.151251
#POWER_PROFILE stage=bootstrap total_s=1.27797
#deg max=20 0.349066
#dp_Δ max=4e-06
#POWER_PROFILE stage=grid total_s=0.150866
#POWER_PROFILE stage=bootstrap total_s=1.26334
#deg max=5 0.0872665
#dp_Δ max=1.75e-06
#POWER_PROFILE stage=grid total_s=0.15306
#POWER_PROFILE stage=bootstrap total_s=1.26825
#PROFILE segment=2 windows=40 fft_qc_s=0.147395 pack_s=0.0212413 stack_s=10.119 fit_s=20.9854 total_s=31.275
#Segment 2005-Sep-18 2 accepted_windows=40
2005-Sep-18 17:47:12 14543.2 56.1077 1 623
2005-Sep-18 17:54:56 14505.7 55.0597 1 624
2005-Sep-18 18:02:40 13930.3 57.1337 1 625
2005-Sep-18 18:10:24 14228.3 56.7831 1 625
2005-Sep-18 18:18:08 13928.7 54.5133 1 622
2005-Sep-18 18:25:52 14383.8 52.311 1 622
2005-Sep-18 18:33:36 14431.4 52.97 1 624
2005-Sep-18 18:41:20 14129.9 54.6899 1 622
2005-Sep-18 18:49:04 14060.1 54.1129 1 622
2005-Sep-18 18:56:48 14108.5 55.1476 1 624
2005-Sep-18 19:04:32 13499.8 53.3626 1 623
2005-Sep-18 19:12:16 13883.6 53.7982 1 623
2005-Sep-18 19:20:00 14055.8 54.378 1 621
2005-Sep-18 19:27:44 13866.4 54.5967 1 622
2005-Sep-18 19:35:28 14279.6 55.0709 1 622
2005-Sep-18 19:43:12 13920.2 57.1355 1 621
2005-Sep-18 19:50:56 14122.9 55.0077 1 624
2005-Sep-18 19:58:40 14539.5 53.3544 1 621
2005-Sep-18 20:06:24 14013.9 55.1123 1 625
2005-Sep-18 20:14:08 14032.6 55.2133 1 625
2005-Sep-18 20:21:52 14273.4 55.9971 1 620
2005-Sep-18 20:29:36 14021.1 56.3573 1 622
2005-Sep-18 20:37:20 14352.5 55.7356 1 622
2005-Sep-18 20:45:04 13464.3 54.8968 1 621
2005-Sep-18 20:52:48 14239 56.6677 1 619
2005-Sep-18 21:00:32 14064.6 56.0902 1 621
2005-Sep-18 21:08:16 14165.6 55.111 1 617
2005-Sep-18 21:16:00 14702 55.955 1 621
2005-Sep-18 21:23:44 14493.6 55.2329 1 621
2005-Sep-18 21:31:28 13821.9 56.4892 1 621
2005-Sep-18 21:39:12 14452.3 57.0201 1 623
2005-Sep-18 21:46:56 14481.8 57.5341 1 623
2005-Sep-18 21:54:40 14310.6 55.1208 1 621
2005-Sep-18 22:02:24 14036.1 55.1582 1 619
2005-Sep-18 22:10:08 14532.2 57.8969 1 621
2005-Sep-18 22:17:52 14669.1 55.8605 1 622
2005-Sep-18 22:25:36 13615.6 58.7663 1 618
2005-Sep-18 22:33:20 14412.6 56.5216 1 621
2005-Sep-18 22:41:04 14401.1 56.5064 1 620
2005-Sep-18 22:48:48 14289.6 55.6225 1 620
2005-Sep-18 22:56:32 14336.8 57.4848 1 619
2005-Sep-18 23:04:16 14002.2 56.9852 1 620
2005-Sep-18 23:12:00 14088.1 57.3165 1 620
2005-Sep-18 23:19:44 14389 56.1502 1 623
2005-Sep-18 23:27:28 14418.7 57.8252 1 619
2005-Sep-18 23:35:12 14721.7 60.1379 1 621
#$2.26356e-18 -5.29889e-18 2
#deg max=110 1.91986
#dp_Δ max=-1.25e-06
#POWER_PROFILE stage=grid total_s=0.171858
#POWER_PROFILE stage=bootstrap total_s=1.44026
#deg max=80 1.39626
#dp_Δ max=1.75e-06
#POWER_PROFILE stage=grid total_s=0.175171
#POWER_PROFILE stage=bootstrap total_s=1.43508
#$1.61595e-18 -1.10324e-18 0
#deg max=105 1.8326
#dp_Δ max=-5e-06
#POWER_PROFILE stage=grid total_s=0.17227
#POWER_PROFILE stage=bootstrap total_s=1.45684
#deg max=65 1.13446
#dp_Δ max=-2.75e-06
#POWER_PROFILE stage=grid total_s=0.172988
#POWER_PROFILE stage=bootstrap total_s=1.42686
#deg max=90 1.5708
#dp_Δ max=1e-06
#POWER_PROFILE stage=grid total_s=0.171912
#POWER_PROFILE stage=bootstrap total_s=1.43116
#deg max=40 0.698132
#dp_Δ max=2.5e-06
#POWER_PROFILE stage=grid total_s=0.177051
#POWER_PROFILE stage=bootstrap total_s=1.47302
#$1.50982e-18 -3.58038e-18 1
#deg max=10 0.174533
#dp_Δ max=-1.25e-06
#POWER_PROFILE stage=grid total_s=0.173962
#POWER_PROFILE stage=bootstrap total_s=1.4837
#deg max=170 2.96706
#dp_Δ max=-4.25e-06
#POWER_PROFILE stage=grid total_s=0.175124
#POWER_PROFILE stage=bootstrap total_s=1.47402
#PROFILE segment=3 windows=46 fft_qc_s=0.14182 pack_s=0.0247472 stack_s=11.6701 fit_s=17.6798 total_s=29.5318
#Segment 2005-Sep-18 3 accepted_windows=46
#ScanSummary days=1 missing=0 empty=0 multiple=0 loaded=1
#PROFILE accepted_windows_total=177
#CPU_PROFILE stage=objective context=serial_caller calls=3682 inclusive_s=46.4949
#CPU_PROFILE stage=objective context=outer_parallel calls=2400 inclusive_s=20.6773
#CPU_PROFILE stage=hessian context=serial_caller calls=270 inclusive_s=6.95207
#CPU_PROFILE stage=hessian context=outer_parallel calls=0 inclusive_s=0
#CPU_PROFILE stage=rotation context=serial_caller calls=96 inclusive_s=0.223203
#CPU_PROFILE stage=rotation context=outer_parallel calls=0 inclusive_s=0
#CPU_PROFILE stage=fitting context=serial_caller calls=32 inclusive_s=11.1601
#CPU_PROFILE stage=fitting context=outer_parallel calls=0 inclusive_s=0
