#SlantStack backend=cpu (double)
#Power mode=off
#SlantStack step_s_per_km=0.005 max_s_per_km=0.165 grid=67x67
#FrequencyBand {"requested_min_hz":0.10000000000000001,"requested_max_hz":0.25,"min_hz":0.099609375,"max_hz":0.25,"df_hz":0.0009765625,"min_bin":102,"max_bin":256,"fft_length":2048,"sample_interval_s":0.5,"spectrum_bins":266}
#DateRange start=2005-03-15 end=2005-03-15 inclusive=true
#0.0996094 0.25
#Start/Users/knishida/Projects/Autofocusing/repo/build-clang/matrix-audit-extension-20050315/input/2005/0315/20050740000.h5 0 0.000124s
#LOAD_PROFILE init_s=0.0432499 read_decode_copy_s=2.91121 filter_s=0.485333 total_s=3.4398
#Read data: load_h5 /Users/knishida/Projects/Autofocusing/repo/build-clang/matrix-audit-extension-20050315/input/2005/0315/20050740000.h5 684 3.44476s
2005-Mar-15 00:07:44 15117.8 99.4977 1 613
2005-Mar-15 00:15:28 14727.6 98.974 1 614
2005-Mar-15 00:23:12 14438.5 101.399 1 609
2005-Mar-15 00:30:56 14645.6 96.5655 1 613
2005-Mar-15 00:38:40 15296.2 96.002 1 607
2005-Mar-15 00:46:24 15028.4 98.3488 1 607
2005-Mar-15 00:54:08 14488.9 96.9767 1 612
2005-Mar-15 01:01:52 14757 96.499 1 607
2005-Mar-15 01:09:36 14470 92.4313 1 607
2005-Mar-15 01:17:20 14464.2 94.8356 1 609
2005-Mar-15 01:25:04 13958 95.25 1 603
2005-Mar-15 01:32:48 14225.6 93.614 1 608
2005-Mar-15 01:40:32 14617.2 94.2729 1 608
2005-Mar-15 01:48:16 14553.6 92.5853 1 609
2005-Mar-15 01:56:00 14421.5 90.2513 1 606
2005-Mar-15 02:03:44 13927.7 91.639 1 603
2005-Mar-15 02:11:28 14277.6 92.5319 1 601
2005-Mar-15 02:19:12 14037.2 93.6439 1 604
2005-Mar-15 02:26:56 14336.3 93.8728 1 603
2005-Mar-15 02:34:40 14601 91.4966 1 601
2005-Mar-15 02:42:24 14461.5 92.5729 1 599
2005-Mar-15 02:50:08 14899.1 96.3949 1 599
2005-Mar-15 02:57:52 14846.1 101.984 1 602
2005-Mar-15 03:05:36 14667.1 92.8062 1 598
2005-Mar-15 03:13:20 14073.9 91.2025 1 596
2005-Mar-15 03:21:04 15105.9 93.1987 1 599
2005-Mar-15 03:28:48 14400.3 91.3782 1 599
2005-Mar-15 03:36:32 14042.9 90.264 1 598
2005-Mar-15 03:44:16 14288.9 91.7367 1 599
2005-Mar-15 03:52:00 14599.4 90.8391 1 594
2005-Mar-15 03:59:44 14504.7 91.5355 1 595
2005-Mar-15 04:07:28 14330.6 92.2743 1 596
2005-Mar-15 04:15:12 15147.6 90.0863 1 596
2005-Mar-15 04:22:56 13733.8 90.3209 1 593
2005-Mar-15 04:30:40 14608 92.0205 1 592
2005-Mar-15 04:38:24 14866.7 88.7923 1 594
2005-Mar-15 04:46:08 14901.6 91.5925 1 594
2005-Mar-15 04:53:52 15010.6 85.9702 1 592
2005-Mar-15 05:01:36 14406.5 85.4446 1 593
2005-Mar-15 05:09:20 14845.3 85.9688 1 590
2005-Mar-15 05:17:04 14379.6 88.1089 1 591
2005-Mar-15 05:24:48 14163.5 85.7056 1 591
2005-Mar-15 05:32:32 14407.6 86.6532 1 589
2005-Mar-15 05:40:16 14671.3 83.7948 1 588
2005-Mar-15 05:48:00 14692 84.9305 1 587
2005-Mar-15 05:55:44 14293.8 85.9337 1 587
2005-Mar-15 06:03:28 14302.4 83.9929 1 585
#$9.40646e-18 -1.70803e-17 2
#deg max=105 1.8326
#dp_Δ max=-5e-06
#POWER_PROFILE stage=grid total_s=0.178324
#POWER_PROFILE stage=bootstrap total_s=1.49794
#deg max=50 0.872665
#dp_Δ max=-6.5e-06
#POWER_PROFILE stage=grid total_s=0.179202
#POWER_PROFILE stage=bootstrap total_s=1.50676
#$1.03075e-17 -2.97602e-18 0
#deg max=90 1.5708
#dp_Δ max=-5e-06
#POWER_PROFILE stage=grid total_s=0.179292
#POWER_PROFILE stage=bootstrap total_s=1.50455
#deg max=105 1.8326
#dp_Δ max=-4.25e-06
#POWER_PROFILE stage=grid total_s=0.181263
#POWER_PROFILE stage=bootstrap total_s=1.51264
#$5.22076e-18 -1.50137e-17 1
#deg max=165 2.87979
#dp_Δ max=-1.25e-06
#POWER_PROFILE stage=grid total_s=0.179776
#POWER_PROFILE stage=bootstrap total_s=1.51208
#deg max=145 2.53073
#dp_Δ max=1e-06
#POWER_PROFILE stage=grid total_s=0.180231
#POWER_PROFILE stage=bootstrap total_s=1.51096
#PROFILE segment=0 windows=47 fft_qc_s=0.148148 pack_s=0.0248036 stack_s=11.506 fit_s=12.887 total_s=24.5815
#Segment 2005-Mar-15 0 accepted_windows=47
2005-Mar-15 05:55:44 14293.8 85.9337 1 587
2005-Mar-15 06:03:28 14302.4 83.9929 1 585
2005-Mar-15 06:11:12 14567.2 86.0188 1 586
2005-Mar-15 06:18:56 14365.5 85.3879 1 586
2005-Mar-15 06:26:40 13729.2 83.3788 1 580
2005-Mar-15 06:34:24 13871.4 81.7511 1 584
2005-Mar-15 06:42:08 14248.9 80.6438 1 581
2005-Mar-15 06:49:52 14930.9 83.8832 1 581
2005-Mar-15 06:57:36 14759.4 82.3359 1 579
2005-Mar-15 07:05:20 14420.9 82.3172 1 577
2005-Mar-15 07:13:04 14162.7 83.0841 1 578
2005-Mar-15 07:20:48 14061.4 82.8192 1 576
2005-Mar-15 07:28:32 13787 79.1214 1 576
2005-Mar-15 07:36:16 14997.6 79.9133 1 574
2005-Mar-15 07:44:00 14087.6 80.3003 1 574
2005-Mar-15 07:51:44 14101.7 79.9669 1 573
2005-Mar-15 07:59:28 14588.6 78.6006 1 576
2005-Mar-15 08:07:12 14165.5 79.3666 1 576
2005-Mar-15 08:14:56 14483.1 80.8637 1 575
2005-Mar-15 08:22:40 14124.7 80.9677 1 577
2005-Mar-15 08:30:24 13813.7 79.4415 1 572
2005-Mar-15 08:38:08 14406.3 79.8137 1 577
2005-Mar-15 09:09:04 14760.4 78.9409 1 572
2005-Mar-15 09:16:48 14174.8 79.9994 1 570
2005-Mar-15 09:24:32 14686.3 80.9817 1 567
2005-Mar-15 09:32:16 14715.3 84.0909 1 574
2005-Mar-15 09:40:00 14399.5 83.9534 1 576
2005-Mar-15 09:47:44 14387.9 82.3965 1 568
2005-Mar-15 09:55:28 14852.7 79.1286 1 575
2005-Mar-15 10:03:12 17461.8 78.5757 1 574
2005-Mar-15 10:10:56 23807.3 77.9674 1 573
2005-Mar-15 10:18:40 23316.6 78.8472 1 571
2005-Mar-15 10:26:24 18383 75.3995 1 572
2005-Mar-15 10:34:08 16187.9 74.1848 1 571
2005-Mar-15 10:41:52 14900.1 75.6763 1 573
2005-Mar-15 10:49:36 14633.6 79.0725 1 572
2005-Mar-15 10:57:20 14473.5 78.9677 1 574
2005-Mar-15 11:05:04 14242 77.0697 1 572
2005-Mar-15 11:12:48 15273.8 74.4367 1 567
2005-Mar-15 11:20:32 15075.1 74.7799 1 574
2005-Mar-15 11:28:16 14291.9 74.5014 1 576
2005-Mar-15 11:36:00 14292.1 76.5047 1 570
2005-Mar-15 11:43:44 14340.1 75.2598 1 571
2005-Mar-15 11:51:28 13878.4 73.9187 1 571
2005-Mar-15 11:59:12 14280.6 74.3242 1 573
#$8.33262e-18 -1.58273e-17 2
#deg max=115 2.00713
#dp_Δ max=-1.25e-06
#POWER_PROFILE stage=grid total_s=0.172916
#POWER_PROFILE stage=bootstrap total_s=1.45049
#deg max=80 1.39626
#dp_Δ max=-6.5e-06
#POWER_PROFILE stage=grid total_s=0.171274
#POWER_PROFILE stage=bootstrap total_s=1.43914
#$9.20302e-18 -2.82999e-18 0
#deg max=105 1.8326
#dp_Δ max=-4.25e-06
#POWER_PROFILE stage=grid total_s=0.169658
#POWER_PROFILE stage=bootstrap total_s=1.43741
#deg max=135 2.35619
#dp_Δ max=-1.925e-05
#POWER_PROFILE stage=grid total_s=0.169854
#POWER_PROFILE stage=bootstrap total_s=1.443
#$4.20035e-18 -1.34707e-17 1
#deg max=125 2.18166
#dp_Δ max=-1.55e-05
#POWER_PROFILE stage=grid total_s=0.172494
#POWER_PROFILE stage=bootstrap total_s=1.43999
#deg max=120 2.0944
#dp_Δ max=2.5e-07
#POWER_PROFILE stage=grid total_s=0.170347
#POWER_PROFILE stage=bootstrap total_s=1.43366
#PROFILE segment=1 windows=45 fft_qc_s=0.147425 pack_s=0.0232106 stack_s=10.5633 fit_s=13.3492 total_s=24.0851
#Segment 2005-Mar-15 1 accepted_windows=45
2005-Mar-15 11:51:28 13878.4 73.9187 1 571
2005-Mar-15 11:59:12 14280.6 74.3242 1 573
2005-Mar-15 12:06:56 14483.3 75.0726 1 570
2005-Mar-15 12:14:40 13992.1 73.5199 1 573
2005-Mar-15 12:22:24 14449.7 73.9418 1 568
2005-Mar-15 12:30:08 14412.4 75.3431 1 567
2005-Mar-15 12:37:52 14483.6 74.7106 1 568
2005-Mar-15 12:45:36 13902.1 74.4319 1 568
2005-Mar-15 12:53:20 14027.1 74.5567 1 569
2005-Mar-15 13:01:04 14690.3 73.4877 1 573
2005-Mar-15 13:08:48 14263.3 73.3143 1 570
2005-Mar-15 13:16:32 15067.1 72.3375 1 569
2005-Mar-15 13:24:16 14682.3 71.931 1 565
2005-Mar-15 13:32:00 14096.5 72.6298 1 568
2005-Mar-15 13:39:44 14144.2 73.8993 1 569
2005-Mar-15 13:47:28 14358.6 74.9669 1 567
2005-Mar-15 13:55:12 14406.1 72.0906 1 567
2005-Mar-15 14:02:56 14841.2 73.3951 1 566
2005-Mar-15 14:10:40 14777.8 72.6468 1 568
2005-Mar-15 14:18:24 14215.8 75.0329 1 566
2005-Mar-15 14:26:08 14332.9 74.0354 1 564
2005-Mar-15 14:33:52 14451.1 72.6033 1 567
2005-Mar-15 14:41:36 13975.4 73.2103 1 564
2005-Mar-15 14:49:20 14360.3 73.9922 1 566
2005-Mar-15 14:57:04 15085.6 74.2578 1 564
2005-Mar-15 15:04:48 14277.3 73.713 1 562
2005-Mar-15 15:12:32 14445.7 72.1346 1 563
2005-Mar-15 15:20:16 13873 73.8697 1 560
2005-Mar-15 15:28:00 14223.1 74.1633 1 560
2005-Mar-15 15:35:44 14316.2 74.6216 1 562
2005-Mar-15 15:43:28 14507.3 74.1609 1 562
2005-Mar-15 15:51:12 14264.6 73.91 1 558
2005-Mar-15 15:58:56 14135.7 75.4269 1 559
2005-Mar-15 16:06:40 14764.3 73.5778 1 562
2005-Mar-15 16:14:24 14324.2 71.9531 1 560
2005-Mar-15 16:45:20 14464 73.0268 1 559
2005-Mar-15 16:53:04 14314.4 74.2506 1 562
2005-Mar-15 17:00:48 14101.1 75.203 1 560
2005-Mar-15 17:08:32 13784.3 74.5554 1 560
2005-Mar-15 17:16:16 14261.7 76.106 1 559
2005-Mar-15 17:24:00 14192.4 73.2771 1 561
2005-Mar-15 17:31:44 14320.1 73.9292 1 558
2005-Mar-15 17:39:28 14570.3 73.4605 1 560
#$8.03986e-18 -1.54344e-17 2
#deg max=120 2.0944
#dp_Δ max=-1.25e-06
#POWER_PROFILE stage=grid total_s=0.162527
#POWER_PROFILE stage=bootstrap total_s=1.35597
#deg max=45 0.785398
#dp_Δ max=-1.25e-06
#POWER_PROFILE stage=grid total_s=0.163118
#POWER_PROFILE stage=bootstrap total_s=1.36914
#$8.5076e-18 -2.969e-18 0
#deg max=130 2.26893
#dp_Δ max=-4.25e-06
#POWER_PROFILE stage=grid total_s=0.162181
#POWER_PROFILE stage=bootstrap total_s=1.35265
#deg max=140 2.44346
#dp_Δ max=-1.25e-06
#POWER_PROFILE stage=grid total_s=0.16488
#POWER_PROFILE stage=bootstrap total_s=1.36591
#$3.76878e-18 -1.28509e-17 1
#deg max=125 2.18166
#dp_Δ max=-1.85e-05
#POWER_PROFILE stage=grid total_s=0.165581
#POWER_PROFILE stage=bootstrap total_s=1.35787
#deg max=60 1.0472
#dp_Δ max=-5e-07
#POWER_PROFILE stage=grid total_s=0.160831
#POWER_PROFILE stage=bootstrap total_s=1.37398
#PROFILE segment=2 windows=43 fft_qc_s=0.150347 pack_s=0.0223484 stack_s=9.92237 fit_s=12.4843 total_s=22.5813
#Segment 2005-Mar-15 2 accepted_windows=43
2005-Mar-15 18:02:40 14144.5 74.6565 1 559
2005-Mar-15 18:10:24 14306.7 76.1337 1 558
2005-Mar-15 18:25:52 14873.9 73.8123 1 560
2005-Mar-15 18:41:20 14601.7 73.9739 1 558
2005-Mar-15 18:49:04 14135.2 75.5556 1 560
2005-Mar-15 18:56:48 14525.1 74.9439 1 560
2005-Mar-15 19:12:16 14637.1 75.8213 1 559
2005-Mar-15 19:20:00 14518.4 76.2655 1 558
2005-Mar-15 19:27:44 14178.9 74.7131 1 558
2005-Mar-15 19:35:28 14537.3 76.0305 1 561
2005-Mar-15 19:58:40 14339 77.0887 1 559
2005-Mar-15 20:06:24 14180.6 76.2803 1 560
2005-Mar-15 20:14:08 14455.2 78.1923 1 559
2005-Mar-15 20:21:52 13827.3 78.2428 1 560
2005-Mar-15 20:29:36 14222.6 76.6661 1 562
2005-Mar-15 20:37:20 14681.1 77.5335 1 559
2005-Mar-15 20:45:04 13972.1 79.3797 1 563
2005-Mar-15 20:52:48 14504.3 78.3473 1 562
2005-Mar-15 21:00:32 14744.1 77.8562 1 566
2005-Mar-15 21:08:16 14706.4 78.7682 1 562
2005-Mar-15 21:16:00 13905.2 80.8551 1 562
2005-Mar-15 21:23:44 13819 80.0062 1 563
2005-Mar-15 21:31:28 14358.1 79.0945 1 565
2005-Mar-15 21:39:12 14028.5 81.64 1 563
2005-Mar-15 21:46:56 13872.5 80.4997 1 565
2005-Mar-15 21:54:40 14417.5 81.4922 1 565
2005-Mar-15 22:02:24 14547.3 82.053 1 568
2005-Mar-15 22:10:08 13987.9 84.1502 1 562
2005-Mar-15 22:17:52 13989.2 84.2231 1 563
2005-Mar-15 22:25:36 14194.6 82.3884 1 564
2005-Mar-15 22:33:20 14036.6 87.6903 1 564
2005-Mar-15 22:41:04 14018.7 90.0694 1 564
2005-Mar-15 22:48:48 14197.7 87.3061 1 565
2005-Mar-15 22:56:32 14239.7 85.959 1 565
2005-Mar-15 23:04:16 14943.1 87.1718 1 565
2005-Mar-15 23:12:00 14569.2 91.524 1 565
2005-Mar-15 23:19:44 14889.5 92.8238 1 566
2005-Mar-15 23:27:28 14643.2 94.7851 1 568
2005-Mar-15 23:35:12 14328.2 95.2472 1 567
#$8.30527e-18 -1.66937e-17 2
#deg max=75 1.309
#dp_Δ max=-3.5e-06
#POWER_PROFILE stage=grid total_s=0.150731
#POWER_PROFILE stage=bootstrap total_s=1.25515
#$9.1829e-18 -3.32637e-18 0
#deg max=105 1.8326
#dp_Δ max=-1.25e-06
#POWER_PROFILE stage=grid total_s=0.148734
#POWER_PROFILE stage=bootstrap total_s=1.25021
#deg max=145 2.53073
#dp_Δ max=-5.75e-06
#POWER_PROFILE stage=grid total_s=0.148614
#POWER_PROFILE stage=bootstrap total_s=1.23744
#$3.9613e-18 -1.33239e-17 1
#deg max=135 2.35619
#dp_Δ max=-2.75e-06
#POWER_PROFILE stage=grid total_s=0.148814
#POWER_PROFILE stage=bootstrap total_s=1.24971
#PROFILE segment=3 windows=39 fft_qc_s=0.141807 pack_s=0.0203512 stack_s=8.95883 fit_s=7.14629 total_s=16.2833
#Segment 2005-Mar-15 3 accepted_windows=39
#ScanSummary days=1 missing=0 empty=0 multiple=0 loaded=1
#PROFILE accepted_windows_total=174
#CPU_PROFILE stage=objective context=serial_caller calls=2532 inclusive_s=32.677
#CPU_PROFILE stage=objective context=outer_parallel calls=1650 inclusive_s=14.3871
#CPU_PROFILE stage=hessian context=serial_caller calls=172 inclusive_s=4.47719
#CPU_PROFILE stage=hessian context=outer_parallel calls=0 inclusive_s=0
#CPU_PROFILE stage=rotation context=serial_caller calls=66 inclusive_s=0.148927
#CPU_PROFILE stage=rotation context=outer_parallel calls=0 inclusive_s=0
#CPU_PROFILE stage=fitting context=serial_caller calls=22 inclusive_s=6.76556
#CPU_PROFILE stage=fitting context=outer_parallel calls=0 inclusive_s=0
