#SlantStack backend=cpu (double)
#Power mode=off
#SlantStack step_s_per_km=0.005 max_s_per_km=0.165 grid=67x67
#FrequencyBand {"requested_min_hz":0.10000000000000001,"requested_max_hz":0.25,"min_hz":0.099609375,"max_hz":0.25,"df_hz":0.0009765625,"min_bin":102,"max_bin":256,"fft_length":2048,"sample_interval_s":0.5,"spectrum_bins":266}
#DateRange start=2005-01-01 end=2005-01-03 inclusive=true
#0.0996094 0.25
#Start/Users/knishida/Projects/Autofocusing/repo/build-clang/spectral-matrix-3c-2005/input/2005/0101/20050010000.h5 0 0.000525s
#LOAD_PROFILE init_s=0.0425139 read_decode_copy_s=2.9912 filter_s=0.50043 total_s=3.53414
#Read data: load_h5 /Users/knishida/Projects/Autofocusing/repo/build-clang/spectral-matrix-3c-2005/input/2005/0101/20050010000.h5 687 3.5396s
2005-Jan-01 00:07:44 18176 2291.37 1 653
2005-Jan-01 00:15:28 39682.2 2275.34 1 654
2005-Jan-01 00:23:12 35782.4 2443.22 1 654
2005-Jan-01 00:30:56 19206.9 2450.79 1 655
2005-Jan-01 00:38:40 15857.6 2427.89 1 654
2005-Jan-01 00:46:24 15606.1 2567.46 1 656
2005-Jan-01 00:54:08 15662.6 2603.77 1 653
2005-Jan-01 01:01:52 16056.1 2742.86 1 651
2005-Jan-01 01:09:36 15416.5 2717.02 1 649
2005-Jan-01 01:17:20 15495.3 2949.6 1 651
2005-Jan-01 01:25:04 16317.4 2913.35 1 648
2005-Jan-01 01:32:48 16201.7 3167.31 1 647
2005-Jan-01 01:40:32 16145.5 3048.4 1 650
2005-Jan-01 01:48:16 15089.4 3012.59 1 650
2005-Jan-01 01:56:00 16015.7 3011.38 1 644
2005-Jan-01 02:03:44 15950.2 3101.34 1 647
2005-Jan-01 02:11:28 15904.2 3259.7 1 646
2005-Jan-01 02:19:12 15273.3 3308.76 1 641
2005-Jan-01 02:26:56 15230 3374.26 1 641
2005-Jan-01 02:34:40 15529.2 3313.81 1 639
2005-Jan-01 02:42:24 16118.2 3498.61 1 640
2005-Jan-01 02:50:08 16493 3646.69 1 640
2005-Jan-01 02:57:52 17431.9 3790.59 1 640
2005-Jan-01 03:05:36 74092.4 3779.36 1 640
2005-Jan-01 03:13:20 64420 3883.46 1 636
2005-Jan-01 03:21:04 18877.6 4232.83 1 636
2005-Jan-01 03:28:48 17208.4 4394.77 1 633
2005-Jan-01 03:36:32 15911.2 4087.05 1 632
2005-Jan-01 03:44:16 15679.3 4040.35 1 631
2005-Jan-01 03:52:00 15806.1 4187.29 1 630
2005-Jan-01 03:59:44 15499 4326.91 1 630
2005-Jan-01 04:07:28 15827.3 4246.47 1 629
2005-Jan-01 04:15:12 15436.7 4378.7 1 630
2005-Jan-01 04:22:56 15562.8 4262.43 1 630
2005-Jan-01 04:30:40 15719.1 4059.86 1 626
2005-Jan-01 04:38:24 15827.1 4236.25 1 628
2005-Jan-01 04:46:08 15387.9 4286.38 1 627
2005-Jan-01 04:53:52 15915.2 4294.63 1 630
2005-Jan-01 05:24:48 15764.8 4142.02 1 625
2005-Jan-01 05:32:32 15374 4190.11 1 627
2005-Jan-01 05:40:16 15675.1 4222.97 1 624
2005-Jan-01 05:48:00 15452.3 4362 1 624
2005-Jan-01 05:55:44 15442.6 4288.78 1 627
2005-Jan-01 06:03:28 15725.5 4148.95 1 629
#$5.66101e-16 -7.65941e-16 2
#$4.77028e-16 -2.75083e-16 0
#$5.29901e-16 -1.08073e-15 1
#PROFILE segment=0 windows=44 fft_qc_s=0.148644 pack_s=0.0240361 stack_s=11.5252 fit_s=0.00119175 total_s=11.7138
#Segment 2005-Jan-01 0 accepted_windows=44
2005-Jan-01 05:55:44 15442.6 4288.78 1 627
2005-Jan-01 06:03:28 15725.5 4148.95 1 629
2005-Jan-01 06:11:12 15553.5 4254.26 1 628
2005-Jan-01 06:18:56 15869.3 4014.19 1 628
2005-Jan-01 06:26:40 15407.9 3873.96 1 624
2005-Jan-01 06:34:24 15308.2 3876.61 1 626
2005-Jan-01 06:42:08 15337.2 3849.56 1 624
2005-Jan-01 06:49:52 15010.4 3761.01 1 619
2005-Jan-01 06:57:36 16090 3713.56 1 624
2005-Jan-01 07:05:20 15768.9 3626.44 1 622
2005-Jan-01 07:13:04 15622 3407.15 1 623
2005-Jan-01 07:20:48 16145.6 3538.28 1 622
2005-Jan-01 07:28:32 17976.9 3503.66 1 623
2005-Jan-01 07:36:16 16958 3320.49 1 622
2005-Jan-01 07:44:00 15682 3371.17 1 621
2005-Jan-01 07:51:44 15474.2 3295.19 1 617
2005-Jan-01 07:59:28 15096.9 3056.73 1 624
2005-Jan-01 08:07:12 15971 3023.85 1 625
2005-Jan-01 08:14:56 15115 3088.74 1 622
2005-Jan-01 08:22:40 15657 3117.51 1 624
2005-Jan-01 08:30:24 15894.5 3004.36 1 620
2005-Jan-01 08:38:08 15832.4 2814.9 1 624
2005-Jan-01 09:09:04 16031.9 2702.42 1 623
2005-Jan-01 09:16:48 15771.3 2750.16 1 624
2005-Jan-01 09:24:32 15245.6 2470.66 1 622
2005-Jan-01 09:32:16 15221.2 2377.09 1 627
2005-Jan-01 09:40:00 15341.2 2371.25 1 631
2005-Jan-01 09:47:44 15692.4 2465.82 1 630
2005-Jan-01 09:55:28 15182.2 2305.6 1 627
2005-Jan-01 10:03:12 15400.1 2286.89 1 627
2005-Jan-01 10:10:56 15337.7 2357.99 1 626
2005-Jan-01 10:18:40 15747.2 2261.19 1 627
2005-Jan-01 10:26:24 15880.8 2157.03 1 629
2005-Jan-01 10:34:08 15295.7 2033.08 1 629
2005-Jan-01 10:41:52 15488.1 2125.99 1 628
2005-Jan-01 10:49:36 15900.3 2110.51 1 625
2005-Jan-01 10:57:20 16531.7 2172.45 1 629
2005-Jan-01 11:05:04 20603.7 1979.73 1 625
2005-Jan-01 11:12:48 69966.2 2017.74 1 629
2005-Jan-01 11:20:32 123649 2059.04 1 630
2005-Jan-01 11:28:16 42280.5 1990.86 1 631
2005-Jan-01 11:36:00 21172 1878.03 1 629
2005-Jan-01 11:43:44 16651.6 1785.07 1 627
2005-Jan-01 11:51:28 16088.9 1753.36 1 627
2005-Jan-01 11:59:12 16306 1776.81 1 633
#$1.01903e-15 -1.31272e-15 2
#$7.46598e-16 -5.19775e-16 0
#$9.18479e-16 -1.67043e-15 1
#PROFILE segment=1 windows=45 fft_qc_s=0.149143 pack_s=0.0245803 stack_s=11.5772 fit_s=0.0011355 total_s=11.754
#Segment 2005-Jan-01 1 accepted_windows=45
2005-Jan-01 11:51:28 16088.9 1753.36 1 627
2005-Jan-01 11:59:12 16306 1776.81 1 633
2005-Jan-01 12:06:56 15523.9 1760.95 1 633
2005-Jan-01 12:14:40 15289.2 1645.91 1 630
2005-Jan-01 12:22:24 15530 1633.45 1 628
2005-Jan-01 12:30:08 15802.8 1620.55 1 632
2005-Jan-01 12:37:52 15686 1709.47 1 628
2005-Jan-01 12:45:36 15079.8 1586.86 1 633
2005-Jan-01 12:53:20 14886.3 1644.21 1 633
2005-Jan-01 13:01:04 14984.5 1615.52 1 636
2005-Jan-01 13:08:48 15617.1 1625.86 1 636
2005-Jan-01 13:16:32 28459.3 1491.86 1 635
2005-Jan-01 13:24:16 100622 1504.69 1 633
2005-Jan-01 13:32:00 36905.6 1418.45 1 631
2005-Jan-01 13:39:44 16740.3 1327.38 1 631
2005-Jan-01 13:47:28 16667.6 1259.02 1 633
2005-Jan-01 13:55:12 16073.3 1334.11 1 636
2005-Jan-01 14:02:56 15662.2 1350.2 1 632
2005-Jan-01 14:10:40 15312.5 1380.48 1 635
2005-Jan-01 14:18:24 15246.5 1358.65 1 636
2005-Jan-01 14:26:08 15532.4 1254.21 1 634
2005-Jan-01 14:33:52 15910.5 1252.17 1 635
2005-Jan-01 14:41:36 15358.6 1163.55 1 635
2005-Jan-01 14:49:20 14928.4 1120.89 1 633
2005-Jan-01 14:57:04 15927.5 1087.05 1 630
2005-Jan-01 15:04:48 15894.2 1092.25 1 633
2005-Jan-01 15:12:32 15836.8 1083.23 1 632
#$6.24676e-16 -8.08593e-16 2
#$5.88964e-16 -4.39489e-16 0
#$6.8862e-16 -1.2203e-15 1
#PROFILE segment=2 windows=27 fft_qc_s=0.0830431 pack_s=0.0143636 stack_s=6.96511 fit_s=0.00104275 total_s=7.06535
#Segment 2005-Jan-01 2 accepted_windows=27
2005-Jan-01 19:04:32 15960.1 694.052 1 639
2005-Jan-01 19:12:16 16062 675.135 1 640
2005-Jan-01 19:20:00 15541.3 697.095 1 641
2005-Jan-01 19:27:44 14962.1 661.257 1 638
2005-Jan-01 19:35:28 16747.9 653.647 1 639
2005-Jan-01 19:43:12 16279 667.831 1 641
2005-Jan-01 19:50:56 15206.1 653.724 1 639
2005-Jan-01 19:58:40 15511.3 625.473 1 639
2005-Jan-01 20:06:24 15151 633.009 1 643
2005-Jan-01 20:14:08 15112.4 650.565 1 637
2005-Jan-01 20:21:52 15763.3 608.917 1 639
2005-Jan-01 20:29:36 15146 611.52 1 640
2005-Jan-01 20:37:20 15121.7 623.646 1 641
2005-Jan-01 20:45:04 15486.9 605.354 1 639
2005-Jan-01 20:52:48 15180.3 572.682 1 639
2005-Jan-01 21:00:32 15531 628.652 1 639
2005-Jan-01 21:08:16 15029.2 591.347 1 640
2005-Jan-01 21:16:00 14979.5 638.676 1 641
2005-Jan-01 21:23:44 15064.8 636.261 1 640
2005-Jan-01 21:31:28 15436.1 611.871 1 639
2005-Jan-01 21:39:12 15762.8 600.214 1 637
2005-Jan-01 21:46:56 15903 582.994 1 638
2005-Jan-01 21:54:40 15137.7 538.082 1 639
2005-Jan-01 22:02:24 15257 559.796 1 638
2005-Jan-01 22:10:08 14536 529.168 1 641
2005-Jan-01 22:17:52 15820.8 544.257 1 640
2005-Jan-01 22:25:36 15520.4 557.54 1 638
2005-Jan-01 22:33:20 15275.5 542.246 1 639
2005-Jan-01 22:41:04 15747.2 546.103 1 638
2005-Jan-01 22:48:48 14999.7 538.053 1 638
2005-Jan-01 22:56:32 14625.6 514.735 1 638
2005-Jan-01 23:04:16 15141.1 539.201 1 635
2005-Jan-01 23:12:00 15853.8 559.169 1 638
2005-Jan-01 23:19:44 14995.8 543.922 1 639
2005-Jan-01 23:27:28 14789.4 553.815 1 639
2005-Jan-01 23:35:12 14804 563.466 1 639
#$1.84585e-16 -2.26851e-16 2
#$2.21095e-16 -1.20261e-16 0
#$2.35226e-16 -4.55806e-16 1
#PROFILE segment=3 windows=36 fft_qc_s=0.120517 pack_s=0.0193842 stack_s=9.41481 fit_s=0.00116579 total_s=9.57015
#Segment 2005-Jan-01 3 accepted_windows=36
#Start/Users/knishida/Projects/Autofocusing/repo/build-clang/spectral-matrix-3c-2005/input/2005/0102/20050020000.h5 687 43.6456s
#LOAD_PROFILE init_s=0.0409254 read_decode_copy_s=3.02538 filter_s=0.482377 total_s=3.54868
#Read data: load_h5 /Users/knishida/Projects/Autofocusing/repo/build-clang/spectral-matrix-3c-2005/input/2005/0102/20050020000.h5 685 47.1981s
2005-Jan-02 00:00:00 16639.6 518.51 1 637
2005-Jan-02 00:07:44 16173.4 463.511 1 638
2005-Jan-02 00:15:28 15632 496.183 1 641
2005-Jan-02 00:23:12 14923.5 473.702 1 640
2005-Jan-02 00:30:56 15378 461.734 1 642
2005-Jan-02 00:38:40 15614.1 476.386 1 642
2005-Jan-02 00:46:24 14869.3 470.236 1 637
2005-Jan-02 00:54:08 14943.4 461.574 1 641
2005-Jan-02 01:01:52 15506 452.003 1 640
2005-Jan-02 01:09:36 15344.5 459.574 1 640
2005-Jan-02 02:03:44 15827.6 436.748 1 643
2005-Jan-02 02:11:28 15108.4 413.775 1 638
2005-Jan-02 02:19:12 15376.8 386.494 1 638
2005-Jan-02 02:26:56 15989.2 402.249 1 637
2005-Jan-02 02:34:40 15567.8 399.777 1 639
2005-Jan-02 02:42:24 15811.4 391.117 1 639
2005-Jan-02 02:50:08 15435.9 374.231 1 639
2005-Jan-02 02:57:52 14909.2 382.05 1 641
2005-Jan-02 03:05:36 14937.3 363.484 1 639
2005-Jan-02 03:13:20 14796.4 367.643 1 640
2005-Jan-02 03:21:04 15790.5 369.336 1 639
2005-Jan-02 03:28:48 15666.2 355.824 1 641
2005-Jan-02 03:36:32 15670.1 339.501 1 638
2005-Jan-02 03:44:16 15623.9 363.748 1 639
2005-Jan-02 03:52:00 15092.9 361.408 1 640
#$1.10357e-16 -1.32891e-16 2
#deg max=105 1.8326
#dp_Δ max=1e-06
#POWER_PROFILE stage=grid total_s=0.0952566
#POWER_PROFILE stage=bootstrap total_s=0.787706
#$1.37843e-16 -6.64911e-17 0
#deg max=155 2.70526
#dp_Δ max=-2e-06
#POWER_PROFILE stage=grid total_s=0.0958617
#POWER_PROFILE stage=bootstrap total_s=0.788331
#$1.31634e-16 -2.65159e-16 1
#deg max=10 0.174533
#dp_Δ max=3.25e-06
#POWER_PROFILE stage=grid total_s=0.0957956
#POWER_PROFILE stage=bootstrap total_s=0.793041
#PROFILE segment=0 windows=25 fft_qc_s=0.0952196 pack_s=0.0136442 stack_s=6.56526 fit_s=3.42904 total_s=10.1049
#Segment 2005-Jan-02 0 accepted_windows=25
2005-Jan-02 06:42:08 15707.9 305.412 1 636
2005-Jan-02 06:49:52 15854.1 305.654 1 638
2005-Jan-02 06:57:36 15753.1 293.714 1 640
2005-Jan-02 07:05:20 15525 295.083 1 636
2005-Jan-02 07:13:04 14797 304.896 1 635
2005-Jan-02 07:20:48 15201.8 310.358 1 636
2005-Jan-02 08:22:40 15699.4 305.244 1 636
2005-Jan-02 08:30:24 15295.4 293.616 1 634
2005-Jan-02 08:38:08 15323.1 278.189 1 634
2005-Jan-02 09:09:04 14878.9 274.919 1 636
2005-Jan-02 09:16:48 14730.2 278.842 1 633
2005-Jan-02 10:03:12 15552.9 261.495 1 634
2005-Jan-02 10:10:56 14964.9 261.3 1 634
2005-Jan-02 10:18:40 15114.3 244.564 1 629
2005-Jan-02 10:26:24 15311.8 248.886 1 633
2005-Jan-02 10:34:08 15128 259.927 1 631
2005-Jan-02 10:41:52 15582 251.666 1 630
2005-Jan-02 10:49:36 14937.4 243.711 1 630
2005-Jan-02 10:57:20 15260.5 243.316 1 633
2005-Jan-02 11:05:04 14495 242.756 1 632
2005-Jan-02 11:12:48 15271.1 249.306 1 630
2005-Jan-02 11:20:32 15712.1 252.651 1 634
2005-Jan-02 11:28:16 14628.8 250.15 1 631
2005-Jan-02 11:36:00 14943.6 234.71 1 630
2005-Jan-02 11:43:44 14656.6 239.502 1 630
2005-Jan-02 11:51:28 15155.6 230.169 1 629
2005-Jan-02 11:59:12 14411.7 229.304 1 629
#$5.43272e-17 -7.9376e-17 2
#deg max=135 2.35619
#dp_Δ max=1e-06
#POWER_PROFILE stage=grid total_s=0.103904
#POWER_PROFILE stage=bootstrap total_s=0.872523
#deg max=15 0.261799
#dp_Δ max=2.5e-07
#POWER_PROFILE stage=grid total_s=0.108024
#POWER_PROFILE stage=bootstrap total_s=0.884118
#deg max=20 0.349066
#dp_Δ max=-6.5e-06
#POWER_PROFILE stage=grid total_s=0.103141
#POWER_PROFILE stage=bootstrap total_s=0.88371
#deg max=15 0.261799
#dp_Δ max=-2e-06
#POWER_PROFILE stage=grid total_s=0.107122
#POWER_PROFILE stage=bootstrap total_s=0.917028
#deg max=110 1.91986
#dp_Δ max=-5e-07
#POWER_PROFILE stage=grid total_s=0.110435
#POWER_PROFILE stage=bootstrap total_s=0.872219
#$6.27624e-17 -3.47733e-17 0
#deg max=150 2.61799
#dp_Δ max=-2e-06
#POWER_PROFILE stage=grid total_s=0.101984
#POWER_PROFILE stage=bootstrap total_s=0.860317
#deg max=70 1.22173
#dp_Δ max=-2e-06
#POWER_PROFILE stage=grid total_s=0.1057
#POWER_PROFILE stage=bootstrap total_s=0.857002
#deg max=5 0.0872665
#dp_Δ max=-5e-07
#POWER_PROFILE stage=grid total_s=0.10076
#POWER_PROFILE stage=bootstrap total_s=0.850598
#$5.90335e-17 -1.30497e-16 1
#deg max=175 3.05433
#dp_Δ max=-1.1e-05
#POWER_PROFILE stage=grid total_s=0.104541
#POWER_PROFILE stage=bootstrap total_s=0.852794
#deg max=5 0.0872665
#dp_Δ max=-5e-07
#POWER_PROFILE stage=grid total_s=0.100763
#PROFILE segment=1 windows=27 fft_qc_s=0.129192 pack_s=0.0141554 stack_s=6.86508 fit_s=12.2855 total_s=19.2957
#Segment 2005-Jan-02 1 accepted_windows=27
2005-Jan-02 11:51:28 15155.6 230.169 1 629
2005-Jan-02 11:59:12 14411.7 229.304 1 629
2005-Jan-02 12:06:56 15011.6 233.142 1 629
2005-Jan-02 12:14:40 14936.9 236.491 1 632
2005-Jan-02 12:22:24 15373 239.777 1 635
2005-Jan-02 12:30:08 15025.8 234.176 1 630
2005-Jan-02 12:37:52 14907 221.688 1 625
2005-Jan-02 12:45:36 15112.7 229.26 1 628
2005-Jan-02 12:53:20 14651.4 227.946 1 626
2005-Jan-02 13:01:04 14407.7 226.546 1 623
2005-Jan-02 13:08:48 14757.1 232.207 1 625
2005-Jan-02 13:16:32 15423.3 222.581 1 626
2005-Jan-02 13:24:16 15649.4 230.024 1 627
2005-Jan-02 13:32:00 14686.9 222.479 1 625
2005-Jan-02 13:39:44 14720.6 226.853 1 627
2005-Jan-02 13:47:28 15217.9 226.293 1 626
2005-Jan-02 13:55:12 15110 224.896 1 629
2005-Jan-02 14:02:56 14747.2 217.839 1 627
2005-Jan-02 14:10:40 14550.7 227.288 1 625
2005-Jan-02 14:18:24 15290.7 217.846 1 625
2005-Jan-02 14:26:08 15074.1 219.329 1 627
2005-Jan-02 14:33:52 15138.6 224.05 1 623
2005-Jan-02 14:41:36 15393.9 223.365 1 625
2005-Jan-02 14:49:20 15144 218.952 1 624
2005-Jan-02 14:57:04 14968.9 215.012 1 622
2005-Jan-02 15:04:48 14684.6 212.625 1 623
2005-Jan-02 15:12:32 14997.2 215.415 1 624
2005-Jan-02 15:20:16 14666.1 217.201 1 625
2005-Jan-02 15:28:00 14868.1 206.065 1 627
2005-Jan-02 15:35:44 14962.4 209.924 1 620
2005-Jan-02 15:43:28 14864.2 208.312 1 620
2005-Jan-02 15:51:12 14383.8 208.972 1 618
2005-Jan-02 15:58:56 15099.1 205.236 1 625
2005-Jan-02 16:06:40 14838 216.249 1 620
2005-Jan-02 16:14:24 14582.9 220.521 1 621
2005-Jan-02 16:22:08 14691.3 212.211 1 618
2005-Jan-02 16:29:52 14814.9 208.851 1 618
2005-Jan-02 16:37:36 14720.5 197.476 1 619
2005-Jan-02 16:45:20 15300.4 202.847 1 620
2005-Jan-02 16:53:04 15396.8 210.79 1 618
2005-Jan-02 17:00:48 14820.3 214.184 1 622
2005-Jan-02 17:08:32 15186.4 210.07 1 617
2005-Jan-02 17:16:16 14624.4 208.785 1 615
#$3.50777e-17 -6.31269e-17 2
#deg max=85 1.48353
#dp_Δ max=-3.5e-06
#POWER_PROFILE stage=grid total_s=0.16442
#POWER_PROFILE stage=bootstrap total_s=1.35618
#$3.79752e-17 -2.06343e-17 0
#deg max=85 1.48353
#dp_Δ max=-1.55e-05
#POWER_PROFILE stage=grid total_s=0.16097
#POWER_PROFILE stage=bootstrap total_s=1.35398
#deg max=25 0.436332
#dp_Δ max=5.5e-06
#POWER_PROFILE stage=grid total_s=0.159837
#POWER_PROFILE stage=bootstrap total_s=1.35575
#deg max=95 1.65806
#dp_Δ max=1e-06
#POWER_PROFILE stage=grid total_s=0.164537
#POWER_PROFILE stage=bootstrap total_s=1.35712
#deg max=15 0.261799
#dp_Δ max=-1.55e-05
#POWER_PROFILE stage=grid total_s=0.161121
#POWER_PROFILE stage=bootstrap total_s=1.36061
#deg max=35 0.610865
#dp_Δ max=1e-06
#POWER_PROFILE stage=grid total_s=0.160286
#POWER_PROFILE stage=bootstrap total_s=1.3494
#$3.35223e-17 -8.33096e-17 1
#deg max=175 3.05433
#dp_Δ max=1.75e-06
#POWER_PROFILE stage=grid total_s=0.162948
#POWER_PROFILE stage=bootstrap total_s=1.38759
#PROFILE segment=2 windows=43 fft_qc_s=0.145667 pack_s=0.0230143 stack_s=10.8065 fit_s=14.6289 total_s=25.6059
#Segment 2005-Jan-02 2 accepted_windows=43
2005-Jan-02 18:41:20 16326.8 204.304 1 614
2005-Jan-02 18:49:04 16172.3 203.901 1 611
2005-Jan-02 18:56:48 15630.8 197.464 1 609
2005-Jan-02 19:04:32 14845.3 190.878 1 612
2005-Jan-02 19:12:16 15090.7 192.846 1 610
2005-Jan-02 19:20:00 14916.9 181.18 1 611
2005-Jan-02 19:27:44 15210.4 187.581 1 612
2005-Jan-02 19:35:28 15122.7 188.748 1 613
2005-Jan-02 19:43:12 15240 179.357 1 608
2005-Jan-02 19:50:56 14919.4 184.247 1 608
2005-Jan-02 19:58:40 15038 174.752 1 612
2005-Jan-02 20:06:24 14815 182.272 1 603
2005-Jan-02 20:14:08 14941.7 183.879 1 603
2005-Jan-02 20:21:52 15019 181.671 1 605
2005-Jan-02 20:29:36 15392.1 177.3 1 603
2005-Jan-02 20:37:20 14806 180.048 1 602
2005-Jan-02 20:45:04 14762.3 182.908 1 601
2005-Jan-02 20:52:48 14639.7 183.126 1 599
2005-Jan-02 21:00:32 15345.7 176.086 1 604
2005-Jan-02 21:08:16 14586 175.003 1 601
2005-Jan-02 21:16:00 14602 186.357 1 599
2005-Jan-02 21:23:44 15522.2 178.695 1 598
2005-Jan-02 21:31:28 23752.6 175.253 1 602
2005-Jan-02 21:39:12 19071.3 175.126 1 600
2005-Jan-02 21:46:56 15178.7 170.043 1 597
2005-Jan-02 21:54:40 14726.3 163.844 1 601
2005-Jan-02 22:02:24 15002.9 163.014 1 597
2005-Jan-02 22:10:08 15216.1 160.54 1 595
2005-Jan-02 22:17:52 15179.5 166.662 1 597
2005-Jan-02 22:25:36 15216.5 163.384 1 595
2005-Jan-02 22:33:20 15994.8 160.083 1 593
2005-Jan-02 22:41:04 15325.4 154.28 1 594
2005-Jan-02 22:48:48 15258.2 153.636 1 593
2005-Jan-02 22:56:32 14940.6 158.735 1 593
2005-Jan-02 23:04:16 14636.9 160.944 1 592
2005-Jan-02 23:12:00 14715.7 153.121 1 589
2005-Jan-02 23:19:44 14724.4 155.181 1 592
2005-Jan-02 23:27:28 15286.1 150.003 1 591
2005-Jan-02 23:35:12 14877.1 158.405 1 588
#$2.32151e-17 -4.66678e-17 2
#deg max=85 1.48353
#dp_Δ max=-1.775e-05
#POWER_PROFILE stage=grid total_s=0.149926
#POWER_PROFILE stage=bootstrap total_s=1.22443
#deg max=85 1.48353
#dp_Δ max=-5e-06
#POWER_PROFILE stage=grid total_s=0.144521
#POWER_PROFILE stage=bootstrap total_s=1.23135
#$2.50967e-17 -1.40158e-17 0
#deg max=20 0.349066
#dp_Δ max=-5e-07
#POWER_PROFILE stage=grid total_s=0.145202
#POWER_PROFILE stage=bootstrap total_s=1.22238
#deg max=40 0.698132
#dp_Δ max=-1.7e-05
#POWER_PROFILE stage=grid total_s=0.144935
#POWER_PROFILE stage=bootstrap total_s=1.22764
#$2.01591e-17 -5.38619e-17 1
#deg max=175 3.05433
#dp_Δ max=2.5e-07
#POWER_PROFILE stage=grid total_s=0.14985
#POWER_PROFILE stage=bootstrap total_s=1.23635
#PROFILE segment=3 windows=39 fft_qc_s=0.140294 pack_s=0.0204245 stack_s=9.46349 fit_s=9.08873 total_s=18.7283
#Segment 2005-Jan-02 3 accepted_windows=39
#Start/Users/knishida/Projects/Autofocusing/repo/build-clang/spectral-matrix-3c-2005/input/2005/0103/20050030000.h5 685 120.936s
#LOAD_PROFILE init_s=0.0406393 read_decode_copy_s=2.99219 filter_s=0.460305 total_s=3.49313
#Read data: load_h5 /Users/knishida/Projects/Autofocusing/repo/build-clang/spectral-matrix-3c-2005/input/2005/0103/20050030000.h5 684 124.433s
2005-Jan-03 00:00:00 15499.7 146.965 1 592
2005-Jan-03 00:07:44 15073.1 150.517 1 588
2005-Jan-03 00:15:28 14964.9 148.611 1 592
2005-Jan-03 00:23:12 15141.3 146.903 1 593
2005-Jan-03 03:28:48 15188.3 140.104 1 600
2005-Jan-03 03:36:32 15486.1 132.17 1 599
2005-Jan-03 03:44:16 15021.8 133.315 1 597
2005-Jan-03 03:52:00 15178 128.191 1 597
2005-Jan-03 03:59:44 15556.9 134.716 1 598
2005-Jan-03 04:07:28 14626.2 128.669 1 598
2005-Jan-03 04:15:12 15192 129.159 1 597
2005-Jan-03 04:22:56 15923.8 122.081 1 598
2005-Jan-03 04:30:40 15212.7 125.896 1 597
2005-Jan-03 04:38:24 14801.9 128.482 1 593
2005-Jan-03 04:46:08 14900 122.934 1 595
2005-Jan-03 04:53:52 15298 123.917 1 595
2005-Jan-03 05:01:36 15146 122.77 1 591
2005-Jan-03 05:09:20 15036.1 124.817 1 592
2005-Jan-03 05:17:04 15051 117.667 1 594
2005-Jan-03 05:24:48 14540.6 116.709 1 590
2005-Jan-03 05:32:32 15058.1 115.935 1 585
2005-Jan-03 05:40:16 14934.7 124.636 1 582
2005-Jan-03 05:48:00 15608.7 124.876 1 583
2005-Jan-03 05:55:44 14980.7 119.829 1 587
2005-Jan-03 06:03:28 14974 123.02 1 585
#$2.01369e-17 -3.72275e-17 2
#deg max=20 0.349066
#dp_Δ max=-4.25e-06
#POWER_PROFILE stage=grid total_s=0.0949065
#POWER_PROFILE stage=bootstrap total_s=0.798624
#deg max=20 0.349066
#dp_Δ max=-3.5e-06
#POWER_PROFILE stage=grid total_s=0.0938836
#POWER_PROFILE stage=bootstrap total_s=0.796376
#$2.19081e-17 -1.09788e-17 0
#deg max=45 0.785398
#dp_Δ max=-1.25e-06
#POWER_PROFILE stage=grid total_s=0.0935493
#POWER_PROFILE stage=bootstrap total_s=0.81736
#deg max=30 0.523599
#dp_Δ max=-1.55e-05
#POWER_PROFILE stage=grid total_s=0.0963079
#POWER_PROFILE stage=bootstrap total_s=0.800412
#$1.72371e-17 -3.88412e-17 1
#deg max=130 2.26893
#dp_Δ max=-5e-07
#POWER_PROFILE stage=grid total_s=0.0939208
#POWER_PROFILE stage=bootstrap total_s=0.814962
#PROFILE segment=0 windows=25 fft_qc_s=0.0761268 pack_s=0.0130063 stack_s=5.96294 fit_s=5.89115 total_s=11.945
#Segment 2005-Jan-03 0 accepted_windows=25
2005-Jan-03 05:55:44 14980.7 119.829 1 587
2005-Jan-03 06:03:28 14974 123.02 1 585
2005-Jan-03 06:11:12 15519.8 121.846 1 584
2005-Jan-03 06:18:56 14761.7 118.649 1 584
2005-Jan-03 06:26:40 15008.7 117.355 1 583
2005-Jan-03 06:34:24 14832.7 120.567 1 582
2005-Jan-03 06:42:08 15017.8 121.473 1 577
2005-Jan-03 06:49:52 15207.9 118.884 1 577
2005-Jan-03 06:57:36 14979.5 116.408 1 577
2005-Jan-03 07:05:20 14990.9 115.351 1 574
2005-Jan-03 07:13:04 14877.5 118.057 1 580
2005-Jan-03 07:20:48 15459.9 118.335 1 576
2005-Jan-03 07:28:32 15321.6 120.504 1 570
2005-Jan-03 07:36:16 15062.9 118.716 1 574
2005-Jan-03 07:44:00 15788.5 119.697 1 571
2005-Jan-03 07:51:44 15374.2 115.62 1 578
2005-Jan-03 07:59:28 14822.1 117.337 1 574
2005-Jan-03 08:07:12 15353.3 114.106 1 575
2005-Jan-03 08:14:56 15358.4 117.688 1 575
2005-Jan-03 08:22:40 15004 115.139 1 568
2005-Jan-03 08:30:24 15192.2 115.713 1 577
2005-Jan-03 08:38:08 15379.1 117.196 1 576
2005-Jan-03 09:09:04 14963.3 120.214 1 577
2005-Jan-03 09:16:48 15076.5 120.275 1 576
2005-Jan-03 09:24:32 14948.5 118.97 1 575
2005-Jan-03 09:32:16 15504.3 120.496 1 577
2005-Jan-03 09:40:00 14908.2 116.552 1 579
2005-Jan-03 09:47:44 15569.4 116.815 1 582
2005-Jan-03 09:55:28 15321.7 117.53 1 577
2005-Jan-03 10:03:12 14752.6 121.466 1 582
2005-Jan-03 10:10:56 14890.6 120.255 1 582
2005-Jan-03 10:18:40 15448.5 118.868 1 581
2005-Jan-03 10:26:24 14963.9 125.416 1 581
2005-Jan-03 10:34:08 14918.9 124.17 1 585
2005-Jan-03 10:41:52 15186.5 123.488 1 586
2005-Jan-03 10:49:36 15690.4 127.746 1 575
2005-Jan-03 10:57:20 15384.7 125.183 1 580
2005-Jan-03 11:05:04 15587.1 124.956 1 585
2005-Jan-03 11:12:48 14998.2 125.427 1 587
2005-Jan-03 11:20:32 15118.1 123.432 1 585
2005-Jan-03 11:28:16 14765.6 125.909 1 587
2005-Jan-03 11:36:00 14494.7 128.567 1 589
2005-Jan-03 11:43:44 14957.7 124.964 1 591
2005-Jan-03 11:51:28 15120.1 125.451 1 591
2005-Jan-03 11:59:12 14825.2 128.106 1 594
#$3.01018e-17 -4.2738e-17 2
#deg max=65 1.13446
#dp_Δ max=2.5e-06
#POWER_PROFILE stage=grid total_s=0.169338
#POWER_PROFILE stage=bootstrap total_s=1.42064
#deg max=25 0.436332
#dp_Δ max=-2e-06
#POWER_PROFILE stage=grid total_s=0.16812
#POWER_PROFILE stage=bootstrap total_s=1.41837
#$2.97456e-17 -1.14046e-17 0
#deg max=60 1.0472
#dp_Δ max=-6.5e-06
#POWER_PROFILE stage=grid total_s=0.170694
#POWER_PROFILE stage=bootstrap total_s=1.43764
#$2.62088e-17 -5.42437e-17 1
#deg max=15 0.261799
#dp_Δ max=-2.75e-06
#POWER_PROFILE stage=grid total_s=0.17061
#POWER_PROFILE stage=bootstrap total_s=1.45117
#PROFILE segment=1 windows=45 fft_qc_s=0.151652 pack_s=0.0248344 stack_s=10.6796 fit_s=8.64637 total_s=19.5045
#Segment 2005-Jan-03 1 accepted_windows=45
2005-Jan-03 11:51:28 15120.1 125.451 1 591
2005-Jan-03 11:59:12 14825.2 128.106 1 594
2005-Jan-03 12:06:56 15144 123.623 1 591
2005-Jan-03 12:14:40 15189.4 121.596 1 597
2005-Jan-03 12:22:24 15557 126.045 1 597
2005-Jan-03 12:30:08 14658.2 129.344 1 596
2005-Jan-03 12:37:52 15200.9 126.514 1 597
2005-Jan-03 12:45:36 15209.8 131.787 1 598
2005-Jan-03 12:53:20 14761.3 132.655 1 597
2005-Jan-03 13:01:04 14973.4 128.062 1 594
2005-Jan-03 13:08:48 14639.9 133.427 1 594
2005-Jan-03 13:16:32 15361 139.029 1 599
2005-Jan-03 13:24:16 15096.5 131.795 1 601
2005-Jan-03 13:32:00 15507.1 133.235 1 598
2005-Jan-03 13:39:44 15475.9 135.592 1 595
2005-Jan-03 13:47:28 15506.6 136.535 1 598
2005-Jan-03 13:55:12 14777.8 132.467 1 600
2005-Jan-03 14:02:56 15327.7 135.164 1 603
2005-Jan-03 14:10:40 15548.2 135.619 1 598
2005-Jan-03 14:18:24 14725.8 136.193 1 601
2005-Jan-03 14:26:08 14897 138.864 1 602
2005-Jan-03 14:33:52 14892.6 140.88 1 603
2005-Jan-03 14:41:36 15549.5 139.027 1 607
2005-Jan-03 14:49:20 15012.4 139.812 1 604
2005-Jan-03 14:57:04 15328.7 146.058 1 605
2005-Jan-03 15:04:48 14829.8 147.566 1 604
2005-Jan-03 15:12:32 15104.5 148.255 1 604
2005-Jan-03 15:20:16 15088.7 146.55 1 600
2005-Jan-03 15:28:00 15666.9 151.143 1 597
2005-Jan-03 15:35:44 15683.5 150.31 1 602
2005-Jan-03 15:43:28 15505 150.364 1 606
2005-Jan-03 15:51:12 15116.4 155.437 1 600
2005-Jan-03 15:58:56 14695.2 158.177 1 603
2005-Jan-03 16:06:40 14707.8 158.81 1 599
2005-Jan-03 16:14:24 14947.4 157.178 1 601
2005-Jan-03 16:22:08 15679.3 157.829 1 601
2005-Jan-03 16:29:52 15093.5 159.726 1 605
2005-Jan-03 16:37:36 15152.6 164.723 1 605
2005-Jan-03 16:45:20 15420.7 162.43 1 605
2005-Jan-03 16:53:04 15476.2 165.717 1 606
2005-Jan-03 17:00:48 15169.8 169.842 1 605
2005-Jan-03 17:08:32 15369.6 167.012 1 606
2005-Jan-03 17:16:16 15053.4 170.682 1 610
2005-Jan-03 17:24:00 15464.8 174.12 1 609
2005-Jan-03 17:31:44 15143.5 169.08 1 608
2005-Jan-03 17:39:28 14840 174.782 1 609
2005-Jan-03 17:47:12 15122.6 176.381 1 609
2005-Jan-03 17:54:56 14649 177.588 1 610
#$5.24834e-17 -6.4963e-17 2
#deg max=40 0.698132
#dp_Δ max=-5.75e-06
#POWER_PROFILE stage=grid total_s=0.181244
#POWER_PROFILE stage=bootstrap total_s=1.54787
#deg max=95 1.65806
#dp_Δ max=-1.25e-06
#POWER_PROFILE stage=grid total_s=0.191184
#POWER_PROFILE stage=bootstrap total_s=1.52017
#$6.03936e-17 -3.4927e-17 0
#deg max=25 0.436332
#dp_Δ max=4.75e-06
#POWER_PROFILE stage=grid total_s=0.183639
#POWER_PROFILE stage=bootstrap total_s=1.5173
#deg max=175 3.05433
#dp_Δ max=-1.625e-05
#POWER_PROFILE stage=grid total_s=0.179622
#POWER_PROFILE stage=bootstrap total_s=1.51169
#$5.98447e-17 -1.09281e-16 1
#deg max=15 0.261799
#dp_Δ max=-6.5e-06
#POWER_PROFILE stage=grid total_s=0.181606
#POWER_PROFILE stage=bootstrap total_s=1.5147
#deg max=55 0.959931
#dp_Δ max=-5e-07
#POWER_PROFILE stage=grid total_s=0.179295
#POWER_PROFILE stage=bootstrap total_s=1.51882
#PROFILE segment=2 windows=48 fft_qc_s=0.150448 pack_s=0.0258415 stack_s=11.7112 fit_s=13.3218 total_s=25.2112
#Segment 2005-Jan-03 2 accepted_windows=48
2005-Jan-03 17:47:12 15122.6 176.381 1 609
2005-Jan-03 17:54:56 14649 177.588 1 610
2005-Jan-03 18:02:40 14736.1 181.769 1 610
2005-Jan-03 18:10:24 15578.7 186.174 1 611
2005-Jan-03 18:18:08 15362.5 187.362 1 609
2005-Jan-03 18:25:52 15130 188.529 1 608
2005-Jan-03 18:33:36 15331.6 186.623 1 609
2005-Jan-03 18:41:20 15342.4 194.757 1 609
2005-Jan-03 18:49:04 15286.9 204.045 1 614
2005-Jan-03 18:56:48 15259.2 190.611 1 613
2005-Jan-03 19:04:32 14978.9 194.464 1 611
2005-Jan-03 19:12:16 15219.5 184.455 1 614
2005-Jan-03 19:20:00 15010.3 188.586 1 612
2005-Jan-03 19:27:44 15012.1 187.611 1 611
2005-Jan-03 19:35:28 14695.5 192.263 1 612
2005-Jan-03 19:43:12 15264.3 190.163 1 616
2005-Jan-03 19:50:56 15201.4 185.593 1 616
2005-Jan-03 19:58:40 15336.6 191.292 1 616
2005-Jan-03 20:06:24 14945.6 194.792 1 613
2005-Jan-03 20:14:08 14914.9 197.927 1 614
2005-Jan-03 20:21:52 15104.9 199.638 1 616
2005-Jan-03 20:29:36 14825.9 198.982 1 619
2005-Jan-03 20:37:20 15307.7 197.906 1 619
2005-Jan-03 20:45:04 15569.1 196.81 1 616
2005-Jan-03 20:52:48 15018.2 201.32 1 618
2005-Jan-03 21:00:32 15191.5 199.238 1 617
2005-Jan-03 21:08:16 15061.3 198.859 1 615
2005-Jan-03 21:16:00 15380.4 195.992 1 617
2005-Jan-03 21:23:44 15629.3 200.295 1 616
2005-Jan-03 21:31:28 15637.4 199.462 1 615
2005-Jan-03 21:39:12 15755.7 199.24 1 619
2005-Jan-03 21:46:56 15758 201.8 1 621
2005-Jan-03 21:54:40 15560.8 208.055 1 615
2005-Jan-03 22:02:24 15027.1 207.425 1 617
2005-Jan-03 22:10:08 15898.2 212.566 1 619
2005-Jan-03 22:17:52 16253.8 216.392 1 616
2005-Jan-03 22:25:36 15510.4 221.237 1 618
2005-Jan-03 22:33:20 15695.6 215.421 1 619
2005-Jan-03 22:41:04 15389.2 213.801 1 621
2005-Jan-03 22:48:48 15839.8 220.094 1 621
2005-Jan-03 22:56:32 15592.1 217.635 1 621
2005-Jan-03 23:04:16 15391.6 221.454 1 618
2005-Jan-03 23:12:00 15543.8 214.354 1 620
2005-Jan-03 23:19:44 15689.8 223.237 1 622
2005-Jan-03 23:27:28 15912.7 230.57 1 623
2005-Jan-03 23:35:12 15324.2 233.737 1 620
#$7.13742e-17 -9.04651e-17 2
#deg max=115 2.00713
#dp_Δ max=-5e-06
#POWER_PROFILE stage=grid total_s=0.171862
#POWER_PROFILE stage=bootstrap total_s=1.45039
#deg max=30 0.523599
#dp_Δ max=-6.5e-06
#POWER_PROFILE stage=grid total_s=0.171414
#POWER_PROFILE stage=bootstrap total_s=1.4508
#$8.19503e-17 -5.59249e-17 0
#deg max=105 1.8326
#dp_Δ max=-5e-07
#POWER_PROFILE stage=grid total_s=0.171546
#POWER_PROFILE stage=bootstrap total_s=1.44936
#deg max=25 0.436332
#dp_Δ max=-2e-05
#POWER_PROFILE stage=grid total_s=0.174411
#POWER_PROFILE stage=bootstrap total_s=1.44894
#$8.45455e-17 -1.59674e-16 1
#deg max=175 3.05433
#dp_Δ max=-1.775e-05
#POWER_PROFILE stage=grid total_s=0.171722
#POWER_PROFILE stage=bootstrap total_s=1.45354
#deg max=5 0.0872665
#dp_Δ max=-1.7e-05
#POWER_PROFILE stage=grid total_s=0.171446
#POWER_PROFILE stage=bootstrap total_s=1.44786
#PROFILE segment=3 windows=46 fft_qc_s=0.143177 pack_s=0.0301675 stack_s=11.5273 fit_s=13.4339 total_s=25.1502
#Segment 2005-Jan-03 3 accepted_windows=46
#ScanSummary days=3 missing=0 empty=0 multiple=0 loaded=3
#PROFILE accepted_windows_total=450
#CPU_PROFILE stage=objective context=serial_caller calls=5566 inclusive_s=59.6005
#CPU_PROFILE stage=objective context=outer_parallel calls=3450 inclusive_s=25.2258
#CPU_PROFILE stage=hessian context=serial_caller calls=422 inclusive_s=9.42547
#CPU_PROFILE stage=hessian context=outer_parallel calls=0 inclusive_s=0
#CPU_PROFILE stage=rotation context=serial_caller calls=138 inclusive_s=0.325304
#CPU_PROFILE stage=rotation context=outer_parallel calls=0 inclusive_s=0
#CPU_PROFILE stage=fitting context=serial_caller calls=46 inclusive_s=16.2959
#CPU_PROFILE stage=fitting context=outer_parallel calls=0 inclusive_s=0
