#SlantStack backend=cpu (double)
#Power mode=off
#SlantStack step_s_per_km=0.005 max_s_per_km=0.165 grid=67x67
#FrequencyBand {"requested_min_hz":0.10000000000000001,"requested_max_hz":0.25,"min_hz":0.099609375,"max_hz":0.25,"df_hz":0.0009765625,"min_bin":102,"max_bin":256,"fft_length":2048,"sample_interval_s":0.5,"spectrum_bins":266}
#DateRange start=2005-11-25 end=2005-11-25 inclusive=true
#0.0996094 0.25
#Start/Users/knishida/Projects/Autofocusing/repo/build-clang/matrix-audit-extension-20051125/input/2005/1125/20053290000.h5 0 7e-05s
#LOAD_PROFILE init_s=0.0452893 read_decode_copy_s=3.18887 filter_s=0.501075 total_s=3.73523
#Read data: load_h5 /Users/knishida/Projects/Autofocusing/repo/build-clang/matrix-audit-extension-20051125/input/2005/1125/20053290000.h5 693 3.74035s
2005-Nov-25 00:07:44 14129.1 52.3619 1 619
2005-Nov-25 00:15:28 13680.6 53.7488 1 620
2005-Nov-25 00:23:12 14168.9 52.6323 1 623
2005-Nov-25 00:30:56 14157.1 52.0233 1 616
2005-Nov-25 00:38:40 15198 53.1952 1 620
2005-Nov-25 00:46:24 14881.5 52.7471 1 618
2005-Nov-25 00:54:08 15056.5 52.0626 1 618
2005-Nov-25 01:01:52 14321.4 53.6415 1 619
2005-Nov-25 01:09:36 14195.7 53.0764 1 616
2005-Nov-25 01:17:20 14063.9 53.592 1 618
2005-Nov-25 01:25:04 14775.1 54.2709 1 617
2005-Nov-25 01:32:48 14766.1 53.2692 1 619
2005-Nov-25 01:40:32 14617.4 54.7315 1 619
2005-Nov-25 01:48:16 14271 56.1837 1 618
2005-Nov-25 01:56:00 14929.2 53.7765 1 618
2005-Nov-25 02:03:44 14277.4 53.4437 1 621
2005-Nov-25 02:11:28 13965.9 52.466 1 617
2005-Nov-25 02:19:12 13962.3 51.3051 1 617
2005-Nov-25 02:26:56 14154.3 52.1394 1 619
2005-Nov-25 02:34:40 13964.2 53.7106 1 616
2005-Nov-25 02:42:24 14166.3 52.6595 1 612
2005-Nov-25 02:50:08 14387.1 52.9716 1 616
2005-Nov-25 02:57:52 14315.7 52.8926 1 615
2005-Nov-25 03:05:36 13938.4 55.368 1 618
2005-Nov-25 03:13:20 13646.2 53.828 1 612
2005-Nov-25 03:21:04 13945 53.0592 1 613
2005-Nov-25 03:28:48 14665.2 53.703 1 614
2005-Nov-25 03:36:32 14334 52.5981 1 612
2005-Nov-25 03:44:16 14388.1 53.5811 1 613
2005-Nov-25 03:52:00 14281.5 54.4349 1 610
2005-Nov-25 03:59:44 14653.5 54.6049 1 613
2005-Nov-25 04:07:28 14593.2 52.3575 1 609
2005-Nov-25 04:15:12 14209 53.1715 1 611
2005-Nov-25 04:22:56 13618 53.6812 1 611
2005-Nov-25 04:30:40 14440.4 52.2431 1 608
2005-Nov-25 04:38:24 14453.5 52.5267 1 608
2005-Nov-25 04:46:08 14746 53.6967 1 610
2005-Nov-25 04:53:52 15006.4 52.9716 1 608
2005-Nov-25 05:01:36 14619.4 55.3803 1 611
2005-Nov-25 05:09:20 14615.9 55.4765 1 608
2005-Nov-25 05:17:04 14218.9 54.2635 1 612
2005-Nov-25 05:24:48 14603.9 59.293 1 608
2005-Nov-25 05:32:32 14261.4 61.2113 1 605
2005-Nov-25 05:40:16 14916.5 58.3159 1 608
2005-Nov-25 05:48:00 14318.3 55.3208 1 611
2005-Nov-25 05:55:44 14904.5 55.0959 1 608
2005-Nov-25 06:03:28 14211.7 53.7275 1 607
#$5.20635e-18 -9.58265e-18 2
#deg max=130 2.26893
#dp_Δ max=-5.75e-06
#POWER_PROFILE stage=grid total_s=0.180904
#POWER_PROFILE stage=bootstrap total_s=1.52013
#deg max=70 1.22173
#dp_Δ max=-2.75e-06
#POWER_PROFILE stage=grid total_s=0.179951
#POWER_PROFILE stage=bootstrap total_s=1.53195
#deg max=40 0.698132
#dp_Δ max=-1.25e-05
#POWER_PROFILE stage=grid total_s=0.181506
#POWER_PROFILE stage=bootstrap total_s=1.52157
#$4.55515e-18 -2.85327e-18 0
#deg max=30 0.523599
#dp_Δ max=-7.25e-06
#POWER_PROFILE stage=grid total_s=0.180797
#POWER_PROFILE stage=bootstrap total_s=1.52382
#deg max=25 0.436332
#dp_Δ max=-3.5e-06
#POWER_PROFILE stage=grid total_s=0.180461
#POWER_PROFILE stage=bootstrap total_s=1.52197
#$3.69888e-18 -8.10689e-18 1
#deg max=120 2.0944
#dp_Δ max=7e-06
#POWER_PROFILE stage=grid total_s=0.180017
#POWER_PROFILE stage=bootstrap total_s=1.52049
#PROFILE segment=0 windows=47 fft_qc_s=0.149997 pack_s=0.0255238 stack_s=11.8093 fit_s=13.6528 total_s=25.6534
#Segment 2005-Nov-25 0 accepted_windows=47
2005-Nov-25 05:55:44 14904.5 55.0959 1 608
2005-Nov-25 06:03:28 14211.7 53.7275 1 607
2005-Nov-25 06:11:12 14676.3 53.9314 1 606
2005-Nov-25 06:18:56 14436.6 53.785 1 604
2005-Nov-25 06:26:40 14228.9 55.3704 1 606
2005-Nov-25 06:34:24 14873.9 54.2517 1 605
2005-Nov-25 06:42:08 13654.2 54.1488 1 606
2005-Nov-25 06:49:52 13645 52.9914 1 602
2005-Nov-25 06:57:36 14102.6 55.0084 1 604
2005-Nov-25 07:05:20 14416.1 54.9293 1 605
2005-Nov-25 07:13:04 14161.6 54.354 1 603
2005-Nov-25 07:20:48 14014.6 54.7334 1 601
2005-Nov-25 07:28:32 13908.6 54.8114 1 605
2005-Nov-25 07:36:16 14299.7 54.7385 1 609
2005-Nov-25 07:44:00 14229.5 55.4759 1 601
2005-Nov-25 07:51:44 14379 55.3104 1 601
2005-Nov-25 07:59:28 14582.5 54.8096 1 600
2005-Nov-25 08:07:12 14524.7 54.4354 1 601
2005-Nov-25 08:14:56 14435.3 54.0712 1 601
2005-Nov-25 08:22:40 13921.8 54.3528 1 600
2005-Nov-25 08:30:24 14197.1 55.2305 1 602
2005-Nov-25 08:38:08 14411.5 54.119 1 601
2005-Nov-25 09:09:04 13741.5 53.8777 1 600
2005-Nov-25 10:10:56 13962.6 68.0775 1 597
2005-Nov-25 10:18:40 13641 64.3941 1 603
2005-Nov-25 10:26:24 14638.8 61.749 1 602
2005-Nov-25 10:34:08 14353.2 60.0076 1 605
2005-Nov-25 10:41:52 14216.6 59.3391 1 604
2005-Nov-25 10:49:36 14935.4 58.7268 1 597
2005-Nov-25 10:57:20 14426.3 59.3749 1 596
2005-Nov-25 11:05:04 14296.6 59.5286 1 598
2005-Nov-25 11:12:48 14053.9 60.4076 1 601
2005-Nov-25 11:20:32 14597.6 59.4923 1 601
2005-Nov-25 11:28:16 14619 57.6976 1 602
2005-Nov-25 11:36:00 14021.5 59.3412 1 599
2005-Nov-25 11:43:44 14427.7 58.7516 1 599
2005-Nov-25 11:51:28 14282.1 58.7052 1 599
2005-Nov-25 11:59:12 13845.4 58.1146 1 599
#$3.74799e-18 -7.95549e-18 2
#deg max=150 2.61799
#dp_Δ max=-5.75e-06
#POWER_PROFILE stage=grid total_s=0.146652
#POWER_PROFILE stage=bootstrap total_s=1.22449
#deg max=5 0.0872665
#dp_Δ max=-1.25e-06
#POWER_PROFILE stage=grid total_s=0.145299
#POWER_PROFILE stage=bootstrap total_s=1.19386
#deg max=95 1.65806
#dp_Δ max=-4.25e-06
#POWER_PROFILE stage=grid total_s=0.145369
#POWER_PROFILE stage=bootstrap total_s=1.2343
#deg max=95 1.65806
#dp_Δ max=-8e-06
#POWER_PROFILE stage=grid total_s=0.144097
#POWER_PROFILE stage=bootstrap total_s=1.22636
#$3.06657e-18 -2.03519e-18 0
#deg max=40 0.698132
#dp_Δ max=-1.325e-05
#POWER_PROFILE stage=grid total_s=0.147574
#POWER_PROFILE stage=bootstrap total_s=1.22645
#$2.47462e-18 -6.24575e-18 1
#deg max=90 1.5708
#dp_Δ max=1e-06
#POWER_PROFILE stage=grid total_s=0.143679
#POWER_PROFILE stage=bootstrap total_s=1.22591
#deg max=40 0.698132
#dp_Δ max=-1.25e-06
#POWER_PROFILE stage=grid total_s=0.145302
#POWER_PROFILE stage=bootstrap total_s=1.21765
#PROFILE segment=1 windows=38 fft_qc_s=0.152462 pack_s=0.0204647 stack_s=9.38436 fit_s=12.725 total_s=22.2844
#Segment 2005-Nov-25 1 accepted_windows=38
2005-Nov-25 11:51:28 14282.1 58.7052 1 599
2005-Nov-25 11:59:12 13845.4 58.1146 1 599
2005-Nov-25 12:06:56 13942.9 55.9028 1 601
2005-Nov-25 12:14:40 14291.5 58.664 1 601
2005-Nov-25 12:22:24 14502.9 57.7 1 595
2005-Nov-25 12:30:08 14297.1 58.699 1 598
2005-Nov-25 12:37:52 14414.7 60.3747 1 595
2005-Nov-25 12:45:36 13936.7 59.1393 1 598
2005-Nov-25 12:53:20 13626.9 57.8763 1 600
2005-Nov-25 13:01:04 14492.8 57.0042 1 599
2005-Nov-25 13:08:48 14569.1 58.2646 1 597
2005-Nov-25 13:16:32 14253.6 59.5355 1 594
2005-Nov-25 13:24:16 15209.1 57.9309 1 600
2005-Nov-25 13:32:00 14829.7 57.6533 1 603
2005-Nov-25 13:39:44 14555.5 57.889 1 601
2005-Nov-25 13:47:28 14179.8 58.446 1 600
2005-Nov-25 13:55:12 14636.6 59.5673 1 599
2005-Nov-25 14:02:56 14357.1 57.337 1 598
2005-Nov-25 14:10:40 14312.7 58.6844 1 598
2005-Nov-25 16:29:52 14545.9 56.1597 1 603
2005-Nov-25 16:37:36 14452.2 54.2042 1 605
2005-Nov-25 16:45:20 14379.6 54.3351 1 602
2005-Nov-25 16:53:04 14209.5 54.2174 1 603
2005-Nov-25 17:00:48 14093.5 56.5118 1 603
2005-Nov-25 17:08:32 13431.8 55.0463 1 604
2005-Nov-25 17:16:16 14565.9 54.4654 1 603
2005-Nov-25 17:24:00 14968.1 55.1001 1 602
2005-Nov-25 17:31:44 14163.9 53.548 1 604
2005-Nov-25 17:39:28 14066.7 53.242 1 604
2005-Nov-25 17:47:12 14834.7 52.9241 1 602
2005-Nov-25 17:54:56 14644.1 53.8048 1 600
#$3.61287e-18 -7.63444e-18 2
#deg max=135 2.35619
#dp_Δ max=2.5e-06
#POWER_PROFILE stage=grid total_s=0.1186
#POWER_PROFILE stage=bootstrap total_s=1.01612
#$2.63211e-18 -1.65197e-18 0
#deg max=40 0.698132
#dp_Δ max=-5e-07
#POWER_PROFILE stage=grid total_s=0.118883
#POWER_PROFILE stage=bootstrap total_s=1.01795
#deg max=165 2.87979
#dp_Δ max=-4.25e-06
#POWER_PROFILE stage=grid total_s=0.119372
#POWER_PROFILE stage=bootstrap total_s=1.00609
#$2.19109e-18 -5.55009e-18 1
#deg max=155 2.70526
#dp_Δ max=-2e-06
#POWER_PROFILE stage=grid total_s=0.119212
#POWER_PROFILE stage=bootstrap total_s=1.00525
#deg max=50 0.872665
#dp_Δ max=1.75e-06
#POWER_PROFILE stage=grid total_s=0.118791
#POWER_PROFILE stage=bootstrap total_s=1.01025
#PROFILE segment=2 windows=31 fft_qc_s=0.0975347 pack_s=0.0163572 stack_s=7.58941 fit_s=7.49636 total_s=15.2017
#Segment 2005-Nov-25 2 accepted_windows=31
2005-Nov-25 17:47:12 14834.7 52.9241 1 602
2005-Nov-25 17:54:56 14644.1 53.8048 1 600
2005-Nov-25 18:02:40 13802.5 54.5919 1 601
2005-Nov-25 18:10:24 14801.8 54.4067 1 602
2005-Nov-25 18:18:08 14289.5 53.9493 1 602
2005-Nov-25 18:25:52 14359.2 53.5498 1 603
2005-Nov-25 18:49:04 14771.3 63.8538 1 602
2005-Nov-25 19:04:32 14265.3 55.3909 1 603
2005-Nov-25 19:12:16 13888.3 54.333 1 606
2005-Nov-25 19:20:00 14828.8 54.1924 1 605
2005-Nov-25 19:27:44 14300.4 54.8999 1 604
2005-Nov-25 19:35:28 14386.9 53.4686 1 605
2005-Nov-25 19:43:12 14947.4 54.1973 1 607
2005-Nov-25 19:50:56 14873.9 53.7247 1 605
2005-Nov-25 19:58:40 14301.5 53.4954 1 607
2005-Nov-25 20:06:24 14150.9 53.7031 1 603
2005-Nov-25 20:14:08 14345.9 52.8381 1 603
2005-Nov-25 20:21:52 14367.4 53.2221 1 604
2005-Nov-25 20:29:36 14818.7 54.1412 1 603
2005-Nov-25 20:37:20 14401.2 53.0611 1 605
2005-Nov-25 20:45:04 14924.7 53.1328 1 600
2005-Nov-25 20:52:48 14689.7 51.8587 1 599
2005-Nov-25 21:00:32 14381.1 53.4951 1 602
2005-Nov-25 21:08:16 14215.6 54.462 1 606
2005-Nov-25 21:16:00 14949.7 54.3116 1 600
2005-Nov-25 21:23:44 14521.2 52.5724 1 602
2005-Nov-25 21:31:28 14553.9 52.7019 1 599
2005-Nov-25 21:39:12 14620.7 53.3834 1 599
2005-Nov-25 21:46:56 14843.9 53.0589 1 604
2005-Nov-25 21:54:40 14755.2 52.6279 1 601
2005-Nov-25 22:02:24 14225.6 52.8771 1 602
2005-Nov-25 22:10:08 14827.6 51.2395 1 599
2005-Nov-25 22:17:52 14540.3 51.9645 1 599
2005-Nov-25 22:25:36 14689.8 52.1517 1 599
2005-Nov-25 22:33:20 14762.6 53.6543 1 599
2005-Nov-25 22:41:04 14555.6 53.5766 1 597
2005-Nov-25 22:48:48 14186.8 51.4991 1 599
2005-Nov-25 22:56:32 14406.4 51.9547 1 605
2005-Nov-25 23:04:16 15379.9 53.3581 1 606
2005-Nov-25 23:12:00 14506.5 52.41 1 605
2005-Nov-25 23:19:44 14218.9 52.9823 1 608
2005-Nov-25 23:27:28 14748.2 51.5273 1 604
2005-Nov-25 23:35:12 14741.2 52.2001 1 605
#$3.30159e-18 -7.53742e-18 2
#deg max=120 2.0944
#dp_Δ max=-5e-07
#POWER_PROFILE stage=grid total_s=0.16671
#POWER_PROFILE stage=bootstrap total_s=1.36483
#deg max=110 1.91986
#dp_Δ max=1.75e-06
#POWER_PROFILE stage=grid total_s=0.163974
#POWER_PROFILE stage=bootstrap total_s=1.37062
#deg max=30 0.523599
#dp_Δ max=-3e-06
#POWER_PROFILE stage=grid total_s=0.16389
#POWER_PROFILE stage=bootstrap total_s=1.39622
#deg max=30 0.523599
#dp_Δ max=7.75e-06
#POWER_PROFILE stage=grid total_s=0.164679
#POWER_PROFILE stage=bootstrap total_s=1.39643
#$2.48502e-18 -1.31548e-18 0
#deg max=40 0.698132
#dp_Δ max=-3.5e-06
#POWER_PROFILE stage=grid total_s=0.166504
#POWER_PROFILE stage=bootstrap total_s=1.39527
#deg max=135 2.35619
#dp_Δ max=-1.1e-05
#POWER_PROFILE stage=grid total_s=0.164429
#POWER_PROFILE stage=bootstrap total_s=1.38368
#$1.91134e-18 -5.34575e-18 1
#deg max=35 0.610865
#dp_Δ max=9.25e-06
#POWER_PROFILE stage=grid total_s=0.166255
#POWER_PROFILE stage=bootstrap total_s=1.383
#PROFILE segment=3 windows=43 fft_qc_s=0.14373 pack_s=0.0228202 stack_s=10.5735 fit_s=15.0306 total_s=25.7862
#Segment 2005-Nov-25 3 accepted_windows=43
#ScanSummary days=1 missing=0 empty=0 multiple=0 loaded=1
#PROFILE accepted_windows_total=159
#CPU_PROFILE stage=objective context=serial_caller calls=2912 inclusive_s=34.6845
#CPU_PROFILE stage=objective context=outer_parallel calls=1875 inclusive_s=15.0687
#CPU_PROFILE stage=hessian context=serial_caller calls=210 inclusive_s=5.05099
#CPU_PROFILE stage=hessian context=outer_parallel calls=0 inclusive_s=0
#CPU_PROFILE stage=rotation context=serial_caller calls=75 inclusive_s=0.172257
#CPU_PROFILE stage=rotation context=outer_parallel calls=0 inclusive_s=0
#CPU_PROFILE stage=fitting context=serial_caller calls=25 inclusive_s=7.7628
#CPU_PROFILE stage=fitting context=outer_parallel calls=0 inclusive_s=0
