#SlantStack backend=cpu (double)
#Power mode=off
#SlantStack step_s_per_km=0.005 max_s_per_km=0.165 grid=67x67
#FrequencyBand {"requested_min_hz":0.10000000000000001,"requested_max_hz":0.25,"min_hz":0.099609375,"max_hz":0.25,"df_hz":0.0009765625,"min_bin":102,"max_bin":256,"fft_length":2048,"sample_interval_s":0.5,"spectrum_bins":266}
#DateRange start=2005-04-02 end=2005-04-02 inclusive=true
#0.0996094 0.25
#Start/Users/knishida/Projects/Autofocusing/repo/build-clang/matrix-audit-extension-20050402/input/2005/0402/20050920000.h5 0 0.000188s
#LOAD_PROFILE init_s=0.0428777 read_decode_copy_s=3.15486 filter_s=0.493169 total_s=3.69091
#Read data: load_h5 /Users/knishida/Projects/Autofocusing/repo/build-clang/matrix-audit-extension-20050402/input/2005/0402/20050920000.h5 691 3.69341s
2005-Apr-02 00:07:44 14327.5 68.8131 1 640
2005-Apr-02 00:15:28 14663.1 67.1691 1 643
2005-Apr-02 00:23:12 14201.8 67.6755 1 641
2005-Apr-02 00:30:56 14417.1 67.1744 1 643
2005-Apr-02 00:38:40 14612.8 67.9723 1 641
2005-Apr-02 00:46:24 14767.4 67.1218 1 639
2005-Apr-02 00:54:08 14235.2 67.6986 1 642
2005-Apr-02 01:01:52 14297.6 69.6276 1 643
2005-Apr-02 01:09:36 14590.9 67.9485 1 643
2005-Apr-02 01:17:20 14818.4 68.1929 1 645
2005-Apr-02 01:25:04 14626.1 66.8501 1 642
2005-Apr-02 01:32:48 14687.7 65.2199 1 641
2005-Apr-02 01:40:32 14902.9 64.6311 1 644
2005-Apr-02 01:48:16 15043.3 65.7239 1 644
2005-Apr-02 01:56:00 14854.1 65.1313 1 641
2005-Apr-02 02:03:44 14450.5 64.4884 1 643
2005-Apr-02 02:11:28 13961.7 66.2563 1 644
2005-Apr-02 02:19:12 14989.7 66.2417 1 643
2005-Apr-02 02:26:56 14556.1 70.1304 1 644
2005-Apr-02 02:34:40 14589.5 66.9774 1 643
2005-Apr-02 02:42:24 15888.6 65.5106 1 645
2005-Apr-02 02:50:08 16353.1 66.9304 1 643
2005-Apr-02 02:57:52 14594 66.2428 1 643
2005-Apr-02 03:05:36 14576 64.4546 1 644
2005-Apr-02 03:13:20 14857.3 65.63 1 644
2005-Apr-02 03:21:04 14797.2 65.4031 1 644
2005-Apr-02 03:28:48 14613.8 64.3665 1 643
2005-Apr-02 03:36:32 14082.2 63.8355 1 644
2005-Apr-02 03:44:16 14139.6 67.0153 1 642
2005-Apr-02 03:52:00 14440.9 65.7426 1 643
2005-Apr-02 03:59:44 14617.5 63.0746 1 641
2005-Apr-02 04:30:40 14610 63.9209 1 641
2005-Apr-02 04:38:24 14776.2 64.1521 1 645
2005-Apr-02 04:46:08 15002.8 64.285 1 647
2005-Apr-02 04:53:52 15135.8 60.8503 1 645
2005-Apr-02 05:01:36 14607.1 66.3595 1 642
2005-Apr-02 05:09:20 15372.9 64.968 1 645
2005-Apr-02 05:17:04 14102.9 63.7337 1 644
2005-Apr-02 05:24:48 14844.9 61.9024 1 643
2005-Apr-02 06:03:28 20226.9 107.845 1 641
#$6.38291e-18 -1.34223e-17 2
#deg max=25 0.436332
#dp_Δ max=-5e-06
#POWER_PROFILE stage=grid total_s=0.152979
#POWER_PROFILE stage=bootstrap total_s=1.27993
#$5.50095e-18 -2.35561e-18 0
#deg max=20 0.349066
#dp_Δ max=-2e-05
#POWER_PROFILE stage=grid total_s=0.152386
#POWER_PROFILE stage=bootstrap total_s=1.2728
#deg max=15 0.261799
#dp_Δ max=-5e-07
#POWER_PROFILE stage=grid total_s=0.15123
#POWER_PROFILE stage=bootstrap total_s=1.24981
#$3.78158e-18 -9.84173e-18 1
#deg max=25 0.436332
#dp_Δ max=-2e-06
#POWER_PROFILE stage=grid total_s=0.151987
#POWER_PROFILE stage=bootstrap total_s=1.26717
#PROFILE segment=0 windows=40 fft_qc_s=0.148713 pack_s=0.0221283 stack_s=10.51 fit_s=7.8181 total_s=18.5153
#Segment 2005-Apr-02 0 accepted_windows=40
2005-Apr-02 05:55:44 24655.5 111.086 1 642
2005-Apr-02 06:03:28 20226.9 107.845 1 641
2005-Apr-02 06:42:08 14938.3 61.548 1 644
2005-Apr-02 06:49:52 14317.7 60.5535 1 646
2005-Apr-02 06:57:36 14445.9 62.2661 1 644
2005-Apr-02 07:05:20 14925.1 61.6329 1 644
2005-Apr-02 07:13:04 14563 62.8144 1 642
2005-Apr-02 07:20:48 14760.2 65.5699 1 644
2005-Apr-02 07:28:32 14417.6 64.6445 1 645
2005-Apr-02 07:36:16 15189.7 62.3879 1 645
2005-Apr-02 07:44:00 15356.1 64.0233 1 643
2005-Apr-02 07:51:44 14861.1 68.4089 1 643
2005-Apr-02 07:59:28 14580.8 62.3425 1 643
2005-Apr-02 08:07:12 14088.7 59.5153 1 645
2005-Apr-02 08:14:56 14261.3 58.2838 1 643
2005-Apr-02 08:22:40 14661.9 61.0185 1 644
2005-Apr-02 08:30:24 14728.9 59.6968 1 643
2005-Apr-02 08:38:08 15282.2 58.3766 1 643
2005-Apr-02 09:09:04 15104.7 57.968 1 645
2005-Apr-02 09:16:48 14671.9 58.4851 1 645
2005-Apr-02 09:24:32 14884.9 60.2177 1 644
2005-Apr-02 09:32:16 15172.5 58.0726 1 644
2005-Apr-02 09:40:00 14516.5 57.9211 1 646
2005-Apr-02 09:47:44 14902.3 58.7448 1 645
2005-Apr-02 09:55:28 14787.5 58.1263 1 644
2005-Apr-02 10:03:12 14307.8 58.3561 1 644
2005-Apr-02 10:10:56 15146.8 56.868 1 643
2005-Apr-02 10:18:40 14590.3 57.1176 1 642
2005-Apr-02 10:26:24 15166.5 58.916 1 646
2005-Apr-02 10:34:08 14602.4 57.7647 1 646
2005-Apr-02 10:41:52 14658.6 57.9305 1 647
2005-Apr-02 10:49:36 14605.6 58.5469 1 642
2005-Apr-02 10:57:20 14521.5 57.0583 1 645
2005-Apr-02 11:05:04 14326.6 57.7396 1 645
2005-Apr-02 11:12:48 14842.1 56.5522 1 646
2005-Apr-02 11:20:32 14263.9 58.5468 1 648
2005-Apr-02 11:28:16 14779.3 58.5911 1 645
2005-Apr-02 11:36:00 14386.1 56.9665 1 644
2005-Apr-02 11:43:44 14156.7 57.2388 1 643
2005-Apr-02 11:51:28 14925.8 56.5108 1 646
2005-Apr-02 11:59:12 13647.4 58.762 1 646
#$6.43638e-18 -1.4006e-17 2
#deg max=30 0.523599
#dp_Δ max=-2e-06
#POWER_PROFILE stage=grid total_s=0.15588
#POWER_PROFILE stage=bootstrap total_s=1.31677
#$5.50151e-18 -2.9861e-18 0
#deg max=50 0.872665
#dp_Δ max=-1.625e-05
#POWER_PROFILE stage=grid total_s=0.156431
#POWER_PROFILE stage=bootstrap total_s=1.31358
#deg max=70 1.22173
#dp_Δ max=2.5e-06
#POWER_PROFILE stage=grid total_s=0.157108
#POWER_PROFILE stage=bootstrap total_s=1.28931
#$4.11077e-18 -1.02626e-17 1
#deg max=20 0.349066
#dp_Δ max=-3.5e-06
#POWER_PROFILE stage=grid total_s=0.155122
#POWER_PROFILE stage=bootstrap total_s=1.3114
#PROFILE segment=1 windows=41 fft_qc_s=0.148245 pack_s=0.0223562 stack_s=10.754 fit_s=8.07775 total_s=19.0043
#Segment 2005-Apr-02 1 accepted_windows=41
2005-Apr-02 11:51:28 14925.8 56.5108 1 646
2005-Apr-02 11:59:12 13647.4 58.762 1 646
2005-Apr-02 12:06:56 14556.8 56.6932 1 644
2005-Apr-02 12:14:40 13984.5 56.4719 1 643
2005-Apr-02 12:22:24 14384.5 55.7378 1 646
2005-Apr-02 12:30:08 14406.3 55.9424 1 645
2005-Apr-02 12:37:52 14020 57.781 1 644
2005-Apr-02 12:45:36 14961.9 59.2412 1 646
2005-Apr-02 12:53:20 15248.7 60.4227 1 644
2005-Apr-02 13:24:16 14327.7 57.5576 1 642
2005-Apr-02 13:32:00 14295 57.9946 1 646
2005-Apr-02 13:39:44 14632.2 57.4254 1 646
2005-Apr-02 13:47:28 15381.3 59.5953 1 644
2005-Apr-02 13:55:12 14886.4 57.2496 1 648
2005-Apr-02 14:02:56 14266.5 56.9857 1 646
2005-Apr-02 14:10:40 15076.1 56.4231 1 643
2005-Apr-02 14:18:24 15633.1 56.1774 1 643
2005-Apr-02 14:26:08 14575.5 57.4207 1 646
2005-Apr-02 14:33:52 14705.7 57.5154 1 645
2005-Apr-02 14:41:36 14585.7 56.3805 1 645
2005-Apr-02 14:49:20 14358.4 55.6093 1 646
2005-Apr-02 14:57:04 14974.7 56.5502 1 643
2005-Apr-02 15:04:48 14529.6 57.3731 1 646
2005-Apr-02 15:12:32 14388.4 57.0611 1 643
2005-Apr-02 15:20:16 14639.5 56.1404 1 642
2005-Apr-02 15:28:00 14369.8 56.0673 1 643
2005-Apr-02 15:35:44 15161 55.6262 1 644
2005-Apr-02 15:43:28 14814.7 57.8664 1 646
2005-Apr-02 15:51:12 15223.7 56.9907 1 643
2005-Apr-02 15:58:56 15082.1 55.1483 1 643
2005-Apr-02 16:06:40 14329.4 54.7796 1 644
2005-Apr-02 16:14:24 14690.6 54.9428 1 645
2005-Apr-02 16:22:08 14516.5 56.9023 1 643
2005-Apr-02 16:53:04 14735.7 56.7615 1 646
2005-Apr-02 17:00:48 14412.2 57.0865 1 645
2005-Apr-02 17:08:32 14758 59.8665 1 646
2005-Apr-02 17:16:16 14876.1 53.7236 1 644
2005-Apr-02 17:24:00 13946.5 53.5384 1 645
2005-Apr-02 17:54:56 14243.6 53.2794 1 641
#$6.02308e-18 -1.31332e-17 2
#deg max=25 0.436332
#dp_Δ max=-5e-07
#POWER_PROFILE stage=grid total_s=0.149178
#POWER_PROFILE stage=bootstrap total_s=1.25423
#$4.88891e-18 -2.79152e-18 0
#deg max=45 0.785398
#dp_Δ max=-5e-07
#POWER_PROFILE stage=grid total_s=0.148786
#POWER_PROFILE stage=bootstrap total_s=1.25277
#$3.764e-18 -9.33952e-18 1
#deg max=10 0.174533
#dp_Δ max=1e-06
#POWER_PROFILE stage=grid total_s=0.149167
#POWER_PROFILE stage=bootstrap total_s=1.2565
#PROFILE segment=2 windows=39 fft_qc_s=0.149315 pack_s=0.0213568 stack_s=10.2487 fit_s=6.00933 total_s=16.4306
#Segment 2005-Apr-02 2 accepted_windows=39
2005-Apr-02 17:47:12 14504.8 54.8677 1 639
2005-Apr-02 17:54:56 14243.6 53.2794 1 641
2005-Apr-02 18:02:40 14585.9 52.59 1 640
2005-Apr-02 18:10:24 14788.3 51.6179 1 642
2005-Apr-02 18:18:08 14737.7 51.5594 1 641
2005-Apr-02 18:25:52 14772.4 51.5871 1 640
2005-Apr-02 18:33:36 14567.3 50.9996 1 639
2005-Apr-02 18:41:20 15055.1 51.4912 1 641
2005-Apr-02 18:49:04 14117.6 50.814 1 639
2005-Apr-02 18:56:48 14047.7 50.6337 1 641
2005-Apr-02 19:04:32 15088.8 50.9354 1 640
2005-Apr-02 19:12:16 14636.5 50.8755 1 640
2005-Apr-02 19:20:00 15249 48.7168 1 640
2005-Apr-02 19:27:44 14861.2 48.4923 1 641
2005-Apr-02 19:35:28 14374 50.1996 1 642
2005-Apr-02 19:43:12 14119.8 50.0163 1 642
2005-Apr-02 19:50:56 15015.5 50.2034 1 639
2005-Apr-02 19:58:40 14639.5 49.8143 1 641
2005-Apr-02 20:06:24 14163.7 49.6613 1 641
2005-Apr-02 20:14:08 13848.4 49.9841 1 640
2005-Apr-02 20:21:52 15025.2 50.2406 1 640
2005-Apr-02 20:29:36 15164.9 49.4113 1 640
2005-Apr-02 20:37:20 14543.3 50.5166 1 639
2005-Apr-02 20:45:04 14519.6 48.5102 1 639
2005-Apr-02 20:52:48 14636.1 48.3037 1 640
2005-Apr-02 21:00:32 14536.5 48.3985 1 639
2005-Apr-02 21:08:16 15024 49.5467 1 638
2005-Apr-02 21:16:00 15077.8 48.4351 1 639
2005-Apr-02 21:23:44 14835.9 48.4383 1 638
2005-Apr-02 21:31:28 14703.8 47.6771 1 639
2005-Apr-02 21:39:12 14799.8 49.6194 1 638
#$4.8114e-18 -1.05819e-17 2
#deg max=45 0.785398
#dp_Δ max=-2.75e-06
#POWER_PROFILE stage=grid total_s=0.117735
#POWER_PROFILE stage=bootstrap total_s=0.988273
#$4.21742e-18 -2.06773e-18 0
#deg max=30 0.523599
#dp_Δ max=-9.5e-06
#POWER_PROFILE stage=grid total_s=0.116264
#POWER_PROFILE stage=bootstrap total_s=0.998504
#deg max=105 1.8326
#dp_Δ max=-1.25e-06
#POWER_PROFILE stage=grid total_s=0.117817
#POWER_PROFILE stage=bootstrap total_s=0.990392
#$3.08245e-18 -7.52083e-18 1
#deg max=10 0.174533
#dp_Δ max=-2e-06
#POWER_PROFILE stage=grid total_s=0.117255
#POWER_PROFILE stage=bootstrap total_s=0.99666
#PROFILE segment=3 windows=31 fft_qc_s=0.0962478 pack_s=0.017286 stack_s=8.03181 fit_s=6.36304 total_s=14.5253
#Segment 2005-Apr-02 3 accepted_windows=31
#ScanSummary days=1 missing=0 empty=0 multiple=0 loaded=1
#PROFILE accepted_windows_total=151
#CPU_PROFILE stage=objective context=serial_caller calls=1850 inclusive_s=20.065
#CPU_PROFILE stage=objective context=outer_parallel calls=1125 inclusive_s=8.42596
#CPU_PROFILE stage=hessian context=serial_caller calls=140 inclusive_s=3.1011
#CPU_PROFILE stage=hessian context=outer_parallel calls=0 inclusive_s=0
#CPU_PROFILE stage=rotation context=serial_caller calls=45 inclusive_s=0.104888
#CPU_PROFILE stage=rotation context=outer_parallel calls=0 inclusive_s=0
#CPU_PROFILE stage=fitting context=serial_caller calls=15 inclusive_s=5.35304
#CPU_PROFILE stage=fitting context=outer_parallel calls=0 inclusive_s=0
