#SlantStack backend=cpu (double)
#Power mode=off
#SlantStack step_s_per_km=0.005 max_s_per_km=0.165 grid=67x67
#FrequencyBand {"requested_min_hz":0.10000000000000001,"requested_max_hz":0.25,"min_hz":0.099609375,"max_hz":0.25,"df_hz":0.0009765625,"min_bin":102,"max_bin":256,"fft_length":2048,"sample_interval_s":0.5,"spectrum_bins":266}
#DateRange start=2005-10-05 end=2005-10-06 inclusive=true
#0.0996094 0.25
#Start/Users/knishida/Projects/Autofocusing/repo/build-clang/matrix-audit-extension-20051005/input/2005/1005/20052780000.h5 0 0.000296s
#LOAD_PROFILE init_s=0.0436911 read_decode_copy_s=3.06605 filter_s=0.492502 total_s=3.60225
#Read data: load_h5 /Users/knishida/Projects/Autofocusing/repo/build-clang/matrix-audit-extension-20051005/input/2005/1005/20052780000.h5 681 3.60743s
2005-Oct-05 02:11:28 14195.4 55.3183 1 558
2005-Oct-05 02:19:12 14309.2 54.2952 1 558
2005-Oct-05 02:26:56 14529 54.4863 1 560
2005-Oct-05 02:34:40 13555.3 54.1895 1 559
2005-Oct-05 03:13:20 14388.8 53.3747 1 559
2005-Oct-05 03:21:04 14513.7 54.2504 1 558
2005-Oct-05 03:44:16 14419.4 53.9121 1 561
2005-Oct-05 03:52:00 14144.8 53.3732 1 560
2005-Oct-05 04:07:28 13836.2 52.5544 1 558
2005-Oct-05 04:15:12 14762 54.6187 1 562
2005-Oct-05 04:30:40 14471.3 52.2816 1 564
2005-Oct-05 04:38:24 14340.8 52.77 1 561
2005-Oct-05 04:46:08 14014.2 53.574 1 565
2005-Oct-05 04:53:52 14545 54.1341 1 564
2005-Oct-05 05:01:36 13640.3 53.5679 1 560
2005-Oct-05 05:09:20 13998.9 52.8496 1 562
2005-Oct-05 05:17:04 14213.5 53.3218 1 562
2005-Oct-05 05:24:48 14513 52.5289 1 563
2005-Oct-05 05:32:32 14255.2 53.2362 1 568
2005-Oct-05 05:40:16 14374.3 52.6774 1 560
2005-Oct-05 05:48:00 14985 52.4301 1 561
2005-Oct-05 05:55:44 14601.5 53.3092 1 567
2005-Oct-05 06:03:28 14242.1 51.4234 1 564
#$3.44394e-18 -7.6531e-18 2
#deg max=120 2.0944
#dp_Δ max=2.5e-06
#POWER_PROFILE stage=grid total_s=0.086833
#POWER_PROFILE stage=bootstrap total_s=0.731176
#deg max=100 1.74533
#dp_Δ max=7e-06
#POWER_PROFILE stage=grid total_s=0.0859542
#POWER_PROFILE stage=bootstrap total_s=0.712051
#$3.13623e-18 -1.82346e-18 0
#deg max=80 1.39626
#dp_Δ max=2.5e-06
#POWER_PROFILE stage=grid total_s=0.0864078
#POWER_PROFILE stage=bootstrap total_s=0.726316
#$2.35439e-18 -5.94766e-18 1
#deg max=15 0.261799
#dp_Δ max=1e-06
#POWER_PROFILE stage=grid total_s=0.0857362
#POWER_PROFILE stage=bootstrap total_s=0.735114
#deg max=160 2.79253
#dp_Δ max=3.25e-06
#POWER_PROFILE stage=grid total_s=0.0875015
#POWER_PROFILE stage=bootstrap total_s=0.737503
#PROFILE segment=0 windows=23 fft_qc_s=0.146205 pack_s=0.0117778 stack_s=5.26674 fit_s=5.40735 total_s=10.8474
#Segment 2005-Oct-05 0 accepted_windows=23
2005-Oct-05 05:55:44 14601.5 53.3092 1 567
2005-Oct-05 06:03:28 14242.1 51.4234 1 564
2005-Oct-05 06:11:12 14167.6 52.1991 1 564
2005-Oct-05 06:18:56 14386.2 58.0009 1 569
2005-Oct-05 06:26:40 14560.4 62.1624 1 563
2005-Oct-05 06:34:24 15194 60.8556 1 564
2005-Oct-05 06:42:08 15785 56.2567 1 568
2005-Oct-05 06:49:52 14836.1 52.2519 1 568
2005-Oct-05 06:57:36 14606.7 52.8057 1 563
2005-Oct-05 07:05:20 13735.6 52.6335 1 569
2005-Oct-05 07:13:04 14554 52.2127 1 569
2005-Oct-05 07:20:48 14652 52.2138 1 564
2005-Oct-05 07:28:32 14670.1 52.9284 1 568
2005-Oct-05 07:36:16 14534 52.8246 1 565
2005-Oct-05 07:44:00 14367.6 51.8321 1 566
2005-Oct-05 07:51:44 14467.8 50.8753 1 566
2005-Oct-05 07:59:28 14841.7 50.8047 1 569
2005-Oct-05 08:07:12 14228.1 51.1498 1 567
2005-Oct-05 08:14:56 14587.1 51.132 1 568
2005-Oct-05 08:22:40 14621.8 51.8444 1 566
2005-Oct-05 08:30:24 14903.1 50.7289 1 566
2005-Oct-05 08:38:08 14597.5 52.2002 1 571
2005-Oct-05 09:09:04 14074.4 50.9787 1 564
2005-Oct-05 09:16:48 14430.3 51.363 1 562
2005-Oct-05 09:24:32 14237 51.2524 1 563
2005-Oct-05 09:32:16 13780.1 50.9082 1 562
2005-Oct-05 09:40:00 14452.8 49.7175 1 565
2005-Oct-05 09:47:44 14581.2 51.2002 1 568
2005-Oct-05 09:55:28 13967.7 49.8473 1 564
2005-Oct-05 10:03:12 14359.4 50.1256 1 562
2005-Oct-05 10:10:56 13812.7 50.1607 1 563
2005-Oct-05 10:18:40 14216.4 50.0996 1 561
2005-Oct-05 10:26:24 14106.6 49.96 1 563
2005-Oct-05 10:34:08 13709.2 48.9329 1 564
2005-Oct-05 10:41:52 14283.2 49.8051 1 562
2005-Oct-05 10:49:36 14628.2 50.2441 1 567
2005-Oct-05 10:57:20 13983.7 50.3931 1 563
2005-Oct-05 11:05:04 14241.6 49.3583 1 560
2005-Oct-05 11:12:48 13852.5 48.3452 1 559
2005-Oct-05 11:20:32 13979.1 49.6146 1 563
2005-Oct-05 11:28:16 13888.5 48.7438 1 563
2005-Oct-05 11:43:44 14597 56.8255 1 558
2005-Oct-05 11:59:12 14347.6 49.0672 1 562
#$2.87388e-18 -7.01085e-18 2
#deg max=60 1.0472
#dp_Δ max=1e-06
#POWER_PROFILE stage=grid total_s=0.163273
#POWER_PROFILE stage=bootstrap total_s=1.3621
#deg max=105 1.8326
#dp_Δ max=-1.1e-05
#POWER_PROFILE stage=grid total_s=0.162783
#POWER_PROFILE stage=bootstrap total_s=1.33874
#deg max=140 2.44346
#dp_Δ max=1.9e-05
#POWER_PROFILE stage=grid total_s=0.162904
#POWER_PROFILE stage=bootstrap total_s=1.3491
#$2.35311e-18 -1.12356e-18 0
#deg max=100 1.74533
#dp_Δ max=1e-06
#POWER_PROFILE stage=grid total_s=0.160801
#POWER_PROFILE stage=bootstrap total_s=1.36261
#$1.77762e-18 -4.88439e-18 1
#deg max=130 2.26893
#dp_Δ max=9.25e-06
#POWER_PROFILE stage=grid total_s=0.160437
#POWER_PROFILE stage=bootstrap total_s=1.34184
#deg max=10 0.174533
#dp_Δ max=-2e-05
#POWER_PROFILE stage=grid total_s=0.16007
#POWER_PROFILE stage=bootstrap total_s=1.37273
#PROFILE segment=1 windows=43 fft_qc_s=0.147044 pack_s=0.0223317 stack_s=9.92255 fit_s=12.4211 total_s=22.515
#Segment 2005-Oct-05 1 accepted_windows=43
2005-Oct-05 11:59:12 14347.6 49.0672 1 562
2005-Oct-05 12:06:56 14458 49.4109 1 563
2005-Oct-05 12:14:40 14385.3 49.075 1 562
2005-Oct-05 12:22:24 14457.2 50.4385 1 562
2005-Oct-05 12:30:08 14690.7 49.7168 1 562
2005-Oct-05 12:37:52 15021 48.3315 1 562
2005-Oct-05 12:45:36 14207 49.7183 1 563
2005-Oct-05 12:53:20 14949.9 49.4063 1 563
2005-Oct-05 13:01:04 14067.2 48.49 1 560
2005-Oct-05 13:08:48 14211.2 49.5858 1 562
2005-Oct-05 13:16:32 14242.3 48.9417 1 567
2005-Oct-05 13:24:16 14837 48.9214 1 565
2005-Oct-05 13:32:00 14181.1 49.4845 1 563
2005-Oct-05 13:39:44 13869.5 48.7079 1 565
2005-Oct-05 13:47:28 14369.6 49.5819 1 567
2005-Oct-05 13:55:12 13941 49.3734 1 566
2005-Oct-05 14:02:56 14081.8 49.247 1 562
2005-Oct-05 14:10:40 14447.8 48.6641 1 561
2005-Oct-05 14:18:24 14465.1 49.0115 1 565
2005-Oct-05 14:26:08 14315 48.9789 1 568
2005-Oct-05 14:33:52 14981.6 50.1515 1 562
2005-Oct-05 14:41:36 14906.9 48.4547 1 570
2005-Oct-05 14:49:20 14907.3 48.589 1 569
2005-Oct-05 14:57:04 14547 48.2098 1 569
2005-Oct-05 15:04:48 13574.8 48.2169 1 566
2005-Oct-05 15:12:32 14469.9 50.6013 1 568
2005-Oct-05 15:20:16 14332.1 49.7748 1 571
2005-Oct-05 15:28:00 14335.9 49.6198 1 566
2005-Oct-05 15:35:44 14373.7 49.4521 1 567
2005-Oct-05 15:43:28 14197.4 49.8787 1 569
2005-Oct-05 15:51:12 13724.8 49.5796 1 573
2005-Oct-05 15:58:56 14130.4 49.7538 1 575
2005-Oct-05 16:06:40 14425.5 49.119 1 571
2005-Oct-05 16:14:24 14499.7 49.6678 1 568
2005-Oct-05 16:22:08 14284.2 48.6948 1 576
2005-Oct-05 16:29:52 14752.7 49.7938 1 572
2005-Oct-05 16:37:36 14602.6 48.8664 1 568
2005-Oct-05 16:45:20 14840.5 50.4248 1 574
2005-Oct-05 16:53:04 14580.6 48.9141 1 572
2005-Oct-05 17:00:48 14187.6 49.4989 1 578
2005-Oct-05 17:08:32 14534.3 49.6199 1 576
2005-Oct-05 17:16:16 13977.2 50.1968 1 573
2005-Oct-05 17:24:00 14172.2 49.9184 1 577
2005-Oct-05 17:31:44 14705.9 49.7036 1 573
2005-Oct-05 17:39:28 14418.3 49.7594 1 573
#$2.51589e-18 -6.71578e-18 2
#deg max=30 0.523599
#dp_Δ max=-4.25e-06
#POWER_PROFILE stage=grid total_s=0.168767
#POWER_PROFILE stage=bootstrap total_s=1.43435
#deg max=120 2.0944
#dp_Δ max=9.25e-06
#POWER_PROFILE stage=grid total_s=0.169857
#POWER_PROFILE stage=bootstrap total_s=1.4378
#deg max=110 1.91986
#dp_Δ max=6.25e-06
#POWER_PROFILE stage=grid total_s=0.171667
#POWER_PROFILE stage=bootstrap total_s=1.43688
#$2.16956e-18 -1.07546e-18 0
#deg max=40 0.698132
#dp_Δ max=-5e-06
#POWER_PROFILE stage=grid total_s=0.169317
#POWER_PROFILE stage=bootstrap total_s=1.4355
#deg max=150 2.61799
#dp_Δ max=3.25e-06
#POWER_PROFILE stage=grid total_s=0.16903
#POWER_PROFILE stage=bootstrap total_s=1.43383
#$1.59912e-18 -4.55294e-18 1
#deg max=60 1.0472
#dp_Δ max=-3.5e-06
#POWER_PROFILE stage=grid total_s=0.168875
#POWER_PROFILE stage=bootstrap total_s=1.43277
#deg max=90 1.5708
#dp_Δ max=9.25e-06
#POWER_PROFILE stage=grid total_s=0.167777
#POWER_PROFILE stage=bootstrap total_s=1.43306
#deg max=5 0.0872665
#dp_Δ max=-1.025e-05
#POWER_PROFILE stage=grid total_s=0.170123
#POWER_PROFILE stage=bootstrap total_s=1.40902
#PROFILE segment=2 windows=45 fft_qc_s=0.147394 pack_s=0.0234538 stack_s=10.4119 fit_s=17.1563 total_s=27.7411
#Segment 2005-Oct-05 2 accepted_windows=45
2005-Oct-05 18:41:20 14575.8 51.5423 1 576
2005-Oct-05 18:49:04 14286 50.8942 1 577
2005-Oct-05 18:56:48 14563.4 48.7183 1 576
2005-Oct-05 19:43:12 59216.8 70.1311 1 584
2005-Oct-05 19:58:40 18248.8 59.3543 1 580
2005-Oct-05 20:06:24 16040.6 55.8831 1 584
2005-Oct-05 20:14:08 14963.3 53.1823 1 585
2005-Oct-05 20:21:52 14787 52.3723 1 584
2005-Oct-05 20:29:36 15514.5 50.7666 1 585
2005-Oct-05 20:37:20 14496.7 51.3411 1 578
2005-Oct-05 20:45:04 14372.8 51.2745 1 581
2005-Oct-05 20:52:48 14378.6 50.0153 1 583
2005-Oct-05 21:00:32 14721.4 48.5138 1 584
2005-Oct-05 21:08:16 14681.3 48.5021 1 583
2005-Oct-05 21:16:00 14762.9 50.422 1 583
2005-Oct-05 21:23:44 14681.4 52.9743 1 587
2005-Oct-05 21:31:28 14980.3 53.0591 1 588
2005-Oct-05 21:39:12 15024.8 49.9964 1 582
2005-Oct-05 21:46:56 14441 49.2159 1 583
2005-Oct-05 21:54:40 14126.9 47.7222 1 585
2005-Oct-05 22:02:24 14642.1 47.9873 1 587
2005-Oct-05 22:10:08 14562.9 48.1885 1 588
2005-Oct-05 22:17:52 14780.6 47.317 1 586
2005-Oct-05 22:25:36 14673.3 47.2126 1 586
2005-Oct-05 22:33:20 14675.3 46.3855 1 590
2005-Oct-05 22:41:04 14227.1 47.1132 1 592
2005-Oct-05 22:48:48 14526.1 48.01 1 588
2005-Oct-05 22:56:32 14287.6 47.9173 1 589
2005-Oct-05 23:04:16 14458 46.6801 1 592
2005-Oct-05 23:12:00 14428.6 46.4892 1 594
2005-Oct-05 23:19:44 14350.2 48.0524 1 592
2005-Oct-05 23:27:28 14468.3 46.129 1 588
2005-Oct-05 23:35:12 14182.4 45.4968 1 592
#$2.45757e-18 -6.78822e-18 2
#deg max=45 0.785398
#dp_Δ max=-4.25e-06
#POWER_PROFILE stage=grid total_s=0.126173
#POWER_PROFILE stage=bootstrap total_s=1.04459
#deg max=125 2.18166
#dp_Δ max=9.25e-06
#POWER_PROFILE stage=grid total_s=0.125887
#POWER_PROFILE stage=bootstrap total_s=1.05232
#deg max=110 1.91986
#dp_Δ max=-8.75e-06
#POWER_PROFILE stage=grid total_s=0.125343
#POWER_PROFILE stage=bootstrap total_s=1.05225
#$2.18157e-18 -9.57791e-19 0
#deg max=75 1.309
#dp_Δ max=-4.25e-06
#POWER_PROFILE stage=grid total_s=0.125007
#POWER_PROFILE stage=bootstrap total_s=1.05264
#deg max=75 1.309
#dp_Δ max=-1.25e-05
#POWER_PROFILE stage=grid total_s=0.124318
#POWER_PROFILE stage=bootstrap total_s=1.03464
#$1.44765e-18 -4.24697e-18 1
#deg max=95 1.65806
#dp_Δ max=-3.5e-06
#POWER_PROFILE stage=grid total_s=0.124811
#POWER_PROFILE stage=bootstrap total_s=1.049
#deg max=5 0.0872665
#dp_Δ max=-9.5e-06
#POWER_PROFILE stage=grid total_s=0.124427
#POWER_PROFILE stage=bootstrap total_s=1.03299
#deg max=5 0.0872665
#dp_Δ max=-2.75e-06
#POWER_PROFILE stage=grid total_s=0.123418
#POWER_PROFILE stage=bootstrap total_s=1.04745
#PROFILE segment=3 windows=33 fft_qc_s=0.139632 pack_s=0.0170411 stack_s=7.8101 fit_s=12.7783 total_s=20.7598
#Segment 2005-Oct-05 3 accepted_windows=33
#Start/Users/knishida/Projects/Autofocusing/repo/build-clang/matrix-audit-extension-20051005/input/2005/1006/20052790000.h5 681 85.4735s
#LOAD_PROFILE init_s=0.0409762 read_decode_copy_s=3.02437 filter_s=0.491778 total_s=3.55713
#Read data: load_h5 /Users/knishida/Projects/Autofocusing/repo/build-clang/matrix-audit-extension-20051005/input/2005/1006/20052790000.h5 683 89.0353s
2005-Oct-06 00:00:00 14890.6 47.9621 1 596
2005-Oct-06 00:07:44 14524.4 48.6501 1 599
2005-Oct-06 00:15:28 14525.6 47.3798 1 600
2005-Oct-06 00:23:12 14700.9 46.9605 1 601
2005-Oct-06 00:30:56 14607.3 46.1085 1 596
2005-Oct-06 00:38:40 13838.8 47.4958 1 601
2005-Oct-06 00:46:24 14605.2 46.9812 1 596
2005-Oct-06 00:54:08 14848.1 46.3946 1 599
2005-Oct-06 01:01:52 14154.9 47.8381 1 600
2005-Oct-06 01:09:36 14027.1 47.8742 1 603
2005-Oct-06 01:17:20 14741.8 48.2727 1 603
2005-Oct-06 01:25:04 14048.5 47.5293 1 602
2005-Oct-06 01:32:48 14846.7 46.4665 1 600
2005-Oct-06 01:40:32 14048.8 46.876 1 605
2005-Oct-06 01:48:16 14494 46.8591 1 605
2005-Oct-06 01:56:00 14390.2 47.8486 1 602
2005-Oct-06 02:03:44 14002.8 46.296 1 604
2005-Oct-06 02:11:28 14589.7 47.166 1 604
2005-Oct-06 02:19:12 14543.3 48.222 1 609
2005-Oct-06 02:26:56 14217.8 45.9047 1 603
2005-Oct-06 02:34:40 14631.3 46.9298 1 606
2005-Oct-06 02:42:24 14127 46.7354 1 605
2005-Oct-06 02:50:08 14365.8 47.639 1 606
2005-Oct-06 02:57:52 14882.2 46.5181 1 609
2005-Oct-06 03:05:36 14511.9 46.5286 1 605
2005-Oct-06 03:13:20 14774.8 45.7728 1 604
2005-Oct-06 03:21:04 14040.9 46.5388 1 606
2005-Oct-06 03:28:48 14714.7 45.6782 1 610
2005-Oct-06 03:36:32 14242.8 46.5426 1 608
2005-Oct-06 03:44:16 13782.6 45.5788 1 604
2005-Oct-06 03:52:00 14886.7 46.3086 1 604
2005-Oct-06 03:59:44 14937.6 46.9443 1 608
2005-Oct-06 04:07:28 14576.4 47.6028 1 612
2005-Oct-06 04:15:12 14172.5 47.9996 1 608
2005-Oct-06 04:22:56 14353.7 46.875 1 610
2005-Oct-06 04:30:40 14857.3 46.1403 1 613
2005-Oct-06 04:38:24 14366.2 46.5403 1 613
2005-Oct-06 04:46:08 14118.3 46.4303 1 615
2005-Oct-06 04:53:52 14308.4 47.052 1 613
2005-Oct-06 05:01:36 14258.8 46.4053 1 609
2005-Oct-06 05:09:20 14469 46.2942 1 612
2005-Oct-06 05:17:04 14673.5 47.1698 1 614
2005-Oct-06 05:24:48 14094 47.2668 1 614
2005-Oct-06 05:32:32 14161.6 46.417 1 610
2005-Oct-06 05:40:16 14381.9 46.0788 1 613
2005-Oct-06 05:48:00 14547 48.07 1 615
2005-Oct-06 05:55:44 14480.8 47.7509 1 613
2005-Oct-06 06:03:28 14633.5 47.7773 1 613
#$2.02619e-18 -6.00219e-18 2
#deg max=50 0.872665
#dp_Δ max=-4.25e-06
#POWER_PROFILE stage=grid total_s=0.180723
#POWER_PROFILE stage=bootstrap total_s=1.52455
#deg max=100 1.74533
#dp_Δ max=-1.1e-05
#POWER_PROFILE stage=grid total_s=0.178942
#POWER_PROFILE stage=bootstrap total_s=1.51402
#deg max=120 2.0944
#dp_Δ max=5.5e-06
#POWER_PROFILE stage=grid total_s=0.180524
#POWER_PROFILE stage=bootstrap total_s=1.52108
#$1.72799e-18 -6.86356e-19 0
#deg max=50 0.872665
#dp_Δ max=-4.25e-06
#POWER_PROFILE stage=grid total_s=0.179418
#POWER_PROFILE stage=bootstrap total_s=1.54018
#deg max=160 2.79253
#dp_Δ max=-6.5e-06
#POWER_PROFILE stage=grid total_s=0.180659
#POWER_PROFILE stage=bootstrap total_s=1.5209
#$1.13333e-18 -3.31884e-18 1
#deg max=90 1.5708
#dp_Δ max=-2.75e-06
#POWER_PROFILE stage=grid total_s=0.179814
#POWER_PROFILE stage=bootstrap total_s=1.53742
#deg max=35 0.610865
#dp_Δ max=-5e-07
#POWER_PROFILE stage=grid total_s=0.182193
#POWER_PROFILE stage=bootstrap total_s=1.52965
#deg max=110 1.91986
#dp_Δ max=-2.75e-06
#POWER_PROFILE stage=grid total_s=0.181631
#POWER_PROFILE stage=bootstrap total_s=1.53044
#PROFILE segment=0 windows=48 fft_qc_s=0.14749 pack_s=0.0256074 stack_s=11.87 fit_s=18.3932 total_s=30.4384
#Segment 2005-Oct-06 0 accepted_windows=48
2005-Oct-06 05:55:44 14480.8 47.7509 1 613
2005-Oct-06 06:03:28 14633.5 47.7773 1 613
2005-Oct-06 06:11:12 14599.6 46.9497 1 616
2005-Oct-06 06:18:56 14710.2 46.6305 1 614
2005-Oct-06 06:26:40 14567.6 46.7122 1 613
2005-Oct-06 06:34:24 14836.6 46.8613 1 613
2005-Oct-06 06:42:08 14993.3 46.3822 1 612
2005-Oct-06 06:49:52 14874.7 45.8357 1 613
2005-Oct-06 06:57:36 14420.3 49.0054 1 611
2005-Oct-06 07:05:20 14282 47.8916 1 612
2005-Oct-06 07:13:04 14422.4 47.2627 1 613
2005-Oct-06 07:20:48 14466.6 46.4931 1 615
2005-Oct-06 07:28:32 14887.7 48.396 1 614
2005-Oct-06 07:36:16 15014.2 48.9789 1 611
2005-Oct-06 07:44:00 14447.4 47.053 1 610
2005-Oct-06 07:51:44 14238.7 47.1561 1 612
2005-Oct-06 07:59:28 14939.2 47.3749 1 612
2005-Oct-06 08:07:12 14299.3 47.6524 1 613
2005-Oct-06 08:14:56 14885.9 47.9655 1 611
2005-Oct-06 08:22:40 14935.5 48.7115 1 617
2005-Oct-06 08:30:24 14428.2 47.8187 1 613
2005-Oct-06 08:38:08 14408.8 48.5697 1 610
2005-Oct-06 09:09:04 14245.2 47.0735 1 610
2005-Oct-06 09:16:48 13953 47.1763 1 612
2005-Oct-06 09:24:32 14583.8 47.0791 1 608
2005-Oct-06 09:32:16 14813.7 47.4915 1 614
2005-Oct-06 09:40:00 14798.5 48.2027 1 608
2005-Oct-06 09:47:44 14257 47.2897 1 608
2005-Oct-06 09:55:28 14849.5 48.0629 1 608
2005-Oct-06 10:03:12 14445.2 47.1262 1 605
2005-Oct-06 10:10:56 14477.6 47.0768 1 608
2005-Oct-06 10:18:40 14302.9 47.9639 1 605
2005-Oct-06 10:26:24 14817.5 47.9828 1 608
2005-Oct-06 10:34:08 14009.2 47.5326 1 609
2005-Oct-06 10:41:52 14277.3 47.5013 1 610
2005-Oct-06 10:49:36 13935.9 47.146 1 610
2005-Oct-06 10:57:20 13845.1 47.8665 1 609
2005-Oct-06 11:05:04 14840.6 47.6763 1 609
2005-Oct-06 11:12:48 14470.6 48.4797 1 607
2005-Oct-06 11:20:32 14458.1 47.376 1 608
2005-Oct-06 11:51:28 14558.3 50.1105 1 607
2005-Oct-06 11:59:12 14995.7 48.691 1 609
#$2.15935e-18 -6.29207e-18 2
#deg max=120 2.0944
#dp_Δ max=2.5e-06
#POWER_PROFILE stage=grid total_s=0.157393
#POWER_PROFILE stage=bootstrap total_s=1.32291
#deg max=55 0.959931
#dp_Δ max=-4.25e-06
#POWER_PROFILE stage=grid total_s=0.157725
#POWER_PROFILE stage=bootstrap total_s=1.33932
#deg max=125 2.18166
#dp_Δ max=4.75e-06
#POWER_PROFILE stage=grid total_s=0.161165
#POWER_PROFILE stage=bootstrap total_s=1.33636
#$1.85105e-18 -7.58461e-19 0
#deg max=50 0.872665
#dp_Δ max=-4.25e-06
#POWER_PROFILE stage=grid total_s=0.157832
#POWER_PROFILE stage=bootstrap total_s=1.33465
#deg max=10 0.174533
#dp_Δ max=2.5e-07
#POWER_PROFILE stage=grid total_s=0.156732
#POWER_PROFILE stage=bootstrap total_s=1.33559
#deg max=85 1.48353
#dp_Δ max=-1.25e-06
#POWER_PROFILE stage=grid total_s=0.156786
#$1.22627e-18 -3.45352e-18 1
#deg max=170 2.96706
#dp_Δ max=-1.775e-05
#POWER_PROFILE stage=grid total_s=0.159327
#POWER_PROFILE stage=bootstrap total_s=1.33754
#deg max=135 2.35619
#dp_Δ max=1e-06
#POWER_PROFILE stage=grid total_s=0.158146
#POWER_PROFILE stage=bootstrap total_s=1.33762
#deg max=160 2.79253
#dp_Δ max=3.25e-06
#POWER_PROFILE stage=grid total_s=0.159271
#POWER_PROFILE stage=bootstrap total_s=1.33737
#PROFILE segment=1 windows=42 fft_qc_s=0.147399 pack_s=0.022424 stack_s=10.4291 fit_s=17.1101 total_s=27.711
#Segment 2005-Oct-06 1 accepted_windows=42
2005-Oct-06 11:51:28 14558.3 50.1105 1 607
2005-Oct-06 11:59:12 14995.7 48.691 1 609
2005-Oct-06 12:06:56 14734 48.2829 1 602
2005-Oct-06 12:14:40 14644.2 48.6982 1 607
2005-Oct-06 12:22:24 14994.1 48.8777 1 608
2005-Oct-06 12:30:08 14689.4 53.2413 1 605
2005-Oct-06 12:37:52 14688.7 53.7217 1 607
2005-Oct-06 12:45:36 15470.2 49.2266 1 604
2005-Oct-06 12:53:20 14153 49.8044 1 602
2005-Oct-06 13:01:04 14106.3 49.9004 1 601
2005-Oct-06 13:08:48 14975.9 50.1266 1 602
2005-Oct-06 13:16:32 14466.3 55.9192 1 604
2005-Oct-06 14:41:36 14155.8 57.5931 1 597
2005-Oct-06 14:49:20 14102.5 53.7566 1 600
2005-Oct-06 14:57:04 14816.4 53.9348 1 596
2005-Oct-06 15:04:48 14220.9 55.08 1 595
2005-Oct-06 15:12:32 14253.3 52.6558 1 597
2005-Oct-06 15:20:16 13872 52.5829 1 592
2005-Oct-06 15:28:00 14705.9 52.3195 1 592
2005-Oct-06 15:35:44 14956.9 52.1258 1 595
2005-Oct-06 15:43:28 14750 55.2706 1 591
2005-Oct-06 15:51:12 14908.4 53.3228 1 602
2005-Oct-06 15:58:56 14360.5 52.7937 1 595
2005-Oct-06 16:06:40 14766.3 52.5505 1 589
2005-Oct-06 16:14:24 14874.4 51.9318 1 593
2005-Oct-06 16:22:08 14322.5 53.1097 1 593
2005-Oct-06 16:29:52 14682 53.7964 1 594
2005-Oct-06 16:37:36 14326 55.7321 1 591
2005-Oct-06 16:45:20 14295.1 55.485 1 597
2005-Oct-06 16:53:04 14752.6 53.1158 1 600
2005-Oct-06 17:00:48 14503.2 52.7504 1 593
2005-Oct-06 17:08:32 14343.2 52.9805 1 592
2005-Oct-06 17:16:16 14339.6 51.1875 1 597
2005-Oct-06 17:24:00 14289.2 54.6966 1 595
2005-Oct-06 17:31:44 14081.9 57.5771 1 594
2005-Oct-06 17:39:28 13697.9 53.7822 1 594
2005-Oct-06 17:47:12 15176.6 53.2062 1 601
2005-Oct-06 17:54:56 14904.7 53.3743 1 597
#$3.23634e-18 -8.36879e-18 2
#deg max=110 1.91986
#dp_Δ max=-4.25e-06
#POWER_PROFILE stage=grid total_s=0.142243
#POWER_PROFILE stage=bootstrap total_s=1.20699
#deg max=35 0.610865
#dp_Δ max=-4.25e-06
#POWER_PROFILE stage=grid total_s=0.145162
#POWER_PROFILE stage=bootstrap total_s=1.17145
#$2.73819e-18 -1.6218e-18 0
#deg max=25 0.436332
#dp_Δ max=-5e-06
#POWER_PROFILE stage=grid total_s=0.142256
#POWER_PROFILE stage=bootstrap total_s=1.2077
#deg max=80 1.39626
#dp_Δ max=-2e-06
#POWER_PROFILE stage=grid total_s=0.142585
#POWER_PROFILE stage=bootstrap total_s=1.17702
#$2.22518e-18 -5.1076e-18 1
#deg max=170 2.96706
#dp_Δ max=1e-06
#POWER_PROFILE stage=grid total_s=0.141824
#POWER_PROFILE stage=bootstrap total_s=1.20801
#deg max=20 0.349066
#dp_Δ max=-5e-07
#POWER_PROFILE stage=grid total_s=0.146186
#POWER_PROFILE stage=bootstrap total_s=1.20768
#PROFILE segment=2 windows=38 fft_qc_s=0.147473 pack_s=0.0201486 stack_s=9.29293 fit_s=10.7514 total_s=20.2139
#Segment 2005-Oct-06 2 accepted_windows=38
2005-Oct-06 17:47:12 15176.6 53.2062 1 601
2005-Oct-06 17:54:56 14904.7 53.3743 1 597
2005-Oct-06 18:02:40 14780.3 53.0323 1 597
2005-Oct-06 18:10:24 14322 52.2585 1 602
2005-Oct-06 18:18:08 14684.5 53.3214 1 598
2005-Oct-06 18:25:52 14780.3 52.6436 1 593
2005-Oct-06 18:33:36 14214.5 53.0355 1 588
2005-Oct-06 18:41:20 14435.1 50.9461 1 593
2005-Oct-06 18:49:04 14086.6 51.6685 1 592
2005-Oct-06 18:56:48 14326.5 49.0604 1 599
2005-Oct-06 19:04:32 14637.6 51.1034 1 600
2005-Oct-06 19:12:16 14188.7 51.3919 1 596
2005-Oct-06 19:20:00 14323.2 52.614 1 597
2005-Oct-06 19:27:44 14623.5 51.8623 1 598
2005-Oct-06 19:35:28 14261.5 50.9951 1 596
2005-Oct-06 19:43:12 14196.7 51.1322 1 601
2005-Oct-06 19:50:56 14669.7 50.7581 1 597
2005-Oct-06 19:58:40 14144.5 51.3769 1 599
2005-Oct-06 20:06:24 14464.3 50.2227 1 598
2005-Oct-06 20:14:08 14101.9 52.1374 1 601
2005-Oct-06 20:21:52 14389.6 50.5248 1 592
2005-Oct-06 20:29:36 14114.9 49.5936 1 592
2005-Oct-06 20:37:20 14058.2 51.1658 1 597
2005-Oct-06 20:45:04 14386 50.8885 1 603
2005-Oct-06 20:52:48 14152.4 50.3678 1 595
2005-Oct-06 21:00:32 14516.2 50.7874 1 590
2005-Oct-06 21:08:16 15237.2 52.0816 1 596
2005-Oct-06 21:16:00 14557.8 51.6628 1 598
2005-Oct-06 21:23:44 14652.4 50.8968 1 598
2005-Oct-06 21:31:28 14803.4 49.5312 1 594
2005-Oct-06 21:39:12 13717 49.6629 1 600
2005-Oct-06 21:46:56 14371.8 49.1702 1 593
2005-Oct-06 21:54:40 14596.4 49.9745 1 599
2005-Oct-06 22:02:24 14804.7 49.5174 1 597
2005-Oct-06 22:10:08 14158.6 49.4636 1 597
2005-Oct-06 22:17:52 13920.3 49.2854 1 599
2005-Oct-06 22:25:36 14429.8 49.7537 1 600
2005-Oct-06 22:33:20 14795.3 50.0948 1 597
2005-Oct-06 22:41:04 14732.1 48.4734 1 595
2005-Oct-06 22:48:48 14024.4 48.9273 1 601
2005-Oct-06 22:56:32 14060 48.1987 1 598
2005-Oct-06 23:04:16 14272.5 48.2272 1 595
2005-Oct-06 23:12:00 14407.4 47.4373 1 592
2005-Oct-06 23:19:44 14822.9 48.3515 1 596
2005-Oct-06 23:27:28 14884.3 48.3441 1 599
2005-Oct-06 23:35:12 13993.2 49.1441 1 595
#$3.059e-18 -7.67879e-18 2
#deg max=105 1.8326
#dp_Δ max=-5.75e-06
#POWER_PROFILE stage=grid total_s=0.173551
#POWER_PROFILE stage=bootstrap total_s=1.42224
#deg max=45 0.785398
#dp_Δ max=-4.25e-06
#POWER_PROFILE stage=grid total_s=0.172887
#POWER_PROFILE stage=bootstrap total_s=1.4594
#$2.49722e-18 -1.31664e-18 0
#deg max=35 0.610865
#dp_Δ max=-5e-06
#POWER_PROFILE stage=grid total_s=0.172469
#POWER_PROFILE stage=bootstrap total_s=1.46223
#deg max=85 1.48353
#dp_Δ max=-2.75e-06
#POWER_PROFILE stage=grid total_s=0.172645
#POWER_PROFILE stage=bootstrap total_s=1.45455
#deg max=60 1.0472
#dp_Δ max=-1.25e-06
#POWER_PROFILE stage=grid total_s=0.172825
#POWER_PROFILE stage=bootstrap total_s=1.46533
#$2.15015e-18 -4.9423e-18 1
#deg max=170 2.96706
#dp_Δ max=9.25e-06
#POWER_PROFILE stage=grid total_s=0.174538
#POWER_PROFILE stage=bootstrap total_s=1.46732
#deg max=25 0.436332
#dp_Δ max=-5e-06
#POWER_PROFILE stage=grid total_s=0.175365
#POWER_PROFILE stage=bootstrap total_s=1.46752
#PROFILE segment=3 windows=46 fft_qc_s=0.141431 pack_s=0.024062 stack_s=11.1879 fit_s=15.7149 total_s=27.0837
#Segment 2005-Oct-06 3 accepted_windows=46
#ScanSummary days=2 missing=0 empty=0 multiple=0 loaded=2
#PROFILE accepted_windows_total=318
#CPU_PROFILE stage=objective context=serial_caller calls=6636 inclusive_s=77.824
#CPU_PROFILE stage=objective context=outer_parallel calls=4275 inclusive_s=34.0995
#CPU_PROFILE stage=hessian context=serial_caller calls=473 inclusive_s=11.3632
#CPU_PROFILE stage=hessian context=outer_parallel calls=0 inclusive_s=0
#CPU_PROFILE stage=rotation context=serial_caller calls=171 inclusive_s=0.388997
#CPU_PROFILE stage=rotation context=outer_parallel calls=0 inclusive_s=0
#CPU_PROFILE stage=fitting context=serial_caller calls=57 inclusive_s=18.3753
#CPU_PROFILE stage=fitting context=outer_parallel calls=0 inclusive_s=0
